[
    {
        "train.encoder_mse": 0.003355918752760772,
        "train.decoder_loss": 0.6941508741378785,
        "train.decoder_acc": 0.5004737446308136,
        "val.encoder_mse": 8.248810489021708e-06,
        "val.decoder_loss": 0.6931795682907105,
        "val.decoder_acc": 0.5004521608352661,
        "val.ssim": 0.9991045336723328,
        "val.psnr": 56.92348945617676,
        "val.wpsnr": 57.05737338256836,
        "val.fsim": 0.9984185218811035,
        "val.rsbpp": 0.0027129650115966797,
        "train.cover_score": -0.023195935211144388,
        "train.generated_score": -0.020256393953226506,
        "val.cover_score": -0.029325977981090545,
        "val.generated_score": -0.02932312645018101,
        "epoch": 1
    },
    {
        "train.encoder_mse": 5.251631642749999e-06,
        "train.decoder_loss": 0.6931670999526978,
        "train.decoder_acc": 0.5006015722751618,
        "val.encoder_mse": 1.1738374996639323e-05,
        "val.decoder_loss": 0.6931586332321167,
        "val.decoder_acc": 0.5006661443710327,
        "val.ssim": 0.9987279653549195,
        "val.psnr": 55.37115871429443,
        "val.wpsnr": 55.460006164550784,
        "val.fsim": 0.9989250655174255,
        "val.rsbpp": 0.003996866226196289,
        "train.cover_score": -0.016942749448120593,
        "train.generated_score": -0.01694389171898365,
        "val.cover_score": -0.015382978230714798,
        "val.generated_score": -0.015381755828857422,
        "epoch": 2
    },
    {
        "train.encoder_mse": 3.383404483429331e-06,
        "train.decoder_loss": 0.6931534276008606,
        "train.decoder_acc": 0.5009218230247497,
        "val.encoder_mse": 9.01988636906026e-06,
        "val.decoder_loss": 0.6931455655097961,
        "val.decoder_acc": 0.501152512550354,
        "val.ssim": 0.9988927040100097,
        "val.psnr": 56.47875331878662,
        "val.wpsnr": 56.53699551391602,
        "val.fsim": 0.9991944513320923,
        "val.rsbpp": 0.006915075302124023,
        "train.cover_score": -0.016353478908538818,
        "train.generated_score": -0.01635604576021433,
        "val.cover_score": -0.014688478328287602,
        "val.generated_score": -0.014690472409129143,
        "epoch": 3
    },
    {
        "train.encoder_mse": 2.1971796436446313e-06,
        "train.decoder_loss": 0.693147054195404,
        "train.decoder_acc": 0.5011974039077759,
        "val.encoder_mse": 6.659268005023478e-06,
        "val.decoder_loss": 0.6931362748146057,
        "val.decoder_acc": 0.5020029377937317,
        "val.ssim": 0.9992713332176208,
        "val.psnr": 57.81740062713623,
        "val.wpsnr": 57.89204553222656,
        "val.fsim": 0.9991492376327514,
        "val.rsbpp": 0.012017626762390137,
        "train.cover_score": -0.018404898941516878,
        "train.generated_score": -0.018412863127887247,
        "val.cover_score": -0.019675503313541412,
        "val.generated_score": -0.019679727226495743,
        "epoch": 4
    },
    {
        "train.encoder_mse": 0.0004152029128690629,
        "train.decoder_loss": 0.6681055417060852,
        "train.decoder_acc": 0.5564626989364624,
        "val.encoder_mse": 0.00013514091691467912,
        "val.decoder_loss": 0.6156400456428528,
        "val.decoder_acc": 0.6274090447425842,
        "val.ssim": 0.9823446760177612,
        "val.psnr": 44.73637607574463,
        "val.wpsnr": 44.82209255981445,
        "val.fsim": 0.9925688524246216,
        "val.rsbpp": 0.7644542684555053,
        "train.cover_score": 0.05356683652673382,
        "train.generated_score": 0.05328934481972829,
        "val.cover_score": -0.09632370460033417,
        "val.generated_score": -0.10302602660655975,
        "epoch": 5
    },
    {
        "train.encoder_mse": 0.005033505697734654,
        "train.decoder_loss": 0.6213126955032349,
        "train.decoder_acc": 0.6041067576408387,
        "val.encoder_mse": 0.007278929021209479,
        "val.decoder_loss": 0.6991034693717957,
        "val.decoder_acc": 0.5059126625061036,
        "val.ssim": 0.9359213256835938,
        "val.psnr": 27.417253799438477,
        "val.wpsnr": 27.46370071411133,
        "val.fsim": 0.9688935952186585,
        "val.rsbpp": 0.035475975036621095,
        "train.cover_score": 1.7518139752820134,
        "train.generated_score": 1.744010895088315,
        "val.cover_score": 1.0425808510780334,
        "val.generated_score": 1.0793947677612306,
        "epoch": 6
    },
    {
        "train.encoder_mse": 0.005371357187163085,
        "train.decoder_loss": 0.6413547472953797,
        "train.decoder_acc": 0.5705527005195618,
        "val.encoder_mse": 0.008849516481161118,
        "val.decoder_loss": 0.6319175577163696,
        "val.decoder_acc": 0.6054542875289917,
        "val.ssim": 0.9352854647636414,
        "val.psnr": 26.58997838973999,
        "val.wpsnr": 26.701173370361328,
        "val.fsim": 0.9493383297920227,
        "val.rsbpp": 0.6327257251739502,
        "train.cover_score": 1.3077379697114229,
        "train.generated_score": 1.2954971612393855,
        "val.cover_score": -0.5457777600288392,
        "val.generated_score": -0.5179070091247558,
        "epoch": 7
    },
    {
        "train.encoder_mse": 0.00848086990613956,
        "train.decoder_loss": 0.6759212789535523,
        "train.decoder_acc": 0.5249602601528168,
        "val.encoder_mse": 6.116816899157129e-05,
        "val.decoder_loss": 0.635414568901062,
        "val.decoder_acc": 0.577066171169281,
        "val.ssim": 0.9898882093429565,
        "val.psnr": 48.16479751586914,
        "val.wpsnr": 48.14524688720703,
        "val.fsim": 0.9926679682731628,
        "val.rsbpp": 0.462397027015686,
        "train.cover_score": 1.6664627730697394,
        "train.generated_score": 1.721739623054862,
        "val.cover_score": -0.24029754102230072,
        "val.generated_score": -0.2419079692363739,
        "epoch": 8
    },
    {
        "train.encoder_mse": 0.0005084584279102274,
        "train.decoder_loss": 0.5367299385070801,
        "train.decoder_acc": 0.662567156791687,
        "val.encoder_mse": 0.0005126880693715066,
        "val.decoder_loss": 0.6550829501152039,
        "val.decoder_acc": 0.5654301018714905,
        "val.ssim": 0.9687709746360779,
        "val.psnr": 38.9267063331604,
        "val.wpsnr": 39.030779296875,
        "val.fsim": 0.9876110725402832,
        "val.rsbpp": 0.3925806112289429,
        "train.cover_score": -0.3890513086989522,
        "train.generated_score": -0.40071423119306565,
        "val.cover_score": 0.4736319329738617,
        "val.generated_score": 0.46259478759765627,
        "epoch": 9
    },
    {
        "train.encoder_mse": 0.03977977041271515,
        "train.decoder_loss": 0.5250488212108612,
        "train.decoder_acc": 0.6760107421875,
        "val.encoder_mse": 0.0038352603018283844,
        "val.decoder_loss": 0.5080370121002197,
        "val.decoder_acc": 0.7188540468215943,
        "val.ssim": 0.9173186812400818,
        "val.psnr": 30.18754949569702,
        "val.wpsnr": 30.327745208740236,
        "val.fsim": 0.9392721281051636,
        "val.rsbpp": 1.3131242809295653,
        "train.cover_score": 1.207057734787464,
        "train.generated_score": 1.3410616921475158,
        "val.cover_score": -0.3989023509025574,
        "val.generated_score": -0.40313977670669554,
        "epoch": 10
    },
    {
        "train.encoder_mse": 0.002224230878520757,
        "train.decoder_loss": 0.5130298533439637,
        "train.decoder_acc": 0.6956491055488586,
        "val.encoder_mse": 0.008010322298854589,
        "val.decoder_loss": 0.6686396622657775,
        "val.decoder_acc": 0.5524172239303589,
        "val.ssim": 0.9210802044868469,
        "val.psnr": 26.988267993927003,
        "val.wpsnr": 27.02080485534668,
        "val.fsim": 0.9403639044761658,
        "val.rsbpp": 0.3145033435821533,
        "train.cover_score": 1.3582776769101619,
        "train.generated_score": 1.2978983338177204,
        "val.cover_score": 7.478341045379639,
        "val.generated_score": 7.675981037139892,
        "epoch": 11
    },
    {
        "train.encoder_mse": 0.0034856987236998975,
        "train.decoder_loss": 0.6116498250961304,
        "train.decoder_acc": 0.6002063417434692,
        "val.encoder_mse": 0.004510646345093846,
        "val.decoder_loss": 0.6702734899520874,
        "val.decoder_acc": 0.5294422755241394,
        "val.ssim": 0.9432562680244446,
        "val.psnr": 29.528951301574708,
        "val.wpsnr": 29.585927642822266,
        "val.fsim": 0.9013082013130188,
        "val.rsbpp": 0.17665365314483641,
        "train.cover_score": 6.141494014320895,
        "train.generated_score": 6.085842849269509,
        "val.cover_score": 0.5690241179466248,
        "val.generated_score": 0.622043869972229,
        "epoch": 12
    },
    {
        "train.encoder_mse": 0.001025106803746894,
        "train.decoder_loss": 0.5155423419475555,
        "train.decoder_acc": 0.6698329610824585,
        "val.encoder_mse": 0.0006722619691863656,
        "val.decoder_loss": 0.6914726901054382,
        "val.decoder_acc": 0.6237211089134216,
        "val.ssim": 0.9778177471160888,
        "val.psnr": 37.74713212966919,
        "val.wpsnr": 37.74987515258789,
        "val.fsim": 0.9907612457275391,
        "val.rsbpp": 0.7423266534805297,
        "train.cover_score": -0.737146089553833,
        "train.generated_score": -0.7523114269077777,
        "val.cover_score": 0.09082962545752525,
        "val.generated_score": -0.03204902191646397,
        "epoch": 13
    },
    {
        "train.encoder_mse": 0.0024688764414750037,
        "train.decoder_loss": 0.5722055399417877,
        "train.decoder_acc": 0.6315098490715026,
        "val.encoder_mse": 0.0041192716136574745,
        "val.decoder_loss": 0.6497497000694274,
        "val.decoder_acc": 0.5642855486869812,
        "val.ssim": 0.9395080442428589,
        "val.psnr": 29.879891662597657,
        "val.wpsnr": 29.925059417724608,
        "val.fsim": 0.9728991446495057,
        "val.rsbpp": 0.3857132921218872,
        "train.cover_score": 0.5717568463452626,
        "train.generated_score": 0.5697131042480469,
        "val.cover_score": 3.0041650524139403,
        "val.generated_score": 3.1367348613739012,
        "epoch": 14
    },
    {
        "train.encoder_mse": 0.004032966099330224,
        "train.decoder_loss": 0.5369814550876617,
        "train.decoder_acc": 0.6668696765899658,
        "val.encoder_mse": 0.0028553123604506256,
        "val.decoder_loss": 0.6572622585296631,
        "val.decoder_acc": 0.5637478132247925,
        "val.ssim": 0.9507605080604553,
        "val.psnr": 31.469119186401368,
        "val.wpsnr": 31.51461524963379,
        "val.fsim": 0.9817202138900757,
        "val.rsbpp": 0.38248687934875486,
        "train.cover_score": 1.9816102695763111,
        "train.generated_score": 1.9840072490125895,
        "val.cover_score": 3.941467535018921,
        "val.generated_score": 4.014455499649048,
        "epoch": 15
    },
    {
        "train.encoder_mse": 0.010658465416636318,
        "train.decoder_loss": 0.5905034518241883,
        "train.decoder_acc": 0.6175080232620239,
        "val.encoder_mse": 0.0008801225386559963,
        "val.decoder_loss": 0.5363553142547608,
        "val.decoder_acc": 0.684059877872467,
        "val.ssim": 0.9554407544136048,
        "val.psnr": 36.58115734100342,
        "val.wpsnr": 36.682732788085936,
        "val.fsim": 0.9907228531837463,
        "val.rsbpp": 1.1043592672348022,
        "train.cover_score": 7.116387200176716,
        "train.generated_score": 7.186327111959457,
        "val.cover_score": -0.8092944130897523,
        "val.generated_score": -0.8291839208602906,
        "epoch": 16
    },
    {
        "train.encoder_mse": 0.0006526998477056623,
        "train.decoder_loss": 0.4870420384407044,
        "train.decoder_acc": 0.7087841258049011,
        "val.encoder_mse": 0.0012058752365410328,
        "val.decoder_loss": 0.6495009160041809,
        "val.decoder_acc": 0.5729303922653198,
        "val.ssim": 0.9707027025222779,
        "val.psnr": 35.212856712341306,
        "val.wpsnr": 35.245429656982424,
        "val.fsim": 0.991188172340393,
        "val.rsbpp": 0.43758235359191894,
        "train.cover_score": -1.016181070446968,
        "train.generated_score": -1.046707120716572,
        "val.cover_score": 0.2091934939175844,
        "val.generated_score": 0.25673245042562487,
        "epoch": 17
    },
    {
        "train.encoder_mse": 0.005407079258933663,
        "train.decoder_loss": 0.4954100406169891,
        "train.decoder_acc": 0.7038372941017151,
        "val.encoder_mse": 0.003006410209462047,
        "val.decoder_loss": 0.6852858247756958,
        "val.decoder_acc": 0.7211319885253906,
        "val.ssim": 0.9499217758178711,
        "val.psnr": 31.24160551071167,
        "val.wpsnr": 31.279002136230467,
        "val.fsim": 0.952665906906128,
        "val.rsbpp": 1.3267919311523437,
        "train.cover_score": 1.7670258883088827,
        "train.generated_score": 1.7734397660894319,
        "val.cover_score": 0.3550829689502716,
        "val.generated_score": 0.3184731612205505,
        "epoch": 18
    },
    {
        "train.encoder_mse": 0.006955494930618443,
        "train.decoder_loss": 0.5344900977611542,
        "train.decoder_acc": 0.6663095498085022,
        "val.encoder_mse": 0.0024085262306034567,
        "val.decoder_loss": 0.599916440486908,
        "val.decoder_acc": 0.5960883560180664,
        "val.ssim": 0.9386013598442078,
        "val.psnr": 32.2064541053772,
        "val.wpsnr": 32.289374267578125,
        "val.fsim": 0.9760418634414673,
        "val.rsbpp": 0.5765301361083984,
        "train.cover_score": 6.0930076654702425,
        "train.generated_score": 6.127301839862019,
        "val.cover_score": -0.9363153510093689,
        "val.generated_score": -0.9385840444564819,
        "epoch": 19
    },
    {
        "train.encoder_mse": 0.0011036579293431715,
        "train.decoder_loss": 0.5991646008491516,
        "train.decoder_acc": 0.5908865284919739,
        "val.encoder_mse": 0.0014048743965104223,
        "val.decoder_loss": 0.6037565226554871,
        "val.decoder_acc": 0.5839503736495971,
        "val.ssim": 0.9726602325439453,
        "val.psnr": 34.54832071304321,
        "val.wpsnr": 34.58795419311524,
        "val.fsim": 0.9819703245162964,
        "val.rsbpp": 0.5037022418975831,
        "train.cover_score": -1.698373712539673,
        "train.generated_score": -1.704824586868286,
        "val.cover_score": -1.991322639465332,
        "val.generated_score": -1.9930942621231078,
        "epoch": 20
    },
    {
        "train.encoder_mse": 0.0010173441520892083,
        "train.decoder_loss": 0.5952141098976135,
        "train.decoder_acc": 0.5870756893157959,
        "val.encoder_mse": 0.004356888560578227,
        "val.decoder_loss": 0.6147616963386535,
        "val.decoder_acc": 0.5777760314941406,
        "val.ssim": 0.9350548167228698,
        "val.psnr": 29.64716821670532,
        "val.wpsnr": 29.751426025390625,
        "val.fsim": 0.9278177738189697,
        "val.rsbpp": 0.46665618896484373,
        "train.cover_score": -2.9095183849334716,
        "train.generated_score": -2.9190758724212644,
        "val.cover_score": -4.0772532386779785,
        "val.generated_score": -4.041485929489136,
        "epoch": 21
    },
    {
        "train.encoder_mse": 0.007796514093177393,
        "train.decoder_loss": 0.5939571709632874,
        "train.decoder_acc": 0.5860906119346618,
        "val.encoder_mse": 0.0007573471395298839,
        "val.decoder_loss": 0.5950403847694397,
        "val.decoder_acc": 0.5856055040359497,
        "val.ssim": 0.9777877244949341,
        "val.psnr": 37.31154836654663,
        "val.wpsnr": 37.40842385864258,
        "val.fsim": 0.965718168258667,
        "val.rsbpp": 0.5136330242156982,
        "train.cover_score": -1.372578813574277,
        "train.generated_score": -1.3548346057552845,
        "val.cover_score": 0.08021850849501788,
        "val.generated_score": 0.07816375381313265,
        "epoch": 22
    },
    {
        "train.encoder_mse": 0.002270829481887631,
        "train.decoder_loss": 0.5986034784317017,
        "train.decoder_acc": 0.583216456413269,
        "val.encoder_mse": 0.0007704187794588506,
        "val.decoder_loss": 0.5931647534370422,
        "val.decoder_acc": 0.585625599861145,
        "val.ssim": 0.9749083533287048,
        "val.psnr": 37.18483850479126,
        "val.wpsnr": 37.249485809326174,
        "val.fsim": 0.9850532078742981,
        "val.rsbpp": 0.5137535991668701,
        "train.cover_score": 0.5914430082254112,
        "train.generated_score": 0.5935203847661614,
        "val.cover_score": -0.07498398024309426,
        "val.generated_score": -0.10837782203307142,
        "epoch": 23
    },
    {
        "train.encoder_mse": 0.0015514967909548432,
        "train.decoder_loss": 0.5943558979034423,
        "train.decoder_acc": 0.5863893337249756,
        "val.encoder_mse": 0.0040390329584479336,
        "val.decoder_loss": 0.609819724559784,
        "val.decoder_acc": 0.574261372089386,
        "val.ssim": 0.9463457536697387,
        "val.psnr": 30.085882720947264,
        "val.wpsnr": 30.16350393676758,
        "val.fsim": 0.9294504370689393,
        "val.rsbpp": 0.44556823253631594,
        "train.cover_score": 0.9039515109050553,
        "train.generated_score": 0.904297939571552,
        "val.cover_score": 0.952529109954834,
        "val.generated_score": 0.974984263420105,
        "epoch": 24
    },
    {
        "train.encoder_mse": 0.0016296618953347206,
        "train.decoder_loss": 0.5965989923477173,
        "train.decoder_acc": 0.5841811738014221,
        "val.encoder_mse": 0.0009635574985295534,
        "val.decoder_loss": 0.6294423866271973,
        "val.decoder_acc": 0.5659835891723632,
        "val.ssim": 0.9769685688018799,
        "val.psnr": 36.18886102676392,
        "val.wpsnr": 36.250508697509765,
        "val.fsim": 0.9658405389785767,
        "val.rsbpp": 0.3959015350341797,
        "train.cover_score": 1.286470815896988,
        "train.generated_score": 1.2718004183769227,
        "val.cover_score": 2.3450610761642454,
        "val.generated_score": 2.271367515563965,
        "epoch": 25
    },
    {
        "train.encoder_mse": 0.02723585467832163,
        "train.decoder_loss": 0.6216089155673981,
        "train.decoder_acc": 0.5696687006950378,
        "val.encoder_mse": 0.014394865386188031,
        "val.decoder_loss": 0.6005760951042175,
        "val.decoder_acc": 0.5828792004585266,
        "val.ssim": 0.8877382292747498,
        "val.psnr": 24.44033124923706,
        "val.wpsnr": 24.565714782714842,
        "val.fsim": 0.9246041178703308,
        "val.rsbpp": 0.49727520275115966,
        "train.cover_score": 2.5887331598997116,
        "train.generated_score": 2.7602384658157826,
        "val.cover_score": -1.5282612218856813,
        "val.generated_score": -1.4673390951156615,
        "epoch": 26
    },
    {
        "train.encoder_mse": 0.01191208090633154,
        "train.decoder_loss": 0.44219856429100035,
        "train.decoder_acc": 0.7184520473480225,
        "val.encoder_mse": 0.02637508188188076,
        "val.decoder_loss": 0.7090912356376647,
        "val.decoder_acc": 0.5858277764320373,
        "val.ssim": 0.8554440550804138,
        "val.psnr": 21.819717388153077,
        "val.wpsnr": 21.850887130737306,
        "val.fsim": 0.8579888525009155,
        "val.rsbpp": 0.5149666585922241,
        "train.cover_score": -1.3352632442116736,
        "train.generated_score": -1.3639757325649262,
        "val.cover_score": 7.7062922325134275,
        "val.generated_score": 7.563415019989014,
        "epoch": 27
    },
    {
        "train.encoder_mse": 0.00737362036225386,
        "train.decoder_loss": 0.5345558331012726,
        "train.decoder_acc": 0.6401539750099182,
        "val.encoder_mse": 0.0018599472139030696,
        "val.decoder_loss": 0.6184537239074707,
        "val.decoder_acc": 0.5771428990364075,
        "val.ssim": 0.9591544637680054,
        "val.psnr": 33.368262481689456,
        "val.wpsnr": 33.40859085083008,
        "val.fsim": 0.9823775606155396,
        "val.rsbpp": 0.46285739421844485,
        "train.cover_score": 3.499631856728345,
        "train.generated_score": 3.5415231258273123,
        "val.cover_score": 2.3790452041625976,
        "val.generated_score": 2.3807060031890868,
        "epoch": 28
    },
    {
        "train.encoder_mse": 0.014694755983538926,
        "train.decoder_loss": 0.5096569793224335,
        "train.decoder_acc": 0.6764720034599304,
        "val.encoder_mse": 0.009995781064033508,
        "val.decoder_loss": 0.6205117030143737,
        "val.decoder_acc": 0.5648296236991882,
        "val.ssim": 0.8972692847251892,
        "val.psnr": 26.07572971343994,
        "val.wpsnr": 26.145599868774415,
        "val.fsim": 0.9050556693077088,
        "val.rsbpp": 0.3889777421951294,
        "train.cover_score": 1.972542665064335,
        "train.generated_score": 2.0483855514600875,
        "val.cover_score": -1.010830690383911,
        "val.generated_score": -1.006939266204834,
        "epoch": 29
    },
    {
        "train.encoder_mse": 0.008295871950220317,
        "train.decoder_loss": 0.3849511556625366,
        "train.decoder_acc": 0.7547512536048889,
        "val.encoder_mse": 0.010207334388047457,
        "val.decoder_loss": 0.6921824259757996,
        "val.decoder_acc": 0.6679056849479675,
        "val.ssim": 0.8977729287147522,
        "val.psnr": 26.02644277572632,
        "val.wpsnr": 26.07369189453125,
        "val.fsim": 0.8985784840583801,
        "val.rsbpp": 1.0074341096878052,
        "train.cover_score": 1.2946477109137922,
        "train.generated_score": 1.298126307103783,
        "val.cover_score": -0.12436320853233337,
        "val.generated_score": -0.13190191012620925,
        "epoch": 30
    },
    {
        "train.encoder_mse": 0.004118089554831386,
        "train.decoder_loss": 0.3077037951946259,
        "train.decoder_acc": 0.8154008750915527,
        "val.encoder_mse": 0.005270029870793223,
        "val.decoder_loss": 0.7825359840393067,
        "val.decoder_acc": 0.691267020702362,
        "val.ssim": 0.9375368633270263,
        "val.psnr": 28.978919277191164,
        "val.wpsnr": 28.990355453491212,
        "val.fsim": 0.9362514147758484,
        "val.rsbpp": 1.1476021242141723,
        "train.cover_score": 1.2886920100538992,
        "train.generated_score": 1.301383981488645,
        "val.cover_score": -0.24146729719638824,
        "val.generated_score": -0.2613431520462036,
        "epoch": 31
    },
    {
        "train.encoder_mse": 0.004469110529869795,
        "train.decoder_loss": 0.31182326292991636,
        "train.decoder_acc": 0.8217401123046875,
        "val.encoder_mse": 0.002054580898024142,
        "val.decoder_loss": 0.7908909959793091,
        "val.decoder_acc": 0.6629183044433594,
        "val.ssim": 0.9487245740890503,
        "val.psnr": 32.94811782836914,
        "val.wpsnr": 32.99691874694824,
        "val.fsim": 0.9484078955650329,
        "val.rsbpp": 0.9775098266601563,
        "train.cover_score": 1.1295216335970908,
        "train.generated_score": 1.1481482571847736,
        "val.cover_score": -0.07904422710835933,
        "val.generated_score": -0.08317896704375743,
        "epoch": 32
    }
]