[
    {
        "train.encoder_mse": 0.0007869161192074898,
        "train.decoder_loss": 0.6942991704940796,
        "train.decoder_acc": 0.5004312036037445,
        "val.encoder_mse": 8.080767867795658e-06,
        "val.decoder_loss": 0.6931881461143493,
        "val.decoder_acc": 0.5013257503509522,
        "val.ssim": 0.9988899555206299,
        "val.psnr": 56.98937694549561,
        "val.wpsnr": 57.08512145996094,
        "val.fsim": 0.9989123377799988,
        "val.rsbpp": 0.002651500701904297,
        "train.cover_score": -0.04789832169508736,
        "train.generated_score": -0.04737820574897342,
        "val.cover_score": 0.2842774996757507,
        "val.generated_score": 0.2843033721446991,
        "epoch": 1
    },
    {
        "train.encoder_mse": 1.2219084719617968e-06,
        "train.decoder_loss": 0.6930754156112671,
        "train.decoder_acc": 0.5041411786079407,
        "val.encoder_mse": 7.871415225963574e-06,
        "val.decoder_loss": 0.6918220896720886,
        "val.decoder_acc": 0.5241660180091858,
        "val.ssim": 0.9987163801193237,
        "val.psnr": 57.077578163146974,
        "val.wpsnr": 57.134459594726565,
        "val.fsim": 0.9993487205505371,
        "val.rsbpp": 0.048332036018371584,
        "train.cover_score": 0.22828231966495513,
        "train.generated_score": 0.22827816647291183,
        "val.cover_score": 0.12049432754516602,
        "val.generated_score": 0.12048510175943375,
        "epoch": 2
    },
    {
        "train.encoder_mse": 0.00017370572043728317,
        "train.decoder_loss": 0.55196857213974,
        "train.decoder_acc": 0.6916161336898804,
        "val.encoder_mse": 0.0002200943276984617,
        "val.decoder_loss": 0.2969527587890625,
        "val.decoder_acc": 0.877469825744629,
        "val.ssim": 0.9679119400978088,
        "val.psnr": 42.59889766693115,
        "val.wpsnr": 42.77813473510742,
        "val.fsim": 0.9566702308654785,
        "val.rsbpp": 0.7549396514892578,
        "train.cover_score": 1.2536637554764747,
        "train.generated_score": 1.2472031362652778,
        "val.cover_score": -2.2365037250518798,
        "val.generated_score": -2.258790897369385,
        "epoch": 3
    },
    {
        "train.encoder_mse": 0.007839074804331176,
        "train.decoder_loss": 0.3334719240665436,
        "train.decoder_acc": 0.8571066327095032,
        "val.encoder_mse": 0.00035943601140752437,
        "val.decoder_loss": 0.6724893531799316,
        "val.decoder_acc": 0.5792508163452148,
        "val.ssim": 0.9879578680992126,
        "val.psnr": 40.47503309249878,
        "val.wpsnr": 40.57948822021484,
        "val.fsim": 0.9904300284385681,
        "val.rsbpp": 0.1585016326904297,
        "train.cover_score": 5.826593035578727,
        "train.generated_score": 6.602196063995361,
        "val.cover_score": 8.274322208404541,
        "val.generated_score": 8.284080947875976,
        "epoch": 4
    },
    {
        "train.encoder_mse": 0.0002784677117597312,
        "train.decoder_loss": 0.5074366445541382,
        "train.decoder_acc": 0.7040282406806946,
        "val.encoder_mse": 0.00014114590967074036,
        "val.decoder_loss": 0.4393215982913971,
        "val.decoder_acc": 0.7316945900917053,
        "val.ssim": 0.9754292430877686,
        "val.psnr": 44.524907417297364,
        "val.wpsnr": 44.6384365234375,
        "val.fsim": 0.991181640625,
        "val.rsbpp": 0.46338918018341063,
        "train.cover_score": 8.601960979416967,
        "train.generated_score": 8.532102474443615,
        "val.cover_score": -0.2844236709997058,
        "val.generated_score": -0.32771549850702286,
        "epoch": 5
    },
    {
        "train.encoder_mse": 0.00029571016237605366,
        "train.decoder_loss": 0.47702823054790494,
        "train.decoder_acc": 0.7055640745162964,
        "val.encoder_mse": 0.00016620907234027982,
        "val.decoder_loss": 0.6003495240211487,
        "val.decoder_acc": 0.6105447807312012,
        "val.ssim": 0.9893067793846131,
        "val.psnr": 43.82426868438721,
        "val.wpsnr": 43.89784103393555,
        "val.fsim": 0.9901790590286255,
        "val.rsbpp": 0.22108956146240236,
        "train.cover_score": 6.934564835011959,
        "train.generated_score": 6.928274531275034,
        "val.cover_score": 4.078839113235474,
        "val.generated_score": 4.046920166015625,
        "epoch": 6
    },
    {
        "train.encoder_mse": 0.00043536458461312575,
        "train.decoder_loss": 0.5358419144153594,
        "train.decoder_acc": 0.6619287796020508,
        "val.encoder_mse": 0.0018654709947295487,
        "val.decoder_loss": 0.5663930163383484,
        "val.decoder_acc": 0.6167792191505432,
        "val.ssim": 0.9783709621429444,
        "val.psnr": 33.59629198074341,
        "val.wpsnr": 33.76776499938965,
        "val.fsim": 0.9336903367042542,
        "val.rsbpp": 0.2335584383010864,
        "train.cover_score": 10.539966666817666,
        "train.generated_score": 10.524701284229755,
        "val.cover_score": 0.4693813417851925,
        "val.generated_score": 0.5950691415891052,
        "epoch": 7
    },
    {
        "train.encoder_mse": 0.0004588500161189586,
        "train.decoder_loss": 0.47223122501373294,
        "train.decoder_acc": 0.7027238893508911,
        "val.encoder_mse": 0.0002313097248552367,
        "val.decoder_loss": 0.616524836063385,
        "val.decoder_acc": 0.5986403980255127,
        "val.ssim": 0.9889848880767822,
        "val.psnr": 42.38667148590088,
        "val.wpsnr": 42.436465209960936,
        "val.fsim": 0.9965085353851318,
        "val.rsbpp": 0.1972807960510254,
        "train.cover_score": 7.875482008993625,
        "train.generated_score": 7.853135393282399,
        "val.cover_score": 21.057544372558592,
        "val.generated_score": 21.105492309570312,
        "epoch": 8
    },
    {
        "train.encoder_mse": 0.0011132550837937743,
        "train.decoder_loss": 0.5095544838905335,
        "train.decoder_acc": 0.6862091565132141,
        "val.encoder_mse": 0.00011002020770683885,
        "val.decoder_loss": 0.5361051564216613,
        "val.decoder_acc": 0.6296117105484009,
        "val.ssim": 0.9854809727668762,
        "val.psnr": 45.61063529968262,
        "val.wpsnr": 45.6909631652832,
        "val.fsim": 0.9947896027565002,
        "val.rsbpp": 0.25922342109680174,
        "train.cover_score": 6.059088704943657,
        "train.generated_score": 6.10908541560173,
        "val.cover_score": -1.394063527584076,
        "val.generated_score": -1.4486534461975098,
        "epoch": 9
    },
    {
        "train.encoder_mse": 0.0002988478330662474,
        "train.decoder_loss": 0.5201030375957489,
        "train.decoder_acc": 0.6598522205352784,
        "val.encoder_mse": 0.00012797965202480556,
        "val.decoder_loss": 0.5761112594604492,
        "val.decoder_acc": 0.612497884273529,
        "val.ssim": 0.991613272190094,
        "val.psnr": 44.98519939422607,
        "val.wpsnr": 45.06596893310547,
        "val.fsim": 0.9920077939033508,
        "val.rsbpp": 0.2249957685470581,
        "train.cover_score": 7.602237620100379,
        "train.generated_score": 7.498185814231634,
        "val.cover_score": 0.8216737904548645,
        "val.generated_score": 0.768182049036026,
        "epoch": 10
    },
    {
        "train.encoder_mse": 0.00033817879007256126,
        "train.decoder_loss": 0.5331585760116577,
        "train.decoder_acc": 0.6581093511581421,
        "val.encoder_mse": 0.0017043184265494347,
        "val.decoder_loss": 0.5849111976623536,
        "val.decoder_acc": 0.6128078088760376,
        "val.ssim": 0.968704963684082,
        "val.psnr": 33.73289604187012,
        "val.wpsnr": 33.81197290039062,
        "val.fsim": 0.9368343176841736,
        "val.rsbpp": 0.2256156177520752,
        "train.cover_score": 21.39240668284893,
        "train.generated_score": 21.274079851150514,
        "val.cover_score": 1.5555939993858336,
        "val.generated_score": 1.7579169754981994,
        "epoch": 11
    },
    {
        "train.encoder_mse": 0.00048437099234433846,
        "train.decoder_loss": 0.48291322064399717,
        "train.decoder_acc": 0.698039312839508,
        "val.encoder_mse": 0.0010709202089346946,
        "val.decoder_loss": 0.6323921709060669,
        "val.decoder_acc": 0.5826918129920959,
        "val.ssim": 0.9853980479240417,
        "val.psnr": 35.912572059631344,
        "val.wpsnr": 35.9766342163086,
        "val.fsim": 0.9547995247840881,
        "val.rsbpp": 0.1653836259841919,
        "train.cover_score": 6.810232081614434,
        "train.generated_score": 6.7857066850811245,
        "val.cover_score": 31.041166961669923,
        "val.generated_score": 31.212028945922853,
        "epoch": 12
    },
    {
        "train.encoder_mse": 0.0005564159751520492,
        "train.decoder_loss": 0.5000588893890381,
        "train.decoder_acc": 0.6790159859657288,
        "val.encoder_mse": 0.00045108033064752815,
        "val.decoder_loss": 0.5746590790748596,
        "val.decoder_acc": 0.6096143879890442,
        "val.ssim": 0.9835182151794434,
        "val.psnr": 39.53088352203369,
        "val.wpsnr": 39.589401763916015,
        "val.fsim": 0.9875258927345276,
        "val.rsbpp": 0.21922877597808837,
        "train.cover_score": 14.5072271515131,
        "train.generated_score": 14.528826010227203,
        "val.cover_score": -0.9504678410887718,
        "val.generated_score": -0.9715241770744324,
        "epoch": 13
    },
    {
        "train.encoder_mse": 0.0004237852526712231,
        "train.decoder_loss": 0.50745645236969,
        "train.decoder_acc": 0.6661623902320862,
        "val.encoder_mse": 0.0002376774598378688,
        "val.decoder_loss": 0.4894214000701904,
        "val.decoder_acc": 0.6728411054611206,
        "val.ssim": 0.9814217667579651,
        "val.psnr": 42.278638763427736,
        "val.wpsnr": 42.35504556274414,
        "val.fsim": 0.9867392177581787,
        "val.rsbpp": 0.3456822109222412,
        "train.cover_score": 4.780691797673702,
        "train.generated_score": 4.763612174544483,
        "val.cover_score": 1.1245913994666188,
        "val.generated_score": 1.0756441764310003,
        "epoch": 14
    },
    {
        "train.encoder_mse": 0.00045381156576331704,
        "train.decoder_loss": 0.34079819816350937,
        "train.decoder_acc": 0.826737599849701,
        "val.encoder_mse": 0.00010750347969587893,
        "val.decoder_loss": 0.6062694144248962,
        "val.decoder_acc": 0.6056161785125732,
        "val.ssim": 0.9926691651344299,
        "val.psnr": 45.72326599121094,
        "val.wpsnr": 45.76981130981445,
        "val.fsim": 0.9943892416954041,
        "val.rsbpp": 0.21123235702514648,
        "train.cover_score": 10.817997003912925,
        "train.generated_score": 10.630024990454316,
        "val.cover_score": 11.097374389648438,
        "val.generated_score": 11.022522415161133,
        "epoch": 15
    },
    {
        "train.encoder_mse": 0.00015293820420629345,
        "train.decoder_loss": 0.44954244470596316,
        "train.decoder_acc": 0.764990807056427,
        "val.encoder_mse": 6.312811188399791e-05,
        "val.decoder_loss": 0.6374214081764221,
        "val.decoder_acc": 0.5873296046257019,
        "val.ssim": 0.9960194334983826,
        "val.psnr": 48.05194091796875,
        "val.wpsnr": 48.095620208740236,
        "val.fsim": 0.9942168717384339,
        "val.rsbpp": 0.1746592092514038,
        "train.cover_score": 20.790115734100343,
        "train.generated_score": 20.433716423034667,
        "val.cover_score": 32.60853015136719,
        "val.generated_score": 32.549567321777346,
        "epoch": 16
    },
    {
        "train.encoder_mse": 0.0004085268022317905,
        "train.decoder_loss": 0.45740196061134336,
        "train.decoder_acc": 0.7643408312797546,
        "val.encoder_mse": 0.00032059105788357554,
        "val.decoder_loss": 0.6532521367073059,
        "val.decoder_acc": 0.5796880865097046,
        "val.ssim": 0.987374737739563,
        "val.psnr": 40.97253189086914,
        "val.wpsnr": 41.045736206054684,
        "val.fsim": 0.9921793746948242,
        "val.rsbpp": 0.15937617301940918,
        "train.cover_score": 25.02520202255249,
        "train.generated_score": 24.72051011276245,
        "val.cover_score": 21.067657608032228,
        "val.generated_score": 20.829240921020507,
        "epoch": 17
    },
    {
        "train.encoder_mse": 0.02322867592476541,
        "train.decoder_loss": 0.5264527499675751,
        "train.decoder_acc": 0.7213545217514038,
        "val.encoder_mse": 0.032965019077062604,
        "val.decoder_loss": 0.6767671613693237,
        "val.decoder_acc": 0.5884659643173218,
        "val.ssim": 0.9319831819534302,
        "val.psnr": 20.840606956481935,
        "val.wpsnr": 20.81643925476074,
        "val.fsim": 0.9548272123336792,
        "val.rsbpp": 0.17693192863464355,
        "train.cover_score": 39.099758529663085,
        "train.generated_score": 42.86148638153076,
        "val.cover_score": 83.69218389892578,
        "val.generated_score": 79.14150817871094,
        "epoch": 18
    },
    {
        "train.encoder_mse": 0.004328715359151829,
        "train.decoder_loss": 0.47341434633731844,
        "train.decoder_acc": 0.7061477069854736,
        "val.encoder_mse": 0.00022246179915964603,
        "val.decoder_loss": 0.5620326390266418,
        "val.decoder_acc": 0.6270345735549927,
        "val.ssim": 0.9850444021224976,
        "val.psnr": 42.60278182983399,
        "val.wpsnr": 42.70534100341797,
        "val.fsim": 0.9931503763198852,
        "val.rsbpp": 0.25406914710998535,
        "train.cover_score": 30.691692960117013,
        "train.generated_score": 31.21056936538592,
        "val.cover_score": 39.69389428710937,
        "val.generated_score": 39.76687316894531,
        "epoch": 19
    },
    {
        "train.encoder_mse": 0.00045120542822405695,
        "train.decoder_loss": 0.3996050876379013,
        "train.decoder_acc": 0.7677156076431274,
        "val.encoder_mse": 0.00025148849259130657,
        "val.decoder_loss": 0.6300061254501342,
        "val.decoder_acc": 0.5926295213699341,
        "val.ssim": 0.9893120279312134,
        "val.psnr": 42.0317004776001,
        "val.wpsnr": 42.076857238769534,
        "val.fsim": 0.993534716129303,
        "val.rsbpp": 0.18525904273986815,
        "train.cover_score": 17.618146704912185,
        "train.generated_score": 17.524380291581153,
        "val.cover_score": 29.4568487701416,
        "val.generated_score": 29.556179290771485,
        "epoch": 20
    },
    {
        "train.encoder_mse": 0.00036234923277515916,
        "train.decoder_loss": 0.42157037162780764,
        "train.decoder_acc": 0.7797855229377747,
        "val.encoder_mse": 0.00015410154196433723,
        "val.decoder_loss": 0.6280006422996521,
        "val.decoder_acc": 0.5926363353729248,
        "val.ssim": 0.9900364809036255,
        "val.psnr": 44.17368659973145,
        "val.wpsnr": 44.18862564086914,
        "val.fsim": 0.995362105846405,
        "val.rsbpp": 0.1852726707458496,
        "train.cover_score": 13.638957660675048,
        "train.generated_score": 13.359741135597229,
        "val.cover_score": 5.257307731628418,
        "val.generated_score": 5.180143039703369,
        "epoch": 21
    },
    {
        "train.encoder_mse": 0.00019753916008630767,
        "train.decoder_loss": 0.39688689255714416,
        "train.decoder_acc": 0.7965967097282409,
        "val.encoder_mse": 0.00018026906182058155,
        "val.decoder_loss": 0.6264282994270325,
        "val.decoder_acc": 0.5896690607070922,
        "val.ssim": 0.990500367641449,
        "val.psnr": 43.519855918884275,
        "val.wpsnr": 43.51825140380859,
        "val.fsim": 0.9932793684005737,
        "val.rsbpp": 0.17933812141418456,
        "train.cover_score": 6.691122955322266,
        "train.generated_score": 6.375445624351501,
        "val.cover_score": 7.449997791290283,
        "val.generated_score": 7.464503875732422,
        "epoch": 22
    },
    {
        "train.encoder_mse": 0.00019715391611680388,
        "train.decoder_loss": 0.40142204117774966,
        "train.decoder_acc": 0.7746894264221191,
        "val.encoder_mse": 0.00014943218947155402,
        "val.decoder_loss": 0.20932208895683288,
        "val.decoder_acc": 0.9263924832344055,
        "val.ssim": 0.9898613595962524,
        "val.psnr": 44.30317073822022,
        "val.wpsnr": 44.30356707763672,
        "val.fsim": 0.9933541460037232,
        "val.rsbpp": 0.8527849664688111,
        "train.cover_score": 5.03195695464313,
        "train.generated_score": 4.850978827893734,
        "val.cover_score": 0.8030838816165924,
        "val.generated_score": 0.5502347641587257,
        "epoch": 23
    },
    {
        "train.encoder_mse": 0.00046339079571771437,
        "train.decoder_loss": 0.49000329917669294,
        "train.decoder_acc": 0.6834621753692627,
        "val.encoder_mse": 0.00022134303685743362,
        "val.decoder_loss": 0.5521002335548401,
        "val.decoder_acc": 0.6278186025619507,
        "val.ssim": 0.9859514784812927,
        "val.psnr": 42.57571056365967,
        "val.wpsnr": 42.64506692504883,
        "val.fsim": 0.9890230436325074,
        "val.rsbpp": 0.25563720512390137,
        "train.cover_score": 10.035386735737324,
        "train.generated_score": 10.085943351358175,
        "val.cover_score": 2.518039156675339,
        "val.generated_score": 2.4292450604438782,
        "epoch": 24
    },
    {
        "train.encoder_mse": 0.00039497717400081454,
        "train.decoder_loss": 0.5406632211208343,
        "train.decoder_acc": 0.6431333246231079,
        "val.encoder_mse": 0.0007610526068601757,
        "val.decoder_loss": 0.6069936642646789,
        "val.decoder_acc": 0.5879291815757751,
        "val.ssim": 0.9758488717079162,
        "val.psnr": 37.28891368865967,
        "val.wpsnr": 37.30438946533203,
        "val.fsim": 0.9721612453460693,
        "val.rsbpp": 0.1758583631515503,
        "train.cover_score": 8.031186365902425,
        "train.generated_score": 8.05970308381319,
        "val.cover_score": 3.0350536823272707,
        "val.generated_score": 3.0587740478515624,
        "epoch": 25
    },
    {
        "train.encoder_mse": 0.00024172474807710386,
        "train.decoder_loss": 0.5083734015226364,
        "train.decoder_acc": 0.6628991122245789,
        "val.encoder_mse": 0.00030129650013986973,
        "val.decoder_loss": 0.5755778861045837,
        "val.decoder_acc": 0.6208333721160889,
        "val.ssim": 0.9892175512313843,
        "val.psnr": 41.24639228820801,
        "val.wpsnr": 41.30314462280273,
        "val.fsim": 0.9929339923858642,
        "val.rsbpp": 0.24166674423217774,
        "train.cover_score": 4.343379997864366,
        "train.generated_score": 4.305620067864656,
        "val.cover_score": 9.106985828399658,
        "val.generated_score": 9.076238460540772,
        "epoch": 26
    },
    {
        "train.encoder_mse": 0.0016486189102288336,
        "train.decoder_loss": 0.3967176078557968,
        "train.decoder_acc": 0.7627317595481873,
        "val.encoder_mse": 0.0003186266070697457,
        "val.decoder_loss": 0.6031329989433288,
        "val.decoder_acc": 0.5996995186805725,
        "val.ssim": 0.9849655942916871,
        "val.psnr": 41.0474485206604,
        "val.wpsnr": 41.060637420654295,
        "val.fsim": 0.9856537857055664,
        "val.rsbpp": 0.19939903736114503,
        "train.cover_score": 5.828233299255371,
        "train.generated_score": 5.953645450115204,
        "val.cover_score": 6.361690647125244,
        "val.generated_score": 6.4492979278564455,
        "epoch": 27
    },
    {
        "train.encoder_mse": 0.00035904229199513793,
        "train.decoder_loss": 0.3215019348859787,
        "train.decoder_acc": 0.8418638410568238,
        "val.encoder_mse": 0.0002559706897009164,
        "val.decoder_loss": 0.6011692986488343,
        "val.decoder_acc": 0.6077616758346558,
        "val.ssim": 0.9879798507690429,
        "val.psnr": 41.99574878692627,
        "val.wpsnr": 42.00690393066406,
        "val.fsim": 0.9861012182235718,
        "val.rsbpp": 0.21552335166931152,
        "train.cover_score": 3.6201528120040893,
        "train.generated_score": 3.355216603755951,
        "val.cover_score": 3.268953477859497,
        "val.generated_score": 3.2375660552978514,
        "epoch": 28
    },
    {
        "train.encoder_mse": 0.00022107710503041744,
        "train.decoder_loss": 0.350824708878994,
        "train.decoder_acc": 0.795186649799347,
        "val.encoder_mse": 0.0001810691751888953,
        "val.decoder_loss": 0.6037964978218079,
        "val.decoder_acc": 0.5988880381584167,
        "val.ssim": 0.9899829578399658,
        "val.psnr": 43.51279697418213,
        "val.wpsnr": 43.533524169921876,
        "val.fsim": 0.9911861133575439,
        "val.rsbpp": 0.1977760763168335,
        "train.cover_score": 4.506481033325195,
        "train.generated_score": 4.1989906582832335,
        "val.cover_score": 7.3550006980896,
        "val.generated_score": 7.406266925811767,
        "epoch": 29
    },
    {
        "train.encoder_mse": 0.00017418802628526463,
        "train.decoder_loss": 0.33192601025104523,
        "train.decoder_acc": 0.8242810354232788,
        "val.encoder_mse": 0.00013230711198411883,
        "val.decoder_loss": 0.6079396171569824,
        "val.decoder_acc": 0.6041924219131469,
        "val.ssim": 0.9910488104820252,
        "val.psnr": 44.863814964294434,
        "val.wpsnr": 44.886027587890624,
        "val.fsim": 0.9933214302062988,
        "val.rsbpp": 0.20838484382629394,
        "train.cover_score": 3.853273509979248,
        "train.generated_score": 3.5794775426387786,
        "val.cover_score": 6.788002914428711,
        "val.generated_score": 6.7989426078796384,
        "epoch": 30
    },
    {
        "train.encoder_mse": 0.00013061997340992092,
        "train.decoder_loss": 0.3512126988172531,
        "train.decoder_acc": 0.8178543734550476,
        "val.encoder_mse": 0.00012387392960954457,
        "val.decoder_loss": 0.5984197316169739,
        "val.decoder_acc": 0.6021798887252807,
        "val.ssim": 0.9916161937713623,
        "val.psnr": 45.14864677429199,
        "val.wpsnr": 45.179236999511716,
        "val.fsim": 0.993823142528534,
        "val.rsbpp": 0.20435977745056152,
        "train.cover_score": 4.435364169120788,
        "train.generated_score": 4.108948238372803,
        "val.cover_score": 2.8131058111190796,
        "val.generated_score": 2.7526156406402587,
        "epoch": 31
    },
    {
        "train.encoder_mse": 0.0001243395039346069,
        "train.decoder_loss": 0.3456827700138092,
        "train.decoder_acc": 0.8103629002571106,
        "val.encoder_mse": 0.00012368769547902047,
        "val.decoder_loss": 0.5981881237030029,
        "val.decoder_acc": 0.6001936178207398,
        "val.ssim": 0.9921946482658386,
        "val.psnr": 45.1227600479126,
        "val.wpsnr": 45.154087341308596,
        "val.fsim": 0.994352053642273,
        "val.rsbpp": 0.2003872356414795,
        "train.cover_score": 4.366287796497345,
        "train.generated_score": 4.0760190343856815,
        "val.cover_score": 4.4202401733398435,
        "val.generated_score": 4.397307630538941,
        "epoch": 32
    }
]