[
    {
        "train.encoder_mse": 0.0015864104957290692,
        "train.decoder_loss": 0.6956898260116577,
        "train.decoder_acc": 0.5044401714205742,
        "val.encoder_mse": 9.267644222395924e-05,
        "val.decoder_loss": 0.6926836738219628,
        "val.decoder_acc": 0.5130155590864328,
        "val.ssim": 0.9936372133401724,
        "val.psnr": 46.39734414907602,
        "val.wpsnr": 46.49327879685622,
        "val.fsim": 0.9976230309559748,
        "val.rsbpp": 0.026031118172865648,
        "train.cover_score": -0.05613784945569932,
        "train.generated_score": -0.05636237025377341,
        "val.cover_score": 0.010678491971562974,
        "val.generated_score": 0.010739139205095572,
        "epoch": 1
    },
    {
        "train.encoder_mse": 0.0002793585653489572,
        "train.decoder_loss": 0.5606202384829522,
        "train.decoder_acc": 0.6822385907173156,
        "val.encoder_mse": 0.00041386479055150773,
        "val.decoder_loss": 0.384140106347891,
        "val.decoder_acc": 0.8308253196569589,
        "val.ssim": 0.9572174228154696,
        "val.psnr": 39.85391580141508,
        "val.wpsnr": 39.912199167104866,
        "val.fsim": 0.9973322519889245,
        "val.rsbpp": 0.6616506393139179,
        "train.cover_score": 0.05948562119388953,
        "train.generated_score": 0.04932489371742122,
        "val.cover_score": -1.8702615957993727,
        "val.generated_score": -1.9085558102681086,
        "epoch": 2
    },
    {
        "train.encoder_mse": 0.001631296658597421,
        "train.decoder_loss": 0.3343129599094391,
        "train.decoder_acc": 0.8562390005588532,
        "val.encoder_mse": 0.0005390810726497036,
        "val.decoder_loss": 0.29196709165206325,
        "val.decoder_acc": 0.8772243719834548,
        "val.ssim": 0.9472041359314551,
        "val.psnr": 38.70953504855816,
        "val.wpsnr": 38.78474426269531,
        "val.fsim": 0.9972495620067303,
        "val.rsbpp": 0.7544487439669095,
        "train.cover_score": 0.3266997579159215,
        "train.generated_score": 0.36339748572558167,
        "val.cover_score": -1.5056080176280096,
        "val.generated_score": -1.5548291894105764,
        "epoch": 3
    },
    {
        "train.encoder_mse": 0.002908854087581858,
        "train.decoder_loss": 0.33772517085075376,
        "train.decoder_acc": 0.8527314794063569,
        "val.encoder_mse": 0.0006195278502463435,
        "val.decoder_loss": 0.3116290168120311,
        "val.decoder_acc": 0.8696196170953604,
        "val.ssim": 0.9663583911382235,
        "val.psnr": 38.18413000840407,
        "val.wpsnr": 38.22805991539588,
        "val.fsim": 0.9967222397144024,
        "val.rsbpp": 0.7392392341907208,
        "train.cover_score": 2.2243527275201633,
        "train.generated_score": 2.4461436777818015,
        "val.cover_score": 0.35440489277243614,
        "val.generated_score": 0.36518725523581874,
        "epoch": 4
    },
    {
        "train.encoder_mse": 0.002122309479746036,
        "train.decoder_loss": 0.33254056110978125,
        "train.decoder_acc": 0.8558949041366577,
        "val.encoder_mse": 0.007039073997965226,
        "val.decoder_loss": 0.4394976175748385,
        "val.decoder_acc": 0.7902081883870639,
        "val.ssim": 0.9066293835639954,
        "val.psnr": 27.648066740769607,
        "val.wpsnr": 27.651914596557617,
        "val.fsim": 0.9614406549013578,
        "val.rsbpp": 0.5804163767741277,
        "train.cover_score": 5.609522752724588,
        "train.generated_score": 5.8415686904173345,
        "val.cover_score": 1.5720308881539564,
        "val.generated_score": 2.106164840551523,
        "epoch": 5
    },
    {
        "train.encoder_mse": 0.0013608569378266112,
        "train.decoder_loss": 0.31149069979786875,
        "train.decoder_acc": 0.866238529086113,
        "val.encoder_mse": 0.0014171820008554137,
        "val.decoder_loss": 0.36558120525800264,
        "val.decoder_acc": 0.8405136328477126,
        "val.ssim": 0.9343481017993047,
        "val.psnr": 34.52697332088764,
        "val.wpsnr": 34.75885273860051,
        "val.fsim": 0.9467914792207571,
        "val.rsbpp": 0.6810272656954252,
        "train.cover_score": 2.2986701764166355,
        "train.generated_score": 2.3270142295956613,
        "val.cover_score": 0.9697276892570349,
        "val.generated_score": 1.2257524178578303,
        "epoch": 6
    },
    {
        "train.encoder_mse": 0.0007331706031982321,
        "train.decoder_loss": 0.27382704928517343,
        "train.decoder_acc": 0.8865874975919723,
        "val.encoder_mse": 0.0008143988939431998,
        "val.decoder_loss": 0.23211998205918533,
        "val.decoder_acc": 0.9057817688355079,
        "val.ssim": 0.938709754210252,
        "val.psnr": 36.91769893352802,
        "val.wpsnr": 37.01710363534781,
        "val.fsim": 0.9809772876592783,
        "val.rsbpp": 0.8115635376710159,
        "train.cover_score": 1.4132940213754772,
        "train.generated_score": 1.4961339338123798,
        "val.cover_score": 0.4220696607461342,
        "val.generated_score": 0.42386305102935207,
        "epoch": 7
    },
    {
        "train.encoder_mse": 0.0006547109375242144,
        "train.decoder_loss": 0.17706591852009296,
        "train.decoder_acc": 0.9332935625314712,
        "val.encoder_mse": 0.0008943863526488153,
        "val.decoder_loss": 0.11158341799791043,
        "val.decoder_acc": 0.9624565289570735,
        "val.ssim": 0.9276805244959317,
        "val.psnr": 36.511560953580414,
        "val.wpsnr": 36.625274658203125,
        "val.fsim": 0.9865145774988028,
        "val.rsbpp": 0.924913057914147,
        "train.cover_score": 0.3884501061215997,
        "train.generated_score": 0.4462780424579978,
        "val.cover_score": -0.22770341886923864,
        "val.generated_score": -0.23180355246250445,
        "epoch": 8
    },
    {
        "train.encoder_mse": 0.0005526662289048545,
        "train.decoder_loss": 0.10325267177075148,
        "train.decoder_acc": 0.9649375647306442,
        "val.encoder_mse": 0.0007044501880255456,
        "val.decoder_loss": 0.08629449915427428,
        "val.decoder_acc": 0.971474656691918,
        "val.ssim": 0.9391949818684504,
        "val.psnr": 37.54686685708853,
        "val.wpsnr": 37.65687443659856,
        "val.fsim": 0.988253272496737,
        "val.rsbpp": 0.942949313383836,
        "train.cover_score": -0.03909996692556888,
        "train.generated_score": -0.048319917893313684,
        "val.cover_score": -0.07255176339262667,
        "val.generated_score": -0.07868222009318952,
        "epoch": 9
    },
    {
        "train.encoder_mse": 0.0005231573691708035,
        "train.decoder_loss": 0.08856034349650145,
        "train.decoder_acc": 0.9696358770132065,
        "val.encoder_mse": 0.0007760204697171083,
        "val.decoder_loss": 0.07616026212389652,
        "val.decoder_acc": 0.9736640086540809,
        "val.ssim": 0.9379614133101243,
        "val.psnr": 37.126902250143196,
        "val.wpsnr": 37.242108858548676,
        "val.fsim": 0.9887200410549457,
        "val.rsbpp": 0.9473280173081619,
        "train.cover_score": -0.053690973542397845,
        "train.generated_score": -0.056616463385289535,
        "val.cover_score": -0.2785008205817296,
        "val.generated_score": -0.2763880594418599,
        "epoch": 10
    },
    {
        "train.encoder_mse": 0.0004826542071532458,
        "train.decoder_loss": 0.06502447308972478,
        "train.decoder_acc": 0.9781929957866669,
        "val.encoder_mse": 0.0005059945710504857,
        "val.decoder_loss": 0.07504767064864819,
        "val.decoder_acc": 0.9739242792129517,
        "val.ssim": 0.9556346902480493,
        "val.psnr": 38.98267214114849,
        "val.wpsnr": 39.10204285841722,
        "val.fsim": 0.9944173235159653,
        "val.rsbpp": 0.9478485584259033,
        "train.cover_score": 0.023134215438039972,
        "train.generated_score": 0.01138930133311078,
        "val.cover_score": 0.08395730467656484,
        "val.generated_score": 0.056116378937776275,
        "epoch": 11
    },
    {
        "train.encoder_mse": 0.00047856429126113653,
        "train.decoder_loss": 0.0759492620639503,
        "train.decoder_acc": 0.9726448661088943,
        "val.encoder_mse": 0.00035798088916075917,
        "val.decoder_loss": 0.08225628848259266,
        "val.decoder_acc": 0.9707839947480422,
        "val.ssim": 0.9664897047556363,
        "val.psnr": 40.493179834806,
        "val.wpsnr": 40.61325396024264,
        "val.fsim": 0.9934053008372967,
        "val.rsbpp": 0.9415679894960843,
        "train.cover_score": 0.010349338678643107,
        "train.generated_score": 0.032794137354940175,
        "val.cover_score": -0.15294126306588834,
        "val.generated_score": -0.15763358313303727,
        "epoch": 12
    },
    {
        "train.encoder_mse": 0.00040253915853099897,
        "train.decoder_loss": 0.05573158679530024,
        "train.decoder_acc": 0.9813186520338059,
        "val.encoder_mse": 0.00038366587250493467,
        "val.decoder_loss": 0.05640461381811362,
        "val.decoder_acc": 0.980972367983598,
        "val.ssim": 0.9642226466765771,
        "val.psnr": 40.18953580122728,
        "val.wpsnr": 40.30764741163988,
        "val.fsim": 0.9939904900697561,
        "val.rsbpp": 0.961944735967196,
        "train.cover_score": 0.028980457400903107,
        "train.generated_score": 0.029490557312965394,
        "val.cover_score": -0.1444152734027459,
        "val.generated_score": -0.1508314609527588,
        "epoch": 13
    },
    {
        "train.encoder_mse": 0.00037084604206029327,
        "train.decoder_loss": 0.043794463481754066,
        "train.decoder_acc": 0.9851895421743393,
        "val.encoder_mse": 0.00029281793887583684,
        "val.decoder_loss": 0.07793095836845729,
        "val.decoder_acc": 0.9730736521574167,
        "val.ssim": 0.9735459685325623,
        "val.psnr": 41.3618725996751,
        "val.wpsnr": 41.48920939518855,
        "val.fsim": 0.9964378201044523,
        "val.rsbpp": 0.9461473043148334,
        "train.cover_score": -0.09928728112485259,
        "train.generated_score": -0.10151350354310125,
        "val.cover_score": 0.22267079467956835,
        "val.generated_score": 0.22245403551138365,
        "epoch": 14
    },
    {
        "train.encoder_mse": 0.00033044734678696843,
        "train.decoder_loss": 0.04102657043375075,
        "train.decoder_acc": 0.9862034231424331,
        "val.encoder_mse": 0.0005671894535995447,
        "val.decoder_loss": 0.02533636335283518,
        "val.decoder_acc": 0.9919398472859309,
        "val.ssim": 0.9552973371285659,
        "val.psnr": 38.499408135047325,
        "val.wpsnr": 38.65132581270658,
        "val.fsim": 0.9946006444784311,
        "val.rsbpp": 0.9838796945718619,
        "train.cover_score": -0.17403997938148677,
        "train.generated_score": -0.17388176260516047,
        "val.cover_score": 0.2559764964076189,
        "val.generated_score": 0.25973033159971237,
        "epoch": 15
    },
    {
        "train.encoder_mse": 0.0003111158426327165,
        "train.decoder_loss": 0.04017751735635102,
        "train.decoder_acc": 0.9863394790887833,
        "val.encoder_mse": 0.00028822942784665007,
        "val.decoder_loss": 0.04868557404440183,
        "val.decoder_acc": 0.9832679629325867,
        "val.ssim": 0.9762486494504489,
        "val.psnr": 41.4528069129357,
        "val.wpsnr": 41.60370195828951,
        "val.fsim": 0.9957611606671259,
        "val.rsbpp": 0.9665359258651733,
        "train.cover_score": -0.250126590449363,
        "train.generated_score": -0.261115461057052,
        "val.cover_score": 1.1491695046424866,
        "val.generated_score": 1.1302268138298621,
        "epoch": 16
    },
    {
        "train.encoder_mse": 0.0004386451865138952,
        "train.decoder_loss": 0.06593253495171666,
        "train.decoder_acc": 0.9760174453258514,
        "val.encoder_mse": 0.00031085660045321745,
        "val.decoder_loss": 0.048532773955510214,
        "val.decoder_acc": 0.9833250183325547,
        "val.ssim": 0.970798501601586,
        "val.psnr": 41.120468653165375,
        "val.wpsnr": 41.25775087796725,
        "val.fsim": 0.9941712847122779,
        "val.rsbpp": 0.9666500366651095,
        "train.cover_score": 0.08890990765299649,
        "train.generated_score": 0.13314214795129373,
        "val.cover_score": -0.4893892201093527,
        "val.generated_score": -0.48617953749803394,
        "epoch": 17
    },
    {
        "train.encoder_mse": 0.00029407993948552756,
        "train.decoder_loss": 0.03242005248554051,
        "train.decoder_acc": 0.9889128166437149,
        "val.encoder_mse": 0.0002903358970518009,
        "val.decoder_loss": 0.03630664572119713,
        "val.decoder_acc": 0.9877072939505944,
        "val.ssim": 0.978570397083576,
        "val.psnr": 41.43258901742789,
        "val.wpsnr": 41.59718234722431,
        "val.fsim": 0.9963768537227924,
        "val.rsbpp": 0.9754145879011887,
        "train.cover_score": -0.2577036551758647,
        "train.generated_score": -0.26109957253560423,
        "val.cover_score": -0.1881728722498967,
        "val.generated_score": -0.19270913073649773,
        "epoch": 18
    },
    {
        "train.encoder_mse": 0.00025622041153837926,
        "train.decoder_loss": 0.028357789367437363,
        "train.decoder_acc": 0.9902400332689285,
        "val.encoder_mse": 0.0003027228231076151,
        "val.decoder_loss": 0.04994212019328888,
        "val.decoder_acc": 0.9820797672638526,
        "val.ssim": 0.9772895345321069,
        "val.psnr": 41.251425376305214,
        "val.wpsnr": 41.394613412710335,
        "val.fsim": 0.9958649277687073,
        "val.rsbpp": 0.9641595345277053,
        "train.cover_score": -0.10416669036843813,
        "train.generated_score": -0.11222722006263211,
        "val.cover_score": 0.08467892944239654,
        "val.generated_score": 0.07427993957669689,
        "epoch": 19
    },
    {
        "train.encoder_mse": 0.0002758490051201079,
        "train.decoder_loss": 0.03446717637591064,
        "train.decoder_acc": 0.988012045621872,
        "val.encoder_mse": 0.0003122322310586102,
        "val.decoder_loss": 0.03803773639866939,
        "val.decoder_acc": 0.9868973997923044,
        "val.ssim": 0.9773866075735825,
        "val.psnr": 41.11026690556453,
        "val.wpsnr": 41.275621560903694,
        "val.fsim": 0.9955083544437702,
        "val.rsbpp": 0.9737947995846088,
        "train.cover_score": -0.04352776396321133,
        "train.generated_score": -0.06370041973190382,
        "val.cover_score": 0.19953493831249383,
        "val.generated_score": 0.1910630653683956,
        "epoch": 20
    },
    {
        "train.encoder_mse": 0.0002907073264941573,
        "train.decoder_loss": 0.03651718550361693,
        "train.decoder_acc": 0.9870537221431732,
        "val.encoder_mse": 0.00024939159405990864,
        "val.decoder_loss": 0.04560019319447187,
        "val.decoder_acc": 0.9846676863156832,
        "val.ssim": 0.9809403877991897,
        "val.psnr": 42.08346220163199,
        "val.wpsnr": 42.24895389263447,
        "val.fsim": 0.996176554606511,
        "val.rsbpp": 0.9693353726313665,
        "train.cover_score": -0.07789419878808075,
        "train.generated_score": -0.07150453972630202,
        "val.cover_score": 0.3546047428479561,
        "val.generated_score": 0.34824170859960407,
        "epoch": 21
    },
    {
        "train.encoder_mse": 0.0002578385136439465,
        "train.decoder_loss": 0.024923234665766358,
        "train.decoder_acc": 0.9914169818162918,
        "val.encoder_mse": 0.0003455473745886523,
        "val.decoder_loss": 0.02580670238687442,
        "val.decoder_acc": 0.99110235617711,
        "val.ssim": 0.9706396047885602,
        "val.psnr": 40.686843395233154,
        "val.wpsnr": 40.83581719031701,
        "val.fsim": 0.994738234923436,
        "val.rsbpp": 0.9822047123542199,
        "train.cover_score": -0.0608194842049852,
        "train.generated_score": -0.06206581025384367,
        "val.cover_score": -0.44952088365188014,
        "val.generated_score": -0.44616374144187343,
        "epoch": 22
    },
    {
        "train.encoder_mse": 0.0002457841974683106,
        "train.decoder_loss": 0.024266190198250114,
        "train.decoder_acc": 0.991634857058525,
        "val.encoder_mse": 0.00022648678434332117,
        "val.decoder_loss": 0.030750777285832625,
        "val.decoder_acc": 0.9897498167478122,
        "val.ssim": 0.9814108976951013,
        "val.psnr": 42.52572316389818,
        "val.wpsnr": 42.688160822941704,
        "val.fsim": 0.9975024140798129,
        "val.rsbpp": 0.9794996334956243,
        "train.cover_score": -0.055610911366529764,
        "train.generated_score": -0.05662596465088427,
        "val.cover_score": 0.2276133465079161,
        "val.generated_score": 0.22573576752956098,
        "epoch": 23
    },
    {
        "train.encoder_mse": 0.00021467372265760788,
        "train.decoder_loss": 0.02343485155608505,
        "train.decoder_acc": 0.991936514377594,
        "val.encoder_mse": 0.00024038708047905506,
        "val.decoder_loss": 0.032477715267584875,
        "val.decoder_acc": 0.988768838919126,
        "val.ssim": 0.9820059354488666,
        "val.psnr": 42.27703204521766,
        "val.wpsnr": 42.4481567969689,
        "val.fsim": 0.9968260343258197,
        "val.rsbpp": 0.9775376778382522,
        "train.cover_score": -0.018261506193957756,
        "train.generated_score": -0.016040460281074045,
        "val.cover_score": -0.07996003845563301,
        "val.generated_score": -0.08119664771052507,
        "epoch": 24
    },
    {
        "train.encoder_mse": 0.00022427989199059084,
        "train.decoder_loss": 0.02292507587466389,
        "train.decoder_acc": 0.9919037097692489,
        "val.encoder_mse": 0.00025583038894602884,
        "val.decoder_loss": 0.024672742288273115,
        "val.decoder_acc": 0.99133412196086,
        "val.ssim": 0.9805741906166077,
        "val.psnr": 42.029871207017166,
        "val.wpsnr": 42.21137208205003,
        "val.fsim": 0.9965397302921002,
        "val.rsbpp": 0.98266824392172,
        "train.cover_score": -0.1516899857763201,
        "train.generated_score": -0.15299287705682219,
        "val.cover_score": -0.2515912147668692,
        "val.generated_score": -0.2550072566821025,
        "epoch": 25
    },
    {
        "train.encoder_mse": 0.0002201433818845544,
        "train.decoder_loss": 0.018086508135311305,
        "train.decoder_acc": 0.9936383962631226,
        "val.encoder_mse": 0.00021591160755353764,
        "val.decoder_loss": 0.03945541510788294,
        "val.decoder_acc": 0.9862495477382953,
        "val.ssim": 0.9840417229212247,
        "val.psnr": 42.759027847876915,
        "val.wpsnr": 42.928263444166916,
        "val.fsim": 0.997131897852971,
        "val.rsbpp": 0.9724990954765906,
        "train.cover_score": -0.1456914884597063,
        "train.generated_score": -0.15375198653899133,
        "val.cover_score": -0.15279529243707657,
        "val.generated_score": -0.1561887843104509,
        "epoch": 26
    },
    {
        "train.encoder_mse": 0.00022074917491408995,
        "train.decoder_loss": 0.024945368408225477,
        "train.decoder_acc": 0.9914577722549438,
        "val.encoder_mse": 0.000256058673795241,
        "val.decoder_loss": 0.02833058971625108,
        "val.decoder_acc": 0.9899754386681777,
        "val.ssim": 0.9788988874508784,
        "val.psnr": 42.00509584867037,
        "val.wpsnr": 42.16737483097957,
        "val.fsim": 0.9958373766679031,
        "val.rsbpp": 0.9799508773363553,
        "train.cover_score": -0.05026863684644923,
        "train.generated_score": -0.056638704744400456,
        "val.cover_score": -0.11233626764554244,
        "val.generated_score": -0.11696903923383126,
        "epoch": 27
    },
    {
        "train.encoder_mse": 0.00022102598239143845,
        "train.decoder_loss": 0.02069859282579273,
        "train.decoder_acc": 0.992981739640236,
        "val.encoder_mse": 0.00023643629817972676,
        "val.decoder_loss": 0.06233185744629456,
        "val.decoder_acc": 0.9789121059271005,
        "val.ssim": 0.9832439009959881,
        "val.psnr": 42.33337365663969,
        "val.wpsnr": 42.48316310002254,
        "val.fsim": 0.9971137642860413,
        "val.rsbpp": 0.9578242118542011,
        "train.cover_score": -0.19832762502599507,
        "train.generated_score": -0.20405190979130566,
        "val.cover_score": 0.22645986882539895,
        "val.generated_score": 0.2259165168954776,
        "epoch": 28
    },
    {
        "train.encoder_mse": 0.00022277127354755066,
        "train.decoder_loss": 0.022537308922037484,
        "train.decoder_acc": 0.9919392085075378,
        "val.encoder_mse": 0.00025273766480565356,
        "val.decoder_loss": 0.020237740988914784,
        "val.decoder_acc": 0.9930154864604657,
        "val.ssim": 0.9802819031935471,
        "val.psnr": 42.083574074965256,
        "val.wpsnr": 42.25558530367338,
        "val.fsim": 0.9968868631582993,
        "val.rsbpp": 0.9860309729209313,
        "train.cover_score": -0.4923006281815469,
        "train.generated_score": -0.49874083627015353,
        "val.cover_score": -0.308215842797206,
        "val.generated_score": -0.3097169261712294,
        "epoch": 29
    },
    {
        "train.encoder_mse": 0.00021468680162797682,
        "train.decoder_loss": 0.019606071980670093,
        "train.decoder_acc": 0.9931929874420166,
        "val.encoder_mse": 0.00022500794036134792,
        "val.decoder_loss": 0.04597338346334604,
        "val.decoder_acc": 0.9842167450831487,
        "val.ssim": 0.9844525914925796,
        "val.psnr": 42.596449851989746,
        "val.wpsnr": 42.78287740854117,
        "val.fsim": 0.9956652567936823,
        "val.rsbpp": 0.9684334901662973,
        "train.cover_score": -0.6055704334378242,
        "train.generated_score": -0.6110207027196884,
        "val.cover_score": -0.5227128588236295,
        "val.generated_score": -0.522570224908682,
        "epoch": 30
    },
    {
        "train.encoder_mse": 0.00022533723116794136,
        "train.decoder_loss": 0.024137692502699794,
        "train.decoder_acc": 0.9914867353439331,
        "val.encoder_mse": 0.00022313451336231083,
        "val.decoder_loss": 0.038618386508180544,
        "val.decoder_acc": 0.9861244696837205,
        "val.ssim": 0.9845938636706426,
        "val.psnr": 42.64293597294734,
        "val.wpsnr": 42.8131470313439,
        "val.fsim": 0.9972529732264005,
        "val.rsbpp": 0.9722489393674411,
        "train.cover_score": -0.01562504916000762,
        "train.generated_score": -0.02581507774302736,
        "val.cover_score": -0.571828291966365,
        "val.generated_score": -0.5795858662862045,
        "epoch": 31
    },
    {
        "train.encoder_mse": 0.00022674196712614504,
        "train.decoder_loss": 0.024819570989347995,
        "train.decoder_acc": 0.9909720933437347,
        "val.encoder_mse": 0.0003310408714102008,
        "val.decoder_loss": 0.018055101283467732,
        "val.decoder_acc": 0.9934405455222497,
        "val.ssim": 0.9695977247678317,
        "val.psnr": 40.92123930270855,
        "val.wpsnr": 41.07118401160607,
        "val.fsim": 0.9958732678340032,
        "val.rsbpp": 0.9868810910444993,
        "train.cover_score": -0.16840752991847693,
        "train.generated_score": -0.1740704338112846,
        "val.cover_score": 0.9753931990036597,
        "val.generated_score": 0.9688977690843436,
        "epoch": 32
    }
]