[
    {
        "train.encoder_mse": 0.01844882542034611,
        "train.decoder_loss": 0.6439825683832169,
        "train.decoder_acc": 0.6777412128448487,
        "val.encoder_mse": 0.00719106516156059,
        "val.decoder_loss": 0.5922936659592849,
        "val.decoder_acc": 0.7370658975381118,
        "val.ssim": 0.7509076411907489,
        "val.psnr": 27.542384771200325,
        "val.rsbpp": 0.4741317950762235,
        "train.cover_score": -0.010211280044095473,
        "train.generated_score": -0.020094793904572725,
        "val.cover_score": 0.0027503646213937407,
        "val.generated_score": -0.023511747328134682,
        "epoch": 1
    },
    {
        "train.encoder_mse": 0.004557726753409952,
        "train.decoder_loss": 0.48022049844264986,
        "train.decoder_acc": 0.8135657972097396,
        "val.encoder_mse": 0.004047215593835482,
        "val.decoder_loss": 0.4124848452898172,
        "val.decoder_acc": 0.8381339036501371,
        "val.ssim": 0.8022579183945289,
        "val.psnr": 30.041179473583515,
        "val.rsbpp": 0.6762678073002741,
        "train.cover_score": 0.013518955179024487,
        "train.generated_score": -0.02148997800424695,
        "val.cover_score": 0.01855871847902353,
        "val.generated_score": -0.017940659935657795,
        "epoch": 2
    },
    {
        "train.encoder_mse": 0.003045269682770595,
        "train.decoder_loss": 0.3201709657907486,
        "train.decoder_acc": 0.8905118143558503,
        "val.encoder_mse": 0.002869214379013731,
        "val.decoder_loss": 0.28816171334340024,
        "val.decoder_acc": 0.8985570944272555,
        "val.ssim": 0.8229737648597131,
        "val.psnr": 31.532314190497765,
        "val.rsbpp": 0.797114188854511,
        "train.cover_score": 0.022915306352078915,
        "train.generated_score": -0.011958841234445572,
        "val.cover_score": 0.025166717214653127,
        "val.generated_score": -0.007985996082425117,
        "epoch": 3
    },
    {
        "train.encoder_mse": 0.0022797952382825316,
        "train.decoder_loss": 0.23276171937584877,
        "train.decoder_acc": 0.9236784917116165,
        "val.encoder_mse": 0.002221288114714508,
        "val.decoder_loss": 0.22687008518439072,
        "val.decoder_acc": 0.9202511402276846,
        "val.ssim": 0.8421499591607314,
        "val.psnr": 32.64051602436946,
        "val.rsbpp": 0.8405022804553692,
        "train.cover_score": 0.02793455743230879,
        "train.generated_score": -0.0027926370737441173,
        "val.cover_score": 0.030231611946454413,
        "val.generated_score": 0.0009168560847263926,
        "epoch": 4
    },
    {
        "train.encoder_mse": 0.0017952757491730153,
        "train.decoder_loss": 0.1882004926353693,
        "train.decoder_acc": 0.9373351806402206,
        "val.encoder_mse": 0.0018573400761502294,
        "val.decoder_loss": 0.19500918915638557,
        "val.decoder_acc": 0.93030040539228,
        "val.ssim": 0.8566622413121737,
        "val.psnr": 33.41143993230966,
        "val.rsbpp": 0.86060081078456,
        "train.cover_score": 0.03288324519991875,
        "train.generated_score": 0.004535067338438239,
        "val.cover_score": 0.034741741533462815,
        "val.generated_score": 0.0060185048406800395,
        "epoch": 5
    },
    {
        "train.encoder_mse": 0.0015580192708875985,
        "train.decoder_loss": 0.16489688083529472,
        "train.decoder_acc": 0.9429364484548569,
        "val.encoder_mse": 0.0015588358152084625,
        "val.decoder_loss": 0.16703926026821136,
        "val.decoder_acc": 0.9405654256160443,
        "val.ssim": 0.8657935490975013,
        "val.psnr": 34.173564177293045,
        "val.rsbpp": 0.8811308512320886,
        "train.cover_score": 0.03701948281377554,
        "train.generated_score": 0.007398757841438055,
        "val.cover_score": 0.03987700793032463,
        "val.generated_score": 0.008262847371112842,
        "epoch": 6
    },
    {
        "train.encoder_mse": 0.0013259035488590598,
        "train.decoder_loss": 0.1435388181358576,
        "train.decoder_acc": 0.9501638883352279,
        "val.encoder_mse": 0.0013681395122638117,
        "val.decoder_loss": 0.15339621500327036,
        "val.decoder_acc": 0.9446454965151273,
        "val.ssim": 0.8761209845542908,
        "val.psnr": 34.738351381742035,
        "val.rsbpp": 0.8892909930302546,
        "train.cover_score": 0.04010488701984286,
        "train.generated_score": 0.008311247024685144,
        "val.cover_score": 0.042938102466555744,
        "val.generated_score": 0.010147529116903361,
        "epoch": 7
    },
    {
        "train.encoder_mse": 0.0011803997022798284,
        "train.decoder_loss": 0.1305502563714981,
        "train.decoder_acc": 0.9538691520690918,
        "val.encoder_mse": 0.0012787456373469187,
        "val.decoder_loss": 0.13795260855784783,
        "val.decoder_acc": 0.9500887439801142,
        "val.ssim": 0.8815227288466233,
        "val.psnr": 35.02452611923218,
        "val.rsbpp": 0.9001774879602286,
        "train.cover_score": 0.0427746195346117,
        "train.generated_score": 0.008877633535303176,
        "val.cover_score": 0.04208464562319792,
        "val.generated_score": 0.008474636357277632,
        "epoch": 8
    },
    {
        "train.encoder_mse": 0.001092732840916142,
        "train.decoder_loss": 0.11963561702519655,
        "train.decoder_acc": 0.9572485792636871,
        "val.encoder_mse": 0.001132799366202492,
        "val.decoder_loss": 0.12428319224944481,
        "val.decoder_acc": 0.955224715746366,
        "val.ssim": 0.8862616373942449,
        "val.psnr": 35.551939927614654,
        "val.rsbpp": 0.9104494314927322,
        "train.cover_score": 0.04399904936552048,
        "train.generated_score": 0.009102107867365703,
        "val.cover_score": 0.046884666268642135,
        "val.generated_score": 0.010820060395277463,
        "epoch": 9
    },
    {
        "train.encoder_mse": 0.001014167300891131,
        "train.decoder_loss": 0.11218700222671033,
        "train.decoder_acc": 0.9595068168640136,
        "val.encoder_mse": 0.001013078771603222,
        "val.decoder_loss": 0.11861320126515168,
        "val.decoder_acc": 0.9568485067440913,
        "val.ssim": 0.8939923598216131,
        "val.psnr": 36.03823900222778,
        "val.rsbpp": 0.9136970134881827,
        "train.cover_score": 0.04565279319882393,
        "train.generated_score": 0.009474369529634714,
        "val.cover_score": 0.04706237063958095,
        "val.generated_score": 0.010046835773839401,
        "epoch": 10
    },
    {
        "train.encoder_mse": 0.0009378278662916273,
        "train.decoder_loss": 0.10413601133972407,
        "train.decoder_acc": 0.9623903053998947,
        "val.encoder_mse": 0.0009466958447144582,
        "val.decoder_loss": 0.11225986538025048,
        "val.decoder_acc": 0.9589614501366248,
        "val.ssim": 0.8992741566437942,
        "val.psnr": 36.32645240196815,
        "val.rsbpp": 0.9179229002732497,
        "train.cover_score": 0.04638333421200514,
        "train.generated_score": 0.008926132202614099,
        "val.cover_score": 0.049597394007902876,
        "val.generated_score": 0.012151259964761825,
        "epoch": 11
    },
    {
        "train.encoder_mse": 0.0008841152489185333,
        "train.decoder_loss": 0.10034815929830074,
        "train.decoder_acc": 0.9632173109054566,
        "val.encoder_mse": 0.0009382046633758224,
        "val.decoder_loss": 0.09803995604698475,
        "val.decoder_acc": 0.9648200732011062,
        "val.ssim": 0.8966085452299851,
        "val.psnr": 36.35167140227098,
        "val.rsbpp": 0.9296401464022123,
        "train.cover_score": 0.047342324443161485,
        "train.generated_score": 0.008742372571723535,
        "val.cover_score": 0.04796364702857458,
        "val.generated_score": 0.007513708112618098,
        "epoch": 12
    },
    {
        "train.encoder_mse": 0.0008071804599603639,
        "train.decoder_loss": 0.08981462642550468,
        "train.decoder_acc": 0.9674529373645783,
        "val.encoder_mse": 0.0008379689937170881,
        "val.decoder_loss": 0.09669229990014663,
        "val.decoder_acc": 0.9647698494104239,
        "val.ssim": 0.9047708465502813,
        "val.psnr": 36.846867891458366,
        "val.rsbpp": 0.9295396988208477,
        "train.cover_score": 0.048071443773806094,
        "train.generated_score": 0.008160994506906718,
        "val.cover_score": 0.05102527943941263,
        "val.generated_score": 0.00985116482927249,
        "epoch": 13
    },
    {
        "train.encoder_mse": 0.000749231415684335,
        "train.decoder_loss": 0.08539810612797737,
        "train.decoder_acc": 0.9688285851478576,
        "val.encoder_mse": 0.0007917291547458332,
        "val.decoder_loss": 0.09414221604283039,
        "val.decoder_acc": 0.9655037659865159,
        "val.ssim": 0.9085566814129169,
        "val.psnr": 37.09828046651987,
        "val.rsbpp": 0.9310075319730319,
        "train.cover_score": 0.04904201870784163,
        "train.generated_score": 0.007824496375396848,
        "val.cover_score": 0.05165754459225214,
        "val.generated_score": 0.0102566541888966,
        "epoch": 14
    },
    {
        "train.encoder_mse": 0.0007494126766687259,
        "train.decoder_loss": 0.08449345603585243,
        "train.decoder_acc": 0.9688324159383774,
        "val.encoder_mse": 0.0007766501781029197,
        "val.decoder_loss": 0.08753390008440384,
        "val.decoder_acc": 0.9680781731238732,
        "val.ssim": 0.9093266954788795,
        "val.psnr": 37.17832950445322,
        "val.rsbpp": 0.9361563462477464,
        "train.cover_score": 0.04965670388191938,
        "train.generated_score": 0.007807482592761516,
        "val.cover_score": 0.049320050730155066,
        "val.generated_score": 0.007455157975737865,
        "epoch": 15
    },
    {
        "train.encoder_mse": 0.0007001774443779141,
        "train.decoder_loss": 0.07995888888835907,
        "train.decoder_acc": 0.9706557357311248,
        "val.encoder_mse": 0.0007699611954964125,
        "val.decoder_loss": 0.08308404110945188,
        "val.decoder_acc": 0.9697194787172171,
        "val.ssim": 0.9105188663189228,
        "val.psnr": 37.20915757692777,
        "val.rsbpp": 0.9394389574344342,
        "train.cover_score": 0.050299596041440964,
        "train.generated_score": 0.007413470045430586,
        "val.cover_score": 0.04832542945559208,
        "val.generated_score": 0.007383971582525051,
        "epoch": 16
    },
    {
        "train.encoder_mse": 0.0006759628572035581,
        "train.decoder_loss": 0.07376216040924191,
        "train.decoder_acc": 0.9729361361265183,
        "val.encoder_mse": 0.0007012744317762554,
        "val.decoder_loss": 0.08245994609135848,
        "val.decoder_acc": 0.9697540494111868,
        "val.ssim": 0.9160541020906888,
        "val.psnr": 37.623570882357086,
        "val.rsbpp": 0.9395080988223736,
        "train.cover_score": 0.05110545145347714,
        "train.generated_score": 0.006897397410357371,
        "val.cover_score": 0.051650561965428866,
        "val.generated_score": 0.00828594035612276,
        "epoch": 17
    },
    {
        "train.encoder_mse": 0.0006487517926143482,
        "train.decoder_loss": 0.07413839528337121,
        "train.decoder_acc": 0.9725378566980362,
        "val.encoder_mse": 0.0006931092670688835,
        "val.decoder_loss": 0.07826679629775193,
        "val.decoder_acc": 0.9713314634103042,
        "val.ssim": 0.9182373743790847,
        "val.psnr": 37.66408700209398,
        "val.rsbpp": 0.9426629268206083,
        "train.cover_score": 0.05060213694348931,
        "train.generated_score": 0.007342241101432592,
        "val.cover_score": 0.050785938994242594,
        "val.generated_score": 0.0069580467131275395,
        "epoch": 18
    },
    {
        "train.encoder_mse": 0.0006317052250960842,
        "train.decoder_loss": 0.0699950180761516,
        "train.decoder_acc": 0.9742606151103973,
        "val.encoder_mse": 0.0006772974380650199,
        "val.decoder_loss": 0.07589668006851123,
        "val.decoder_acc": 0.9723059810124911,
        "val.ssim": 0.9189143089147714,
        "val.psnr": 37.75350680718055,
        "val.rsbpp": 0.9446119620249822,
        "train.cover_score": 0.050954990833997724,
        "train.generated_score": 0.007133805326884612,
        "val.cover_score": 0.04926685759654412,
        "val.generated_score": 0.006167272043127853,
        "epoch": 19
    },
    {
        "train.encoder_mse": 0.0006068169116042554,
        "train.decoder_loss": 0.06812503762543201,
        "train.decoder_acc": 0.9749485456943512,
        "val.encoder_mse": 0.0006285654694343415,
        "val.decoder_loss": 0.07474048607624494,
        "val.decoder_acc": 0.972568181844858,
        "val.ssim": 0.9226584709607638,
        "val.psnr": 38.0899295440087,
        "val.rsbpp": 0.9451363636897161,
        "train.cover_score": 0.0507054734043777,
        "train.generated_score": 0.007252080534817651,
        "val.cover_score": 0.05454597650812222,
        "val.generated_score": 0.01404016730017387,
        "epoch": 20
    },
    {
        "train.encoder_mse": 0.0005835207368363627,
        "train.decoder_loss": 0.06631217779591679,
        "train.decoder_acc": 0.9755053985118866,
        "val.encoder_mse": 0.0006101340539037035,
        "val.decoder_loss": 0.0702608024271635,
        "val.decoder_acc": 0.9742252047245319,
        "val.ssim": 0.9232387267626249,
        "val.psnr": 38.21576246848473,
        "val.rsbpp": 0.9484504094490638,
        "train.cover_score": 0.04958788992837072,
        "train.generated_score": 0.00814130159211345,
        "val.cover_score": 0.052676863968372345,
        "val.generated_score": 0.009759043020984301,
        "epoch": 21
    },
    {
        "train.encoder_mse": 0.0005804311830434017,
        "train.decoder_loss": 0.06450538910925388,
        "train.decoder_acc": 0.976146959066391,
        "val.encoder_mse": 0.0006243222205039973,
        "val.decoder_loss": 0.06574347701210242,
        "val.decoder_acc": 0.9761862708972051,
        "val.ssim": 0.9208354124656091,
        "val.psnr": 38.11124306458693,
        "val.rsbpp": 0.9523725417944101,
        "train.cover_score": 0.05041923811659217,
        "train.generated_score": 0.007900883054826408,
        "val.cover_score": 0.052853624981183275,
        "val.generated_score": 0.010379044553981377,
        "epoch": 22
    },
    {
        "train.encoder_mse": 0.0005522370836115442,
        "train.decoder_loss": 0.06300602540373802,
        "train.decoder_acc": 0.976744202375412,
        "val.encoder_mse": 0.0006029044564526815,
        "val.decoder_loss": 0.061725947862634294,
        "val.decoder_acc": 0.9776427424871005,
        "val.ssim": 0.9218656649956336,
        "val.psnr": 38.265891625331,
        "val.rsbpp": 0.955285484974201,
        "train.cover_score": 0.04995532715693116,
        "train.generated_score": 0.009021536998916417,
        "val.cover_score": 0.04990424674290877,
        "val.generated_score": 0.007579344503868084,
        "epoch": 23
    },
    {
        "train.encoder_mse": 0.0005586083990056068,
        "train.decoder_loss": 0.06032417133450508,
        "train.decoder_acc": 0.9776394486427307,
        "val.encoder_mse": 0.0005669980623329488,
        "val.decoder_loss": 0.06474133323018368,
        "val.decoder_acc": 0.9762731515444242,
        "val.ssim": 0.9277926820975083,
        "val.psnr": 38.53812767909123,
        "val.rsbpp": 0.9525463030888484,
        "train.cover_score": 0.049948047921061514,
        "train.generated_score": 0.009042643823777325,
        "val.cover_score": 0.051341742563706175,
        "val.generated_score": 0.012261083851066919,
        "epoch": 24
    },
    {
        "train.encoder_mse": 0.0005236509302631021,
        "train.decoder_loss": 0.05917418267577887,
        "train.decoder_acc": 0.9780393493175507,
        "val.encoder_mse": 0.0005548835906665772,
        "val.decoder_loss": 0.06329886285731426,
        "val.decoder_acc": 0.9767948664151705,
        "val.ssim": 0.9288972845444312,
        "val.psnr": 38.636476076566254,
        "val.rsbpp": 0.9535897328303411,
        "train.cover_score": 0.04970798553898931,
        "train.generated_score": 0.009371451390907169,
        "val.cover_score": 0.048800330895643965,
        "val.generated_score": 0.0085211164640406,
        "epoch": 25
    },
    {
        "train.encoder_mse": 0.000511741875379812,
        "train.decoder_loss": 0.05827773872762918,
        "train.decoder_acc": 0.9783619219064712,
        "val.encoder_mse": 0.0005287929178358844,
        "val.decoder_loss": 0.06453802923743542,
        "val.decoder_acc": 0.9762468796509963,
        "val.ssim": 0.9327851212941684,
        "val.psnr": 38.84586059130155,
        "val.rsbpp": 0.9524937593019925,
        "train.cover_score": 0.04886734092608094,
        "train.generated_score": 0.010124024536926299,
        "val.cover_score": 0.05028253879684668,
        "val.generated_score": 0.01178209949284792,
        "epoch": 26
    },
    {
        "train.encoder_mse": 0.0005161939200479537,
        "train.decoder_loss": 0.0588852946087718,
        "train.decoder_acc": 0.9780796277523041,
        "val.encoder_mse": 0.0005240920201266328,
        "val.decoder_loss": 0.05804792662652639,
        "val.decoder_acc": 0.978784639101762,
        "val.ssim": 0.932403197655311,
        "val.psnr": 38.88153938146738,
        "val.rsbpp": 0.9575692782035241,
        "train.cover_score": 0.04781931472942233,
        "train.generated_score": 0.009818768766708673,
        "val.cover_score": 0.05033156132468811,
        "val.generated_score": 0.010780292849701185,
        "epoch": 27
    },
    {
        "train.encoder_mse": 0.0004961180905229412,
        "train.decoder_loss": 0.055179370809346436,
        "train.decoder_acc": 0.9794758665561676,
        "val.encoder_mse": 0.0004953799764804828,
        "val.decoder_loss": 0.059929377757585965,
        "val.decoder_acc": 0.9779321734721844,
        "val.ssim": 0.9365902130420392,
        "val.psnr": 39.1362269108112,
        "val.rsbpp": 0.9558643469443688,
        "train.cover_score": 0.04867311326786876,
        "train.generated_score": 0.010553692823741585,
        "val.cover_score": 0.04762777284933971,
        "val.generated_score": 0.009936966396008547,
        "epoch": 28
    },
    {
        "train.encoder_mse": 0.0004718521173344925,
        "train.decoder_loss": 0.05354886039160192,
        "train.decoder_acc": 0.9800755959749222,
        "val.encoder_mse": 0.000508902773547631,
        "val.decoder_loss": 0.056354484879053555,
        "val.decoder_acc": 0.9794183281751779,
        "val.ssim": 0.9353946309823257,
        "val.psnr": 39.015421683971695,
        "val.rsbpp": 0.9588366563503559,
        "train.cover_score": 0.04800738142803311,
        "train.generated_score": 0.01057228069519624,
        "val.cover_score": 0.04654370692486946,
        "val.generated_score": 0.009878193995413872,
        "epoch": 29
    },
    {
        "train.encoder_mse": 0.0004732584542944096,
        "train.decoder_loss": 0.05318887075409293,
        "train.decoder_acc": 0.9802246433496475,
        "val.encoder_mse": 0.0004937973325678075,
        "val.decoder_loss": 0.053940990509895176,
        "val.decoder_acc": 0.9803002568391653,
        "val.ssim": 0.9361677674146799,
        "val.psnr": 39.1500920515794,
        "val.rsbpp": 0.9606005136783307,
        "train.cover_score": 0.04732506828382611,
        "train.generated_score": 0.011097953023854643,
        "val.cover_score": 0.04590424866630481,
        "val.generated_score": 0.009426890729138484,
        "epoch": 30
    },
    {
        "train.encoder_mse": 0.0004336899134796113,
        "train.decoder_loss": 0.05017648000270128,
        "train.decoder_acc": 0.9815945088863373,
        "val.encoder_mse": 0.0004932532476511999,
        "val.decoder_loss": 0.05128354779802836,
        "val.decoder_acc": 0.9813385835060706,
        "val.ssim": 0.9366472913668706,
        "val.psnr": 39.16116255980272,
        "val.rsbpp": 0.9626771670121413,
        "train.cover_score": 0.047353817019611597,
        "train.generated_score": 0.011532663102261722,
        "val.cover_score": 0.048347365397673384,
        "val.generated_score": 0.010197553783655167,
        "epoch": 31
    },
    {
        "train.encoder_mse": 0.0004466563434107229,
        "train.decoder_loss": 0.04970584098249674,
        "train.decoder_acc": 0.9814856344461441,
        "val.encoder_mse": 0.00048627024023936916,
        "val.decoder_loss": 0.04749092244758056,
        "val.decoder_acc": 0.9827214708695045,
        "val.ssim": 0.9368381041746873,
        "val.psnr": 39.21653857597938,
        "val.rsbpp": 0.965442941739009,
        "train.cover_score": 0.04649996416643262,
        "train.generated_score": 0.01177244001068175,
        "val.cover_score": 0.048412693807711966,
        "val.generated_score": 0.010257643432571338,
        "epoch": 32
    }
]
