[
    {
        "train.encoder_mse": 0.0026775254024687454,
        "train.decoder_loss": 0.695385240316391,
        "train.decoder_acc": 0.5011105108261108,
        "val.encoder_mse": 0.00016941292247233482,
        "val.decoder_loss": 0.6932725998071524,
        "val.decoder_acc": 0.5013081935735849,
        "val.ssim": 0.9890934320596548,
        "val.psnr": 43.84737124809852,
        "val.wpsnr": 43.97717872032752,
        "val.fsim": 0.9956298378797678,
        "val.rsbpp": 0.007849161441509541,
        "train.cover_score": 0.04059065215289593,
        "train.generated_score": 0.042420398951508106,
        "val.cover_score": 0.20636578591970298,
        "val.generated_score": 0.2116486097757633,
        "epoch": 1
    },
    {
        "train.encoder_mse": 5.2088971096964086e-05,
        "train.decoder_loss": 0.6932135254144669,
        "train.decoder_acc": 0.5012693601846695,
        "val.encoder_mse": 4.060923814764604e-05,
        "val.decoder_loss": 0.6935084828963647,
        "val.decoder_acc": 0.5002625126105088,
        "val.ssim": 0.9968182536271902,
        "val.psnr": 49.96176096109244,
        "val.wpsnr": 49.97904175978441,
        "val.fsim": 0.9989558229079614,
        "val.rsbpp": 0.0015750756630530725,
        "train.cover_score": -0.07658361424226313,
        "train.generated_score": -0.07666911059059203,
        "val.cover_score": -0.13638132925216967,
        "val.generated_score": -0.13638955755875662,
        "epoch": 2
    },
    {
        "train.encoder_mse": 2.1557834729719614e-05,
        "train.decoder_loss": 0.6932454401254654,
        "train.decoder_acc": 0.5010996952652931,
        "val.encoder_mse": 4.660367798910906e-05,
        "val.decoder_loss": 0.6931593601520245,
        "val.decoder_acc": 0.5018135676017175,
        "val.ssim": 0.9955861430901748,
        "val.psnr": 49.36272731194129,
        "val.wpsnr": 49.37937545776367,
        "val.fsim": 0.9991072187056909,
        "val.rsbpp": 0.010881405610304613,
        "train.cover_score": -0.08751183349639177,
        "train.generated_score": -0.0872357883490622,
        "val.cover_score": -0.0790767282820665,
        "val.generated_score": -0.07857665276298156,
        "epoch": 3
    },
    {
        "train.encoder_mse": 1.4096731042627653e-05,
        "train.decoder_loss": 0.6931526321172714,
        "train.decoder_acc": 0.5033238917589188,
        "val.encoder_mse": 3.202068042950347e-05,
        "val.decoder_loss": 0.6930691416446979,
        "val.decoder_acc": 0.5072986850371728,
        "val.ssim": 0.9971328790371234,
        "val.psnr": 50.97579479217529,
        "val.wpsnr": 50.98991482074444,
        "val.fsim": 0.9994634710825406,
        "val.rsbpp": 0.04379211022303654,
        "train.cover_score": -0.04459176319185645,
        "train.generated_score": -0.044449523617513476,
        "val.cover_score": -0.016936535123162545,
        "val.generated_score": -0.016895992394823294,
        "epoch": 4
    },
    {
        "train.encoder_mse": 9.436559019377456e-05,
        "train.decoder_loss": 0.6609536379575729,
        "train.decoder_acc": 0.5791805022954941,
        "val.encoder_mse": 0.00022172368391273686,
        "val.decoder_loss": 0.6074897050857544,
        "val.decoder_acc": 0.6372059537814214,
        "val.ssim": 0.9648033518057603,
        "val.psnr": 42.56453734177809,
        "val.wpsnr": 42.59067682119516,
        "val.fsim": 0.9982464130108173,
        "val.rsbpp": 0.8232357226885282,
        "train.cover_score": -0.003433438911451958,
        "train.generated_score": -0.0037109413207508622,
        "val.cover_score": -0.04205030740167086,
        "val.generated_score": -0.04341461079624983,
        "epoch": 5
    },
    {
        "train.encoder_mse": 0.00041850934241665527,
        "train.decoder_loss": 0.5857630980014801,
        "train.decoder_acc": 0.6324711394309998,
        "val.encoder_mse": 0.000314074747550946,
        "val.decoder_loss": 0.5723343904201801,
        "val.decoder_acc": 0.6353350281715393,
        "val.ssim": 0.9658640898191012,
        "val.psnr": 41.06956628652719,
        "val.wpsnr": 41.10402386005108,
        "val.fsim": 0.9975017309188843,
        "val.rsbpp": 0.8120101690292358,
        "train.cover_score": -0.08961538190022111,
        "train.generated_score": -0.08657900766003877,
        "val.cover_score": -0.04064124435759508,
        "val.generated_score": -0.04814068253080432,
        "epoch": 6
    },
    {
        "train.encoder_mse": 0.000980073052487569,
        "train.decoder_loss": 0.5967394208908081,
        "train.decoder_acc": 0.6176088690757752,
        "val.encoder_mse": 0.0004198913274404521,
        "val.decoder_loss": 0.5938141804475051,
        "val.decoder_acc": 0.6189493995446426,
        "val.ssim": 0.9718712705832261,
        "val.psnr": 39.799434405106766,
        "val.wpsnr": 39.82602838369516,
        "val.fsim": 0.9972348671693069,
        "val.rsbpp": 0.7136963972678552,
        "train.cover_score": 3.5774481084011494,
        "train.generated_score": 3.633755104702432,
        "val.cover_score": -0.8185084324616653,
        "val.generated_score": -0.8100203344455132,
        "epoch": 7
    },
    {
        "train.encoder_mse": 0.0003069510126078967,
        "train.decoder_loss": 0.5535907822847367,
        "train.decoder_acc": 0.6662222951650619,
        "val.encoder_mse": 0.00035013937919687194,
        "val.decoder_loss": 0.5318092933067908,
        "val.decoder_acc": 0.7047501114698557,
        "val.ssim": 0.9663262183849628,
        "val.psnr": 40.59188072498028,
        "val.wpsnr": 40.702367342435394,
        "val.fsim": 0.9940750369658837,
        "val.rsbpp": 1.228500668819134,
        "train.cover_score": 0.21474671126459724,
        "train.generated_score": 0.21377557130064814,
        "val.cover_score": 0.5478265629364893,
        "val.generated_score": 0.5481143891811371,
        "epoch": 8
    },
    {
        "train.encoder_mse": 0.0003771448069892358,
        "train.decoder_loss": 0.5261061656475067,
        "train.decoder_acc": 0.7177582985162735,
        "val.encoder_mse": 0.0005480232044087293,
        "val.decoder_loss": 0.5564566346315237,
        "val.decoder_acc": 0.7017007928628188,
        "val.ssim": 0.971956207202031,
        "val.psnr": 38.638051106379585,
        "val.wpsnr": 38.663582435021034,
        "val.fsim": 0.9976267264439509,
        "val.rsbpp": 1.2102047571769128,
        "train.cover_score": 1.3257142778113484,
        "train.generated_score": 1.3245781360939146,
        "val.cover_score": 2.6719104510087233,
        "val.generated_score": 2.675942008311932,
        "epoch": 9
    },
    {
        "train.encoder_mse": 0.0010753963503520936,
        "train.decoder_loss": 0.4881968253850937,
        "train.decoder_acc": 0.7467933285236359,
        "val.encoder_mse": 0.0004134664464240464,
        "val.decoder_loss": 0.42646462412980884,
        "val.decoder_acc": 0.7903683873323294,
        "val.ssim": 0.9495715636473435,
        "val.psnr": 39.85811398579524,
        "val.wpsnr": 39.91364053579477,
        "val.fsim": 0.9964142991946294,
        "val.rsbpp": 1.7422103239939764,
        "train.cover_score": 1.0047415729251226,
        "train.generated_score": 1.115070160618052,
        "val.cover_score": -0.08389633951278833,
        "val.generated_score": -0.08777821121307519,
        "epoch": 10
    },
    {
        "train.encoder_mse": 0.0004456618960830383,
        "train.decoder_loss": 0.44098530769348143,
        "train.decoder_acc": 0.7819863510131836,
        "val.encoder_mse": 0.00041879604060131195,
        "val.decoder_loss": 0.42802531444109404,
        "val.decoder_acc": 0.7897731615946844,
        "val.ssim": 0.960573673248291,
        "val.psnr": 39.805214038262,
        "val.wpsnr": 39.88496751051683,
        "val.fsim": 0.993787054832165,
        "val.rsbpp": 1.738638969568106,
        "train.cover_score": 0.24990021994803102,
        "train.generated_score": 0.2662043158058077,
        "val.cover_score": 0.11973778932140423,
        "val.generated_score": 0.11126679554581642,
        "epoch": 11
    },
    {
        "train.encoder_mse": 0.0004258561262395233,
        "train.decoder_loss": 0.41600862741470335,
        "train.decoder_acc": 0.7971755772829056,
        "val.encoder_mse": 0.0005515129999436724,
        "val.decoder_loss": 0.39643094402093154,
        "val.decoder_acc": 0.8080359926590552,
        "val.ssim": 0.9496602461888239,
        "val.psnr": 38.61664717014019,
        "val.wpsnr": 38.69270999615009,
        "val.fsim": 0.9925398184702947,
        "val.rsbpp": 1.8482159559543316,
        "train.cover_score": 0.16334846685174853,
        "train.generated_score": 0.16252472816500813,
        "val.cover_score": -0.055864169692190796,
        "val.generated_score": -0.06129877297924115,
        "epoch": 12
    },
    {
        "train.encoder_mse": 0.0004052262770710513,
        "train.decoder_loss": 0.3991251814365387,
        "train.decoder_acc": 0.8064677637815475,
        "val.encoder_mse": 0.0004885775337103181,
        "val.decoder_loss": 0.40209559752390933,
        "val.decoder_acc": 0.8042293603603656,
        "val.ssim": 0.9481536562626178,
        "val.psnr": 39.1359360401447,
        "val.wpsnr": 39.202433366041916,
        "val.fsim": 0.991267768236307,
        "val.rsbpp": 1.8253761621621938,
        "train.cover_score": 0.015724387683731036,
        "train.generated_score": 0.014021751289837993,
        "val.cover_score": -0.03196866552417095,
        "val.generated_score": -0.008765024947933853,
        "epoch": 13
    },
    {
        "train.encoder_mse": 0.00040400702942861244,
        "train.decoder_loss": 0.38112001091241837,
        "train.decoder_acc": 0.8159410548210144,
        "val.encoder_mse": 0.00037948661618149624,
        "val.decoder_loss": 0.3901241375849797,
        "val.decoder_acc": 0.810847112765679,
        "val.ssim": 0.9614851979108957,
        "val.psnr": 40.23318675848154,
        "val.wpsnr": 40.29925067608173,
        "val.fsim": 0.9962276678818923,
        "val.rsbpp": 1.865082676594074,
        "train.cover_score": -0.0039657109061954545,
        "train.generated_score": -0.008584995395503938,
        "val.cover_score": 0.052253249602822155,
        "val.generated_score": 0.04769928151598343,
        "epoch": 14
    },
    {
        "train.encoder_mse": 0.00037105995608726516,
        "train.decoder_loss": 0.37205270051956174,
        "train.decoder_acc": 0.8204246771335602,
        "val.encoder_mse": 0.0005231134978552851,
        "val.decoder_loss": 0.3743879817999326,
        "val.decoder_acc": 0.8192769609964811,
        "val.ssim": 0.9547029779507563,
        "val.psnr": 38.841346777402435,
        "val.wpsnr": 38.93163651686449,
        "val.fsim": 0.9933288051531866,
        "val.rsbpp": 1.9156617659788866,
        "train.cover_score": -0.0485461295559071,
        "train.generated_score": -0.05271950003691018,
        "val.cover_score": 0.11033975447599705,
        "val.generated_score": 0.1045139033633929,
        "epoch": 15
    },
    {
        "train.encoder_mse": 0.00037836882562260145,
        "train.decoder_loss": 0.3605422309041023,
        "train.decoder_acc": 0.8265038347244262,
        "val.encoder_mse": 0.0004622197280136439,
        "val.decoder_loss": 0.35125574698814976,
        "val.decoder_acc": 0.830878170636984,
        "val.ssim": 0.9566031235914964,
        "val.psnr": 39.38350970928486,
        "val.wpsnr": 39.463957859919624,
        "val.fsim": 0.9957406429144052,
        "val.rsbpp": 1.9852690238219042,
        "train.cover_score": -0.02295060268603265,
        "train.generated_score": -0.023200014661997555,
        "val.cover_score": 0.19694541623959175,
        "val.generated_score": 0.18934087111399725,
        "epoch": 16
    },
    {
        "train.encoder_mse": 0.0003549943453981541,
        "train.decoder_loss": 0.344619891345501,
        "train.decoder_acc": 0.8324415796995163,
        "val.encoder_mse": 0.0003775057915705614,
        "val.decoder_loss": 0.37647677614138675,
        "val.decoder_acc": 0.8115797134546133,
        "val.ssim": 0.9668799317800082,
        "val.psnr": 40.26130786308875,
        "val.wpsnr": 40.325207050030045,
        "val.fsim": 0.9961896813832797,
        "val.rsbpp": 1.86947828072768,
        "train.cover_score": 0.09110076654003933,
        "train.generated_score": 0.0843892598250568,
        "val.cover_score": -0.18497014790773392,
        "val.generated_score": -0.1477898508310318,
        "epoch": 17
    },
    {
        "train.encoder_mse": 0.000372105265269056,
        "train.decoder_loss": 0.32809330433607103,
        "train.decoder_acc": 0.8297008568048477,
        "val.encoder_mse": 0.00039802675690645207,
        "val.decoder_loss": 0.3278586451823895,
        "val.decoder_acc": 0.8188850558721102,
        "val.ssim": 0.9609167346587548,
        "val.psnr": 40.04628273156973,
        "val.wpsnr": 40.13292165902945,
        "val.fsim": 0.9946697812813979,
        "val.rsbpp": 1.9133103352326613,
        "train.cover_score": -0.1804548818990588,
        "train.generated_score": -0.17493431637063622,
        "val.cover_score": -0.044340648160029486,
        "val.generated_score": -0.0393864053946275,
        "epoch": 18
    },
    {
        "train.encoder_mse": 0.0003736395882151555,
        "train.decoder_loss": 0.30923237949609755,
        "train.decoder_acc": 0.8224215817451477,
        "val.encoder_mse": 0.00032794831741529587,
        "val.decoder_loss": 0.3257596240593837,
        "val.decoder_acc": 0.8095178879224337,
        "val.ssim": 0.9714207786780137,
        "val.psnr": 40.90071439743042,
        "val.wpsnr": 41.004138653094955,
        "val.fsim": 0.9966997962731582,
        "val.rsbpp": 1.8571073275346022,
        "train.cover_score": 0.043971422139438804,
        "train.generated_score": 0.037586986536625774,
        "val.cover_score": -0.12974611153969398,
        "val.generated_score": -0.13244770696529976,
        "epoch": 19
    },
    {
        "train.encoder_mse": 0.0003355020159506239,
        "train.decoder_loss": 0.30644186317920685,
        "train.decoder_acc": 0.8176151341199875,
        "val.encoder_mse": 0.0005676159590411072,
        "val.decoder_loss": 0.30319657921791077,
        "val.decoder_acc": 0.817090236223661,
        "val.ssim": 0.9532914666029123,
        "val.psnr": 38.49347646419819,
        "val.wpsnr": 38.60038199791541,
        "val.fsim": 0.9951801758546096,
        "val.rsbpp": 1.902541417341966,
        "train.cover_score": 0.053368730028159915,
        "train.generated_score": 0.05480930955702206,
        "val.cover_score": 0.5139157772064209,
        "val.generated_score": 0.5137177797464224,
        "epoch": 20
    },
    {
        "train.encoder_mse": 0.0003588958762702532,
        "train.decoder_loss": 0.29952556639909744,
        "train.decoder_acc": 0.8192379385232925,
        "val.encoder_mse": 0.0006323544120487685,
        "val.decoder_loss": 0.2912147068060361,
        "val.decoder_acc": 0.8224533154414251,
        "val.ssim": 0.9524825398738568,
        "val.psnr": 38.03288478117723,
        "val.wpsnr": 38.13959327110877,
        "val.fsim": 0.9950838960134066,
        "val.rsbpp": 1.9347198926485503,
        "train.cover_score": 0.08797268925467507,
        "train.generated_score": 0.08529134090058506,
        "val.cover_score": 1.5431672151272113,
        "val.generated_score": 1.5612378395520723,
        "epoch": 21
    },
    {
        "train.encoder_mse": 0.00035887694626580925,
        "train.decoder_loss": 0.3026935020089149,
        "train.decoder_acc": 0.8181516051292419,
        "val.encoder_mse": 0.0004524349754389662,
        "val.decoder_loss": 0.298260354078733,
        "val.decoder_acc": 0.8206702791727506,
        "val.ssim": 0.9626848147465632,
        "val.psnr": 39.50318886683537,
        "val.wpsnr": 39.61265651996319,
        "val.fsim": 0.99547901061865,
        "val.rsbpp": 1.9240216750365038,
        "train.cover_score": -0.36834761660546067,
        "train.generated_score": -0.3660338051058352,
        "val.cover_score": -0.3355097266343924,
        "val.generated_score": -0.33908896721326387,
        "epoch": 22
    },
    {
        "train.encoder_mse": 0.0003628091511200182,
        "train.decoder_loss": 0.29484216004610064,
        "train.decoder_acc": 0.8280102592706681,
        "val.encoder_mse": 0.000381369492970407,
        "val.decoder_loss": 0.3194682070842156,
        "val.decoder_acc": 0.8203871846199036,
        "val.ssim": 0.9638657111387986,
        "val.psnr": 40.23056543790377,
        "val.wpsnr": 40.329010890080376,
        "val.fsim": 0.9955127055828388,
        "val.rsbpp": 1.9223231077194214,
        "train.cover_score": -0.13759480779524894,
        "train.generated_score": -0.1327404839824885,
        "val.cover_score": -0.07588945324711788,
        "val.generated_score": -0.07678921243104224,
        "epoch": 23
    },
    {
        "train.encoder_mse": 0.00036434891488170253,
        "train.decoder_loss": 0.2832911521196365,
        "train.decoder_acc": 0.8416936367750167,
        "val.encoder_mse": 0.0003682803743196508,
        "val.decoder_loss": 0.30547324281472427,
        "val.decoder_acc": 0.8333190083503723,
        "val.ssim": 0.9658542321278498,
        "val.psnr": 40.374301580282356,
        "val.wpsnr": 40.47239010150616,
        "val.fsim": 0.9961684483748215,
        "val.rsbpp": 1.9999140501022339,
        "train.cover_score": -0.18764979856088757,
        "train.generated_score": -0.19240091040730475,
        "val.cover_score": -0.2588018717674109,
        "val.generated_score": -0.26229790999339175,
        "epoch": 24
    },
    {
        "train.encoder_mse": 0.00035486856097122655,
        "train.decoder_loss": 0.27935902267694473,
        "train.decoder_acc": 0.8486254453659058,
        "val.encoder_mse": 0.00043629778575940203,
        "val.decoder_loss": 0.2915221888285417,
        "val.decoder_acc": 0.8436146240967971,
        "val.ssim": 0.963191976914039,
        "val.psnr": 39.6502346258897,
        "val.wpsnr": 39.758468041053185,
        "val.fsim": 0.995795332468473,
        "val.rsbpp": 2.0616877445807824,
        "train.cover_score": -0.2187788078561425,
        "train.generated_score": -0.21970810133963822,
        "val.cover_score": -0.018121474995636024,
        "val.generated_score": -0.019794803972427662,
        "epoch": 25
    },
    {
        "train.encoder_mse": 0.00037124873109860344,
        "train.decoder_loss": 0.2706161677837372,
        "train.decoder_acc": 0.8571624392271042,
        "val.encoder_mse": 0.00043555418065247627,
        "val.decoder_loss": 0.27749903156207156,
        "val.decoder_acc": 0.8556670454832224,
        "val.ssim": 0.962064279959752,
        "val.psnr": 39.671236735123856,
        "val.wpsnr": 39.78189380352314,
        "val.fsim": 0.9963018298149109,
        "val.rsbpp": 2.1340022728993344,
        "train.cover_score": -0.14874081914080306,
        "train.generated_score": -0.15136607941647526,
        "val.cover_score": -0.14726439061073157,
        "val.generated_score": -0.15006312842552477,
        "epoch": 26
    },
    {
        "train.encoder_mse": 0.0003750660101650283,
        "train.decoder_loss": 0.26688993006944656,
        "train.decoder_acc": 0.862915900349617,
        "val.encoder_mse": 0.00041594317120213347,
        "val.decoder_loss": 0.29121864988253665,
        "val.decoder_acc": 0.8532491876528814,
        "val.ssim": 0.9554228232457087,
        "val.psnr": 39.8556714791518,
        "val.wpsnr": 39.937208028940056,
        "val.fsim": 0.9949598404077383,
        "val.rsbpp": 2.119495125917288,
        "train.cover_score": 0.021760579051915557,
        "train.generated_score": 0.02125010051764548,
        "val.cover_score": -0.7794750011884249,
        "val.generated_score": -0.7742224885867193,
        "epoch": 27
    },
    {
        "train.encoder_mse": 0.0003956005847430788,
        "train.decoder_loss": 0.2529962547123432,
        "train.decoder_acc": 0.8730738705396652,
        "val.encoder_mse": 0.00043111204509981547,
        "val.decoder_loss": 0.2794249000457617,
        "val.decoder_acc": 0.8619189399939317,
        "val.ssim": 0.9609817266464233,
        "val.psnr": 39.716301697951096,
        "val.wpsnr": 39.79959986760066,
        "val.fsim": 0.9960258878194369,
        "val.rsbpp": 2.17151363996359,
        "train.cover_score": -0.38533438932150604,
        "train.generated_score": -0.38738709267228844,
        "val.cover_score": -0.5987778351857111,
        "val.generated_score": -0.5979342047984784,
        "epoch": 28
    },
    {
        "train.encoder_mse": 0.00037785625070682724,
        "train.decoder_loss": 0.24343714356422425,
        "train.decoder_acc": 0.8817241168022156,
        "val.encoder_mse": 0.000321923765183713,
        "val.decoder_loss": 0.31215333938598633,
        "val.decoder_acc": 0.8506426306871268,
        "val.ssim": 0.9672220578560462,
        "val.psnr": 40.98248995267428,
        "val.wpsnr": 41.0747930086576,
        "val.fsim": 0.9945562665279095,
        "val.rsbpp": 2.1038557841227603,
        "train.cover_score": -0.23754772156476975,
        "train.generated_score": -0.2326637742202729,
        "val.cover_score": -0.35750999129735506,
        "val.generated_score": -0.33961827709124637,
        "epoch": 29
    },
    {
        "train.encoder_mse": 0.00040683541155885907,
        "train.decoder_loss": 0.23877688959240914,
        "train.decoder_acc": 0.8882179391384125,
        "val.encoder_mse": 0.000540228285199891,
        "val.decoder_loss": 0.24634467179958636,
        "val.decoder_acc": 0.8846567227290227,
        "val.ssim": 0.9469185058887188,
        "val.psnr": 38.72700287745549,
        "val.wpsnr": 38.80931648841271,
        "val.fsim": 0.9926260113716125,
        "val.rsbpp": 2.307940336374136,
        "train.cover_score": -0.024137626921292395,
        "train.generated_score": -0.021929646234493703,
        "val.cover_score": -0.23872649325774267,
        "val.generated_score": -0.23893028612320238,
        "epoch": 30
    },
    {
        "train.encoder_mse": 0.0004135588998906314,
        "train.decoder_loss": 0.21716802567243576,
        "train.decoder_acc": 0.9015293502807618,
        "val.encoder_mse": 0.0004470713253025539,
        "val.decoder_loss": 0.23869078434430635,
        "val.decoder_acc": 0.8910528192153344,
        "val.ssim": 0.9554904103279114,
        "val.psnr": 39.55427023080679,
        "val.wpsnr": 39.63784555288461,
        "val.fsim": 0.9944706925979028,
        "val.rsbpp": 2.3463169152920065,
        "train.cover_score": -0.03425859729759395,
        "train.generated_score": -0.03742916602641344,
        "val.cover_score": -0.026205441627938014,
        "val.generated_score": -0.028956833152243726,
        "epoch": 31
    },
    {
        "train.encoder_mse": 0.00044059526844648645,
        "train.decoder_loss": 0.20502203598618507,
        "train.decoder_acc": 0.9094268381595612,
        "val.encoder_mse": 0.0005811451790997615,
        "val.decoder_loss": 0.22166072176052973,
        "val.decoder_acc": 0.9009128396327679,
        "val.ssim": 0.9438707920221182,
        "val.psnr": 38.40674730447623,
        "val.wpsnr": 38.48836458646334,
        "val.fsim": 0.9932919282179612,
        "val.rsbpp": 2.4054770377966075,
        "train.cover_score": 0.12155842850916088,
        "train.generated_score": 0.12592193738964852,
        "val.cover_score": 0.34678352910738725,
        "val.generated_score": 0.34056193094987136,
        "epoch": 32
    }
]