[
    {
        "train.encoder_mse": 0.000595285005569167,
        "train.decoder_loss": 0.6951652727127076,
        "train.decoder_acc": 0.5003681077957153,
        "val.encoder_mse": 9.407181561982725e-06,
        "val.decoder_loss": 0.693200514793396,
        "val.decoder_acc": 0.500674686908722,
        "val.ssim": 0.9990094470977783,
        "val.psnr": 56.30765823364258,
        "val.wpsnr": 56.42935513305664,
        "val.fsim": 0.9977335877418518,
        "val.rsbpp": 0.0026987476348876954,
        "train.cover_score": 0.08290509060025215,
        "train.generated_score": 0.08336377773433924,
        "val.cover_score": 0.1715198734998703,
        "val.generated_score": 0.17176402592658996,
        "epoch": 1
    },
    {
        "train.encoder_mse": 2.3255723508555093e-06,
        "train.decoder_loss": 0.6931868166923523,
        "train.decoder_acc": 0.5005952653884888,
        "val.encoder_mse": 1.0874268940824549e-05,
        "val.decoder_loss": 0.6931479878425598,
        "val.decoder_acc": 0.5014063587188721,
        "val.ssim": 0.9985616788864136,
        "val.psnr": 55.66687404632568,
        "val.wpsnr": 55.75120138549805,
        "val.fsim": 0.9992802219390869,
        "val.rsbpp": 0.005625434875488281,
        "train.cover_score": 0.04551052522659302,
        "train.generated_score": 0.04550322103500366,
        "val.cover_score": 0.03382771711051464,
        "val.generated_score": 0.033953907549381254,
        "epoch": 2
    },
    {
        "train.encoder_mse": 1.150108751062362e-06,
        "train.decoder_loss": 0.6931595520973206,
        "train.decoder_acc": 0.5008769025802612,
        "val.encoder_mse": 9.470551667618565e-06,
        "val.decoder_loss": 0.6931176166534424,
        "val.decoder_acc": 0.5028640012741089,
        "val.ssim": 0.9988366875648499,
        "val.psnr": 56.26437149047852,
        "val.wpsnr": 56.30952798461914,
        "val.fsim": 0.9993574690818786,
        "val.rsbpp": 0.011456005096435547,
        "train.cover_score": 0.06719705194234848,
        "train.generated_score": 0.06720237323641777,
        "val.cover_score": 0.10088696652650833,
        "val.generated_score": 0.10083602690696716,
        "epoch": 3
    },
    {
        "train.encoder_mse": 8.653203442463564e-07,
        "train.decoder_loss": 0.6931416521072388,
        "train.decoder_acc": 0.5016248226165771,
        "val.encoder_mse": 5.632036365568638e-06,
        "val.decoder_loss": 0.6930453958511352,
        "val.decoder_acc": 0.5062375564575196,
        "val.ssim": 0.9991059412956238,
        "val.psnr": 58.52289638519287,
        "val.wpsnr": 58.59789547729492,
        "val.fsim": 0.9994130525588989,
        "val.rsbpp": 0.024950225830078124,
        "train.cover_score": 0.07010994026064873,
        "train.generated_score": 0.07010171538591385,
        "val.cover_score": 0.038497232377529146,
        "val.generated_score": 0.0384474173784256,
        "epoch": 4
    },
    {
        "train.encoder_mse": 4.861738452245845e-05,
        "train.decoder_loss": 0.6741041669845581,
        "train.decoder_acc": 0.5545057706832885,
        "val.encoder_mse": 0.00012713860091753305,
        "val.decoder_loss": 0.625337441444397,
        "val.decoder_acc": 0.6422175555229187,
        "val.ssim": 0.978685571193695,
        "val.psnr": 44.980530738830566,
        "val.wpsnr": 45.0645520324707,
        "val.fsim": 0.9946669974327087,
        "val.rsbpp": 0.5688702220916748,
        "train.cover_score": 0.3962958748042583,
        "train.generated_score": 0.394939628764987,
        "val.cover_score": 0.6035678429603577,
        "val.generated_score": 0.5943171768188477,
        "epoch": 5
    },
    {
        "train.encoder_mse": 0.00015325607053819112,
        "train.decoder_loss": 0.6021933236122131,
        "train.decoder_acc": 0.6311224179267884,
        "val.encoder_mse": 0.0001481093589682132,
        "val.decoder_loss": 0.49369761705398557,
        "val.decoder_acc": 0.7160869174003601,
        "val.ssim": 0.9802525191307068,
        "val.psnr": 44.325573120117184,
        "val.wpsnr": 44.42472579956055,
        "val.fsim": 0.9847777099609375,
        "val.rsbpp": 0.8643476696014404,
        "train.cover_score": 0.4995465351343155,
        "train.generated_score": 0.4940200572013855,
        "val.cover_score": -0.9256996178627014,
        "val.generated_score": -0.9472922620773315,
        "epoch": 6
    },
    {
        "train.encoder_mse": 0.0003006552617298439,
        "train.decoder_loss": 0.5750899970531463,
        "train.decoder_acc": 0.624768168926239,
        "val.encoder_mse": 0.0001363068703794852,
        "val.decoder_loss": 0.6351995377540588,
        "val.decoder_acc": 0.5772840385437011,
        "val.ssim": 0.9884788217544556,
        "val.psnr": 44.68949005126953,
        "val.wpsnr": 44.85657778930664,
        "val.fsim": 0.9682770309448242,
        "val.rsbpp": 0.30913615417480467,
        "train.cover_score": 1.2924525316506623,
        "train.generated_score": 1.2874881202578545,
        "val.cover_score": -0.6542393318414688,
        "val.generated_score": -0.6579147040843963,
        "epoch": 7
    },
    {
        "train.encoder_mse": 0.0003399974950007163,
        "train.decoder_loss": 0.5422630124092102,
        "train.decoder_acc": 0.6484744281768798,
        "val.encoder_mse": 0.00048437649570405486,
        "val.decoder_loss": 0.6585604577064514,
        "val.decoder_acc": 0.5445350136756897,
        "val.ssim": 0.9836025977134705,
        "val.psnr": 39.17514553070068,
        "val.wpsnr": 39.24386245727539,
        "val.fsim": 0.9925488629341126,
        "val.rsbpp": 0.1781400547027588,
        "train.cover_score": -0.41831789088249205,
        "train.generated_score": -0.45551591873168945,
        "val.cover_score": 0.735064554810524,
        "val.generated_score": 0.6843237510919571,
        "epoch": 8
    },
    {
        "train.encoder_mse": 0.0004680156957474537,
        "train.decoder_loss": 0.5428628382682801,
        "train.decoder_acc": 0.6376102151870727,
        "val.encoder_mse": 0.0007541946643032134,
        "val.decoder_loss": 0.64392254114151,
        "val.decoder_acc": 0.5983385910987854,
        "val.ssim": 0.97675009059906,
        "val.psnr": 37.253275890350345,
        "val.wpsnr": 37.31886959838867,
        "val.fsim": 0.9788809623718262,
        "val.rsbpp": 0.3933543643951416,
        "train.cover_score": 2.337894276835024,
        "train.generated_score": 2.356642221495509,
        "val.cover_score": -5.01372985458374,
        "val.generated_score": -4.892483741760254,
        "epoch": 9
    },
    {
        "train.encoder_mse": 0.0003858535278122872,
        "train.decoder_loss": 0.4979274344444275,
        "train.decoder_acc": 0.6811816229820251,
        "val.encoder_mse": 3.229261407977901e-05,
        "val.decoder_loss": 0.6528770747184753,
        "val.decoder_acc": 0.553547254562378,
        "val.ssim": 0.9963004660606384,
        "val.psnr": 50.93607131958008,
        "val.wpsnr": 51.05159332275391,
        "val.fsim": 0.9946391024589538,
        "val.rsbpp": 0.21418901824951173,
        "train.cover_score": -0.20540438425540924,
        "train.generated_score": -0.22162312767654657,
        "val.cover_score": 1.2392504601478576,
        "val.generated_score": 1.2142793440818787,
        "epoch": 10
    },
    {
        "train.encoder_mse": 0.00011297020110941957,
        "train.decoder_loss": 0.5950415880680084,
        "train.decoder_acc": 0.602298526763916,
        "val.encoder_mse": 0.00016376157372724264,
        "val.decoder_loss": 0.6555651454925537,
        "val.decoder_acc": 0.5448631858825683,
        "val.ssim": 0.989157943725586,
        "val.psnr": 43.885547409057615,
        "val.wpsnr": 43.953035217285155,
        "val.fsim": 0.9966506209373475,
        "val.rsbpp": 0.17945274353027343,
        "train.cover_score": 0.7118603309188039,
        "train.generated_score": 0.5961961073055864,
        "val.cover_score": -4.050078468322754,
        "val.generated_score": -4.087300371170044,
        "epoch": 11
    },
    {
        "train.encoder_mse": 0.00043366670538671316,
        "train.decoder_loss": 0.5749392030239105,
        "train.decoder_acc": 0.6151559119224548,
        "val.encoder_mse": 9.169580691377632e-05,
        "val.decoder_loss": 0.6732898197174072,
        "val.decoder_acc": 0.5315819463729858,
        "val.ssim": 0.9946738047599792,
        "val.psnr": 46.50935585021973,
        "val.wpsnr": 46.55266311645508,
        "val.fsim": 0.9918578615188599,
        "val.rsbpp": 0.12632778549194337,
        "train.cover_score": 4.546017457403242,
        "train.generated_score": 4.569337591379881,
        "val.cover_score": 1.1254582204818726,
        "val.generated_score": 1.0999570469856261,
        "epoch": 12
    },
    {
        "train.encoder_mse": 0.00015702891192631796,
        "train.decoder_loss": 0.5695056445598602,
        "train.decoder_acc": 0.6164164781570435,
        "val.encoder_mse": 7.106996432412415e-05,
        "val.decoder_loss": 0.5873239402770996,
        "val.decoder_acc": 0.6011945838928223,
        "val.ssim": 0.9876094708442688,
        "val.psnr": 47.508460426330565,
        "val.wpsnr": 47.54895840454102,
        "val.fsim": 0.9967648706436157,
        "val.rsbpp": 0.40477833557128906,
        "train.cover_score": 2.3079019052684306,
        "train.generated_score": 2.289461154550314,
        "val.cover_score": -0.13323711847513914,
        "val.generated_score": -0.17976574745215476,
        "epoch": 13
    },
    {
        "train.encoder_mse": 0.00037723794468911366,
        "train.decoder_loss": 0.5952788097858429,
        "train.decoder_acc": 0.6045133390426636,
        "val.encoder_mse": 0.0008016981550026685,
        "val.decoder_loss": 0.6691455860137939,
        "val.decoder_acc": 0.533604814529419,
        "val.ssim": 0.9837322940826416,
        "val.psnr": 37.131398315429685,
        "val.wpsnr": 37.224081359863284,
        "val.fsim": 0.9747515592575073,
        "val.rsbpp": 0.13441925811767577,
        "train.cover_score": 14.24099655635655,
        "train.generated_score": 14.219359573453664,
        "val.cover_score": -0.6023746448308229,
        "val.generated_score": -0.3985504484586418,
        "epoch": 14
    },
    {
        "train.encoder_mse": 0.00035641220933757724,
        "train.decoder_loss": 0.6427897176742554,
        "train.decoder_acc": 0.5510059123039246,
        "val.encoder_mse": 0.00014569995342753828,
        "val.decoder_loss": 0.6383128414154052,
        "val.decoder_acc": 0.5529163045883179,
        "val.ssim": 0.9901270327568055,
        "val.psnr": 44.41372589111328,
        "val.wpsnr": 44.52116192626953,
        "val.fsim": 0.9908819365501403,
        "val.rsbpp": 0.21166521835327148,
        "train.cover_score": 0.7599304996617139,
        "train.generated_score": 0.7926621368676424,
        "val.cover_score": -0.20249490260332823,
        "val.generated_score": -0.24645076716691255,
        "epoch": 15
    },
    {
        "train.encoder_mse": 0.0002788168748375028,
        "train.decoder_loss": 0.6376694593429565,
        "train.decoder_acc": 0.5575843539237976,
        "val.encoder_mse": 0.000447654215618968,
        "val.decoder_loss": 0.6677005109786988,
        "val.decoder_acc": 0.5334188041687011,
        "val.ssim": 0.9854963331222534,
        "val.psnr": 39.526637401580814,
        "val.wpsnr": 39.621033935546876,
        "val.fsim": 0.9830054354667663,
        "val.rsbpp": 0.1336752166748047,
        "train.cover_score": 8.650313138313592,
        "train.generated_score": 8.673162739246182,
        "val.cover_score": 7.191004348754883,
        "val.generated_score": 7.244343128204346,
        "epoch": 16
    },
    {
        "train.encoder_mse": 0.00022417250811122358,
        "train.decoder_loss": 0.6195925271511078,
        "train.decoder_acc": 0.5784160633087159,
        "val.encoder_mse": 6.42584198503755e-05,
        "val.decoder_loss": 0.6757662119865417,
        "val.decoder_acc": 0.5284052195549012,
        "val.ssim": 0.9943895459175109,
        "val.psnr": 47.961318511962894,
        "val.wpsnr": 48.020340393066405,
        "val.fsim": 0.9970978360176086,
        "val.rsbpp": 0.1136208782196045,
        "train.cover_score": 12.160732419524342,
        "train.generated_score": 12.039533445068635,
        "val.cover_score": 0.2600255950894207,
        "val.generated_score": 0.23497619633260183,
        "epoch": 17
    },
    {
        "train.encoder_mse": 0.00010528334435366559,
        "train.decoder_loss": 0.6450502181053162,
        "train.decoder_acc": 0.5503410849571228,
        "val.encoder_mse": 8.420864306390286e-05,
        "val.decoder_loss": 0.6380513272285462,
        "val.decoder_acc": 0.5537601218223572,
        "val.ssim": 0.9925840969085693,
        "val.psnr": 46.77517879486084,
        "val.wpsnr": 46.873310791015626,
        "val.fsim": 0.9979319267272949,
        "val.rsbpp": 0.2150404872894287,
        "train.cover_score": 2.020323123848066,
        "train.generated_score": 2.010942399011925,
        "val.cover_score": 2.290911213874817,
        "val.generated_score": 2.237603035926819,
        "epoch": 18
    },
    {
        "train.encoder_mse": 0.00012041954204323701,
        "train.decoder_loss": 0.6336333770751953,
        "train.decoder_acc": 0.5549201607704163,
        "val.encoder_mse": 4.1001236269949e-05,
        "val.decoder_loss": 0.6305832257270813,
        "val.decoder_acc": 0.5559538760185242,
        "val.ssim": 0.9953551607131959,
        "val.psnr": 49.90071407318115,
        "val.wpsnr": 49.995639892578126,
        "val.fsim": 0.9987944941520691,
        "val.rsbpp": 0.22381550407409667,
        "train.cover_score": 1.7864760256838053,
        "train.generated_score": 1.783911002125591,
        "val.cover_score": 1.1958099502176047,
        "val.generated_score": 1.160162207327783,
        "epoch": 19
    },
    {
        "train.encoder_mse": 0.00011486102754133753,
        "train.decoder_loss": 0.6327579092979431,
        "train.decoder_acc": 0.5556257562637329,
        "val.encoder_mse": 0.00016282059426885097,
        "val.decoder_loss": 0.628222502708435,
        "val.decoder_acc": 0.55490327501297,
        "val.ssim": 0.989325975894928,
        "val.psnr": 43.91949153900146,
        "val.wpsnr": 43.97911175537109,
        "val.fsim": 0.9957333388328552,
        "val.rsbpp": 0.2196131000518799,
        "train.cover_score": 5.30877853872627,
        "train.generated_score": 5.318950770775089,
        "val.cover_score": 0.6946553800702095,
        "val.generated_score": 0.6692524713277817,
        "epoch": 20
    },
    {
        "train.encoder_mse": 0.0003995975567959249,
        "train.decoder_loss": 0.6222153053283691,
        "train.decoder_acc": 0.5683290657997131,
        "val.encoder_mse": 0.00012610597407910972,
        "val.decoder_loss": 0.6717913360595703,
        "val.decoder_acc": 0.5310826215744019,
        "val.ssim": 0.9922978115081788,
        "val.psnr": 45.090917091369626,
        "val.wpsnr": 45.09011492919922,
        "val.fsim": 0.9905120453834534,
        "val.rsbpp": 0.12433048629760743,
        "train.cover_score": 6.920715249985457,
        "train.generated_score": 6.847928519189358,
        "val.cover_score": -0.027723685170523822,
        "val.generated_score": -0.03511669547855854,
        "epoch": 21
    },
    {
        "train.encoder_mse": 8.14975967805367e-05,
        "train.decoder_loss": 0.6259711012840271,
        "train.decoder_acc": 0.5601241555213928,
        "val.encoder_mse": 7.373528752941638e-05,
        "val.decoder_loss": 0.631850543498993,
        "val.decoder_acc": 0.5533355536460877,
        "val.ssim": 0.9935364909172059,
        "val.psnr": 47.36555191040039,
        "val.wpsnr": 47.4383098449707,
        "val.fsim": 0.9971004581451416,
        "val.rsbpp": 0.2133422145843506,
        "train.cover_score": 2.630308473903686,
        "train.generated_score": 2.619118566393852,
        "val.cover_score": 0.8424367645382881,
        "val.generated_score": 0.8106071872115135,
        "epoch": 22
    },
    {
        "train.encoder_mse": 9.889770270092413e-05,
        "train.decoder_loss": 0.6239908490180969,
        "train.decoder_acc": 0.5599717926979065,
        "val.encoder_mse": 8.07724778424017e-05,
        "val.decoder_loss": 0.6267050986289978,
        "val.decoder_acc": 0.5556724553108215,
        "val.ssim": 0.9930634050369262,
        "val.psnr": 46.96702247619629,
        "val.wpsnr": 47.04560855102539,
        "val.fsim": 0.9973526735305787,
        "val.rsbpp": 0.22268982124328612,
        "train.cover_score": 2.285261973261833,
        "train.generated_score": 2.2770160210132597,
        "val.cover_score": 1.0019089512825012,
        "val.generated_score": 0.9619692080020904,
        "epoch": 23
    },
    {
        "train.encoder_mse": 0.00013157074066111817,
        "train.decoder_loss": 0.6243954038619995,
        "train.decoder_acc": 0.5589897875785828,
        "val.encoder_mse": 8.309627568814903e-05,
        "val.decoder_loss": 0.6276001915931702,
        "val.decoder_acc": 0.5562653832435608,
        "val.ssim": 0.9923111901283265,
        "val.psnr": 46.84214008331299,
        "val.wpsnr": 46.90341354370117,
        "val.fsim": 0.9976675152778626,
        "val.rsbpp": 0.22506153297424317,
        "train.cover_score": 3.3110887164659797,
        "train.generated_score": 3.320774705631484,
        "val.cover_score": 0.4468232694752514,
        "val.generated_score": 0.4097507613003254,
        "epoch": 24
    },
    {
        "train.encoder_mse": 0.00012685602830606513,
        "train.decoder_loss": 0.6242236905097961,
        "train.decoder_acc": 0.5598063063621521,
        "val.encoder_mse": 0.0002952391349244863,
        "val.decoder_loss": 0.6301088962554932,
        "val.decoder_acc": 0.5538381209373474,
        "val.ssim": 0.9866136631965637,
        "val.psnr": 41.32565155029297,
        "val.wpsnr": 41.410319427490236,
        "val.fsim": 0.9957971057891846,
        "val.rsbpp": 0.21535248374938964,
        "train.cover_score": 1.9809406726360321,
        "train.generated_score": 1.981598022222519,
        "val.cover_score": 2.2024993238449095,
        "val.generated_score": 2.2703693618774414,
        "epoch": 25
    },
    {
        "train.encoder_mse": 0.00012651021222700364,
        "train.decoder_loss": 0.6223616399765015,
        "train.decoder_acc": 0.5605137009620667,
        "val.encoder_mse": 0.00021183932980056852,
        "val.decoder_loss": 0.6280491967201233,
        "val.decoder_acc": 0.5548622436523437,
        "val.ssim": 0.9887970929145813,
        "val.psnr": 42.770079460144046,
        "val.wpsnr": 42.85285180664062,
        "val.fsim": 0.9943459372520447,
        "val.rsbpp": 0.219448974609375,
        "train.cover_score": 3.5444039937257767,
        "train.generated_score": 3.5499268800020216,
        "val.cover_score": 2.3810857057571413,
        "val.generated_score": 2.4300037069320677,
        "epoch": 26
    },
    {
        "train.encoder_mse": 0.0002464022596832365,
        "train.decoder_loss": 0.6235430879592896,
        "train.decoder_acc": 0.5600171070098877,
        "val.encoder_mse": 7.862003066111356e-05,
        "val.decoder_loss": 0.6196413106918335,
        "val.decoder_acc": 0.5600555753707885,
        "val.ssim": 0.9920770435333252,
        "val.psnr": 47.07353618621826,
        "val.wpsnr": 47.12441943359375,
        "val.fsim": 0.9967499752044677,
        "val.rsbpp": 0.2402223014831543,
        "train.cover_score": 1.9679713983535767,
        "train.generated_score": 1.979815826497972,
        "val.cover_score": 1.8318905560970307,
        "val.generated_score": 1.78017569963634,
        "epoch": 27
    },
    {
        "train.encoder_mse": 0.00021335359840304592,
        "train.decoder_loss": 0.6202216591835022,
        "train.decoder_acc": 0.5617556991577148,
        "val.encoder_mse": 5.813999942620285e-05,
        "val.decoder_loss": 0.6269429683685303,
        "val.decoder_acc": 0.5555526967048645,
        "val.ssim": 0.9944087610244751,
        "val.psnr": 48.44736045837402,
        "val.wpsnr": 48.49784634399414,
        "val.fsim": 0.9964171900749207,
        "val.rsbpp": 0.222210786819458,
        "train.cover_score": 4.940298819027841,
        "train.generated_score": 4.976648621764034,
        "val.cover_score": 1.1360230841636658,
        "val.generated_score": 1.0974783592224122,
        "epoch": 28
    },
    {
        "train.encoder_mse": 6.704861755133606e-05,
        "train.decoder_loss": 0.6175400066375732,
        "train.decoder_acc": 0.5630276618003845,
        "val.encoder_mse": 5.952619758318178e-05,
        "val.decoder_loss": 0.6193446340560913,
        "val.decoder_acc": 0.5613240332603454,
        "val.ssim": 0.994811984539032,
        "val.psnr": 48.28265281677246,
        "val.wpsnr": 48.38765887451172,
        "val.fsim": 0.9980266971588134,
        "val.rsbpp": 0.24529613304138184,
        "train.cover_score": 1.0943136390447616,
        "train.generated_score": 1.0835466867685317,
        "val.cover_score": 1.4416499428749086,
        "val.generated_score": 1.3905103483200074,
        "epoch": 29
    },
    {
        "train.encoder_mse": 0.00030199533779523335,
        "train.decoder_loss": 0.6216875019073487,
        "train.decoder_acc": 0.5614996838569641,
        "val.encoder_mse": 5.23885331931524e-05,
        "val.decoder_loss": 0.6338698377609253,
        "val.decoder_acc": 0.5527487621307373,
        "val.ssim": 0.9945294981002808,
        "val.psnr": 48.87101131439209,
        "val.wpsnr": 48.92846572875977,
        "val.fsim": 0.9977527103424072,
        "val.rsbpp": 0.21099504852294923,
        "train.cover_score": 7.356564422845841,
        "train.generated_score": 7.427315618038177,
        "val.cover_score": 1.058306339263916,
        "val.generated_score": 1.0163462204933167,
        "epoch": 30
    },
    {
        "train.encoder_mse": 7.726285810349509e-05,
        "train.decoder_loss": 0.618816942691803,
        "train.decoder_acc": 0.5626949338912964,
        "val.encoder_mse": 6.462776893749833e-05,
        "val.decoder_loss": 0.6231763973236084,
        "val.decoder_acc": 0.559104691028595,
        "val.ssim": 0.9942596516609192,
        "val.psnr": 47.927797660827636,
        "val.wpsnr": 47.98686853027344,
        "val.fsim": 0.9973837490081787,
        "val.rsbpp": 0.23641876411437987,
        "train.cover_score": 2.0840497641563416,
        "train.generated_score": 2.06963223028183,
        "val.cover_score": 1.4368316054344177,
        "val.generated_score": 1.414006242275238,
        "epoch": 31
    },
    {
        "train.encoder_mse": 4.9670315493131054e-05,
        "train.decoder_loss": 0.6171956391334533,
        "train.decoder_acc": 0.5651625204086304,
        "val.encoder_mse": 5.234167366870679e-05,
        "val.decoder_loss": 0.6199927434921265,
        "val.decoder_acc": 0.5641152296066284,
        "val.ssim": 0.995091091632843,
        "val.psnr": 48.84482975006104,
        "val.wpsnr": 48.90475811767578,
        "val.fsim": 0.9978101634979248,
        "val.rsbpp": 0.2564609184265137,
        "train.cover_score": 2.0292139878273012,
        "train.generated_score": 2.014070349693298,
        "val.cover_score": 1.6348796429634094,
        "val.generated_score": 1.582662706375122,
        "epoch": 32
    }
]