[
    {
        "train.encoder_mse": 0.011632961806790264,
        "train.decoder_loss": 0.6951566731929779,
        "train.decoder_acc": 0.5062152856588363,
        "val.encoder_mse": 7.699886247372397e-05,
        "val.decoder_loss": 0.6924916597513052,
        "val.decoder_acc": 0.5192315074113699,
        "val.ssim": 0.9941780658868643,
        "val.psnr": 47.21475381117601,
        "val.wpsnr": 47.296406085674576,
        "val.fsim": 0.9981066813835731,
        "val.rsbpp": 0.038463014822739824,
        "train.cover_score": -0.6305727478349581,
        "train.generated_score": -0.6351814444363117,
        "val.cover_score": -0.14711455427683318,
        "val.generated_score": -0.14513268379064706,
        "epoch": 1
    },
    {
        "train.encoder_mse": 0.00022103758115918026,
        "train.decoder_loss": 0.5813361787796021,
        "train.decoder_acc": 0.6732100677490235,
        "val.encoder_mse": 0.0006110941982254959,
        "val.decoder_loss": 0.3893583416938782,
        "val.decoder_acc": 0.8170871826318594,
        "val.ssim": 0.9209731221199036,
        "val.psnr": 38.16205978393555,
        "val.wpsnr": 38.183901860163765,
        "val.fsim": 0.9966376515535208,
        "val.rsbpp": 0.6341743652637188,
        "train.cover_score": 0.07215407678857445,
        "train.generated_score": 0.07187571286340244,
        "val.cover_score": -0.06455687791682206,
        "val.generated_score": -0.06779936987620133,
        "epoch": 2
    },
    {
        "train.encoder_mse": 0.0008821021669427865,
        "train.decoder_loss": 0.3325777903199196,
        "train.decoder_acc": 0.8550168693065643,
        "val.encoder_mse": 0.001244600907039757,
        "val.decoder_loss": 0.2596280758197491,
        "val.decoder_acc": 0.8919803546025202,
        "val.ssim": 0.8844747726733868,
        "val.psnr": 35.07350811591515,
        "val.wpsnr": 35.108355888953575,
        "val.fsim": 0.9920029502648574,
        "val.rsbpp": 0.7839607092050406,
        "train.cover_score": 0.5400227789953351,
        "train.generated_score": 0.5333147732913495,
        "val.cover_score": 5.966423988342285,
        "val.generated_score": 6.073672551375169,
        "epoch": 3
    },
    {
        "train.encoder_mse": 0.0014402944257017225,
        "train.decoder_loss": 0.30857125490903853,
        "train.decoder_acc": 0.8691455149650573,
        "val.encoder_mse": 0.0040552817428341275,
        "val.decoder_loss": 0.31246096125015843,
        "val.decoder_acc": 0.8628845444092383,
        "val.ssim": 0.8749962403224065,
        "val.psnr": 29.97287108347966,
        "val.wpsnr": 29.989658795870266,
        "val.fsim": 0.9874688799564655,
        "val.rsbpp": 0.7257690888184768,
        "train.cover_score": 2.2604100601328536,
        "train.generated_score": 2.282548134634271,
        "val.cover_score": 1.7710775177066143,
        "val.generated_score": 2.3028423929443727,
        "epoch": 4
    },
    {
        "train.encoder_mse": 0.0021649492741562426,
        "train.decoder_loss": 0.3064769884943962,
        "train.decoder_acc": 0.8702046585083008,
        "val.encoder_mse": 0.0006164923811761233,
        "val.decoder_loss": 0.2787900922390131,
        "val.decoder_acc": 0.8809811977239755,
        "val.ssim": 0.947855279995845,
        "val.psnr": 38.139779751117416,
        "val.wpsnr": 38.194504077617935,
        "val.fsim": 0.9958027326143705,
        "val.rsbpp": 0.7619623954479511,
        "train.cover_score": 1.5694133866694755,
        "train.generated_score": 1.6804395638592542,
        "val.cover_score": 1.3250953325858483,
        "val.generated_score": 1.3056093912858229,
        "epoch": 5
    },
    {
        "train.encoder_mse": 0.0009473577793687582,
        "train.decoder_loss": 0.2724474911391735,
        "train.decoder_acc": 0.8869969594478607,
        "val.encoder_mse": 0.001800181003860556,
        "val.decoder_loss": 0.3324953019618988,
        "val.decoder_acc": 0.855669223345243,
        "val.ssim": 0.9463387636037973,
        "val.psnr": 33.4938801251925,
        "val.wpsnr": 33.47567543616662,
        "val.fsim": 0.9955711593994727,
        "val.rsbpp": 0.7113384466904861,
        "train.cover_score": 2.761203673351556,
        "train.generated_score": 2.73575215248391,
        "val.cover_score": 1.4295958463962262,
        "val.generated_score": 1.591178032068106,
        "epoch": 6
    },
    {
        "train.encoder_mse": 0.0021587583565269596,
        "train.decoder_loss": 0.2837288103997707,
        "train.decoder_acc": 0.8806641566753387,
        "val.encoder_mse": 0.0004983375345965704,
        "val.decoder_loss": 0.22719395046050733,
        "val.decoder_acc": 0.9079749813446631,
        "val.ssim": 0.9598604853336627,
        "val.psnr": 39.059795783116265,
        "val.wpsnr": 39.115242591271034,
        "val.fsim": 0.9953091327960675,
        "val.rsbpp": 0.8159499626893264,
        "train.cover_score": 2.0992397984303532,
        "train.generated_score": 2.2664907556324034,
        "val.cover_score": -0.7112889244006231,
        "val.generated_score": -0.7359590759644141,
        "epoch": 7
    },
    {
        "train.encoder_mse": 0.0006187839302583597,
        "train.decoder_loss": 0.20331445328891276,
        "train.decoder_acc": 0.9207690167427063,
        "val.encoder_mse": 0.0007787569058844104,
        "val.decoder_loss": 0.12516431625072771,
        "val.decoder_acc": 0.9563133624883798,
        "val.ssim": 0.935750988813547,
        "val.psnr": 37.12594490784865,
        "val.wpsnr": 37.23736513577975,
        "val.fsim": 0.9924438412372882,
        "val.rsbpp": 0.9126267249767597,
        "train.cover_score": 0.2346672100329306,
        "train.generated_score": 0.2646810860093683,
        "val.cover_score": 0.002452363116809955,
        "val.generated_score": -0.011186527768866373,
        "epoch": 8
    },
    {
        "train.encoder_mse": 0.000567177651100792,
        "train.decoder_loss": 0.13338361881673336,
        "train.decoder_acc": 0.9522344595193863,
        "val.encoder_mse": 0.0004875294779104969,
        "val.decoder_loss": 0.15490762717448747,
        "val.decoder_acc": 0.9412055519910959,
        "val.ssim": 0.9459107334797199,
        "val.psnr": 39.15053312595074,
        "val.wpsnr": 39.21483700092022,
        "val.fsim": 0.9890483342684232,
        "val.rsbpp": 0.8824111039821918,
        "train.cover_score": 0.4063643344974844,
        "train.generated_score": 0.4090167925285641,
        "val.cover_score": 0.22471934786209694,
        "val.generated_score": 0.27450409760841954,
        "epoch": 9
    },
    {
        "train.encoder_mse": 0.0005201357495388947,
        "train.decoder_loss": 0.09533160746097565,
        "train.decoder_acc": 0.9677678114175796,
        "val.encoder_mse": 0.000641858684293066,
        "val.decoder_loss": 0.06684451951430394,
        "val.decoder_acc": 0.9788022270569434,
        "val.ssim": 0.9474376806846032,
        "val.psnr": 37.95598121789786,
        "val.wpsnr": 38.060740837684044,
        "val.fsim": 0.9946401440180265,
        "val.rsbpp": 0.957604454113887,
        "train.cover_score": 0.30577048994600775,
        "train.generated_score": 0.3102201768755913,
        "val.cover_score": 0.1757616211588566,
        "val.generated_score": 0.16186882154299662,
        "epoch": 10
    },
    {
        "train.encoder_mse": 0.0004497591909603216,
        "train.decoder_loss": 0.07851936250925064,
        "train.decoder_acc": 0.9738009184598923,
        "val.encoder_mse": 0.0005958797947431987,
        "val.decoder_loss": 0.07382374543410081,
        "val.decoder_acc": 0.9743935465812683,
        "val.ssim": 0.9531249495653006,
        "val.psnr": 38.27353917635404,
        "val.wpsnr": 38.381497603196365,
        "val.fsim": 0.9932713233507596,
        "val.rsbpp": 0.9487870931625366,
        "train.cover_score": 0.13819958157429937,
        "train.generated_score": 0.13237616930375226,
        "val.cover_score": -0.055760121617752775,
        "val.generated_score": -0.042696032395514734,
        "epoch": 11
    },
    {
        "train.encoder_mse": 0.0004337260019383393,
        "train.decoder_loss": 0.06558640757575632,
        "train.decoder_acc": 0.9777461701631546,
        "val.encoder_mse": 0.0004835733248350712,
        "val.decoder_loss": 0.056184897342553504,
        "val.decoder_acc": 0.9815386900534997,
        "val.ssim": 0.9596582238490765,
        "val.psnr": 39.18112754821777,
        "val.wpsnr": 39.2930793762207,
        "val.fsim": 0.9960968723663917,
        "val.rsbpp": 0.9630773801069993,
        "train.cover_score": -0.021978287530946546,
        "train.generated_score": -0.02199102850398049,
        "val.cover_score": 0.01863548700202955,
        "val.generated_score": 0.011889041078225441,
        "epoch": 12
    },
    {
        "train.encoder_mse": 0.00037254934359225443,
        "train.decoder_loss": 0.060768451690673825,
        "train.decoder_acc": 0.9800629031658172,
        "val.encoder_mse": 0.00044488921636142407,
        "val.decoder_loss": 0.05628345505549358,
        "val.decoder_acc": 0.9809179856226995,
        "val.ssim": 0.9690494537353516,
        "val.psnr": 39.549423914689285,
        "val.wpsnr": 39.67069332416241,
        "val.fsim": 0.9962106163685138,
        "val.rsbpp": 0.9618359712453989,
        "train.cover_score": 0.11896837047766894,
        "train.generated_score": 0.11324161038617603,
        "val.cover_score": 1.0615189992464507,
        "val.generated_score": 1.0548224174059355,
        "epoch": 13
    },
    {
        "train.encoder_mse": 0.00039915629327879286,
        "train.decoder_loss": 0.06326826615259051,
        "train.decoder_acc": 0.9782845956087113,
        "val.encoder_mse": 0.0004412490077531682,
        "val.decoder_loss": 0.0903292321241819,
        "val.decoder_acc": 0.9667376692478473,
        "val.ssim": 0.9612957376700181,
        "val.psnr": 39.586171003488396,
        "val.wpsnr": 39.67921330378606,
        "val.fsim": 0.9959243994492751,
        "val.rsbpp": 0.9334753384956946,
        "train.cover_score": 0.2868300742004067,
        "train.generated_score": 0.29128584326594137,
        "val.cover_score": -0.135897269902321,
        "val.generated_score": -0.12727427408278275,
        "epoch": 14
    },
    {
        "train.encoder_mse": 0.00036756269153556784,
        "train.decoder_loss": 0.053767197281122205,
        "train.decoder_acc": 0.9819119775295257,
        "val.encoder_mse": 0.00042274675126044225,
        "val.decoder_loss": 0.0530291166729652,
        "val.decoder_acc": 0.9818665431096003,
        "val.ssim": 0.9634336278988764,
        "val.psnr": 39.780517908243034,
        "val.wpsnr": 39.89280260526217,
        "val.fsim": 0.9958006602067214,
        "val.rsbpp": 0.9637330862192007,
        "train.cover_score": -0.011163005989801604,
        "train.generated_score": -0.002018545213213656,
        "val.cover_score": -0.10439506201789929,
        "val.generated_score": -0.10625032622080582,
        "epoch": 15
    },
    {
        "train.encoder_mse": 0.00030828793853288517,
        "train.decoder_loss": 0.039439491033554076,
        "train.decoder_acc": 0.9873058062791824,
        "val.encoder_mse": 0.0004328158415424136,
        "val.decoder_loss": 0.05831633508205414,
        "val.decoder_acc": 0.9798707503538865,
        "val.ssim": 0.9684770474067101,
        "val.psnr": 39.6663838166457,
        "val.wpsnr": 39.76537322998047,
        "val.fsim": 0.9973640258495624,
        "val.rsbpp": 0.9597415007077731,
        "train.cover_score": -0.1383818484476069,
        "train.generated_score": -0.14250152462394908,
        "val.cover_score": 1.1356451282134423,
        "val.generated_score": 1.128902201469128,
        "epoch": 16
    },
    {
        "train.encoder_mse": 0.00030705684228450993,
        "train.decoder_loss": 0.045792379230260846,
        "train.decoder_acc": 0.9846928095817566,
        "val.encoder_mse": 0.00033272270005769457,
        "val.decoder_loss": 0.04477767374079961,
        "val.decoder_acc": 0.9848030851437495,
        "val.ssim": 0.974179914364448,
        "val.psnr": 40.818140690143295,
        "val.wpsnr": 40.952465350811295,
        "val.fsim": 0.9966876460955694,
        "val.rsbpp": 0.9696061702874991,
        "train.cover_score": -0.16978371703997255,
        "train.generated_score": -0.16587254415266217,
        "val.cover_score": -0.14549030993993467,
        "val.generated_score": -0.1449039988219738,
        "epoch": 17
    },
    {
        "train.encoder_mse": 0.00031452993003767916,
        "train.decoder_loss": 0.039519592737779025,
        "train.decoder_acc": 0.9871160078048706,
        "val.encoder_mse": 0.000313711484732966,
        "val.decoder_loss": 0.05022339465526434,
        "val.decoder_acc": 0.9826759099960327,
        "val.ssim": 0.9746047350076529,
        "val.psnr": 41.07151911808894,
        "val.wpsnr": 41.20131389911358,
        "val.fsim": 0.9976434982739962,
        "val.rsbpp": 0.9653518199920654,
        "train.cover_score": 0.27662053317530083,
        "train.generated_score": 0.27824875548132694,
        "val.cover_score": 0.9181263905305129,
        "val.generated_score": 0.918520028774555,
        "epoch": 18
    },
    {
        "train.encoder_mse": 0.0002869431176804937,
        "train.decoder_loss": 0.0342521342728287,
        "train.decoder_acc": 0.989027487039566,
        "val.encoder_mse": 0.00031735791484467115,
        "val.decoder_loss": 0.06974602232758816,
        "val.decoder_acc": 0.9757011211835421,
        "val.ssim": 0.9725988736519446,
        "val.psnr": 41.02012450878437,
        "val.wpsnr": 41.11938388531025,
        "val.fsim": 0.9974070145533636,
        "val.rsbpp": 0.9514022423670843,
        "train.cover_score": 0.06652274835738353,
        "train.generated_score": 0.06387553319567814,
        "val.cover_score": -0.09935103929959811,
        "val.generated_score": -0.09421897407334584,
        "epoch": 19
    },
    {
        "train.encoder_mse": 0.0002515145578945521,
        "train.decoder_loss": 0.030334507492370905,
        "train.decoder_acc": 0.9900827938318253,
        "val.encoder_mse": 0.00026248438427081477,
        "val.decoder_loss": 0.0358954850727549,
        "val.decoder_acc": 0.9880204567542443,
        "val.ssim": 0.9797848233809838,
        "val.psnr": 41.86637474940373,
        "val.wpsnr": 42.00997719397912,
        "val.fsim": 0.9978266679323636,
        "val.rsbpp": 0.9760409135084885,
        "train.cover_score": -0.09692940898705274,
        "train.generated_score": -0.09717426922434243,
        "val.cover_score": -0.1933376445220067,
        "val.generated_score": -0.19587824894831732,
        "epoch": 20
    },
    {
        "train.encoder_mse": 0.0002719953672203701,
        "train.decoder_loss": 0.038657019017264246,
        "train.decoder_acc": 0.9871849417686462,
        "val.encoder_mse": 0.00034287409821095376,
        "val.decoder_loss": 0.039650523175413795,
        "val.decoder_acc": 0.9859584982578571,
        "val.ssim": 0.975271802682143,
        "val.psnr": 40.71141187961285,
        "val.wpsnr": 40.86309990516076,
        "val.fsim": 0.9963853680170499,
        "val.rsbpp": 0.9719169965157142,
        "train.cover_score": -0.0622539718914777,
        "train.generated_score": -0.07417155001836363,
        "val.cover_score": -0.4890271585721236,
        "val.generated_score": -0.48944419851669896,
        "epoch": 21
    },
    {
        "train.encoder_mse": 0.0002486274144030176,
        "train.decoder_loss": 0.02950832815375179,
        "train.decoder_acc": 0.9898758006095886,
        "val.encoder_mse": 0.00017384771490469575,
        "val.decoder_loss": 0.07348341609422977,
        "val.decoder_acc": 0.9749510334088252,
        "val.ssim": 0.9865361864750202,
        "val.psnr": 43.64544978508582,
        "val.wpsnr": 43.78977966308594,
        "val.fsim": 0.9984346123842093,
        "val.rsbpp": 0.9499020668176504,
        "train.cover_score": -0.29923291855142453,
        "train.generated_score": -0.3018148189643398,
        "val.cover_score": -0.7202587769581721,
        "val.generated_score": -0.7187205874002897,
        "epoch": 22
    },
    {
        "train.encoder_mse": 0.0003078884464048315,
        "train.decoder_loss": 0.04542069220449776,
        "train.decoder_acc": 0.9844268494844437,
        "val.encoder_mse": 0.0003500734634983998,
        "val.decoder_loss": 0.11510757013009144,
        "val.decoder_acc": 0.9575661008174603,
        "val.ssim": 0.9674092531204224,
        "val.psnr": 40.600917889521675,
        "val.wpsnr": 40.640343592717095,
        "val.fsim": 0.9935614741765536,
        "val.rsbpp": 0.9151322016349206,
        "train.cover_score": 0.473100151848048,
        "train.generated_score": 0.49161344829946757,
        "val.cover_score": -0.7756566084348239,
        "val.generated_score": -0.7598776588073144,
        "epoch": 23
    },
    {
        "train.encoder_mse": 0.0002846432078513317,
        "train.decoder_loss": 0.033508706293068825,
        "train.decoder_acc": 0.9879407578706741,
        "val.encoder_mse": 0.0003010770854486439,
        "val.decoder_loss": 0.018744004102280505,
        "val.decoder_acc": 0.9941659982387836,
        "val.ssim": 0.9775709647398728,
        "val.psnr": 41.26980598156269,
        "val.wpsnr": 41.424905630258415,
        "val.fsim": 0.9975798496833215,
        "val.rsbpp": 0.9883319964775672,
        "train.cover_score": -0.48917854465544225,
        "train.generated_score": -0.4859973856061697,
        "val.cover_score": -0.2849611846300272,
        "val.generated_score": -0.2858044688518231,
        "epoch": 24
    },
    {
        "train.encoder_mse": 0.00024480149579176214,
        "train.decoder_loss": 0.025134982299059628,
        "train.decoder_acc": 0.9915950626134873,
        "val.encoder_mse": 0.00019341675775089802,
        "val.decoder_loss": 0.041840205542170085,
        "val.decoder_acc": 0.9864184306218073,
        "val.ssim": 0.9836824261225187,
        "val.psnr": 43.18973724658672,
        "val.wpsnr": 43.32624435424805,
        "val.fsim": 0.9985891855680026,
        "val.rsbpp": 0.9728368612436148,
        "train.cover_score": -0.3034237301535904,
        "train.generated_score": -0.30360060583800075,
        "val.cover_score": -0.5993271378370432,
        "val.generated_score": -0.5997205514174241,
        "epoch": 25
    },
    {
        "train.encoder_mse": 0.0002102292625932023,
        "train.decoder_loss": 0.02242046061437577,
        "train.decoder_acc": 0.9929236787557602,
        "val.encoder_mse": 0.00022126466277628564,
        "val.decoder_loss": 0.028858834232848424,
        "val.decoder_acc": 0.9904622114621676,
        "val.ssim": 0.9824103804735037,
        "val.psnr": 42.61109278752254,
        "val.wpsnr": 42.75090085543119,
        "val.fsim": 0.9984579819899339,
        "val.rsbpp": 0.9809244229243352,
        "train.cover_score": -0.6330581814050674,
        "train.generated_score": -0.6342133179306984,
        "val.cover_score": -0.24702285688657027,
        "val.generated_score": -0.2498616071847769,
        "epoch": 26
    },
    {
        "train.encoder_mse": 0.00021052853699075059,
        "train.decoder_loss": 0.022820973398629575,
        "train.decoder_acc": 0.992615053653717,
        "val.encoder_mse": 0.0002940621365828869,
        "val.decoder_loss": 0.027239237052316848,
        "val.decoder_acc": 0.9910078369654142,
        "val.ssim": 0.965210171846243,
        "val.psnr": 41.352449930631195,
        "val.wpsnr": 41.4642815223107,
        "val.fsim": 0.9979659548172584,
        "val.rsbpp": 0.9820156739308283,
        "train.cover_score": -0.3549546404625289,
        "train.generated_score": -0.353910790104419,
        "val.cover_score": -0.13307270464988855,
        "val.generated_score": -0.13903235644102097,
        "epoch": 27
    },
    {
        "train.encoder_mse": 0.0002435361717652995,
        "train.decoder_loss": 0.027350862063467502,
        "train.decoder_acc": 0.9907819908857346,
        "val.encoder_mse": 0.0002480597591224628,
        "val.decoder_loss": 0.019187754951417446,
        "val.decoder_acc": 0.9938157292512747,
        "val.ssim": 0.9807611795572134,
        "val.psnr": 42.11079890911396,
        "val.wpsnr": 42.25597939124474,
        "val.fsim": 0.9977619510430557,
        "val.rsbpp": 0.9876314585025494,
        "train.cover_score": 0.19536535451421513,
        "train.generated_score": 0.20015572826378047,
        "val.cover_score": -0.32169615763884324,
        "val.generated_score": -0.3261369432394321,
        "epoch": 28
    },
    {
        "train.encoder_mse": 0.00019724471116205677,
        "train.decoder_loss": 0.022346522884909063,
        "train.decoder_acc": 0.9929794538021087,
        "val.encoder_mse": 0.0001676401600259571,
        "val.decoder_loss": 0.044242555705400616,
        "val.decoder_acc": 0.9852964694683368,
        "val.ssim": 0.9868987477742709,
        "val.psnr": 43.82598876953125,
        "val.wpsnr": 43.98450939471905,
        "val.fsim": 0.9986507525810828,
        "val.rsbpp": 0.9705929389366736,
        "train.cover_score": -0.4146624305099249,
        "train.generated_score": -0.41454243995249274,
        "val.cover_score": -0.41343283424010646,
        "val.generated_score": -0.41402645523731524,
        "epoch": 29
    },
    {
        "train.encoder_mse": 0.00019420519209234044,
        "train.decoder_loss": 0.01911721829790622,
        "train.decoder_acc": 0.994173310995102,
        "val.encoder_mse": 0.0002459091058251663,
        "val.decoder_loss": 0.03434543168315521,
        "val.decoder_acc": 0.9882500171661377,
        "val.ssim": 0.9819858761934134,
        "val.psnr": 42.135842029864975,
        "val.wpsnr": 42.27026807344877,
        "val.fsim": 0.9981294870376587,
        "val.rsbpp": 0.9765000343322754,
        "train.cover_score": -0.12902988826477668,
        "train.generated_score": -0.13262191394118417,
        "val.cover_score": 0.33431664968912417,
        "val.generated_score": 0.3335652849995173,
        "epoch": 30
    },
    {
        "train.encoder_mse": 0.0001971457885520067,
        "train.decoder_loss": 0.022944106722716243,
        "train.decoder_acc": 0.992230184674263,
        "val.encoder_mse": 0.0001808572023247297,
        "val.decoder_loss": 0.04746321703378971,
        "val.decoder_acc": 0.9836400426351107,
        "val.ssim": 0.9866786690858694,
        "val.psnr": 43.50922767932598,
        "val.wpsnr": 43.65461730957031,
        "val.fsim": 0.9982752112241892,
        "val.rsbpp": 0.9672800852702215,
        "train.cover_score": -0.3878901367029175,
        "train.generated_score": -0.3932194092404097,
        "val.cover_score": -3.328492182951707,
        "val.generated_score": -3.3276578279641957,
        "epoch": 31
    },
    {
        "train.encoder_mse": 0.00024339216339285485,
        "train.decoder_loss": 0.025702563980594277,
        "train.decoder_acc": 0.9910913372039795,
        "val.encoder_mse": 0.0003853483627048823,
        "val.decoder_loss": 0.10693474257221589,
        "val.decoder_acc": 0.9663721231313852,
        "val.ssim": 0.9708790458165683,
        "val.psnr": 40.17269776417659,
        "val.wpsnr": 40.181623899019684,
        "val.fsim": 0.9978748789200416,
        "val.rsbpp": 0.9327442462627704,
        "train.cover_score": -0.4479694195231423,
        "train.generated_score": -0.46533817538060246,
        "val.cover_score": -0.2734122032729479,
        "val.generated_score": -0.3119995989478551,
        "epoch": 32
    }
]