[
    {
        "train.encoder_mse": 0.00188490885142528,
        "train.decoder_loss": 0.6925531375408173,
        "train.decoder_acc": 0.5261962375044823,
        "val.encoder_mse": 0.00014488675962918653,
        "val.decoder_loss": 0.6567336916923523,
        "val.decoder_acc": 0.6108061717106745,
        "val.ssim": 0.9815882123433627,
        "val.psnr": 44.442095022935135,
        "val.wpsnr": 44.47410642183744,
        "val.fsim": 0.9978532516039335,
        "val.rsbpp": 0.22161234342134917,
        "train.cover_score": -0.20514902630529833,
        "train.generated_score": -0.20490196789323817,
        "val.cover_score": 0.1741851533834751,
        "val.generated_score": 0.17491701531868714,
        "epoch": 1
    },
    {
        "train.encoder_mse": 0.0005929729119088734,
        "train.decoder_loss": 0.4483130705356598,
        "train.decoder_acc": 0.7782123821973801,
        "val.encoder_mse": 0.0016788277828779358,
        "val.decoder_loss": 0.38077333798775304,
        "val.decoder_acc": 0.8294011171047504,
        "val.ssim": 0.9385064290120051,
        "val.psnr": 33.775819264925445,
        "val.wpsnr": 33.873499356783356,
        "val.fsim": 0.9831065627244803,
        "val.rsbpp": 0.6588022342095008,
        "train.cover_score": -0.15322273878147827,
        "train.generated_score": -0.17430444356519728,
        "val.cover_score": 0.4771497789456939,
        "val.generated_score": 0.7641066885911502,
        "epoch": 2
    },
    {
        "train.encoder_mse": 0.0034790087142027915,
        "train.decoder_loss": 0.26922048583626745,
        "train.decoder_acc": 0.890303971171379,
        "val.encoder_mse": 0.001303114749204654,
        "val.decoder_loss": 0.21874041167589334,
        "val.decoder_acc": 0.9154064334355868,
        "val.ssim": 0.9134877645052396,
        "val.psnr": 34.894104554102974,
        "val.wpsnr": 34.941361940824066,
        "val.fsim": 0.9858345756163964,
        "val.rsbpp": 0.8308128668711736,
        "train.cover_score": 3.5559932408481836,
        "train.generated_score": 3.8739968714863062,
        "val.cover_score": -0.8049538811812034,
        "val.generated_score": -0.7681428835942194,
        "epoch": 3
    },
    {
        "train.encoder_mse": 0.0010159597746678627,
        "train.decoder_loss": 0.25440020084381104,
        "train.decoder_acc": 0.8971796363592148,
        "val.encoder_mse": 0.004215270495758607,
        "val.decoder_loss": 0.30152712533107173,
        "val.decoder_acc": 0.8707766487048223,
        "val.ssim": 0.8807490330476028,
        "val.psnr": 29.81644740471473,
        "val.wpsnr": 29.792134064894455,
        "val.fsim": 0.9643767476081848,
        "val.rsbpp": 0.7415532974096445,
        "train.cover_score": 0.5596824504621327,
        "train.generated_score": 0.590630365991965,
        "val.cover_score": 0.4954930721567227,
        "val.generated_score": 0.7428530064912943,
        "epoch": 4
    },
    {
        "train.encoder_mse": 0.0010648739428143017,
        "train.decoder_loss": 0.21505413755774497,
        "train.decoder_acc": 0.9163099318742752,
        "val.encoder_mse": 0.0012482068537232967,
        "val.decoder_loss": 0.1531886406815969,
        "val.decoder_acc": 0.9451184822962835,
        "val.ssim": 0.9143749750577487,
        "val.psnr": 35.069042902726395,
        "val.wpsnr": 35.16333418626051,
        "val.fsim": 0.9752156596917373,
        "val.rsbpp": 0.8902369645925668,
        "train.cover_score": 1.0809792320244014,
        "train.generated_score": 1.1127147760614753,
        "val.cover_score": 0.7462834990941561,
        "val.generated_score": 0.774026659818796,
        "epoch": 5
    },
    {
        "train.encoder_mse": 0.000706774492864497,
        "train.decoder_loss": 0.1313391849398613,
        "train.decoder_acc": 0.9549370843172074,
        "val.encoder_mse": 0.0006418018467509403,
        "val.decoder_loss": 0.09685856562394363,
        "val.decoder_acc": 0.9684468507766724,
        "val.ssim": 0.9411761485613309,
        "val.psnr": 37.9498630303603,
        "val.wpsnr": 38.04313718355619,
        "val.fsim": 0.9880094023851248,
        "val.rsbpp": 0.9368937015533447,
        "train.cover_score": 0.2520401054061949,
        "train.generated_score": 0.2671465044654906,
        "val.cover_score": -0.12390669779135631,
        "val.generated_score": -0.13095532529629195,
        "epoch": 6
    },
    {
        "train.encoder_mse": 0.0005368171550799161,
        "train.decoder_loss": 0.08931495979428292,
        "train.decoder_acc": 0.971696846485138,
        "val.encoder_mse": 0.0007633886058241702,
        "val.decoder_loss": 0.0929036341034449,
        "val.decoder_acc": 0.968081378019773,
        "val.ssim": 0.9313236154042758,
        "val.psnr": 37.21167912850013,
        "val.wpsnr": 37.299254490779,
        "val.fsim": 0.9851388793725234,
        "val.rsbpp": 0.9361627560395461,
        "train.cover_score": -0.000761760639725253,
        "train.generated_score": -0.007547655803064117,
        "val.cover_score": -0.040353987318947196,
        "val.generated_score": -0.022376881983990852,
        "epoch": 7
    },
    {
        "train.encoder_mse": 0.0005118694686098024,
        "train.decoder_loss": 0.06928096545860171,
        "train.decoder_acc": 0.9782031059265137,
        "val.encoder_mse": 0.00044329241903212207,
        "val.decoder_loss": 0.06668988013496766,
        "val.decoder_acc": 0.9781704865969144,
        "val.ssim": 0.9606820253225473,
        "val.psnr": 39.55688916719877,
        "val.wpsnr": 39.66307155902569,
        "val.fsim": 0.9934094273127042,
        "val.rsbpp": 0.9563409731938288,
        "train.cover_score": -0.06849286428885534,
        "train.generated_score": -0.07171852714149281,
        "val.cover_score": -0.1570351800093284,
        "val.generated_score": -0.16248080420952576,
        "epoch": 8
    },
    {
        "train.encoder_mse": 0.0005118994193617255,
        "train.decoder_loss": 0.06309975281357766,
        "train.decoder_acc": 0.9788850569725036,
        "val.encoder_mse": 0.00041966794434791576,
        "val.decoder_loss": 0.07300237566232681,
        "val.decoder_acc": 0.9745696049470168,
        "val.ssim": 0.9663114868677579,
        "val.psnr": 39.80375601695134,
        "val.wpsnr": 39.89987211961012,
        "val.fsim": 0.994658859876486,
        "val.rsbpp": 0.9491392098940336,
        "train.cover_score": 0.00340716531034559,
        "train.generated_score": 0.0023599519580602647,
        "val.cover_score": -0.12693706871225283,
        "val.generated_score": -0.10761195306594555,
        "epoch": 9
    },
    {
        "train.encoder_mse": 0.00045767854433506725,
        "train.decoder_loss": 0.05693603215739131,
        "train.decoder_acc": 0.9817481637001038,
        "val.encoder_mse": 0.0004044124552120383,
        "val.decoder_loss": 0.057850093222581424,
        "val.decoder_acc": 0.9801632945354168,
        "val.ssim": 0.9685245202137873,
        "val.psnr": 39.961521075322075,
        "val.wpsnr": 40.08065854586088,
        "val.fsim": 0.9946984327756442,
        "val.rsbpp": 0.9603265890708337,
        "train.cover_score": -0.06429961528163403,
        "train.generated_score": -0.06478361049667,
        "val.cover_score": -0.14824501840540996,
        "val.generated_score": -0.14505698990363342,
        "epoch": 10
    },
    {
        "train.encoder_mse": 0.0003713282136595808,
        "train.decoder_loss": 0.04746933113783598,
        "train.decoder_acc": 0.9844761538505554,
        "val.encoder_mse": 0.0003698069754486474,
        "val.decoder_loss": 0.0761803388595581,
        "val.decoder_acc": 0.9726963089062617,
        "val.ssim": 0.9632070614741399,
        "val.psnr": 40.36260549838726,
        "val.wpsnr": 40.469938424917366,
        "val.fsim": 0.9918163968966558,
        "val.rsbpp": 0.9453926178125235,
        "train.cover_score": -0.04972518904600293,
        "train.generated_score": -0.04845999673008919,
        "val.cover_score": 0.034998965091430224,
        "val.generated_score": 0.024812518762281306,
        "epoch": 11
    },
    {
        "train.encoder_mse": 0.00038441338168922814,
        "train.decoder_loss": 0.040919963391497734,
        "train.decoder_acc": 0.9870970863103866,
        "val.encoder_mse": 0.00037268503309370804,
        "val.decoder_loss": 0.050607608344692454,
        "val.decoder_acc": 0.9831960705610422,
        "val.ssim": 0.9698159923920264,
        "val.psnr": 40.31992197036743,
        "val.wpsnr": 40.469215686504654,
        "val.fsim": 0.9926341726229742,
        "val.rsbpp": 0.9663921411220844,
        "train.cover_score": -0.20787889773026108,
        "train.generated_score": -0.20654435093514623,
        "val.cover_score": -0.30588292387815624,
        "val.generated_score": -0.3000599191739009,
        "epoch": 12
    },
    {
        "train.encoder_mse": 0.0003661172743886709,
        "train.decoder_loss": 0.03537415604107082,
        "train.decoder_acc": 0.9886145317554473,
        "val.encoder_mse": 0.0003097442901120163,
        "val.decoder_loss": 0.07972999576192635,
        "val.decoder_acc": 0.9713411835523752,
        "val.ssim": 0.9768718618613023,
        "val.psnr": 41.12756399007944,
        "val.wpsnr": 41.205328721266525,
        "val.fsim": 0.9960048611347492,
        "val.rsbpp": 0.9426823671047504,
        "train.cover_score": 0.00817379251588136,
        "train.generated_score": 0.00574221033253707,
        "val.cover_score": 0.07067215557281788,
        "val.generated_score": 0.07358985773932475,
        "epoch": 13
    },
    {
        "train.encoder_mse": 0.0003357407533621881,
        "train.decoder_loss": 0.036342607857659456,
        "train.decoder_acc": 0.9883172649145127,
        "val.encoder_mse": 0.00037979950026895566,
        "val.decoder_loss": 0.03166440845682071,
        "val.decoder_acc": 0.9896560403016897,
        "val.ssim": 0.9691752057809097,
        "val.psnr": 40.24574408164391,
        "val.wpsnr": 40.38556700486403,
        "val.fsim": 0.9943865491793706,
        "val.rsbpp": 0.9793120806033795,
        "train.cover_score": 0.03405236404156312,
        "train.generated_score": 0.03772719457818312,
        "val.cover_score": -0.058637101776324786,
        "val.generated_score": -0.05996211532216806,
        "epoch": 14
    },
    {
        "train.encoder_mse": 0.000293653806875227,
        "train.decoder_loss": 0.031107517746277152,
        "train.decoder_acc": 0.9901013213396073,
        "val.encoder_mse": 0.00031684519042475865,
        "val.decoder_loss": 0.05009788102828539,
        "val.decoder_acc": 0.9823804681117718,
        "val.ssim": 0.9752321105736953,
        "val.psnr": 41.03476817791279,
        "val.wpsnr": 41.16913076547476,
        "val.fsim": 0.9958587013758146,
        "val.rsbpp": 0.9647609362235436,
        "train.cover_score": 0.04170331412053201,
        "train.generated_score": 0.03488792646850925,
        "val.cover_score": 0.06366232774095036,
        "val.generated_score": 0.06812660594900641,
        "epoch": 15
    },
    {
        "train.encoder_mse": 0.00031299996393499894,
        "train.decoder_loss": 0.03210165215656161,
        "train.decoder_acc": 0.9893095850944519,
        "val.encoder_mse": 0.0002986315051272798,
        "val.decoder_loss": 0.04934944470341389,
        "val.decoder_acc": 0.9829515310434195,
        "val.ssim": 0.977979825093196,
        "val.psnr": 41.30428754366361,
        "val.wpsnr": 41.41129273634691,
        "val.fsim": 0.9958116733110868,
        "val.rsbpp": 0.965903062086839,
        "train.cover_score": 0.10354101056524087,
        "train.generated_score": 0.10271877819439396,
        "val.cover_score": -0.16653337150525588,
        "val.generated_score": -0.17774508263056094,
        "epoch": 16
    },
    {
        "train.encoder_mse": 0.00030748603443498724,
        "train.decoder_loss": 0.030417318660765885,
        "train.decoder_acc": 0.9901054739952088,
        "val.encoder_mse": 0.00036002484445746703,
        "val.decoder_loss": 0.023684068475491725,
        "val.decoder_acc": 0.9921733232644888,
        "val.ssim": 0.972345232963562,
        "val.psnr": 40.470326497004585,
        "val.wpsnr": 40.59237993680514,
        "val.fsim": 0.9962103733649621,
        "val.rsbpp": 0.9843466465289776,
        "train.cover_score": 0.04965763894477277,
        "train.generated_score": 0.060247166976332665,
        "val.cover_score": -0.15039964994558921,
        "val.generated_score": -0.15305351236691841,
        "epoch": 17
    },
    {
        "train.encoder_mse": 0.0002641063589544501,
        "train.decoder_loss": 0.024327202439308165,
        "train.decoder_acc": 0.9922172921895981,
        "val.encoder_mse": 0.0002793096075318037,
        "val.decoder_loss": 0.04986045910761906,
        "val.decoder_acc": 0.9833713219715998,
        "val.ssim": 0.9763276164348309,
        "val.psnr": 41.575407615074745,
        "val.wpsnr": 41.71589337862455,
        "val.fsim": 0.9971492198797373,
        "val.rsbpp": 0.9667426439431998,
        "train.cover_score": -0.014333999383961783,
        "train.generated_score": -0.018233274528756737,
        "val.cover_score": 0.544387902204807,
        "val.generated_score": 0.5393015879851121,
        "epoch": 18
    },
    {
        "train.encoder_mse": 0.0002572439014329575,
        "train.decoder_loss": 0.020907947439700366,
        "train.decoder_acc": 0.9934430348873139,
        "val.encoder_mse": 0.00026766449893609836,
        "val.decoder_loss": 0.0537500401528982,
        "val.decoder_acc": 0.9821591652356662,
        "val.ssim": 0.9829438099494348,
        "val.psnr": 41.76067352294922,
        "val.wpsnr": 41.86867317786584,
        "val.fsim": 0.9964756369590759,
        "val.rsbpp": 0.9643183304713323,
        "train.cover_score": 0.14087021057290258,
        "train.generated_score": 0.13380257504060863,
        "val.cover_score": 0.07477685837791516,
        "val.generated_score": 0.0856524923673043,
        "epoch": 19
    },
    {
        "train.encoder_mse": 0.0003124945466697682,
        "train.decoder_loss": 0.032213071947917345,
        "train.decoder_acc": 0.9892358291149139,
        "val.encoder_mse": 0.00025013926474807353,
        "val.decoder_loss": 0.047386291078650035,
        "val.decoder_acc": 0.9835658486072834,
        "val.ssim": 0.9765822199674753,
        "val.psnr": 42.06841578850379,
        "val.wpsnr": 42.2041755089393,
        "val.fsim": 0.9945162488864019,
        "val.rsbpp": 0.9671316972145667,
        "train.cover_score": 0.19472834367421454,
        "train.generated_score": 0.19896533616527448,
        "val.cover_score": -0.011899783204381283,
        "val.generated_score": -0.009545293851540638,
        "epoch": 20
    },
    {
        "train.encoder_mse": 0.0002419413141615223,
        "train.decoder_loss": 0.01713752730283886,
        "train.decoder_acc": 0.9946922993659973,
        "val.encoder_mse": 0.00021882440285900465,
        "val.decoder_loss": 0.0313915154681756,
        "val.decoder_acc": 0.9895302790861863,
        "val.ssim": 0.9823248799030597,
        "val.psnr": 42.666350878201996,
        "val.wpsnr": 42.83031522310697,
        "val.fsim": 0.9968834152588477,
        "val.rsbpp": 0.9790605581723727,
        "train.cover_score": -0.05811782774049789,
        "train.generated_score": -0.05828074787277728,
        "val.cover_score": -0.18796369777275965,
        "val.generated_score": -0.18701204199057359,
        "epoch": 21
    },
    {
        "train.encoder_mse": 0.00023397959608701058,
        "train.decoder_loss": 0.018150986668188124,
        "train.decoder_acc": 0.9943484550714493,
        "val.encoder_mse": 0.00022487718804488675,
        "val.decoder_loss": 0.028372947556468155,
        "val.decoder_acc": 0.9906195035347571,
        "val.ssim": 0.983449216072376,
        "val.psnr": 42.54386388338529,
        "val.wpsnr": 42.721380087045524,
        "val.fsim": 0.9970467870052044,
        "val.rsbpp": 0.9812390070695144,
        "train.cover_score": -0.058671321592992175,
        "train.generated_score": -0.06161006801063195,
        "val.cover_score": -0.30795339208382827,
        "val.generated_score": -0.31013060074586135,
        "epoch": 22
    },
    {
        "train.encoder_mse": 0.00023728542713797652,
        "train.decoder_loss": 0.017431747550144792,
        "train.decoder_acc": 0.9944504904747009,
        "val.encoder_mse": 0.00027615420941191795,
        "val.decoder_loss": 0.03418646530749706,
        "val.decoder_acc": 0.9887922864693862,
        "val.ssim": 0.9748798838028541,
        "val.psnr": 41.623114805955154,
        "val.wpsnr": 41.740469419039215,
        "val.fsim": 0.9971551436644334,
        "val.rsbpp": 0.9775845729387723,
        "train.cover_score": -0.09070916097611188,
        "train.generated_score": -0.1044192023947835,
        "val.cover_score": 0.053266970512385554,
        "val.generated_score": 0.015502933090409407,
        "epoch": 23
    },
    {
        "train.encoder_mse": 0.0002742205736285541,
        "train.decoder_loss": 0.0322990216454491,
        "train.decoder_acc": 0.9893026298284531,
        "val.encoder_mse": 0.0002410530858189584,
        "val.decoder_loss": 0.019787861177554496,
        "val.decoder_acc": 0.9936091899871826,
        "val.ssim": 0.9800175565939683,
        "val.psnr": 42.24029981173002,
        "val.wpsnr": 42.38384422889123,
        "val.fsim": 0.9971801088406489,
        "val.rsbpp": 0.9872183799743652,
        "train.cover_score": 0.4027661066269502,
        "train.generated_score": 0.4383096567774192,
        "val.cover_score": 0.2563380736571092,
        "val.generated_score": 0.25764855169332945,
        "epoch": 24
    },
    {
        "train.encoder_mse": 0.00020332722189777996,
        "train.decoder_loss": 0.017179013011045755,
        "train.decoder_acc": 0.9946704834699631,
        "val.encoder_mse": 0.00020105098463738195,
        "val.decoder_loss": 0.035388871597555965,
        "val.decoder_acc": 0.9877893420366141,
        "val.ssim": 0.9844534488824698,
        "val.psnr": 43.05620927077074,
        "val.wpsnr": 43.22223164485051,
        "val.fsim": 0.9970242105997525,
        "val.rsbpp": 0.9755786840732281,
        "train.cover_score": -0.030360822876973545,
        "train.generated_score": -0.031984654702246186,
        "val.cover_score": -0.06638225999016029,
        "val.generated_score": -0.06697401146476085,
        "epoch": 25
    },
    {
        "train.encoder_mse": 0.00021791955863591282,
        "train.decoder_loss": 0.01626315254252404,
        "train.decoder_acc": 0.9948884052038193,
        "val.encoder_mse": 0.00017988394448856034,
        "val.decoder_loss": 0.08624524479875198,
        "val.decoder_acc": 0.9712104476415194,
        "val.ssim": 0.9852892756462097,
        "val.psnr": 43.52510598989633,
        "val.wpsnr": 43.6731077340933,
        "val.fsim": 0.9968520311208872,
        "val.rsbpp": 0.9424208952830389,
        "train.cover_score": -0.08305108279862906,
        "train.generated_score": -0.08831509036477656,
        "val.cover_score": -1.1816757734005268,
        "val.generated_score": -1.1489651799201965,
        "epoch": 26
    },
    {
        "train.encoder_mse": 0.0002168206467467826,
        "train.decoder_loss": 0.016549945259466767,
        "train.decoder_acc": 0.9946549928188324,
        "val.encoder_mse": 0.0001895015907044021,
        "val.decoder_loss": 0.030302198245548286,
        "val.decoder_acc": 0.9896221986183753,
        "val.ssim": 0.9844483045431284,
        "val.psnr": 43.292620365436264,
        "val.wpsnr": 43.449404789851265,
        "val.fsim": 0.9977544867075406,
        "val.rsbpp": 0.9792443972367507,
        "train.cover_score": -0.007683703780930955,
        "train.generated_score": 0.001677740733139217,
        "val.cover_score": -0.015669290916636013,
        "val.generated_score": -0.016932346956589475,
        "epoch": 27
    },
    {
        "train.encoder_mse": 0.0001889224402839318,
        "train.decoder_loss": 0.013528205689508467,
        "train.decoder_acc": 0.9957990276813508,
        "val.encoder_mse": 0.00021162811698069653,
        "val.decoder_loss": 0.026028946256981447,
        "val.decoder_acc": 0.9913827226712153,
        "val.ssim": 0.9818721276063186,
        "val.psnr": 42.80308026533861,
        "val.wpsnr": 42.95142892690805,
        "val.fsim": 0.9972212177056533,
        "val.rsbpp": 0.9827654453424307,
        "train.cover_score": -0.11549332741473335,
        "train.generated_score": -0.11775951783813071,
        "val.cover_score": 0.006356632516074639,
        "val.generated_score": 0.006438786056465828,
        "epoch": 28
    },
    {
        "train.encoder_mse": 0.0001991097693098709,
        "train.decoder_loss": 0.0142349593504332,
        "train.decoder_acc": 0.9955738490819931,
        "val.encoder_mse": 0.00022272882163703727,
        "val.decoder_loss": 0.023653527578482263,
        "val.decoder_acc": 0.9919216632843018,
        "val.ssim": 0.9833526473778945,
        "val.psnr": 42.60101685157189,
        "val.wpsnr": 42.763751396766075,
        "val.fsim": 0.997341839166788,
        "val.rsbpp": 0.9838433265686035,
        "train.cover_score": -0.045747972773388025,
        "train.generated_score": -0.044686043142573906,
        "val.cover_score": -0.21025080405748808,
        "val.generated_score": -0.21084988461090967,
        "epoch": 29
    },
    {
        "train.encoder_mse": 0.00018598136899527161,
        "train.decoder_loss": 0.014088133102050052,
        "train.decoder_acc": 0.9955793184041977,
        "val.encoder_mse": 0.00026660706834473577,
        "val.decoder_loss": 0.02706964170703521,
        "val.decoder_acc": 0.9907477819002591,
        "val.ssim": 0.9810870198103098,
        "val.psnr": 41.82377741887019,
        "val.wpsnr": 41.97163391113281,
        "val.fsim": 0.9970798721680274,
        "val.rsbpp": 0.9814955638005183,
        "train.cover_score": -0.08345585624338128,
        "train.generated_score": -0.08601986892696005,
        "val.cover_score": -0.01643706352199213,
        "val.generated_score": -0.015447196080528487,
        "epoch": 30
    },
    {
        "train.encoder_mse": 0.00019806316195172257,
        "train.decoder_loss": 0.01321162597858347,
        "train.decoder_acc": 0.9959360522031784,
        "val.encoder_mse": 0.0002648306970233814,
        "val.decoder_loss": 0.019578243032670938,
        "val.decoder_acc": 0.9935780855325552,
        "val.ssim": 0.9792492618927588,
        "val.psnr": 41.84479309962346,
        "val.wpsnr": 41.98499532846304,
        "val.fsim": 0.9975718351510855,
        "val.rsbpp": 0.9871561710651104,
        "train.cover_score": 0.1395893729943782,
        "train.generated_score": 0.1385978475952288,
        "val.cover_score": -0.12115209635633689,
        "val.generated_score": -0.12687294242473748,
        "epoch": 31
    },
    {
        "train.encoder_mse": 0.00020171238487819208,
        "train.decoder_loss": 0.014118662233231589,
        "train.decoder_acc": 0.9955808311700821,
        "val.encoder_mse": 0.00015277770833601857,
        "val.decoder_loss": 0.01438790986027855,
        "val.decoder_acc": 0.9953942333808312,
        "val.ssim": 0.9871317823996911,
        "val.psnr": 44.18086241502028,
        "val.wpsnr": 44.35849610548753,
        "val.fsim": 0.9979309657977178,
        "val.rsbpp": 0.9906884667616624,
        "train.cover_score": -0.1963594242511317,
        "train.generated_score": -0.19318104458623567,
        "val.cover_score": -0.20477200012940627,
        "val.generated_score": -0.20805760759573716,
        "epoch": 32
    }
]
