[
    {
        "train.encoder_mse": 0.01709351212834008,
        "train.decoder_loss": 0.6861493945121765,
        "train.decoder_acc": 0.5656788575649262,
        "val.encoder_mse": 0.001304815559146496,
        "val.decoder_loss": 0.6792188882827759,
        "val.decoder_acc": 0.5971880188355079,
        "val.ssim": 0.8708668259473947,
        "val.psnr": 34.89881185384897,
        "val.rsbpp": 0.1943760376710158,
        "train.cover_score": 0.047098074853420255,
        "train.generated_score": 0.04198948174715042,
        "val.cover_score": 0.060457028448581696,
        "val.generated_score": 0.04573627131489607,
        "epoch": 1
    },
    {
        "train.encoder_mse": 0.0009407310758251697,
        "train.decoder_loss": 0.6255221170186996,
        "train.decoder_acc": 0.6778242772817612,
        "val.encoder_mse": 0.0010965855371278639,
        "val.decoder_loss": 0.5366227535101084,
        "val.decoder_acc": 0.7533882397871751,
        "val.ssim": 0.8740179126079266,
        "val.psnr": 35.63561512873723,
        "val.rsbpp": 0.5067764795743502,
        "train.cover_score": 0.07334276154637337,
        "train.generated_score": 0.04667173698544502,
        "val.cover_score": 0.08410254865884781,
        "val.generated_score": 0.0460375937131735,
        "epoch": 2
    },
    {
        "train.encoder_mse": 0.0012505279283504932,
        "train.decoder_loss": 0.41565548449754713,
        "train.decoder_acc": 0.8297569227218627,
        "val.encoder_mse": 0.0014197009418589564,
        "val.decoder_loss": 0.32133116401158845,
        "val.decoder_acc": 0.8849868636864883,
        "val.ssim": 0.8396340562747076,
        "val.psnr": 34.504071932572586,
        "val.rsbpp": 0.7699737273729764,
        "train.cover_score": 0.09223737873136997,
        "train.generated_score": 0.04561850372701883,
        "val.cover_score": 0.09705954904739673,
        "val.generated_score": 0.04509538927903542,
        "epoch": 3
    },
    {
        "train.encoder_mse": 0.001434535812586546,
        "train.decoder_loss": 0.2459147047996521,
        "train.decoder_acc": 0.9210062289237976,
        "val.encoder_mse": 0.0014653833797917916,
        "val.decoder_loss": 0.20208299847749564,
        "val.decoder_acc": 0.9392411662982061,
        "val.ssim": 0.834013622540694,
        "val.psnr": 34.364798252399154,
        "val.rsbpp": 0.8784823325964121,
        "train.cover_score": 0.10337245427072048,
        "train.generated_score": 0.04525464572012425,
        "val.cover_score": 0.10906700159494694,
        "val.generated_score": 0.045951339487846084,
        "epoch": 4
    },
    {
        "train.encoder_mse": 0.0014469368767458946,
        "train.decoder_loss": 0.16442474782466887,
        "train.decoder_acc": 0.9532040601968765,
        "val.encoder_mse": 0.0014769737071429307,
        "val.decoder_loss": 0.14314041687892035,
        "val.decoder_acc": 0.9605252055021433,
        "val.ssim": 0.8313940717623785,
        "val.psnr": 34.329610971304085,
        "val.rsbpp": 0.9210504110042865,
        "train.cover_score": 0.11017906844615936,
        "train.generated_score": 0.043899285569787026,
        "val.cover_score": 0.11384096053930429,
        "val.generated_score": 0.04493730658522019,
        "epoch": 5
    },
    {
        "train.encoder_mse": 0.0013982227095402776,
        "train.decoder_loss": 0.12296155817806721,
        "train.decoder_acc": 0.9659035933017731,
        "val.encoder_mse": 0.001361968139043221,
        "val.decoder_loss": 0.11433161050081253,
        "val.decoder_acc": 0.9682879264538105,
        "val.ssim": 0.8401798972716699,
        "val.psnr": 34.681527797992416,
        "val.rsbpp": 0.9365758529076209,
        "train.cover_score": 0.11353861033916474,
        "train.generated_score": 0.04270422942936421,
        "val.cover_score": 0.11610803523888955,
        "val.generated_score": 0.04348244861914562,
        "epoch": 6
    },
    {
        "train.encoder_mse": 0.0013435277855023743,
        "train.decoder_loss": 0.10431519560515881,
        "train.decoder_acc": 0.9699650412797928,
        "val.encoder_mse": 0.001261453233802548,
        "val.decoder_loss": 0.0998551008793024,
        "val.decoder_acc": 0.9712192874688369,
        "val.ssim": 0.8504816064467797,
        "val.psnr": 35.01416774896475,
        "val.rsbpp": 0.9424385749376737,
        "train.cover_score": 0.11540657319128514,
        "train.generated_score": 0.041652066558599474,
        "val.cover_score": 0.11808235599444462,
        "val.generated_score": 0.04203725520234842,
        "epoch": 7
    },
    {
        "train.encoder_mse": 0.0012601398478727787,
        "train.decoder_loss": 0.08951653111726046,
        "train.decoder_acc": 0.9735391181707382,
        "val.encoder_mse": 0.0011815878455168926,
        "val.decoder_loss": 0.08795630043515792,
        "val.decoder_acc": 0.9741150370010963,
        "val.ssim": 0.8576332743351276,
        "val.psnr": 35.29857892256517,
        "val.rsbpp": 0.9482300740021926,
        "train.cover_score": 0.11762968942523003,
        "train.generated_score": 0.03980226423591375,
        "val.cover_score": 0.12005596206738399,
        "val.generated_score": 0.04124681279063225,
        "epoch": 8
    },
    {
        "train.encoder_mse": 0.0011835743358824403,
        "train.decoder_loss": 0.08035203501582146,
        "train.decoder_acc": 0.9754306292533874,
        "val.encoder_mse": 0.001178598658253367,
        "val.decoder_loss": 0.07821740181400226,
        "val.decoder_acc": 0.9766261577606201,
        "val.ssim": 0.8591277003288269,
        "val.psnr": 35.308937292832596,
        "val.rsbpp": 0.9532523155212402,
        "train.cover_score": 0.11911386340856552,
        "train.generated_score": 0.03824825286865234,
        "val.cover_score": 0.1214014022396161,
        "val.generated_score": 0.04009080391663771,
        "epoch": 9
    },
    {
        "train.encoder_mse": 0.0011326113186078146,
        "train.decoder_loss": 0.07301018547266722,
        "train.decoder_acc": 0.9772507208585739,
        "val.encoder_mse": 0.0011158908197942835,
        "val.decoder_loss": 0.0731651264314468,
        "val.decoder_acc": 0.9774289956459632,
        "val.ssim": 0.8648006319999695,
        "val.psnr": 35.54614103757418,
        "val.rsbpp": 0.9548579912919265,
        "train.cover_score": 0.12019098170101643,
        "train.generated_score": 0.03672014756128192,
        "val.cover_score": 0.12089056177781178,
        "val.generated_score": 0.035851166368677065,
        "epoch": 10
    },
    {
        "train.encoder_mse": 0.0010638922586804255,
        "train.decoder_loss": 0.06794696435332298,
        "train.decoder_acc": 0.9784074646234512,
        "val.encoder_mse": 0.001048532726529699,
        "val.decoder_loss": 0.06960077526477668,
        "val.decoder_acc": 0.9779639977675217,
        "val.ssim": 0.8730976306475126,
        "val.psnr": 35.81657758125892,
        "val.rsbpp": 0.9559279955350436,
        "train.cover_score": 0.12089595846831798,
        "train.generated_score": 0.03459562472999096,
        "val.cover_score": 0.12225490006116721,
        "val.generated_score": 0.035134923142882496,
        "epoch": 11
    },
    {
        "train.encoder_mse": 0.001035789778106846,
        "train.decoder_loss": 0.06626823268830777,
        "train.decoder_acc": 0.978452325463295,
        "val.encoder_mse": 0.001069993103066316,
        "val.decoder_loss": 0.06473642988846852,
        "val.decoder_acc": 0.9795854091644287,
        "val.ssim": 0.8744797385655917,
        "val.psnr": 35.72856536278358,
        "val.rsbpp": 0.9591708183288574,
        "train.cover_score": 0.12111814394593239,
        "train.generated_score": 0.03254773387685418,
        "val.cover_score": 0.12250778537530166,
        "val.generated_score": 0.03149158779818278,
        "epoch": 12
    },
    {
        "train.encoder_mse": 0.0009964112204033882,
        "train.decoder_loss": 0.0647015718743205,
        "train.decoder_acc": 0.9784487158060073,
        "val.encoder_mse": 0.0009911374206869649,
        "val.decoder_loss": 0.06286925335343067,
        "val.decoder_acc": 0.9797871387921847,
        "val.ssim": 0.882998539851262,
        "val.psnr": 36.0611315873953,
        "val.rsbpp": 0.9595742775843694,
        "train.cover_score": 0.12165825732052327,
        "train.generated_score": 0.02980257773771882,
        "val.cover_score": 0.12323843974333543,
        "val.generated_score": 0.03058872386240042,
        "epoch": 13
    },
    {
        "train.encoder_mse": 0.0009522828349145129,
        "train.decoder_loss": 0.061524134576320645,
        "train.decoder_acc": 0.9794126629829407,
        "val.encoder_mse": 0.0010082464790544831,
        "val.decoder_loss": 0.05920956599024626,
        "val.decoder_acc": 0.9809162800128644,
        "val.ssim": 0.8836928330934964,
        "val.psnr": 35.986333443568306,
        "val.rsbpp": 0.9618325600257287,
        "train.cover_score": 0.12197677128016948,
        "train.generated_score": 0.026987515930086373,
        "val.cover_score": 0.12291200688252082,
        "val.generated_score": 0.02646120308110347,
        "epoch": 14
    },
    {
        "train.encoder_mse": 0.0009177031082799658,
        "train.decoder_loss": 0.06020376559346914,
        "train.decoder_acc": 0.9796553915739059,
        "val.encoder_mse": 0.0009282442759006069,
        "val.decoder_loss": 0.06052033001413712,
        "val.decoder_acc": 0.9800010461073655,
        "val.ssim": 0.8942011044575617,
        "val.psnr": 36.34588828453651,
        "val.rsbpp": 0.9600020922147311,
        "train.cover_score": 0.12176184311509132,
        "train.generated_score": 0.023384669134393334,
        "val.cover_score": 0.12038414237590936,
        "val.generated_score": 0.019563827018898267,
        "epoch": 15
    },
    {
        "train.encoder_mse": 0.0009082985552959144,
        "train.decoder_loss": 0.06277125708758831,
        "train.decoder_acc": 0.9784540086984634,
        "val.encoder_mse": 0.0009214952140330122,
        "val.decoder_loss": 0.06369809835002972,
        "val.decoder_acc": 0.9787908746646001,
        "val.ssim": 0.8998670119505662,
        "val.psnr": 36.37746957632211,
        "val.rsbpp": 0.9575817493292001,
        "train.cover_score": 0.11400322668254376,
        "train.generated_score": 0.0024717077845707535,
        "val.cover_score": 0.11210921693306702,
        "val.generated_score": -0.0068025352084077895,
        "epoch": 16
    },
    {
        "train.encoder_mse": 0.0009174383210483938,
        "train.decoder_loss": 0.06124791109934449,
        "train.decoder_acc": 0.9787676477432251,
        "val.encoder_mse": 0.0008615189670728376,
        "val.decoder_loss": 0.06334668211638927,
        "val.decoder_acc": 0.9785583569453313,
        "val.ssim": 0.9054067272406358,
        "val.psnr": 36.6698879462022,
        "val.rsbpp": 0.9571167138906626,
        "train.cover_score": 0.1102038262039423,
        "train.generated_score": -0.013558252942748367,
        "val.cover_score": 0.11051987913938668,
        "val.generated_score": -0.01335285955037062,
        "epoch": 17
    },
    {
        "train.encoder_mse": 0.0008509119116934016,
        "train.decoder_loss": 0.061316054072231056,
        "train.decoder_acc": 0.978480052947998,
        "val.encoder_mse": 0.0009061860305686983,
        "val.decoder_loss": 0.05579710350586818,
        "val.decoder_acc": 0.9814190039267907,
        "val.ssim": 0.900995346216055,
        "val.psnr": 36.45029269731962,
        "val.rsbpp": 0.9628380078535813,
        "train.cover_score": 0.10907601334154605,
        "train.generated_score": -0.01795854588970542,
        "val.cover_score": 0.1082847393476046,
        "val.generated_score": -0.018748121891314022,
        "epoch": 18
    },
    {
        "train.encoder_mse": 0.0008337936858879402,
        "train.decoder_loss": 0.059610104896128176,
        "train.decoder_acc": 0.9790789526700974,
        "val.encoder_mse": 0.0008089353885644904,
        "val.decoder_loss": 0.058329238627965636,
        "val.decoder_acc": 0.9799384153806247,
        "val.ssim": 0.9080955294462351,
        "val.psnr": 36.942831186147835,
        "val.rsbpp": 0.9598768307612493,
        "train.cover_score": 0.10727743424475193,
        "train.generated_score": -0.021684885090216995,
        "val.cover_score": 0.10717229659740742,
        "val.generated_score": -0.019876149089003984,
        "epoch": 19
    },
    {
        "train.encoder_mse": 0.0007895465852925554,
        "train.decoder_loss": 0.0598165837302804,
        "train.decoder_acc": 0.9788313949108124,
        "val.encoder_mse": 0.0006970633045197106,
        "val.decoder_loss": 0.06305969520830192,
        "val.decoder_acc": 0.9780586682833158,
        "val.ssim": 0.9180669280198904,
        "val.psnr": 37.589554236485405,
        "val.rsbpp": 0.9561173365666316,
        "train.cover_score": 0.10523502796888351,
        "train.generated_score": -0.024456720044836403,
        "val.cover_score": 0.1043996037198947,
        "val.generated_score": -0.024433426706729315,
        "epoch": 20
    },
    {
        "train.encoder_mse": 0.000737946480512619,
        "train.decoder_loss": 0.05948309849947691,
        "train.decoder_acc": 0.9789141553640366,
        "val.encoder_mse": 0.0006547939354697099,
        "val.decoder_loss": 0.06195539780534231,
        "val.decoder_acc": 0.9783936509719262,
        "val.ssim": 0.921102918111361,
        "val.psnr": 37.861832471994255,
        "val.rsbpp": 0.9567873019438523,
        "train.cover_score": 0.10345085375010968,
        "train.generated_score": -0.027087874836288394,
        "val.cover_score": 0.10267256314937885,
        "val.generated_score": -0.025813729806731526,
        "epoch": 21
    },
    {
        "train.encoder_mse": 0.0007297377719078213,
        "train.decoder_loss": 0.05766417654231191,
        "train.decoder_acc": 0.9795945197343826,
        "val.encoder_mse": 0.0007279078664186483,
        "val.decoder_loss": 0.054062158872301765,
        "val.decoder_acc": 0.9815636735696059,
        "val.ssim": 0.9206888125492976,
        "val.psnr": 37.40423716031588,
        "val.rsbpp": 0.9631273471392118,
        "train.cover_score": 0.10261514499783515,
        "train.generated_score": -0.02827645242214203,
        "val.cover_score": 0.1026479905614486,
        "val.generated_score": -0.025474346207024958,
        "epoch": 22
    },
    {
        "train.encoder_mse": 0.0006746648519765586,
        "train.decoder_loss": 0.05593032617121935,
        "train.decoder_acc": 0.980197468996048,
        "val.encoder_mse": 0.0007672645554591257,
        "val.decoder_loss": 0.04837867904167909,
        "val.decoder_acc": 0.9835910017673786,
        "val.ssim": 0.9185397854218116,
        "val.psnr": 37.1750494150015,
        "val.rsbpp": 0.9671820035347571,
        "train.cover_score": 0.10169674456119537,
        "train.generated_score": -0.028520269570872187,
        "val.cover_score": 0.10249752436692898,
        "val.generated_score": -0.027274731492910247,
        "epoch": 23
    },
    {
        "train.encoder_mse": 0.0006862584315240383,
        "train.decoder_loss": 0.05310551751405001,
        "train.decoder_acc": 0.9813301038742065,
        "val.encoder_mse": 0.0006183855092296234,
        "val.decoder_loss": 0.05759708697979267,
        "val.decoder_acc": 0.9798669631664569,
        "val.ssim": 0.9308459850457999,
        "val.psnr": 38.11182553951557,
        "val.rsbpp": 0.9597339263329139,
        "train.cover_score": 0.10157773569226265,
        "train.generated_score": -0.028777966955676675,
        "val.cover_score": 0.10203295831496899,
        "val.generated_score": -0.024609226876726516,
        "epoch": 24
    },
    {
        "train.encoder_mse": 0.0006601728533860296,
        "train.decoder_loss": 0.053867987841367725,
        "train.decoder_acc": 0.9809426760673523,
        "val.encoder_mse": 0.000635901560039761,
        "val.decoder_loss": 0.053090764496188894,
        "val.decoder_acc": 0.9817549586296082,
        "val.ssim": 0.9336054141704853,
        "val.psnr": 37.990361543802116,
        "val.rsbpp": 0.9635099172592163,
        "train.cover_score": 0.10167301125824452,
        "train.generated_score": -0.029165391349233686,
        "val.cover_score": 0.10164959843342121,
        "val.generated_score": -0.027086621401115105,
        "epoch": 25
    },
    {
        "train.encoder_mse": 0.0006220305990427733,
        "train.decoder_loss": 0.050617990670725706,
        "train.decoder_acc": 0.9822689241170883,
        "val.encoder_mse": 0.0006292023731825444,
        "val.decoder_loss": 0.05011301974837597,
        "val.decoder_acc": 0.9827772562320416,
        "val.ssim": 0.9328258450214679,
        "val.psnr": 38.03454105670635,
        "val.rsbpp": 0.9655545124640832,
        "train.cover_score": 0.10149357184767722,
        "train.generated_score": -0.029956129835918544,
        "val.cover_score": 0.10287248801726562,
        "val.generated_score": -0.02658712287218525,
        "epoch": 26
    },
    {
        "train.encoder_mse": 0.0006294787203660235,
        "train.decoder_loss": 0.053162938803434374,
        "train.decoder_acc": 0.9812474447488785,
        "val.encoder_mse": 0.0007634770769912463,
        "val.decoder_loss": 0.042467857066255346,
        "val.decoder_acc": 0.9859530054605924,
        "val.ssim": 0.9261528987150925,
        "val.psnr": 37.195650797623856,
        "val.rsbpp": 0.9719060109211848,
        "train.cover_score": 0.10102153442800045,
        "train.generated_score": -0.029380548307672144,
        "val.cover_score": 0.10258115082979202,
        "val.generated_score": -0.030777630396187305,
        "epoch": 27
    },
    {
        "train.encoder_mse": 0.000612108280765824,
        "train.decoder_loss": 0.04923953926190734,
        "train.decoder_acc": 0.9827811300754548,
        "val.encoder_mse": 0.0007078497303434863,
        "val.decoder_loss": 0.04354335181415081,
        "val.decoder_acc": 0.9854589471450219,
        "val.ssim": 0.9324154166074899,
        "val.psnr": 37.52309707494882,
        "val.rsbpp": 0.9709178942900437,
        "train.cover_score": 0.10156319171190262,
        "train.generated_score": -0.030594642609357833,
        "val.cover_score": 0.10278954414220956,
        "val.generated_score": -0.029564770294550378,
        "epoch": 28
    },
    {
        "train.encoder_mse": 0.0005967640783637763,
        "train.decoder_loss": 0.04932221663184464,
        "train.decoder_acc": 0.9826835530996323,
        "val.encoder_mse": 0.000724537459273751,
        "val.decoder_loss": 0.04210088043831862,
        "val.decoder_acc": 0.986235682780926,
        "val.ssim": 0.9338785455777094,
        "val.psnr": 37.42193368765024,
        "val.rsbpp": 0.9724713655618521,
        "train.cover_score": 0.10145802736282349,
        "train.generated_score": -0.02999609607970342,
        "val.cover_score": 0.10162885659016095,
        "val.generated_score": -0.0308374770057316,
        "epoch": 29
    },
    {
        "train.encoder_mse": 0.0006220171120367013,
        "train.decoder_loss": 0.046188110401853916,
        "train.decoder_acc": 0.9840773248672485,
        "val.encoder_mse": 0.0005989424445523092,
        "val.decoder_loss": 0.04804392044360821,
        "val.decoder_acc": 0.9836415923558749,
        "val.ssim": 0.9399463075857896,
        "val.psnr": 38.24896610700167,
        "val.rsbpp": 0.9672831847117498,
        "train.cover_score": 0.10152778044342994,
        "train.generated_score": -0.030556057998910546,
        "val.cover_score": 0.1019839019729541,
        "val.generated_score": -0.027075340756430075,
        "epoch": 30
    },
    {
        "train.encoder_mse": 0.000582120924082119,
        "train.decoder_loss": 0.0463533216714859,
        "train.decoder_acc": 0.9838502657413483,
        "val.encoder_mse": 0.0006067761927484893,
        "val.decoder_loss": 0.04463224514172627,
        "val.decoder_acc": 0.9849916834097642,
        "val.ssim": 0.9398851486352774,
        "val.psnr": 38.1915362064655,
        "val.rsbpp": 0.9699833668195285,
        "train.cover_score": 0.10186252340674401,
        "train.generated_score": -0.030878484756685795,
        "val.cover_score": 0.10212819335552362,
        "val.generated_score": -0.027168189461987752,
        "epoch": 31
    },
    {
        "train.encoder_mse": 0.0005766076906002127,
        "train.decoder_loss": 0.0433311646617949,
        "train.decoder_acc": 0.9850482207536697,
        "val.encoder_mse": 0.0005865884774651092,
        "val.decoder_loss": 0.0457186046987772,
        "val.decoder_acc": 0.9846144960476801,
        "val.ssim": 0.9444343768633329,
        "val.psnr": 38.339094382065994,
        "val.rsbpp": 0.9692289920953604,
        "train.cover_score": 0.10154529266059399,
        "train.generated_score": -0.030985166570171713,
        "val.cover_score": 0.10240690868634444,
        "val.generated_score": -0.029526489679343425,
        "epoch": 32
    }
]
