[
    {
        "train.encoder_mse": 0.002099149272262366,
        "train.decoder_loss": 0.6949789488315582,
        "train.decoder_acc": 0.5035614755749702,
        "val.encoder_mse": 4.0241039991647434e-05,
        "val.decoder_loss": 0.692777564892402,
        "val.decoder_acc": 0.5141496062278748,
        "val.ssim": 0.9956906850521381,
        "val.psnr": 49.99108938070444,
        "val.wpsnr": 50.01987193180965,
        "val.fsim": 0.9990127545136672,
        "val.rsbpp": 0.02829921245574951,
        "train.cover_score": -0.1172029427671805,
        "train.generated_score": -0.11603602337592747,
        "val.cover_score": 0.11759835596267994,
        "val.generated_score": 0.11771898659375998,
        "epoch": 1
    },
    {
        "train.encoder_mse": 0.0002330469145636016,
        "train.decoder_loss": 0.5809377261996269,
        "train.decoder_acc": 0.6666919153928756,
        "val.encoder_mse": 0.0005733826636480024,
        "val.decoder_loss": 0.3827833028940054,
        "val.decoder_acc": 0.8220885212604816,
        "val.ssim": 0.925993758898515,
        "val.psnr": 38.44103152935322,
        "val.wpsnr": 38.480729616605316,
        "val.fsim": 0.9963376522064209,
        "val.rsbpp": 0.6441770425209632,
        "train.cover_score": 0.14460520480730338,
        "train.generated_score": 0.14311242887051775,
        "val.cover_score": -0.10260755583070792,
        "val.generated_score": -0.11600409763363692,
        "epoch": 2
    },
    {
        "train.encoder_mse": 0.0011274243277148344,
        "train.decoder_loss": 0.3524126859009266,
        "train.decoder_acc": 0.8436780935525894,
        "val.encoder_mse": 0.0007997535733291163,
        "val.decoder_loss": 0.2288608757349161,
        "val.decoder_acc": 0.9174427940295293,
        "val.ssim": 0.9006398641146146,
        "val.psnr": 36.993240576524,
        "val.wpsnr": 37.02971942608173,
        "val.fsim": 0.9956167523677533,
        "val.rsbpp": 0.8348855880590585,
        "train.cover_score": 0.23352127698948608,
        "train.generated_score": 0.2556359181238804,
        "val.cover_score": -0.2701038019015239,
        "val.generated_score": -0.2761007696390152,
        "epoch": 3
    },
    {
        "train.encoder_mse": 0.0008942881401162594,
        "train.decoder_loss": 0.21669269159436225,
        "train.decoder_acc": 0.9204440760612488,
        "val.encoder_mse": 0.0025718127771352348,
        "val.decoder_loss": 0.3560590950342325,
        "val.decoder_acc": 0.8496009157254145,
        "val.ssim": 0.948900397007282,
        "val.psnr": 31.935597566457893,
        "val.wpsnr": 31.927564327533428,
        "val.fsim": 0.9927558257029607,
        "val.rsbpp": 0.6992018314508291,
        "train.cover_score": 0.41148496865527706,
        "train.generated_score": 0.4100813617929816,
        "val.cover_score": 9.293821848355806,
        "val.generated_score": 9.487319726210375,
        "epoch": 4
    },
    {
        "train.encoder_mse": 0.0018578088306821883,
        "train.decoder_loss": 0.24549452245235442,
        "train.decoder_acc": 0.9033069169521332,
        "val.encoder_mse": 0.0019038826352558457,
        "val.decoder_loss": 0.23559491221721357,
        "val.decoder_acc": 0.9075089693069458,
        "val.ssim": 0.9363362514055692,
        "val.psnr": 33.2404822569627,
        "val.wpsnr": 33.257176912747894,
        "val.fsim": 0.9901286867948679,
        "val.rsbpp": 0.8150179386138916,
        "train.cover_score": 5.371332167983055,
        "train.generated_score": 5.453539270311594,
        "val.cover_score": 1.8352557730216246,
        "val.generated_score": 2.0725786823492784,
        "epoch": 5
    },
    {
        "train.encoder_mse": 0.001088173461612314,
        "train.decoder_loss": 0.184552216604352,
        "train.decoder_acc": 0.9322235983610153,
        "val.encoder_mse": 0.0006073833031293291,
        "val.decoder_loss": 0.1462396767276984,
        "val.decoder_acc": 0.948617045695965,
        "val.ssim": 0.9533340197343093,
        "val.psnr": 38.19295131243192,
        "val.wpsnr": 38.28731654240535,
        "val.fsim": 0.9921102936451252,
        "val.rsbpp": 0.8972340913919302,
        "train.cover_score": 1.0578913512825965,
        "train.generated_score": 1.1041616289888043,
        "val.cover_score": 0.2049268507040464,
        "val.generated_score": 0.19549851692639864,
        "epoch": 6
    },
    {
        "train.encoder_mse": 0.0005400519978138619,
        "train.decoder_loss": 0.12954742029309274,
        "train.decoder_acc": 0.9560840928554535,
        "val.encoder_mse": 0.00048404766130261123,
        "val.decoder_loss": 0.11945322385201088,
        "val.decoder_acc": 0.9591756508900569,
        "val.ssim": 0.957608713553502,
        "val.psnr": 39.176601079794075,
        "val.wpsnr": 39.28766602736253,
        "val.fsim": 0.9905337737156794,
        "val.rsbpp": 0.9183513017801138,
        "train.cover_score": 0.6244847779348492,
        "train.generated_score": 0.6257280112057925,
        "val.cover_score": -0.16158768591972497,
        "val.generated_score": -0.1514907367527485,
        "epoch": 7
    },
    {
        "train.encoder_mse": 0.00047194382976158524,
        "train.decoder_loss": 0.09610664647072553,
        "train.decoder_acc": 0.969312726855278,
        "val.encoder_mse": 0.0006320021079423336,
        "val.decoder_loss": 0.07025333579916221,
        "val.decoder_acc": 0.9787707741443927,
        "val.ssim": 0.9480970318500812,
        "val.psnr": 38.02068251829881,
        "val.wpsnr": 38.14563751220703,
        "val.fsim": 0.9914003794009869,
        "val.rsbpp": 0.9575415482887855,
        "train.cover_score": -0.28122073953971266,
        "train.generated_score": -0.28633679894730446,
        "val.cover_score": -0.30555989192082333,
        "val.generated_score": -0.3168823764874385,
        "epoch": 8
    },
    {
        "train.encoder_mse": 0.00044514948327559976,
        "train.decoder_loss": 0.07782774213701486,
        "train.decoder_acc": 0.9748402082920075,
        "val.encoder_mse": 0.0003741220727813645,
        "val.decoder_loss": 0.14766032592608377,
        "val.decoder_acc": 0.9448831448188195,
        "val.ssim": 0.9612266650566688,
        "val.psnr": 40.316981719090386,
        "val.wpsnr": 40.387346707857574,
        "val.fsim": 0.9911499802882855,
        "val.rsbpp": 0.8897662896376389,
        "train.cover_score": -0.024283858553972096,
        "train.generated_score": -0.026292339444626122,
        "val.cover_score": -0.13823084647838885,
        "val.generated_score": -0.09250757112525977,
        "epoch": 9
    },
    {
        "train.encoder_mse": 0.0004213299951516092,
        "train.decoder_loss": 0.06481865687295794,
        "train.decoder_acc": 0.9786299085617065,
        "val.encoder_mse": 0.0005208764946124015,
        "val.decoder_loss": 0.05782634421036793,
        "val.decoder_acc": 0.9809823861488929,
        "val.ssim": 0.9599673748016357,
        "val.psnr": 38.877374575688286,
        "val.wpsnr": 39.0005381657527,
        "val.fsim": 0.9937945283376254,
        "val.rsbpp": 0.9619647722977859,
        "train.cover_score": -0.15000969531014563,
        "train.generated_score": -0.14949843003800198,
        "val.cover_score": -0.1791744392651778,
        "val.generated_score": -0.18132548177471527,
        "epoch": 10
    },
    {
        "train.encoder_mse": 0.00037296450114808976,
        "train.decoder_loss": 0.05021636962890625,
        "train.decoder_acc": 0.9836780476570129,
        "val.encoder_mse": 0.0003972834876129547,
        "val.decoder_loss": 0.07624448864505841,
        "val.decoder_acc": 0.9722710389357346,
        "val.ssim": 0.9660671536739056,
        "val.psnr": 40.04187712302575,
        "val.wpsnr": 40.15512202336238,
        "val.fsim": 0.9934702607301565,
        "val.rsbpp": 0.9445420778714694,
        "train.cover_score": -0.1999456587433815,
        "train.generated_score": -0.20195679357508198,
        "val.cover_score": -0.3343946956671201,
        "val.generated_score": -0.3375174426115476,
        "epoch": 11
    },
    {
        "train.encoder_mse": 0.0003589960353565402,
        "train.decoder_loss": 0.046035091746598485,
        "train.decoder_acc": 0.9848536360263824,
        "val.encoder_mse": 0.0003000060253096028,
        "val.decoder_loss": 0.055861253291368484,
        "val.decoder_acc": 0.9810764606182392,
        "val.ssim": 0.973359593978295,
        "val.psnr": 41.269383063683144,
        "val.wpsnr": 41.3998421889085,
        "val.fsim": 0.996814869917356,
        "val.rsbpp": 0.9621529212364783,
        "train.cover_score": -0.18202132531907408,
        "train.generated_score": -0.18074534418061375,
        "val.cover_score": -0.2005873311024446,
        "val.generated_score": -0.2027523574920801,
        "epoch": 12
    },
    {
        "train.encoder_mse": 0.0003139438234211411,
        "train.decoder_loss": 0.04736367016099394,
        "train.decoder_acc": 0.9841015422344208,
        "val.encoder_mse": 0.0003498549832819173,
        "val.decoder_loss": 0.04755753464996815,
        "val.decoder_acc": 0.9836234908837539,
        "val.ssim": 0.9721420957491949,
        "val.psnr": 40.61096796622643,
        "val.wpsnr": 40.73848606989934,
        "val.fsim": 0.9957135915756226,
        "val.rsbpp": 0.9672469817675077,
        "train.cover_score": -0.2212731875665486,
        "train.generated_score": -0.22193812608718871,
        "val.cover_score": -0.2212274670600891,
        "val.generated_score": -0.22845169672599205,
        "epoch": 13
    },
    {
        "train.encoder_mse": 0.0003143017138063442,
        "train.decoder_loss": 0.04001496916636824,
        "train.decoder_acc": 0.9865241485834122,
        "val.encoder_mse": 0.0003297601405602808,
        "val.decoder_loss": 0.04412445812844313,
        "val.decoder_acc": 0.9848426351180444,
        "val.ssim": 0.9737871014154874,
        "val.psnr": 40.8763260107774,
        "val.wpsnr": 41.030806027925934,
        "val.fsim": 0.9946754299677335,
        "val.rsbpp": 0.9696852702360886,
        "train.cover_score": -0.36102761685848234,
        "train.generated_score": -0.365682124979794,
        "val.cover_score": -0.7660362812188956,
        "val.generated_score": -0.7598716479081374,
        "epoch": 14
    },
    {
        "train.encoder_mse": 0.00031491551402723416,
        "train.decoder_loss": 0.0353612606972456,
        "train.decoder_acc": 0.9880675834417343,
        "val.encoder_mse": 0.00029700300477158564,
        "val.decoder_loss": 0.05584630527748512,
        "val.decoder_acc": 0.980054681117718,
        "val.ssim": 0.9737116923699012,
        "val.psnr": 41.3289396579449,
        "val.wpsnr": 41.46991700392503,
        "val.fsim": 0.9955669916593112,
        "val.rsbpp": 0.9601093622354361,
        "train.cover_score": -0.34174351196736097,
        "train.generated_score": -0.3419660933315754,
        "val.cover_score": -0.2566043436527252,
        "val.generated_score": -0.25308835391814893,
        "epoch": 15
    },
    {
        "train.encoder_mse": 0.00026871902038692495,
        "train.decoder_loss": 0.032046957928687336,
        "train.decoder_acc": 0.9891007018089294,
        "val.encoder_mse": 0.0003270193970260712,
        "val.decoder_loss": 0.03320877368633564,
        "val.decoder_acc": 0.9885533176935636,
        "val.ssim": 0.9747039171365591,
        "val.psnr": 40.90699837757991,
        "val.wpsnr": 41.05426876361553,
        "val.fsim": 0.9965917055423443,
        "val.rsbpp": 0.9771066353871272,
        "train.cover_score": -0.18018780928105116,
        "train.generated_score": -0.18176028929650784,
        "val.cover_score": -0.10997284776889361,
        "val.generated_score": -0.1138834019119923,
        "epoch": 16
    },
    {
        "train.encoder_mse": 0.0002623798903368879,
        "train.decoder_loss": 0.03073170646093786,
        "train.decoder_acc": 0.9895483601093292,
        "val.encoder_mse": 0.00035351426833165955,
        "val.decoder_loss": 0.03907059921095005,
        "val.decoder_acc": 0.9859988460173974,
        "val.ssim": 0.9672487469819876,
        "val.psnr": 40.565915474524864,
        "val.wpsnr": 40.707305027888374,
        "val.fsim": 0.9947764506706824,
        "val.rsbpp": 0.9719976920347947,
        "train.cover_score": -0.19806038056500255,
        "train.generated_score": -0.19861659681424498,
        "val.cover_score": -0.3515296761806195,
        "val.generated_score": -0.35862351380861723,
        "epoch": 17
    },
    {
        "train.encoder_mse": 0.0002832992994808592,
        "train.decoder_loss": 0.03364308956079185,
        "train.decoder_acc": 0.9882921659946442,
        "val.encoder_mse": 0.0003386338223488285,
        "val.decoder_loss": 0.03319841035856651,
        "val.decoder_acc": 0.9885469262416546,
        "val.ssim": 0.9702038077207712,
        "val.psnr": 40.74319032522348,
        "val.wpsnr": 40.87636712881235,
        "val.fsim": 0.9938410658102769,
        "val.rsbpp": 0.9770938524833093,
        "train.cover_score": -0.14283463017083706,
        "train.generated_score": -0.13542191188549624,
        "val.cover_score": -0.18884360503691894,
        "val.generated_score": -0.1766607595177797,
        "epoch": 18
    },
    {
        "train.encoder_mse": 0.00026415716914925726,
        "train.decoder_loss": 0.03162170529831201,
        "train.decoder_acc": 0.9890516197681427,
        "val.encoder_mse": 0.00024789403631495166,
        "val.decoder_loss": 0.039491369317357354,
        "val.decoder_acc": 0.9862072651202862,
        "val.ssim": 0.9804630967286917,
        "val.psnr": 42.13712472182054,
        "val.wpsnr": 42.29785889845628,
        "val.fsim": 0.9964260688194861,
        "val.rsbpp": 0.9724145302405725,
        "train.cover_score": -1.003319942355156,
        "train.generated_score": -0.9991413787007332,
        "val.cover_score": -0.3276560168999892,
        "val.generated_score": -0.33007431947267973,
        "epoch": 19
    },
    {
        "train.encoder_mse": 0.0002361303109501023,
        "train.decoder_loss": 0.02766986099071801,
        "train.decoder_acc": 0.990242714881897,
        "val.encoder_mse": 0.00033469412189263565,
        "val.decoder_loss": 0.053039091997421704,
        "val.decoder_acc": 0.9809892131732061,
        "val.ssim": 0.9659551840562087,
        "val.psnr": 40.85041302901048,
        "val.wpsnr": 40.97828938410832,
        "val.fsim": 0.993661683339339,
        "val.rsbpp": 0.9619784263464121,
        "train.cover_score": -0.1638898937846534,
        "train.generated_score": -0.16386192088015378,
        "val.cover_score": -0.02259492014463131,
        "val.generated_score": 0.006441722337443095,
        "epoch": 20
    },
    {
        "train.encoder_mse": 0.00025680585502414033,
        "train.decoder_loss": 0.026939292843453585,
        "train.decoder_acc": 0.9906707370281219,
        "val.encoder_mse": 0.0002662820882575873,
        "val.decoder_loss": 0.03786081004028137,
        "val.decoder_acc": 0.9864708689542917,
        "val.ssim": 0.9798032366312467,
        "val.psnr": 41.82112877185528,
        "val.wpsnr": 41.97455596923828,
        "val.fsim": 0.9966286099874057,
        "val.rsbpp": 0.9729417379085834,
        "train.cover_score": -0.16298069857279188,
        "train.generated_score": -0.16763857253303285,
        "val.cover_score": -0.4027365560715015,
        "val.generated_score": -0.405789132301624,
        "epoch": 21
    },
    {
        "train.encoder_mse": 0.0002237857425643597,
        "train.decoder_loss": 0.022957483204081655,
        "train.decoder_acc": 0.9919370085000991,
        "val.encoder_mse": 0.0002181673782895534,
        "val.decoder_loss": 0.05349065334751056,
        "val.decoder_acc": 0.981063173367427,
        "val.ssim": 0.9810686569947463,
        "val.psnr": 42.682643303504356,
        "val.wpsnr": 42.82831074641301,
        "val.fsim": 0.9971803289193374,
        "val.rsbpp": 0.9621263467348539,
        "train.cover_score": -0.32489577136933806,
        "train.generated_score": -0.33079434648156164,
        "val.cover_score": -0.2303775056050374,
        "val.generated_score": -0.23136799954451048,
        "epoch": 22
    },
    {
        "train.encoder_mse": 0.00022541351761901752,
        "train.decoder_loss": 0.022485988736152648,
        "train.decoder_acc": 0.992150423526764,
        "val.encoder_mse": 0.0002792782123343876,
        "val.decoder_loss": 0.04263470479502128,
        "val.decoder_acc": 0.9842683122708247,
        "val.ssim": 0.9772718044427725,
        "val.psnr": 41.64258975249071,
        "val.wpsnr": 41.77783437875601,
        "val.fsim": 0.9959477553000817,
        "val.rsbpp": 0.9685366245416495,
        "train.cover_score": -0.2308445005491376,
        "train.generated_score": -0.23237571111880242,
        "val.cover_score": -0.2911308774581322,
        "val.generated_score": -0.2960406622061363,
        "epoch": 23
    },
    {
        "train.encoder_mse": 0.00031822039585676975,
        "train.decoder_loss": 0.03316749341785908,
        "train.decoder_acc": 0.9877151894569397,
        "val.encoder_mse": 0.0003254510095128073,
        "val.decoder_loss": 0.08352287658132039,
        "val.decoder_acc": 0.970264196395874,
        "val.ssim": 0.9688953115389898,
        "val.psnr": 40.97331450535701,
        "val.wpsnr": 41.10550044133113,
        "val.fsim": 0.9941377914868869,
        "val.rsbpp": 0.940528392791748,
        "train.cover_score": -0.055575163755565885,
        "train.generated_score": -0.02144990216009319,
        "val.cover_score": -0.40980483247683597,
        "val.generated_score": -0.40623803780629086,
        "epoch": 24
    },
    {
        "train.encoder_mse": 0.00022190244286321103,
        "train.decoder_loss": 0.018760422938503326,
        "train.decoder_acc": 0.9933980232477189,
        "val.encoder_mse": 0.0001987400352775764,
        "val.decoder_loss": 0.039216702302488,
        "val.decoder_acc": 0.9866558221670297,
        "val.ssim": 0.9852907520074111,
        "val.psnr": 43.122442318842964,
        "val.wpsnr": 43.279646359957184,
        "val.fsim": 0.9979903835516709,
        "val.rsbpp": 0.9733116443340595,
        "train.cover_score": -0.30843156784772874,
        "train.generated_score": -0.30949587225914,
        "val.cover_score": -0.33584752908119786,
        "val.generated_score": -0.33833093368090117,
        "epoch": 25
    },
    {
        "train.encoder_mse": 0.0002223797718761489,
        "train.decoder_loss": 0.021725467066280545,
        "train.decoder_acc": 0.9925526309013367,
        "val.encoder_mse": 0.00023997065727598965,
        "val.decoder_loss": 0.02578388133014624,
        "val.decoder_acc": 0.9908236815379217,
        "val.ssim": 0.9791369071373572,
        "val.psnr": 42.31061972104586,
        "val.wpsnr": 42.45286090557392,
        "val.fsim": 0.9974245520738455,
        "val.rsbpp": 0.9816473630758432,
        "train.cover_score": -0.15325799401383847,
        "train.generated_score": -0.1524102506460622,
        "val.cover_score": -0.5065894791713128,
        "val.generated_score": -0.5107709559110495,
        "epoch": 26
    },
    {
        "train.encoder_mse": 0.0001933358448150102,
        "train.decoder_loss": 0.01967060612514615,
        "train.decoder_acc": 0.9932635229825973,
        "val.encoder_mse": 0.00019984419094935918,
        "val.decoder_loss": 0.02456476431913101,
        "val.decoder_acc": 0.9916961238934443,
        "val.ssim": 0.98520349080746,
        "val.psnr": 43.09192217313326,
        "val.wpsnr": 43.268924713134766,
        "val.fsim": 0.9977371646807744,
        "val.rsbpp": 0.9833922477868887,
        "train.cover_score": -0.5447934295237065,
        "train.generated_score": -0.5429543447494507,
        "val.cover_score": -0.21157355950428888,
        "val.generated_score": -0.2127880614537459,
        "epoch": 27
    },
    {
        "train.encoder_mse": 0.00018579473042336757,
        "train.decoder_loss": 0.01579085051547736,
        "train.decoder_acc": 0.9945954263210297,
        "val.encoder_mse": 0.00022339628328784154,
        "val.decoder_loss": 0.031917667732788965,
        "val.decoder_acc": 0.9886941313743591,
        "val.ssim": 0.9843533360041105,
        "val.psnr": 42.62625547555777,
        "val.wpsnr": 42.78901408268855,
        "val.fsim": 0.9977407913941604,
        "val.rsbpp": 0.9773882627487183,
        "train.cover_score": -0.279821393340826,
        "train.generated_score": -0.28150164857506754,
        "val.cover_score": -0.32911287592007565,
        "val.generated_score": -0.33101598574565005,
        "epoch": 28
    },
    {
        "train.encoder_mse": 0.00018381730325927492,
        "train.decoder_loss": 0.017154522794298827,
        "train.decoder_acc": 0.9943380582332612,
        "val.encoder_mse": 0.00020075814301470437,
        "val.decoder_loss": 0.025489721805430375,
        "val.decoder_acc": 0.9911117003514216,
        "val.ssim": 0.985006951368772,
        "val.psnr": 43.13116477085994,
        "val.wpsnr": 43.29500022301307,
        "val.fsim": 0.9977872050725497,
        "val.rsbpp": 0.9822234007028433,
        "train.cover_score": -0.24247217990458012,
        "train.generated_score": -0.2444745310395956,
        "val.cover_score": -0.17264525076517692,
        "val.generated_score": -0.1788535828773792,
        "epoch": 29
    },
    {
        "train.encoder_mse": 0.00018017472684732637,
        "train.decoder_loss": 0.01949997185729444,
        "train.decoder_acc": 0.9938029390573502,
        "val.encoder_mse": 0.00018474550877447025,
        "val.decoder_loss": 0.04778245714708017,
        "val.decoder_acc": 0.9842736491790185,
        "val.ssim": 0.984972921701578,
        "val.psnr": 43.39596124795767,
        "val.wpsnr": 43.541031470665565,
        "val.fsim": 0.9981975601269648,
        "val.rsbpp": 0.9685472983580369,
        "train.cover_score": -0.22660700155422092,
        "train.generated_score": -0.22808771538548173,
        "val.cover_score": -0.03481127199931787,
        "val.generated_score": -0.036867549195169255,
        "epoch": 30
    },
    {
        "train.encoder_mse": 0.0001850850986375008,
        "train.decoder_loss": 0.01893976444378495,
        "train.decoder_acc": 0.9936035466194153,
        "val.encoder_mse": 0.0002063476556661324,
        "val.decoder_loss": 0.031044288896597348,
        "val.decoder_acc": 0.989634747688587,
        "val.ssim": 0.9839269243753873,
        "val.psnr": 42.94307782099797,
        "val.wpsnr": 43.09534366314228,
        "val.fsim": 0.9978888768416184,
        "val.rsbpp": 0.9792694953771738,
        "train.cover_score": -0.3720876013254747,
        "train.generated_score": -0.37569300710689274,
        "val.cover_score": -0.2011892947439964,
        "val.generated_score": -0.21415113715025094,
        "epoch": 31
    },
    {
        "train.encoder_mse": 0.0001943167360877851,
        "train.decoder_loss": 0.021039433281403036,
        "train.decoder_acc": 0.9930366671085358,
        "val.encoder_mse": 0.00017512630550369906,
        "val.decoder_loss": 0.042657869366499096,
        "val.decoder_acc": 0.9855077725190383,
        "val.ssim": 0.9856681823730469,
        "val.psnr": 43.69751710158128,
        "val.wpsnr": 43.86292736346905,
        "val.fsim": 0.9967259902220506,
        "val.rsbpp": 0.9710155450380765,
        "train.cover_score": -0.5467233381420374,
        "train.generated_score": -0.5505563525855541,
        "val.cover_score": -0.7283010391088632,
        "val.generated_score": -0.7214796497271612,
        "epoch": 32
    }
]