[
    {
        "train.encoder_mse": 0.00020367841319239233,
        "train.decoder_loss": 0.6941254534721375,
        "train.decoder_acc": 0.500314044713974,
        "val.encoder_mse": 1.5079566896019969e-05,
        "val.decoder_loss": 0.69326877784729,
        "val.decoder_acc": 0.5000223429203033,
        "val.ssim": 0.997959059715271,
        "val.psnr": 54.246732215881345,
        "val.wpsnr": 54.299275787353515,
        "val.fsim": 0.999010338306427,
        "val.rsbpp": 0.0001787433624267578,
        "train.cover_score": 0.22180026765540242,
        "train.generated_score": 0.22435070151090622,
        "val.cover_score": 0.2190956380367279,
        "val.generated_score": 0.2191119910478592,
        "epoch": 1
    },
    {
        "train.encoder_mse": 2.0117146319535095e-05,
        "train.decoder_loss": 0.6932266373634338,
        "train.decoder_acc": 0.5003816332817078,
        "val.encoder_mse": 3.240336627641227e-05,
        "val.decoder_loss": 0.6932030344009399,
        "val.decoder_acc": 0.5001576752662659,
        "val.ssim": 0.9967371764183044,
        "val.psnr": 50.91979412078857,
        "val.wpsnr": 51.00271728515625,
        "val.fsim": 0.9994409427642822,
        "val.rsbpp": 0.001261402130126953,
        "train.cover_score": 0.12924633690714837,
        "train.generated_score": 0.12938770620524884,
        "val.cover_score": 0.0268518738001585,
        "val.generated_score": 0.026788619488477706,
        "epoch": 2
    },
    {
        "train.encoder_mse": 2.523589549355165e-06,
        "train.decoder_loss": 0.6931832966804504,
        "train.decoder_acc": 0.5009546139240265,
        "val.encoder_mse": 3.4488395886000944e-06,
        "val.decoder_loss": 0.6931775650978088,
        "val.decoder_acc": 0.5003344104290008,
        "val.ssim": 0.999635666847229,
        "val.psnr": 60.69052730560303,
        "val.wpsnr": 60.76618188476562,
        "val.fsim": 0.9994103345870972,
        "val.rsbpp": 0.0026752834320068358,
        "train.cover_score": 0.05904589903354645,
        "train.generated_score": 0.05902716904878616,
        "val.cover_score": 0.07397267657518387,
        "val.generated_score": 0.07397035771608353,
        "epoch": 3
    },
    {
        "train.encoder_mse": 7.450201776464383e-07,
        "train.decoder_loss": 0.6931723685264587,
        "train.decoder_acc": 0.5008544378280639,
        "val.encoder_mse": 1.1045221457607113e-05,
        "val.decoder_loss": 0.6931670522689819,
        "val.decoder_acc": 0.50024489569664,
        "val.ssim": 0.9992455267906188,
        "val.psnr": 55.593664207458495,
        "val.wpsnr": 55.65736575317383,
        "val.fsim": 0.9992597260475159,
        "val.rsbpp": 0.001959165573120117,
        "train.cover_score": 0.11007217043638229,
        "train.generated_score": 0.1100717185139656,
        "val.cover_score": 0.1026239551305771,
        "val.generated_score": 0.10264583289623261,
        "epoch": 4
    },
    {
        "train.encoder_mse": 3.0437099269420286e-07,
        "train.decoder_loss": 0.6931610307693481,
        "train.decoder_acc": 0.5010623061656951,
        "val.encoder_mse": 7.73409711473505e-06,
        "val.decoder_loss": 0.6931597104072571,
        "val.decoder_acc": 0.5005495455265045,
        "val.ssim": 0.9994670090675354,
        "val.psnr": 57.15792625427246,
        "val.wpsnr": 57.23130960083008,
        "val.fsim": 0.999337673664093,
        "val.rsbpp": 0.004396364212036132,
        "train.cover_score": 0.09204797476530074,
        "train.generated_score": 0.09203873926401138,
        "val.cover_score": 0.10049306118488312,
        "val.generated_score": 0.10051049745082855,
        "epoch": 5
    },
    {
        "train.encoder_mse": 1.9685277356984443e-07,
        "train.decoder_loss": 0.6931588153839111,
        "train.decoder_acc": 0.5015805139541626,
        "val.encoder_mse": 1.0789432672027033e-05,
        "val.decoder_loss": 0.6931626210212708,
        "val.decoder_acc": 0.5003700494766236,
        "val.ssim": 0.9990970582962037,
        "val.psnr": 55.703882713317874,
        "val.wpsnr": 55.778467224121094,
        "val.fsim": 0.9994907507896423,
        "val.rsbpp": 0.002960395812988281,
        "train.cover_score": 0.10149657481908798,
        "train.generated_score": 0.10148224407434464,
        "val.cover_score": 0.10451699477434158,
        "val.generated_score": 0.10454258465766907,
        "epoch": 6
    },
    {
        "train.encoder_mse": 1.4441798361986002e-07,
        "train.decoder_loss": 0.693153486251831,
        "train.decoder_acc": 0.5019216046333314,
        "val.encoder_mse": 9.697168290585977e-06,
        "val.decoder_loss": 0.6931570482254028,
        "val.decoder_acc": 0.5005473389625549,
        "val.ssim": 0.9993105525970459,
        "val.psnr": 56.170220947265626,
        "val.wpsnr": 56.239321716308595,
        "val.fsim": 0.9994419388771058,
        "val.rsbpp": 0.004378711700439453,
        "train.cover_score": 0.11831661206483841,
        "train.generated_score": 0.1182896655201912,
        "val.cover_score": 0.1404827229976654,
        "val.generated_score": 0.14052466034889222,
        "epoch": 7
    },
    {
        "train.encoder_mse": 3.3310987293475593e-06,
        "train.decoder_loss": 0.6865382375717163,
        "train.decoder_acc": 0.5309057965278625,
        "val.encoder_mse": 6.470700184581802e-05,
        "val.decoder_loss": 0.6969518933296204,
        "val.decoder_acc": 0.5031694912910462,
        "val.ssim": 0.9974933271408081,
        "val.psnr": 47.91515224456787,
        "val.wpsnr": 47.91301351928711,
        "val.fsim": 0.99968230676651,
        "val.rsbpp": 0.02535593032836914,
        "train.cover_score": 0.13480824299156666,
        "train.generated_score": 0.13390196074545382,
        "val.cover_score": 0.3180035045146942,
        "val.generated_score": 0.3244517607688904,
        "epoch": 8
    },
    {
        "train.encoder_mse": 0.0010875630356385955,
        "train.decoder_loss": 0.6231484704017639,
        "train.decoder_acc": 0.6143935503959655,
        "val.encoder_mse": 9.392907604342327e-05,
        "val.decoder_loss": 0.7023334875106811,
        "val.decoder_acc": 0.5228335509300231,
        "val.ssim": 0.9912973046302795,
        "val.psnr": 46.31336521148682,
        "val.wpsnr": 46.35221389770508,
        "val.fsim": 0.997763623714447,
        "val.rsbpp": 0.18266840744018556,
        "train.cover_score": 1.1585634695272893,
        "train.generated_score": 1.1666774975135923,
        "val.cover_score": 0.9017977547645569,
        "val.generated_score": 0.9038594970703125,
        "epoch": 9
    },
    {
        "train.encoder_mse": 0.0011792063681641594,
        "train.decoder_loss": 0.5868213753700257,
        "train.decoder_acc": 0.6161147060394288,
        "val.encoder_mse": 0.00029105479223653674,
        "val.decoder_loss": 0.6932190804481506,
        "val.decoder_acc": 0.5029686779975892,
        "val.ssim": 0.9892598729133606,
        "val.psnr": 41.41227230072022,
        "val.wpsnr": 41.445456115722656,
        "val.fsim": 0.9922097277641296,
        "val.rsbpp": 0.02374942398071289,
        "train.cover_score": 3.3392310447692872,
        "train.generated_score": 3.359374162405729,
        "val.cover_score": -0.5596606154441833,
        "val.generated_score": -0.5333090680837631,
        "epoch": 10
    },
    {
        "train.encoder_mse": 0.0009215780490776524,
        "train.decoder_loss": 0.5802846932411194,
        "train.decoder_acc": 0.607660032749176,
        "val.encoder_mse": 0.00045892762765288353,
        "val.decoder_loss": 0.630377197265625,
        "val.decoder_acc": 0.6165905637741089,
        "val.ssim": 0.9705428037643432,
        "val.psnr": 39.41903778076172,
        "val.wpsnr": 39.50365631103516,
        "val.fsim": 0.9879932503700256,
        "val.rsbpp": 0.9327245101928711,
        "train.cover_score": -0.3880813593864441,
        "train.generated_score": -0.3858555508852005,
        "val.cover_score": -0.42650976657867434,
        "val.generated_score": -0.4425276186466217,
        "epoch": 11
    },
    {
        "train.encoder_mse": 0.0012283242944977246,
        "train.decoder_loss": 0.551595848083496,
        "train.decoder_acc": 0.6223515944480896,
        "val.encoder_mse": 0.002075621359050274,
        "val.decoder_loss": 0.676123631477356,
        "val.decoder_acc": 0.5290905289649963,
        "val.ssim": 0.9550417413711548,
        "val.psnr": 32.85595211029053,
        "val.wpsnr": 32.92899282836914,
        "val.fsim": 0.9902346558570861,
        "val.rsbpp": 0.2327242317199707,
        "train.cover_score": 2.6464015018045903,
        "train.generated_score": 2.629370829105377,
        "val.cover_score": 8.000340438842773,
        "val.generated_score": 8.018161437988281,
        "epoch": 12
    },
    {
        "train.encoder_mse": 0.0007814835932804272,
        "train.decoder_loss": 0.6476995162963867,
        "train.decoder_acc": 0.5513656449317932,
        "val.encoder_mse": 0.00030095406481996177,
        "val.decoder_loss": 0.6606842575073242,
        "val.decoder_acc": 0.5334161701202392,
        "val.ssim": 0.9823127150535583,
        "val.psnr": 41.30901910781861,
        "val.wpsnr": 41.400433959960935,
        "val.fsim": 0.9818024835586547,
        "val.rsbpp": 0.26732936096191406,
        "train.cover_score": 3.6292259706370533,
        "train.generated_score": 3.612975434785709,
        "val.cover_score": -0.4044677667617798,
        "val.generated_score": -0.40800487756729126,
        "epoch": 13
    },
    {
        "train.encoder_mse": 0.00034143036114983263,
        "train.decoder_loss": 0.5363057909011841,
        "train.decoder_acc": 0.6275874028205871,
        "val.encoder_mse": 0.001303574559278786,
        "val.decoder_loss": 0.6724350323677063,
        "val.decoder_acc": 0.6184888186454773,
        "val.ssim": 0.9598734793663025,
        "val.psnr": 34.87209575653076,
        "val.wpsnr": 34.97139862060547,
        "val.fsim": 0.9851252675056458,
        "val.rsbpp": 0.9479105491638183,
        "train.cover_score": -0.3052529080919921,
        "train.generated_score": -0.30845733469724657,
        "val.cover_score": -0.4119301588535309,
        "val.generated_score": -0.4179411752223969,
        "epoch": 14
    },
    {
        "train.encoder_mse": 0.000850765552604571,
        "train.decoder_loss": 0.6013459978103638,
        "train.decoder_acc": 0.5850002913475036,
        "val.encoder_mse": 0.0034420158341526984,
        "val.decoder_loss": 0.6648681755065918,
        "val.decoder_acc": 0.5282583937644959,
        "val.ssim": 0.9517497096061707,
        "val.psnr": 30.68720125198364,
        "val.wpsnr": 30.75278288269043,
        "val.fsim": 0.9786371006965637,
        "val.rsbpp": 0.2260671501159668,
        "train.cover_score": 28.145258842051028,
        "train.generated_score": 27.98785015076399,
        "val.cover_score": -0.2434786976054311,
        "val.generated_score": -0.15864883483946324,
        "epoch": 15
    },
    {
        "train.encoder_mse": 0.0007137759157922119,
        "train.decoder_loss": 0.5606084041595459,
        "train.decoder_acc": 0.6094231467247009,
        "val.encoder_mse": 0.0002709656842052937,
        "val.decoder_loss": 0.6857499084472656,
        "val.decoder_acc": 0.6077786402702332,
        "val.ssim": 0.9767616105079651,
        "val.psnr": 41.69590221405029,
        "val.wpsnr": 41.79750067138672,
        "val.fsim": 0.9943206157684327,
        "val.rsbpp": 0.8622291221618652,
        "train.cover_score": -0.23040013856859878,
        "train.generated_score": -0.23020708350616043,
        "val.cover_score": -0.16812826085090637,
        "val.generated_score": -0.17815818476676942,
        "epoch": 16
    },
    {
        "train.encoder_mse": 0.00017529027769342065,
        "train.decoder_loss": 0.5213688297271728,
        "train.decoder_acc": 0.6290184879302978,
        "val.encoder_mse": 0.00041432175668887794,
        "val.decoder_loss": 0.6870450711250305,
        "val.decoder_acc": 0.5366788320541381,
        "val.ssim": 0.9774488801956177,
        "val.psnr": 39.84978620529175,
        "val.wpsnr": 39.90219088745117,
        "val.fsim": 0.9920966930389404,
        "val.rsbpp": 0.29343065643310545,
        "train.cover_score": -0.13799838251248003,
        "train.generated_score": -0.15133460979163646,
        "val.cover_score": -0.3706391272544861,
        "val.generated_score": -0.37091707420349124,
        "epoch": 17
    },
    {
        "train.encoder_mse": 0.0043828228577040135,
        "train.decoder_loss": 0.558929358959198,
        "train.decoder_acc": 0.6144667496681213,
        "val.encoder_mse": 0.004280337764881551,
        "val.decoder_loss": 0.6871972560882569,
        "val.decoder_acc": 0.5271117658615112,
        "val.ssim": 0.9640122742652893,
        "val.psnr": 29.970937995910646,
        "val.wpsnr": 30.074982971191407,
        "val.fsim": 0.912156129360199,
        "val.rsbpp": 0.21689412689208984,
        "train.cover_score": 1.0157560071665794,
        "train.generated_score": 1.0404110404103994,
        "val.cover_score": 2.1880615634918215,
        "val.generated_score": 2.2002025566101073,
        "epoch": 18
    },
    {
        "train.encoder_mse": 0.001682443536585197,
        "train.decoder_loss": 0.5508899846076966,
        "train.decoder_acc": 0.6194437708854675,
        "val.encoder_mse": 0.0008268274529837072,
        "val.decoder_loss": 0.6878588881492614,
        "val.decoder_acc": 0.5255824103355408,
        "val.ssim": 0.9731404423713684,
        "val.psnr": 36.85008514404297,
        "val.wpsnr": 36.9440888671875,
        "val.fsim": 0.9955376234054566,
        "val.rsbpp": 0.20465928268432618,
        "train.cover_score": 1.530015487671597,
        "train.generated_score": 1.5152908365022157,
        "val.cover_score": 3.1361997146606444,
        "val.generated_score": 3.1077354049682615,
        "epoch": 19
    },
    {
        "train.encoder_mse": 0.010724872957798653,
        "train.decoder_loss": 0.640400797367096,
        "train.decoder_acc": 0.5572219843864441,
        "val.encoder_mse": 0.00022508142155129463,
        "val.decoder_loss": 0.6529497437477112,
        "val.decoder_acc": 0.5345915017127991,
        "val.ssim": 0.9830852904319763,
        "val.psnr": 42.563298835754395,
        "val.wpsnr": 42.63442761230469,
        "val.fsim": 0.9878989295959473,
        "val.rsbpp": 0.2767320137023926,
        "train.cover_score": 9.770096647024154,
        "train.generated_score": 9.897829620361328,
        "val.cover_score": -0.8328426198959351,
        "val.generated_score": -0.8375191416740417,
        "epoch": 20
    },
    {
        "train.encoder_mse": 0.0004414537752745673,
        "train.decoder_loss": 0.5940046381950378,
        "train.decoder_acc": 0.5882061977386475,
        "val.encoder_mse": 0.0005469511395785958,
        "val.decoder_loss": 0.6789937319755555,
        "val.decoder_acc": 0.5241637263298035,
        "val.ssim": 0.9824952058792115,
        "val.psnr": 38.71865699768066,
        "val.wpsnr": 38.770156402587894,
        "val.fsim": 0.9879913096427917,
        "val.rsbpp": 0.19330981063842773,
        "train.cover_score": 2.4804570543169975,
        "train.generated_score": 2.4393434984982014,
        "val.cover_score": 1.6097506790161134,
        "val.generated_score": 1.6021681747436523,
        "epoch": 21
    },
    {
        "train.encoder_mse": 0.0005284638962475583,
        "train.decoder_loss": 0.6496916904449462,
        "train.decoder_acc": 0.5502774333953857,
        "val.encoder_mse": 0.000256446638260968,
        "val.decoder_loss": 0.6849991903305054,
        "val.decoder_acc": 0.5142972235679626,
        "val.ssim": 0.9911410202980041,
        "val.psnr": 41.94612945556641,
        "val.wpsnr": 42.024045043945314,
        "val.fsim": 0.9968454704284668,
        "val.rsbpp": 0.11437778854370118,
        "train.cover_score": 4.363190719395876,
        "train.generated_score": 4.293088351592422,
        "val.cover_score": -0.062418536996468904,
        "val.generated_score": -0.07161305248783902,
        "epoch": 22
    },
    {
        "train.encoder_mse": 0.00034674758632900196,
        "train.decoder_loss": 0.655663465499878,
        "train.decoder_acc": 0.5383152050971984,
        "val.encoder_mse": 6.959057820495218e-05,
        "val.decoder_loss": 0.6816808619499206,
        "val.decoder_acc": 0.5160130014419556,
        "val.ssim": 0.9957896461486816,
        "val.psnr": 47.62379539489746,
        "val.wpsnr": 47.67464489746094,
        "val.fsim": 0.9972875804901123,
        "val.rsbpp": 0.12810401153564452,
        "train.cover_score": 3.467163972184062,
        "train.generated_score": 3.4493732206448913,
        "val.cover_score": 0.29291856110095976,
        "val.generated_score": 0.2807092351913452,
        "epoch": 23
    },
    {
        "train.encoder_mse": 0.0011925250233471162,
        "train.decoder_loss": 0.6826939539909362,
        "train.decoder_acc": 0.5161955533027649,
        "val.encoder_mse": 6.565784526173956e-05,
        "val.decoder_loss": 0.6865269508361816,
        "val.decoder_acc": 0.5115451974868774,
        "val.ssim": 0.996484528541565,
        "val.psnr": 47.863402404785155,
        "val.wpsnr": 47.8950048828125,
        "val.fsim": 0.9989352912902832,
        "val.rsbpp": 0.09236157989501953,
        "train.cover_score": 1.3694419997259974,
        "train.generated_score": 1.376050662279129,
        "val.cover_score": -0.5850899333357811,
        "val.generated_score": -0.5812437365651131,
        "epoch": 24
    },
    {
        "train.encoder_mse": 0.0002542203733173665,
        "train.decoder_loss": 0.6472068891525269,
        "train.decoder_acc": 0.542897864818573,
        "val.encoder_mse": 0.00016977751901140435,
        "val.decoder_loss": 0.6987995562553406,
        "val.decoder_acc": 0.5692956447601318,
        "val.ssim": 0.9909594774246215,
        "val.psnr": 43.85091575622559,
        "val.wpsnr": 43.974396209716794,
        "val.fsim": 0.9803357753753662,
        "val.rsbpp": 0.5543651580810547,
        "train.cover_score": -0.15588179741799832,
        "train.generated_score": -0.15038596892356873,
        "val.cover_score": -0.20973498541861774,
        "val.generated_score": -0.5700989770889282,
        "epoch": 25
    },
    {
        "train.encoder_mse": 0.0006041979526053183,
        "train.decoder_loss": 0.6682157850265503,
        "train.decoder_acc": 0.5290928783416748,
        "val.encoder_mse": 0.00048686126712709665,
        "val.decoder_loss": 0.6632802605628967,
        "val.decoder_acc": 0.5268341908454895,
        "val.ssim": 0.9782921891212464,
        "val.psnr": 39.166875247955325,
        "val.wpsnr": 39.24125296020508,
        "val.fsim": 0.993347424030304,
        "val.rsbpp": 0.21467352676391602,
        "train.cover_score": 9.257287038248032,
        "train.generated_score": 9.304836836241186,
        "val.cover_score": -0.17569036778062583,
        "val.generated_score": -0.17418837741203605,
        "epoch": 26
    },
    {
        "train.encoder_mse": 0.0004033927753334865,
        "train.decoder_loss": 0.6634748420715332,
        "train.decoder_acc": 0.5279221248626709,
        "val.encoder_mse": 0.0003877846150426194,
        "val.decoder_loss": 0.6692613563537597,
        "val.decoder_acc": 0.5236960134506226,
        "val.ssim": 0.984028413772583,
        "val.psnr": 40.21778856277466,
        "val.wpsnr": 40.28613885498047,
        "val.fsim": 0.9918477449417115,
        "val.rsbpp": 0.18956810760498047,
        "train.cover_score": 1.6636850900352,
        "train.generated_score": 1.6616854731440545,
        "val.cover_score": 0.6426058144569397,
        "val.generated_score": 0.626509215593338,
        "epoch": 27
    },
    {
        "train.encoder_mse": 0.0007578275796258822,
        "train.decoder_loss": 0.6753903298377991,
        "train.decoder_acc": 0.5216194925308227,
        "val.encoder_mse": 0.0005424357398878783,
        "val.decoder_loss": 0.6776260690689087,
        "val.decoder_acc": 0.5184685072898865,
        "val.ssim": 0.9817624053955079,
        "val.psnr": 38.75709075927735,
        "val.wpsnr": 38.861009094238284,
        "val.fsim": 0.9972542901039123,
        "val.rsbpp": 0.1477480583190918,
        "train.cover_score": 2.133459756374359,
        "train.generated_score": 2.13538889503479,
        "val.cover_score": 0.7623871524333954,
        "val.generated_score": 0.733969603061676,
        "epoch": 28
    },
    {
        "train.encoder_mse": 0.000883019981556572,
        "train.decoder_loss": 0.6188448619842529,
        "train.decoder_acc": 0.5682374396324158,
        "val.encoder_mse": 0.008245100658386946,
        "val.decoder_loss": 0.6915681052207947,
        "val.decoder_acc": 0.5069117789268494,
        "val.ssim": 0.9267179021835327,
        "val.psnr": 26.91297510147095,
        "val.wpsnr": 26.937074127197267,
        "val.fsim": 0.9161599907875061,
        "val.rsbpp": 0.05529423141479492,
        "train.cover_score": 13.263770479917527,
        "train.generated_score": 13.299633301973342,
        "val.cover_score": 1.197299620628357,
        "val.generated_score": 1.2511469554901122,
        "epoch": 29
    },
    {
        "train.encoder_mse": 0.0013339059409918264,
        "train.decoder_loss": 0.6782266583442688,
        "train.decoder_acc": 0.5179048404693604,
        "val.encoder_mse": 0.00065628145262599,
        "val.decoder_loss": 0.6665505704879761,
        "val.decoder_acc": 0.5243835310935974,
        "val.ssim": 0.9769064226150512,
        "val.psnr": 37.89049562454224,
        "val.wpsnr": 37.92565148925781,
        "val.fsim": 0.9905745387077332,
        "val.rsbpp": 0.1950682487487793,
        "train.cover_score": 0.22305067088268699,
        "train.generated_score": 0.22408713056892157,
        "val.cover_score": 0.7735029337853193,
        "val.generated_score": 0.8183589112758637,
        "epoch": 30
    },
    {
        "train.encoder_mse": 0.0006846517261001281,
        "train.decoder_loss": 0.6738862280845642,
        "train.decoder_acc": 0.5200441975593567,
        "val.encoder_mse": 0.0005057659887243062,
        "val.decoder_loss": 0.685586606502533,
        "val.decoder_acc": 0.5111489095687867,
        "val.ssim": 0.9824450421333313,
        "val.psnr": 39.00090135574341,
        "val.wpsnr": 39.03974954223633,
        "val.fsim": 0.9970200328826905,
        "val.rsbpp": 0.08919127655029296,
        "train.cover_score": 2.2441270888084546,
        "train.generated_score": 2.2606762635572815,
        "val.cover_score": 0.26110898241540414,
        "val.generated_score": 0.2753071814868599,
        "epoch": 31
    },
    {
        "train.encoder_mse": 0.002318595900200307,
        "train.decoder_loss": 0.6691824827194214,
        "train.decoder_acc": 0.5253133029937744,
        "val.encoder_mse": 0.00024119744508061558,
        "val.decoder_loss": 0.6779651007652283,
        "val.decoder_acc": 0.5204936618804932,
        "val.ssim": 0.9885833387374878,
        "val.psnr": 42.20995391845703,
        "val.wpsnr": 42.267345001220704,
        "val.fsim": 0.9953901972770691,
        "val.rsbpp": 0.16394929504394531,
        "train.cover_score": 1.4859772337013855,
        "train.generated_score": 1.568274503979832,
        "val.cover_score": 1.6814269790649414,
        "val.generated_score": 1.6886845932006835,
        "epoch": 32
    }
]