[
    {
        "train.encoder_mse": 0.0018947534329709014,
        "train.decoder_loss": 0.6963910341262818,
        "train.decoder_acc": 0.5053114402294159,
        "val.encoder_mse": 6.153367184407006e-05,
        "val.decoder_loss": 0.6923942703467149,
        "val.decoder_acc": 0.5191975235939026,
        "val.ssim": 0.9938543714009799,
        "val.psnr": 48.1421815432035,
        "val.wpsnr": 48.23613064105694,
        "val.fsim": 0.9970833017275884,
        "val.rsbpp": 0.038395047187805176,
        "train.cover_score": -0.06707482017111033,
        "train.generated_score": -0.06622067552176304,
        "val.cover_score": 0.1306207925081253,
        "val.generated_score": 0.12962303654505655,
        "epoch": 1
    },
    {
        "train.encoder_mse": 0.0003441198313157656,
        "train.decoder_loss": 0.5367277672886849,
        "train.decoder_acc": 0.7072787141799927,
        "val.encoder_mse": 0.0008875271126341361,
        "val.decoder_loss": 0.4136318495640388,
        "val.decoder_acc": 0.8116609545854422,
        "val.ssim": 0.9429432658048776,
        "val.psnr": 36.55735199268047,
        "val.wpsnr": 36.68610294048603,
        "val.fsim": 0.9883216940439664,
        "val.rsbpp": 0.6233219091708844,
        "train.cover_score": -0.04890155965287704,
        "train.generated_score": -0.06088549092411995,
        "val.cover_score": -1.6145848310910738,
        "val.generated_score": -1.5555975345464854,
        "epoch": 2
    },
    {
        "train.encoder_mse": 0.002864962175663095,
        "train.decoder_loss": 0.35430181682109835,
        "train.decoder_acc": 0.8449000269174576,
        "val.encoder_mse": 0.0013548355603304047,
        "val.decoder_loss": 0.32180975721432614,
        "val.decoder_acc": 0.8637352310694181,
        "val.ssim": 0.9039944043526282,
        "val.psnr": 34.70456270071176,
        "val.wpsnr": 34.72527812077449,
        "val.fsim": 0.9936433251087482,
        "val.rsbpp": 0.7274704621388361,
        "train.cover_score": 1.6555871319957078,
        "train.generated_score": 1.7741556061804296,
        "val.cover_score": 0.9557619553345901,
        "val.generated_score": 0.9638629211829259,
        "epoch": 3
    },
    {
        "train.encoder_mse": 0.0024281092884484677,
        "train.decoder_loss": 0.2980770505964756,
        "train.decoder_acc": 0.8772019028663636,
        "val.encoder_mse": 0.013233597175433086,
        "val.decoder_loss": 0.41151867233789885,
        "val.decoder_acc": 0.817903981758998,
        "val.ssim": 0.8415933755727915,
        "val.psnr": 24.834053699786846,
        "val.wpsnr": 24.90125846862793,
        "val.fsim": 0.9646668800940881,
        "val.rsbpp": 0.635807963517996,
        "train.cover_score": 1.9531095259962603,
        "train.generated_score": 2.0842405060329474,
        "val.cover_score": 0.2989789694547653,
        "val.generated_score": 1.017997646632676,
        "epoch": 4
    },
    {
        "train.encoder_mse": 0.0022342475934419783,
        "train.decoder_loss": 0.31208903416991235,
        "train.decoder_acc": 0.8670285767316819,
        "val.encoder_mse": 0.0006700909624879176,
        "val.decoder_loss": 0.34912327848947966,
        "val.decoder_acc": 0.8487974130190336,
        "val.ssim": 0.9647316153232868,
        "val.psnr": 37.76635976938101,
        "val.wpsnr": 37.780100895808296,
        "val.fsim": 0.9937291053625253,
        "val.rsbpp": 0.6975948260380671,
        "train.cover_score": 2.555130317416042,
        "train.generated_score": 2.5938516192138197,
        "val.cover_score": 0.12245473380272205,
        "val.generated_score": 0.07296347618103027,
        "epoch": 5
    },
    {
        "train.encoder_mse": 0.001742819519713521,
        "train.decoder_loss": 0.28267124146223066,
        "train.decoder_acc": 0.8804411548376083,
        "val.encoder_mse": 0.0007836333870028073,
        "val.decoder_loss": 0.1607839006644029,
        "val.decoder_acc": 0.9425893150843107,
        "val.ssim": 0.9184841880431542,
        "val.psnr": 37.09167150350717,
        "val.wpsnr": 37.152696462777946,
        "val.fsim": 0.987354420698606,
        "val.rsbpp": 0.8851786301686213,
        "train.cover_score": 1.6129630619753152,
        "train.generated_score": 1.7409168100589887,
        "val.cover_score": -0.256779099886234,
        "val.generated_score": -0.25910132091778976,
        "epoch": 6
    },
    {
        "train.encoder_mse": 0.0007374860183335841,
        "train.decoder_loss": 0.14403166621923447,
        "train.decoder_acc": 0.9488214772939682,
        "val.encoder_mse": 0.0006551822835507875,
        "val.decoder_loss": 0.14508569125945753,
        "val.decoder_acc": 0.9466629578517034,
        "val.ssim": 0.9385745938007648,
        "val.psnr": 37.86169327222384,
        "val.wpsnr": 37.94914333636944,
        "val.fsim": 0.9820792537469131,
        "val.rsbpp": 0.8933259157034067,
        "train.cover_score": 0.12690410383045672,
        "train.generated_score": 0.13451325260102748,
        "val.cover_score": 0.662592718234429,
        "val.generated_score": 0.6535246395147764,
        "epoch": 7
    },
    {
        "train.encoder_mse": 0.0006446003209566697,
        "train.decoder_loss": 0.11625529631972313,
        "train.decoder_acc": 0.9598029315471649,
        "val.encoder_mse": 0.0006405005204634598,
        "val.decoder_loss": 0.08297125364725406,
        "val.decoder_acc": 0.9728700060110825,
        "val.ssim": 0.9375675504024212,
        "val.psnr": 37.96262465990507,
        "val.wpsnr": 38.04983843289889,
        "val.fsim": 0.9885696631211501,
        "val.rsbpp": 0.9457400120221652,
        "train.cover_score": 0.30388747703749686,
        "train.generated_score": 0.31642889850772915,
        "val.cover_score": -0.4286394784083733,
        "val.generated_score": -0.45172946269695574,
        "epoch": 8
    },
    {
        "train.encoder_mse": 0.0005549656815128401,
        "train.decoder_loss": 0.08723764631897211,
        "train.decoder_acc": 0.970458533167839,
        "val.encoder_mse": 0.0005049304141161534,
        "val.decoder_loss": 0.06179209454701497,
        "val.decoder_acc": 0.9809475082617539,
        "val.ssim": 0.9478717904824477,
        "val.psnr": 38.992029886979324,
        "val.wpsnr": 39.080441401554985,
        "val.fsim": 0.9922563754595243,
        "val.rsbpp": 0.961895016523508,
        "train.cover_score": -0.1732465570094064,
        "train.generated_score": -0.1708836533606518,
        "val.cover_score": -0.07785254014799228,
        "val.generated_score": -0.07933068046203026,
        "epoch": 9
    },
    {
        "train.encoder_mse": 0.0009115440724417567,
        "train.decoder_loss": 0.07574236314743757,
        "train.decoder_acc": 0.9736193281412124,
        "val.encoder_mse": 0.00037370834168261633,
        "val.decoder_loss": 0.14188829007057044,
        "val.decoder_acc": 0.9464610769198492,
        "val.ssim": 0.973943843291356,
        "val.psnr": 40.3161228620089,
        "val.wpsnr": 40.36104260958158,
        "val.fsim": 0.9958483760173504,
        "val.rsbpp": 0.8929221538396982,
        "train.cover_score": 1.2479961423412897,
        "train.generated_score": 1.3220364167587833,
        "val.cover_score": -1.0348275848306143,
        "val.generated_score": -0.9867352874806294,
        "epoch": 10
    },
    {
        "train.encoder_mse": 0.00047470378747675566,
        "train.decoder_loss": 0.06882670383900404,
        "train.decoder_acc": 0.976263718008995,
        "val.encoder_mse": 0.00047727260971441865,
        "val.decoder_loss": 0.07716462159386048,
        "val.decoder_acc": 0.9726158151259789,
        "val.ssim": 0.9583069727971003,
        "val.psnr": 39.25010479413546,
        "val.wpsnr": 39.36538666945238,
        "val.fsim": 0.9903734922409058,
        "val.rsbpp": 0.9452316302519578,
        "train.cover_score": -0.735763147957623,
        "train.generated_score": -0.7051287833461538,
        "val.cover_score": -1.2802528326327984,
        "val.generated_score": -1.2621974394871638,
        "epoch": 11
    },
    {
        "train.encoder_mse": 0.0003854837658582255,
        "train.decoder_loss": 0.047795521365478634,
        "train.decoder_acc": 0.9844372534751892,
        "val.encoder_mse": 0.0004369467362546577,
        "val.decoder_loss": 0.08208031465227787,
        "val.decoder_acc": 0.9705709906724783,
        "val.ssim": 0.9565345415702233,
        "val.psnr": 39.63310498457689,
        "val.wpsnr": 39.71447020310622,
        "val.fsim": 0.9904514367763813,
        "val.rsbpp": 0.9411419813449566,
        "train.cover_score": -0.5281370916962623,
        "train.generated_score": -0.5289941519498825,
        "val.cover_score": -0.5106138976720663,
        "val.generated_score": -0.5054901379805344,
        "epoch": 12
    },
    {
        "train.encoder_mse": 0.000364715864561731,
        "train.decoder_loss": 0.04005579805001616,
        "train.decoder_acc": 0.9868499213457107,
        "val.encoder_mse": 0.00039205611728203413,
        "val.decoder_loss": 0.04275753033848909,
        "val.decoder_acc": 0.9855161584340609,
        "val.ssim": 0.9687725855753972,
        "val.psnr": 40.115379736973686,
        "val.wpsnr": 40.246061471792366,
        "val.fsim": 0.9941950440406799,
        "val.rsbpp": 0.9710323168681219,
        "train.cover_score": -0.30681952672079205,
        "train.generated_score": -0.31574100531637667,
        "val.cover_score": -0.20691624255134508,
        "val.generated_score": -0.20909492843426192,
        "epoch": 13
    },
    {
        "train.encoder_mse": 0.0004089725302765146,
        "train.decoder_loss": 0.054241586588323114,
        "train.decoder_acc": 0.9810141575336456,
        "val.encoder_mse": 0.0003796836535912007,
        "val.decoder_loss": 0.09480459271715237,
        "val.decoder_acc": 0.9656996314342206,
        "val.ssim": 0.9610063754595243,
        "val.psnr": 40.247737627763016,
        "val.wpsnr": 40.33262076744666,
        "val.fsim": 0.9886075304104731,
        "val.rsbpp": 0.9313992628684411,
        "train.cover_score": 0.023630763883702458,
        "train.generated_score": 0.03825831926893443,
        "val.cover_score": -0.20660331100225449,
        "val.generated_score": -0.17609941959381104,
        "epoch": 14
    },
    {
        "train.encoder_mse": 0.0003383486083475873,
        "train.decoder_loss": 0.033225400783121584,
        "train.decoder_acc": 0.989142330288887,
        "val.encoder_mse": 0.0003476574985632816,
        "val.decoder_loss": 0.029171539542193595,
        "val.decoder_acc": 0.9909820143993084,
        "val.ssim": 0.9716452360153198,
        "val.psnr": 40.63928860884447,
        "val.wpsnr": 40.76862335205078,
        "val.fsim": 0.9957761764526367,
        "val.rsbpp": 0.9819640287986169,
        "train.cover_score": 0.01270215179072693,
        "train.generated_score": 0.01068853449076414,
        "val.cover_score": 0.0036108688845370826,
        "val.generated_score": -0.0005315647084409228,
        "epoch": 15
    },
    {
        "train.encoder_mse": 0.0003095791529631242,
        "train.decoder_loss": 0.029527655793353914,
        "train.decoder_acc": 0.9905602484941483,
        "val.encoder_mse": 0.00034539833387288335,
        "val.decoder_loss": 0.03025576715859083,
        "val.decoder_acc": 0.990253590620481,
        "val.ssim": 0.9705510964760413,
        "val.psnr": 40.676594697512115,
        "val.wpsnr": 40.81505848811223,
        "val.fsim": 0.9956714373368484,
        "val.rsbpp": 0.9805071812409621,
        "train.cover_score": 0.008248678623713203,
        "train.generated_score": 0.006913387093227356,
        "val.cover_score": -0.029385482265542332,
        "val.generated_score": -0.031930952391121536,
        "epoch": 16
    },
    {
        "train.encoder_mse": 0.0003073542544734664,
        "train.decoder_loss": 0.027252735332585872,
        "train.decoder_acc": 0.991146410703659,
        "val.encoder_mse": 0.0002917468977662233,
        "val.decoder_loss": 0.034968176211875215,
        "val.decoder_acc": 0.9886585840812097,
        "val.ssim": 0.9749765808765705,
        "val.psnr": 41.40153664809007,
        "val.wpsnr": 41.530894352839546,
        "val.fsim": 0.9962321519851685,
        "val.rsbpp": 0.9773171681624192,
        "train.cover_score": -0.015158277854206972,
        "train.generated_score": -0.016694013181841,
        "val.cover_score": -0.08411784154864457,
        "val.generated_score": -0.08412492332550195,
        "epoch": 17
    },
    {
        "train.encoder_mse": 0.0002780330584209878,
        "train.decoder_loss": 0.02389258359093219,
        "train.decoder_acc": 0.9922340524196624,
        "val.encoder_mse": 0.0002801648515742272,
        "val.decoder_loss": 0.03768659354402469,
        "val.decoder_acc": 0.9873404136070838,
        "val.ssim": 0.9768686569654025,
        "val.psnr": 41.598509274996246,
        "val.wpsnr": 41.743478334867035,
        "val.fsim": 0.99550238939432,
        "val.rsbpp": 0.9746808272141677,
        "train.cover_score": -0.18330048762261866,
        "train.generated_score": -0.18689842920051888,
        "val.cover_score": -0.05740613719591728,
        "val.generated_score": -0.0634622978619658,
        "epoch": 18
    },
    {
        "train.encoder_mse": 0.0002697813167469576,
        "train.decoder_loss": 0.02513694593682885,
        "train.decoder_acc": 0.991749283671379,
        "val.encoder_mse": 0.0002569678875331122,
        "val.decoder_loss": 0.04199907498864027,
        "val.decoder_acc": 0.9863385833226718,
        "val.ssim": 0.978999926493718,
        "val.psnr": 41.9523969063392,
        "val.wpsnr": 42.08686857957106,
        "val.fsim": 0.9962016160671527,
        "val.rsbpp": 0.9726771666453435,
        "train.cover_score": 0.0004202553175855428,
        "train.generated_score": -0.004410769756650552,
        "val.cover_score": -0.22002592224341172,
        "val.generated_score": -0.2252644541171881,
        "epoch": 19
    },
    {
        "train.encoder_mse": 0.0002569393785961438,
        "train.decoder_loss": 0.02161353361327201,
        "train.decoder_acc": 0.9931418406963348,
        "val.encoder_mse": 0.00022913807165773155,
        "val.decoder_loss": 0.046694985375954554,
        "val.decoder_acc": 0.9845270835436307,
        "val.ssim": 0.981528314260336,
        "val.psnr": 42.45476355919471,
        "val.wpsnr": 42.60914201002855,
        "val.fsim": 0.9962846545072702,
        "val.rsbpp": 0.9690541670872614,
        "train.cover_score": -0.30330962434411046,
        "train.generated_score": -0.3087733041495085,
        "val.cover_score": -0.24589024025660294,
        "val.generated_score": -0.24113682944041032,
        "epoch": 20
    },
    {
        "train.encoder_mse": 0.0003215932194143534,
        "train.decoder_loss": 0.025491542075760664,
        "train.decoder_acc": 0.9914932084083558,
        "val.encoder_mse": 0.0002771176335115272,
        "val.decoder_loss": 0.03798810449930338,
        "val.decoder_acc": 0.9873441962095407,
        "val.ssim": 0.9772891448094294,
        "val.psnr": 41.641781880305366,
        "val.wpsnr": 41.78097856961764,
        "val.fsim": 0.9960324672552255,
        "val.rsbpp": 0.9746883924190815,
        "train.cover_score": 0.0015325459884479643,
        "train.generated_score": 0.005119050496723503,
        "val.cover_score": -0.13930058823182032,
        "val.generated_score": -0.14053930055636626,
        "epoch": 21
    },
    {
        "train.encoder_mse": 0.00024220706429332496,
        "train.decoder_loss": 0.02055398216471076,
        "train.decoder_acc": 0.9932331955432891,
        "val.encoder_mse": 0.00023971362455855482,
        "val.decoder_loss": 0.0311249615624547,
        "val.decoder_acc": 0.9898545100138738,
        "val.ssim": 0.9813192440913274,
        "val.psnr": 42.28809099930983,
        "val.wpsnr": 42.43938358013447,
        "val.fsim": 0.9966491002302903,
        "val.rsbpp": 0.9797090200277475,
        "train.cover_score": -0.139553441433236,
        "train.generated_score": -0.13964952717069537,
        "val.cover_score": 0.22922489161674792,
        "val.generated_score": 0.2270963891194417,
        "epoch": 22
    },
    {
        "train.encoder_mse": 0.0002433829996152781,
        "train.decoder_loss": 0.02010293897241354,
        "train.decoder_acc": 0.9933529609441757,
        "val.encoder_mse": 0.00024317254428751767,
        "val.decoder_loss": 0.025300891496814214,
        "val.decoder_acc": 0.9916702187978305,
        "val.ssim": 0.9811526491091802,
        "val.psnr": 42.250598393953766,
        "val.wpsnr": 42.42027341402494,
        "val.fsim": 0.9968492205326374,
        "val.rsbpp": 0.9833404375956609,
        "train.cover_score": -0.18231253182049842,
        "train.generated_score": -0.18487180961878039,
        "val.cover_score": -0.4222937019971701,
        "val.generated_score": -0.41951789535008943,
        "epoch": 23
    },
    {
        "train.encoder_mse": 0.00024982817878481,
        "train.decoder_loss": 0.020759482537396252,
        "train.decoder_acc": 0.993327379822731,
        "val.encoder_mse": 0.00029577673726285307,
        "val.decoder_loss": 0.053501496807887,
        "val.decoder_acc": 0.9812226937367365,
        "val.ssim": 0.9774361986380357,
        "val.psnr": 41.36064951236431,
        "val.wpsnr": 41.51138599102314,
        "val.fsim": 0.9962263611646799,
        "val.rsbpp": 0.9624453874734732,
        "train.cover_score": 0.06459024240262806,
        "train.generated_score": 0.06302617849782109,
        "val.cover_score": -0.13387368576457867,
        "val.generated_score": -0.12253891476071797,
        "epoch": 24
    },
    {
        "train.encoder_mse": 0.00022732926212484016,
        "train.decoder_loss": 0.016606067013926803,
        "train.decoder_acc": 0.9948328197002411,
        "val.encoder_mse": 0.00023397091605987115,
        "val.decoder_loss": 0.027062498068866823,
        "val.decoder_acc": 0.9912471771240234,
        "val.ssim": 0.9814173212418189,
        "val.psnr": 42.39970500652607,
        "val.wpsnr": 42.557343409611626,
        "val.fsim": 0.9972447752952576,
        "val.rsbpp": 0.9824943542480469,
        "train.cover_score": -0.21468130212277173,
        "train.generated_score": -0.213634957075119,
        "val.cover_score": -0.04147414949077826,
        "val.generated_score": -0.04181134795698409,
        "epoch": 25
    },
    {
        "train.encoder_mse": 0.00020163272638455964,
        "train.decoder_loss": 0.015905612672213465,
        "train.decoder_acc": 0.9950076848268509,
        "val.encoder_mse": 0.0002345258152882497,
        "val.decoder_loss": 0.037848297936412006,
        "val.decoder_acc": 0.9869361382264358,
        "val.ssim": 0.9828511705765357,
        "val.psnr": 42.40601502932035,
        "val.wpsnr": 42.55880590585562,
        "val.fsim": 0.9967500934234033,
        "val.rsbpp": 0.9738722764528714,
        "train.cover_score": 0.058291386113269256,
        "train.generated_score": 0.04945671161410246,
        "val.cover_score": 1.5757533586942232,
        "val.generated_score": 1.5708975791931152,
        "epoch": 26
    },
    {
        "train.encoder_mse": 0.00024401415968895889,
        "train.decoder_loss": 0.01983302517561242,
        "train.decoder_acc": 0.9933084088563919,
        "val.encoder_mse": 0.000269092940680611,
        "val.decoder_loss": 0.01346327500561109,
        "val.decoder_acc": 0.9956989655127892,
        "val.ssim": 0.9744845766287583,
        "val.psnr": 41.82460564833421,
        "val.wpsnr": 41.97954119168795,
        "val.fsim": 0.9962318126971905,
        "val.rsbpp": 0.9913979310255784,
        "train.cover_score": 0.1482190168031957,
        "train.generated_score": 0.16210865852655842,
        "val.cover_score": 0.1412530128772442,
        "val.generated_score": 0.1422125038046103,
        "epoch": 27
    },
    {
        "train.encoder_mse": 0.00022809121306636371,
        "train.decoder_loss": 0.018693869216367603,
        "train.decoder_acc": 0.9940441906452179,
        "val.encoder_mse": 0.00021554048110444384,
        "val.decoder_loss": 0.037677571893884584,
        "val.decoder_acc": 0.9870577408717229,
        "val.ssim": 0.9823897435114934,
        "val.psnr": 42.78830161461463,
        "val.wpsnr": 42.94379190298227,
        "val.fsim": 0.9963839971102201,
        "val.rsbpp": 0.9741154817434458,
        "train.cover_score": 0.2529455026984215,
        "train.generated_score": 0.25699734192341567,
        "val.cover_score": 0.35658740538817185,
        "val.generated_score": 0.35310271840829116,
        "epoch": 28
    },
    {
        "train.encoder_mse": 0.00019490292746922932,
        "train.decoder_loss": 0.01575496032834053,
        "train.decoder_acc": 0.9950863510370255,
        "val.encoder_mse": 0.0002285371200951676,
        "val.decoder_loss": 0.02789799038034219,
        "val.decoder_acc": 0.9903815709627591,
        "val.ssim": 0.9790363082518945,
        "val.psnr": 42.54627741300143,
        "val.wpsnr": 42.70368135892428,
        "val.fsim": 0.9953057078214792,
        "val.rsbpp": 0.9807631419255183,
        "train.cover_score": 0.105045296670869,
        "train.generated_score": 0.1055057705566287,
        "val.cover_score": -0.3758831207568829,
        "val.generated_score": -0.36712064422093904,
        "epoch": 29
    },
    {
        "train.encoder_mse": 0.00023137402458814905,
        "train.decoder_loss": 0.013801368988351896,
        "train.decoder_acc": 0.9957051992416381,
        "val.encoder_mse": 0.00017645161222809783,
        "val.decoder_loss": 0.05400148399460774,
        "val.decoder_acc": 0.9826607704162598,
        "val.ssim": 0.9849677590223459,
        "val.psnr": 43.63803423368014,
        "val.wpsnr": 43.75467065664438,
        "val.fsim": 0.9982964625725379,
        "val.rsbpp": 0.9653215408325195,
        "train.cover_score": 0.053655605972744526,
        "train.generated_score": 0.03521220464725047,
        "val.cover_score": 0.08352064484587082,
        "val.generated_score": 0.0526526732226977,
        "epoch": 30
    },
    {
        "train.encoder_mse": 0.0009611919369490352,
        "train.decoder_loss": 0.035623281153384596,
        "train.decoder_acc": 0.9871935743093491,
        "val.encoder_mse": 0.000198892555020463,
        "val.decoder_loss": 0.029354953995117776,
        "val.decoder_acc": 0.990449974170098,
        "val.ssim": 0.9839554199805627,
        "val.psnr": 43.10129825885479,
        "val.wpsnr": 43.25538517878606,
        "val.fsim": 0.9968820902017447,
        "val.rsbpp": 0.9808999483401959,
        "train.cover_score": 0.23047569546994054,
        "train.generated_score": 0.3271009198599495,
        "val.cover_score": 0.12984693050384521,
        "val.generated_score": 0.12948376857317412,
        "epoch": 31
    },
    {
        "train.encoder_mse": 0.00019122289508231914,
        "train.decoder_loss": 0.012259517620550468,
        "train.decoder_acc": 0.9961606854200363,
        "val.encoder_mse": 0.0001576290759168422,
        "val.decoder_loss": 0.06250683404505253,
        "val.decoder_acc": 0.980280380982619,
        "val.ssim": 0.9880333084326524,
        "val.psnr": 44.10168354327862,
        "val.wpsnr": 44.274217752309944,
        "val.fsim": 0.9978503493162302,
        "val.rsbpp": 0.9605607619652381,
        "train.cover_score": 0.22473818555474281,
        "train.generated_score": 0.223145592212677,
        "val.cover_score": 0.15813168310202086,
        "val.generated_score": 0.1573439079981584,
        "epoch": 32
    }
]