[
    {
        "train.encoder_mse": 0.0037615852497401648,
        "train.decoder_loss": 0.695698363184929,
        "train.decoder_acc": 0.5037639951705932,
        "val.encoder_mse": 0.0002044473109820571,
        "val.decoder_loss": 0.6927906824992254,
        "val.decoder_acc": 0.5124292969703674,
        "val.ssim": 0.9863956341376672,
        "val.psnr": 43.14700089968168,
        "val.wpsnr": 43.202653444730316,
        "val.fsim": 0.9966649504808279,
        "val.rsbpp": 0.024858593940734863,
        "train.cover_score": -0.18310435086488724,
        "train.generated_score": -0.16940015643835069,
        "val.cover_score": -0.037505003838584974,
        "val.generated_score": -0.03787797660781787,
        "epoch": 1
    },
    {
        "train.encoder_mse": 0.0010085977173730498,
        "train.decoder_loss": 0.5418393537402153,
        "train.decoder_acc": 0.6956506460905075,
        "val.encoder_mse": 0.0015366351625953729,
        "val.decoder_loss": 0.2992777411754315,
        "val.decoder_acc": 0.8790242901215186,
        "val.ssim": 0.8662567184521601,
        "val.psnr": 34.16088159267719,
        "val.wpsnr": 34.21332814143254,
        "val.fsim": 0.9918581293179438,
        "val.rsbpp": 0.7580485802430373,
        "train.cover_score": -0.090113547789515,
        "train.generated_score": -0.09837177558307303,
        "val.cover_score": -1.284499622308291,
        "val.generated_score": -1.3272619614234338,
        "epoch": 2
    },
    {
        "train.encoder_mse": 0.005728409171570093,
        "train.decoder_loss": 0.25691689789295197,
        "train.decoder_acc": 0.8983796399831772,
        "val.encoder_mse": 0.004626060262895548,
        "val.decoder_loss": 0.2741463574079367,
        "val.decoder_acc": 0.8884949271495526,
        "val.ssim": 0.849593304670774,
        "val.psnr": 29.37201298200167,
        "val.wpsnr": 29.404684213491585,
        "val.fsim": 0.9877076928432171,
        "val.rsbpp": 0.7769898542991052,
        "train.cover_score": 0.2972240560152568,
        "train.generated_score": 0.31762031277641656,
        "val.cover_score": 1.3082932508908784,
        "val.generated_score": 1.4034442764062147,
        "epoch": 3
    },
    {
        "train.encoder_mse": 0.03520894275279716,
        "train.decoder_loss": 0.30365029886364936,
        "train.decoder_acc": 0.8702276414632797,
        "val.encoder_mse": 0.008831203270416994,
        "val.decoder_loss": 0.2361299842596054,
        "val.decoder_acc": 0.9006477777774518,
        "val.ssim": 0.7607751901333148,
        "val.psnr": 26.62445508516752,
        "val.wpsnr": 26.657908512995792,
        "val.fsim": 0.9711315861115088,
        "val.rsbpp": 0.8012955555549035,
        "train.cover_score": 1.7424565017595888,
        "train.generated_score": 2.25383153937757,
        "val.cover_score": -0.3487040721453153,
        "val.generated_score": -0.3612369023836576,
        "epoch": 4
    },
    {
        "train.encoder_mse": 0.005962414867244661,
        "train.decoder_loss": 0.20361042648553848,
        "train.decoder_acc": 0.9229504811763763,
        "val.encoder_mse": 0.003907708504881997,
        "val.decoder_loss": 0.24615298899320456,
        "val.decoder_acc": 0.8992848579700177,
        "val.ssim": 0.8735892314177293,
        "val.psnr": 30.109700789818397,
        "val.wpsnr": 30.199941488412712,
        "val.fsim": 0.9652005113088168,
        "val.rsbpp": 0.7985697159400353,
        "train.cover_score": 0.886150692421943,
        "train.generated_score": 0.8390558553673327,
        "val.cover_score": 1.328740656375885,
        "val.generated_score": 1.2150777074006887,
        "epoch": 5
    },
    {
        "train.encoder_mse": 0.021735041465144603,
        "train.decoder_loss": 0.32033272117376327,
        "train.decoder_acc": 0.8515161830186844,
        "val.encoder_mse": 0.004645466267202909,
        "val.decoder_loss": 0.22517710694899926,
        "val.decoder_acc": 0.9086375144811777,
        "val.ssim": 0.9007203854047335,
        "val.psnr": 29.36558485031128,
        "val.wpsnr": 29.347517306988056,
        "val.fsim": 0.9799799919128418,
        "val.rsbpp": 0.8172750289623554,
        "train.cover_score": 2.4355434443318518,
        "train.generated_score": 2.704710693154484,
        "val.cover_score": 0.13540200803142327,
        "val.generated_score": 0.13136216768851647,
        "epoch": 6
    },
    {
        "train.encoder_mse": 0.008529453861992806,
        "train.decoder_loss": 0.1917901399731636,
        "train.decoder_acc": 0.9257568860054016,
        "val.encoder_mse": 0.0039851556066423655,
        "val.decoder_loss": 0.22428219937361205,
        "val.decoder_acc": 0.9100753710820124,
        "val.ssim": 0.9167635303277236,
        "val.psnr": 30.024798283210167,
        "val.wpsnr": 30.035288884089542,
        "val.fsim": 0.9820887950750498,
        "val.rsbpp": 0.820150742164025,
        "train.cover_score": 0.9097504387237132,
        "train.generated_score": 0.9522635158337652,
        "val.cover_score": 0.6210872301688561,
        "val.generated_score": 0.6680607016269977,
        "epoch": 7
    },
    {
        "train.encoder_mse": 0.004229722779709846,
        "train.decoder_loss": 0.1443150594085455,
        "train.decoder_acc": 0.9483841133117675,
        "val.encoder_mse": 0.002748477809990828,
        "val.decoder_loss": 0.12809327531319398,
        "val.decoder_acc": 0.9544000717309805,
        "val.ssim": 0.8759269393407382,
        "val.psnr": 31.63334663097675,
        "val.wpsnr": 31.73464012145996,
        "val.fsim": 0.9640399446854224,
        "val.rsbpp": 0.908800143461961,
        "train.cover_score": 0.33584807941806505,
        "train.generated_score": 0.3573314202320762,
        "val.cover_score": -0.1957093792466017,
        "val.generated_score": -0.15468759662829912,
        "epoch": 8
    },
    {
        "train.encoder_mse": 0.0022162160743027927,
        "train.decoder_loss": 0.08778218977153301,
        "train.decoder_acc": 0.9725245654582977,
        "val.encoder_mse": 0.001925722104855455,
        "val.decoder_loss": 0.06299252349596757,
        "val.decoder_acc": 0.9818953275680542,
        "val.ssim": 0.8963740468025208,
        "val.psnr": 33.17988890867967,
        "val.wpsnr": 33.286717048058144,
        "val.fsim": 0.9849405059447656,
        "val.rsbpp": 0.9637906551361084,
        "train.cover_score": 0.021054883033502846,
        "train.generated_score": 0.021455642543151042,
        "val.cover_score": -0.14774088446910566,
        "val.generated_score": -0.15742644037191683,
        "epoch": 9
    },
    {
        "train.encoder_mse": 0.0017693491803947837,
        "train.decoder_loss": 0.0609989357367158,
        "train.decoder_acc": 0.9819519633054733,
        "val.encoder_mse": 0.0026937959930644585,
        "val.decoder_loss": 0.03970747899550658,
        "val.decoder_acc": 0.9893106818199158,
        "val.ssim": 0.8520857187417837,
        "val.psnr": 31.724074070270245,
        "val.wpsnr": 31.857821244459885,
        "val.fsim": 0.9836031656998855,
        "val.rsbpp": 0.9786213636398315,
        "train.cover_score": -0.14916701899841428,
        "train.generated_score": -0.160441102264449,
        "val.cover_score": -0.2089791687635275,
        "val.generated_score": -0.2098892365510647,
        "epoch": 10
    },
    {
        "train.encoder_mse": 0.0016907250811345875,
        "train.decoder_loss": 0.04693911941722036,
        "train.decoder_acc": 0.9860181105136872,
        "val.encoder_mse": 0.0011488186338773142,
        "val.decoder_loss": 0.04771683952556206,
        "val.decoder_acc": 0.9849433898925781,
        "val.ssim": 0.923434106203226,
        "val.psnr": 35.427434811225304,
        "val.wpsnr": 35.52272737943209,
        "val.fsim": 0.9899239998597366,
        "val.rsbpp": 0.9698867797851562,
        "train.cover_score": -0.4011301366984844,
        "train.generated_score": -0.4098409752547741,
        "val.cover_score": -0.5770144370885996,
        "val.generated_score": -0.57130949313824,
        "epoch": 11
    },
    {
        "train.encoder_mse": 0.0011646165908314287,
        "train.decoder_loss": 0.03918688762001693,
        "train.decoder_acc": 0.988326495885849,
        "val.encoder_mse": 0.0010957306591220773,
        "val.decoder_loss": 0.040343510989959426,
        "val.decoder_acc": 0.9873284559983474,
        "val.ssim": 0.9218828265483563,
        "val.psnr": 35.634931601010834,
        "val.wpsnr": 35.74946975708008,
        "val.fsim": 0.985537574841426,
        "val.rsbpp": 0.9746569119966947,
        "train.cover_score": -0.6050581416487694,
        "train.generated_score": -0.6032968634366989,
        "val.cover_score": -0.7983100505975577,
        "val.generated_score": -0.7877868826572711,
        "epoch": 12
    },
    {
        "train.encoder_mse": 0.0010669635015074163,
        "train.decoder_loss": 0.028157897135242818,
        "train.decoder_acc": 0.9917755192518234,
        "val.encoder_mse": 0.0008250157608507344,
        "val.decoder_loss": 0.04384947166993068,
        "val.decoder_acc": 0.9852325136844928,
        "val.ssim": 0.9438476883448087,
        "val.psnr": 36.861598858466515,
        "val.wpsnr": 36.984972146841194,
        "val.fsim": 0.9927021861076355,
        "val.rsbpp": 0.9704650273689857,
        "train.cover_score": -0.5289934231340885,
        "train.generated_score": -0.533083147406578,
        "val.cover_score": -0.11357874122376625,
        "val.generated_score": -0.12623200919300032,
        "epoch": 13
    },
    {
        "train.encoder_mse": 0.0010723993339342996,
        "train.decoder_loss": 0.028800201369449496,
        "train.decoder_acc": 0.990677941441536,
        "val.encoder_mse": 0.0009095825729533457,
        "val.decoder_loss": 0.030211900217601888,
        "val.decoder_acc": 0.989862519961137,
        "val.ssim": 0.9343248376479516,
        "val.psnr": 36.439444285172684,
        "val.wpsnr": 36.5662342951848,
        "val.fsim": 0.9936246413450974,
        "val.rsbpp": 0.9797250399222741,
        "train.cover_score": -0.4121873235143721,
        "train.generated_score": -0.41675468981848096,
        "val.cover_score": -0.5294574762766178,
        "val.generated_score": -0.5310250509243745,
        "epoch": 14
    },
    {
        "train.encoder_mse": 0.0011924858565907925,
        "train.decoder_loss": 0.03607161471620202,
        "train.decoder_acc": 0.9881053304672242,
        "val.encoder_mse": 0.0012850189366592811,
        "val.decoder_loss": 0.042512887802261576,
        "val.decoder_acc": 0.9855910172829261,
        "val.ssim": 0.9198294281959534,
        "val.psnr": 34.939709626711334,
        "val.wpsnr": 35.06134737454928,
        "val.fsim": 0.9769284312541668,
        "val.rsbpp": 0.9711820345658523,
        "train.cover_score": -0.6663482929579914,
        "train.generated_score": -0.657513672299683,
        "val.cover_score": -0.7818028651751004,
        "val.generated_score": -0.7424027873919561,
        "epoch": 15
    },
    {
        "train.encoder_mse": 0.001025735063594766,
        "train.decoder_loss": 0.02638981049414724,
        "train.decoder_acc": 0.9914640319347382,
        "val.encoder_mse": 0.0018867274137357106,
        "val.decoder_loss": 0.09630025178194046,
        "val.decoder_acc": 0.9642642323787396,
        "val.ssim": 0.9134050378432641,
        "val.psnr": 33.26930467899029,
        "val.wpsnr": 33.288585075965294,
        "val.fsim": 0.9859374807431147,
        "val.rsbpp": 0.9285284647574792,
        "train.cover_score": -0.2507679319009185,
        "train.generated_score": -0.2494307874655351,
        "val.cover_score": -0.1923147399838154,
        "val.generated_score": -0.15460771322250366,
        "epoch": 16
    },
    {
        "train.encoder_mse": 0.0008411190172773786,
        "train.decoder_loss": 0.021169567382894456,
        "train.decoder_acc": 0.9931821370124817,
        "val.encoder_mse": 0.0005515048262448265,
        "val.decoder_loss": 0.06724577053235127,
        "val.decoder_acc": 0.9767691263785729,
        "val.ssim": 0.9576777724119333,
        "val.psnr": 38.62765037096464,
        "val.wpsnr": 38.743456033559944,
        "val.fsim": 0.9928312943531916,
        "val.rsbpp": 0.9535382527571458,
        "train.cover_score": -0.35301514774560927,
        "train.generated_score": -0.35351137675344946,
        "val.cover_score": -0.5706027746200562,
        "val.generated_score": -0.5615134101647598,
        "epoch": 17
    },
    {
        "train.encoder_mse": 0.0007290629486669787,
        "train.decoder_loss": 0.019325701533816755,
        "train.decoder_acc": 0.9939659625291825,
        "val.encoder_mse": 0.000625759049748572,
        "val.decoder_loss": 0.025975291294833787,
        "val.decoder_acc": 0.9916624335142282,
        "val.ssim": 0.9585145253401536,
        "val.psnr": 38.07363491791945,
        "val.wpsnr": 38.210035470815804,
        "val.fsim": 0.9953472889386691,
        "val.rsbpp": 0.9833248670284565,
        "train.cover_score": -0.34502714627422393,
        "train.generated_score": -0.3485269885882735,
        "val.cover_score": -0.2360626057936595,
        "val.generated_score": -0.24347982498315665,
        "epoch": 18
    },
    {
        "train.encoder_mse": 0.000791647357691545,
        "train.decoder_loss": 0.025167707735672593,
        "train.decoder_acc": 0.9916087466478348,
        "val.encoder_mse": 0.0010485677585865443,
        "val.decoder_loss": 0.06601244469101612,
        "val.decoder_acc": 0.976875745333158,
        "val.ssim": 0.9397958425375131,
        "val.psnr": 35.82076622889592,
        "val.wpsnr": 35.892307868370644,
        "val.fsim": 0.9948431253433228,
        "val.rsbpp": 0.9537514906663161,
        "train.cover_score": -0.3878002353012562,
        "train.generated_score": -0.4054195911821444,
        "val.cover_score": -1.3791933472339923,
        "val.generated_score": -1.3628475390947783,
        "epoch": 19
    },
    {
        "train.encoder_mse": 0.0014860964502440765,
        "train.decoder_loss": 0.035531297551933676,
        "train.decoder_acc": 0.9876447713375092,
        "val.encoder_mse": 0.0006131752698610609,
        "val.decoder_loss": 0.01926275987464648,
        "val.decoder_acc": 0.9937827999775226,
        "val.ssim": 0.9605284379078791,
        "val.psnr": 38.174167963174675,
        "val.wpsnr": 38.32776143000676,
        "val.fsim": 0.9948462568796598,
        "val.rsbpp": 0.9875655999550452,
        "train.cover_score": -0.5192063255980611,
        "train.generated_score": -0.4953382022306323,
        "val.cover_score": -0.5882963813268222,
        "val.generated_score": -0.5919857827516702,
        "epoch": 20
    },
    {
        "train.encoder_mse": 0.0005917257172404788,
        "train.decoder_loss": 0.014330499530769885,
        "train.decoder_acc": 0.9956237453222275,
        "val.encoder_mse": 0.00045787122172231856,
        "val.decoder_loss": 0.02392060374124692,
        "val.decoder_acc": 0.9922724503737229,
        "val.ssim": 0.9695506141735957,
        "val.psnr": 39.43638306397658,
        "val.wpsnr": 39.59502645639273,
        "val.fsim": 0.9963893706981952,
        "val.rsbpp": 0.9845449007474459,
        "train.cover_score": -0.4493697002530098,
        "train.generated_score": -0.4463830401003361,
        "val.cover_score": -0.21485861448141244,
        "val.generated_score": -0.2184257564636377,
        "epoch": 21
    },
    {
        "train.encoder_mse": 0.0005565227512852288,
        "train.decoder_loss": 0.01184939670143649,
        "train.decoder_acc": 0.9963555037975311,
        "val.encoder_mse": 0.0005781786838689676,
        "val.decoder_loss": 0.023738161230889652,
        "val.decoder_acc": 0.9919789433479309,
        "val.ssim": 0.9618412072841938,
        "val.psnr": 38.42685827842126,
        "val.wpsnr": 38.5853024996244,
        "val.fsim": 0.9952632463895358,
        "val.rsbpp": 0.9839578866958618,
        "train.cover_score": -0.18517601020634175,
        "train.generated_score": -0.18753080658614635,
        "val.cover_score": -0.15045112486069018,
        "val.generated_score": -0.15463014978628892,
        "epoch": 22
    },
    {
        "train.encoder_mse": 0.0005690458332537673,
        "train.decoder_loss": 0.01731205731863156,
        "train.decoder_acc": 0.9943679392337799,
        "val.encoder_mse": 0.0006218790076673031,
        "val.decoder_loss": 0.020657175256369207,
        "val.decoder_acc": 0.9933820000061622,
        "val.ssim": 0.9557452706190256,
        "val.psnr": 38.10108991769644,
        "val.wpsnr": 38.228590158315804,
        "val.fsim": 0.9964246520629296,
        "val.rsbpp": 0.9867640000123244,
        "train.cover_score": -0.15495578365167603,
        "train.generated_score": -0.16129802562296391,
        "val.cover_score": 0.028026914358353958,
        "val.generated_score": 0.02004122332884715,
        "epoch": 23
    },
    {
        "train.encoder_mse": 0.0006123392056906595,
        "train.decoder_loss": 0.015189153298269958,
        "train.decoder_acc": 0.9948708605766297,
        "val.encoder_mse": 0.0008466662615179443,
        "val.decoder_loss": 0.009348208819014521,
        "val.decoder_acc": 0.9971083310934213,
        "val.ssim": 0.9249802048389728,
        "val.psnr": 36.77123454900888,
        "val.wpsnr": 36.88877076369066,
        "val.fsim": 0.995730248781351,
        "val.rsbpp": 0.9942166621868427,
        "train.cover_score": -0.14986355402972548,
        "train.generated_score": -0.15436623203800992,
        "val.cover_score": 0.09209167971633948,
        "val.generated_score": 0.09078087553811762,
        "epoch": 24
    },
    {
        "train.encoder_mse": 0.0008155399857787415,
        "train.decoder_loss": 0.0344305910600815,
        "train.decoder_acc": 0.9878494673967362,
        "val.encoder_mse": 0.0005549347104253963,
        "val.decoder_loss": 0.008888779709545465,
        "val.decoder_acc": 0.9973699404643133,
        "val.ssim": 0.9627043100503775,
        "val.psnr": 38.594676347879265,
        "val.wpsnr": 38.76692375769982,
        "val.fsim": 0.9964436476047223,
        "val.rsbpp": 0.9947398809286264,
        "train.cover_score": 0.04711967576411553,
        "train.generated_score": 0.07751623154617845,
        "val.cover_score": 0.061746085743204907,
        "val.generated_score": 0.05850099696992682,
        "epoch": 25
    },
    {
        "train.encoder_mse": 0.0005091777196503244,
        "train.decoder_loss": 0.011470313630998135,
        "train.decoder_acc": 0.9965187954902649,
        "val.encoder_mse": 0.00047430283918332023,
        "val.decoder_loss": 0.018952342968147535,
        "val.decoder_acc": 0.9937092616007879,
        "val.ssim": 0.9700299776517428,
        "val.psnr": 39.29854411345262,
        "val.wpsnr": 39.48064980140099,
        "val.fsim": 0.9939563549481906,
        "val.rsbpp": 0.9874185232015756,
        "train.cover_score": -0.24727094488043805,
        "train.generated_score": -0.24843537298962473,
        "val.cover_score": -0.15237440455418366,
        "val.generated_score": -0.15227445902732703,
        "epoch": 26
    },
    {
        "train.encoder_mse": 0.0005188921306398698,
        "train.decoder_loss": 0.013380508029367775,
        "train.decoder_acc": 0.9957309329509735,
        "val.encoder_mse": 0.0005484691422540122,
        "val.decoder_loss": 0.020828510992802106,
        "val.decoder_acc": 0.9931355302150433,
        "val.ssim": 0.9605658742097708,
        "val.psnr": 38.65746956605177,
        "val.wpsnr": 38.815777411827675,
        "val.fsim": 0.9941253570409921,
        "val.rsbpp": 0.9862710604300866,
        "train.cover_score": -0.048863391736522314,
        "train.generated_score": -0.051307994667440654,
        "val.cover_score": -0.16831628519755143,
        "val.generated_score": -0.161698396389301,
        "epoch": 27
    },
    {
        "train.encoder_mse": 0.0006038395446375944,
        "train.decoder_loss": 0.011592997530242429,
        "train.decoder_acc": 0.9964484745264053,
        "val.encoder_mse": 0.0004714683880313085,
        "val.decoder_loss": 0.021064097634874858,
        "val.decoder_acc": 0.9928132341458247,
        "val.ssim": 0.9645651257955111,
        "val.psnr": 39.327591749338005,
        "val.wpsnr": 39.483160752516525,
        "val.fsim": 0.9934656069828913,
        "val.rsbpp": 0.9856264682916495,
        "train.cover_score": -0.06700422434136272,
        "train.generated_score": -0.06720430438639596,
        "val.cover_score": -0.4902506378980783,
        "val.generated_score": -0.4797203540802002,
        "epoch": 28
    },
    {
        "train.encoder_mse": 0.0005525530880549922,
        "train.decoder_loss": 0.01533744179061614,
        "train.decoder_acc": 0.9949752318859101,
        "val.encoder_mse": 0.000916546537505033,
        "val.decoder_loss": 0.05555927710464367,
        "val.decoder_acc": 0.9803794989219079,
        "val.ssim": 0.9492652278680068,
        "val.psnr": 36.402525901794434,
        "val.wpsnr": 36.5012694138747,
        "val.fsim": 0.9947764415007371,
        "val.rsbpp": 0.9607589978438157,
        "train.cover_score": -0.011696468289010227,
        "train.generated_score": -0.009977198890410363,
        "val.cover_score": -0.07815083775382775,
        "val.generated_score": -0.048552473433888875,
        "epoch": 29
    },
    {
        "train.encoder_mse": 0.0005440936589729972,
        "train.decoder_loss": 0.008923590678023174,
        "train.decoder_acc": 0.9972138667106628,
        "val.encoder_mse": 0.0003832851541049492,
        "val.decoder_loss": 0.01519740716769145,
        "val.decoder_acc": 0.9951708591901339,
        "val.ssim": 0.9746988324018625,
        "val.psnr": 40.22953895422128,
        "val.wpsnr": 40.40247374314528,
        "val.fsim": 0.997219443321228,
        "val.rsbpp": 0.9903417183802679,
        "train.cover_score": -0.13786903597414493,
        "train.generated_score": -0.13310578482225538,
        "val.cover_score": -0.1522576671380263,
        "val.generated_score": -0.15333883005839127,
        "epoch": 30
    },
    {
        "train.encoder_mse": 0.0004524013816262595,
        "train.decoder_loss": 0.007531273779459297,
        "train.decoder_acc": 0.9976840078830719,
        "val.encoder_mse": 0.0003621113495543026,
        "val.decoder_loss": 0.030167475271110352,
        "val.decoder_acc": 0.9899784830900339,
        "val.ssim": 0.9756168264609116,
        "val.psnr": 40.477760755098785,
        "val.wpsnr": 40.63104922954853,
        "val.fsim": 0.9966219113423274,
        "val.rsbpp": 0.9799569661800678,
        "train.cover_score": -0.07664350505918265,
        "train.generated_score": -0.07950497894969885,
        "val.cover_score": 0.09606086118863179,
        "val.generated_score": 0.09621320521602264,
        "epoch": 31
    },
    {
        "train.encoder_mse": 0.00045174519618740305,
        "train.decoder_loss": 0.009820108156418428,
        "train.decoder_acc": 0.9968871289491653,
        "val.encoder_mse": 0.00046014862332063226,
        "val.decoder_loss": 0.02148777525871992,
        "val.decoder_acc": 0.9926011287249051,
        "val.ssim": 0.9673907573406513,
        "val.psnr": 39.42663596226619,
        "val.wpsnr": 39.59525856604943,
        "val.fsim": 0.9954576996656564,
        "val.rsbpp": 0.9852022574498103,
        "train.cover_score": 0.04001468326154281,
        "train.generated_score": 0.03832236827758607,
        "val.cover_score": 0.09019496750373107,
        "val.generated_score": 0.08487545985441941,
        "epoch": 32
    }
]