[
    {
        "train.encoder_mse": 0.0016880251638831396,
        "train.decoder_loss": 0.6944755420684815,
        "train.decoder_acc": 0.5045723912715911,
        "val.encoder_mse": 3.744900217861868e-05,
        "val.decoder_loss": 0.6924809784889221,
        "val.decoder_acc": 0.5163139657974243,
        "val.ssim": 0.9944934687614441,
        "val.psnr": 50.31961074829101,
        "val.wpsnr": 50.322703125,
        "val.fsim": 0.9992112922668457,
        "val.rsbpp": 0.032627931594848635,
        "train.cover_score": -0.048306026553269474,
        "train.generated_score": -0.04717398913949728,
        "val.cover_score": 0.3459720516204834,
        "val.generated_score": 0.3465169975757599,
        "epoch": 1
    },
    {
        "train.encoder_mse": 0.00044678378232129034,
        "train.decoder_loss": 0.5256519775390625,
        "train.decoder_acc": 0.7173610258102417,
        "val.encoder_mse": 0.0012629697136580945,
        "val.decoder_loss": 0.4064250817298889,
        "val.decoder_acc": 0.8177833342552185,
        "val.ssim": 0.9189225649833679,
        "val.psnr": 35.00915922164917,
        "val.wpsnr": 35.12021786499024,
        "val.fsim": 0.9872402458190918,
        "val.rsbpp": 0.635566668510437,
        "train.cover_score": -0.12794857586175204,
        "train.generated_score": -0.13020914320275187,
        "val.cover_score": 0.48215124960336836,
        "val.generated_score": 0.48592256936151534,
        "epoch": 2
    },
    {
        "train.encoder_mse": 0.0010694851935841142,
        "train.decoder_loss": 0.2789764120578766,
        "train.decoder_acc": 0.8878152232170105,
        "val.encoder_mse": 0.001120578695088625,
        "val.decoder_loss": 0.19466822338104248,
        "val.decoder_acc": 0.930429684638977,
        "val.ssim": 0.9108857526779175,
        "val.psnr": 35.533170738220214,
        "val.wpsnr": 35.64836376953125,
        "val.fsim": 0.9896206946372986,
        "val.rsbpp": 0.8608593692779541,
        "train.cover_score": 0.17748407524824142,
        "train.generated_score": 0.1892311971494928,
        "val.cover_score": 1.774643835067749,
        "val.generated_score": 1.7506457109451294,
        "epoch": 3
    },
    {
        "train.encoder_mse": 0.0011722432654350996,
        "train.decoder_loss": 0.21687241888046266,
        "train.decoder_acc": 0.918182671546936,
        "val.encoder_mse": 0.0006511454922147095,
        "val.decoder_loss": 0.138689044713974,
        "val.decoder_acc": 0.9539160332679748,
        "val.ssim": 0.9430272450447083,
        "val.psnr": 37.89700464248657,
        "val.wpsnr": 38.018042755126956,
        "val.fsim": 0.9918707022666932,
        "val.rsbpp": 0.9078320665359497,
        "train.cover_score": 1.1848037368804216,
        "train.generated_score": 1.2234686432043091,
        "val.cover_score": 0.26321728217601775,
        "val.generated_score": 0.2593106002807617,
        "epoch": 4
    },
    {
        "train.encoder_mse": 0.000710128843318671,
        "train.decoder_loss": 0.11823004707694054,
        "train.decoder_acc": 0.9601633949279785,
        "val.encoder_mse": 0.000733287513256073,
        "val.decoder_loss": 0.11412831258773803,
        "val.decoder_acc": 0.9577510251998901,
        "val.ssim": 0.9451523814201355,
        "val.psnr": 37.3933304977417,
        "val.wpsnr": 37.53620260620117,
        "val.fsim": 0.9922538895606995,
        "val.rsbpp": 0.9155020503997803,
        "train.cover_score": 0.08810383501090109,
        "train.generated_score": 0.09053324814559892,
        "val.cover_score": 0.33921242073923347,
        "val.generated_score": 0.3665729200839996,
        "epoch": 5
    },
    {
        "train.encoder_mse": 0.0005957426405511796,
        "train.decoder_loss": 0.08090017491579056,
        "train.decoder_acc": 0.9732621493339538,
        "val.encoder_mse": 0.0006972113363444805,
        "val.decoder_loss": 0.07877116757631301,
        "val.decoder_acc": 0.9723829612731933,
        "val.ssim": 0.9472607235908508,
        "val.psnr": 37.630046367645264,
        "val.wpsnr": 37.76572988891601,
        "val.fsim": 0.990178207397461,
        "val.rsbpp": 0.9447659225463867,
        "train.cover_score": 0.012788164102938026,
        "train.generated_score": 0.014119601548649371,
        "val.cover_score": -0.024921106049325317,
        "val.generated_score": -0.01029664591886103,
        "epoch": 6
    },
    {
        "train.encoder_mse": 0.0005575768637936562,
        "train.decoder_loss": 0.0652214425355196,
        "train.decoder_acc": 0.9784855918884278,
        "val.encoder_mse": 0.0005752739838790149,
        "val.decoder_loss": 0.05230265145003796,
        "val.decoder_acc": 0.9828693962097168,
        "val.ssim": 0.9552665581703186,
        "val.psnr": 38.46571168899536,
        "val.wpsnr": 38.63374697875977,
        "val.fsim": 0.9920731134414673,
        "val.rsbpp": 0.9657387924194336,
        "train.cover_score": -0.023620718353195114,
        "train.generated_score": -0.023184766102582216,
        "val.cover_score": -0.1253655115365982,
        "val.generated_score": -0.12893846553564073,
        "epoch": 7
    },
    {
        "train.encoder_mse": 0.0005148843782953918,
        "train.decoder_loss": 0.05161282141506672,
        "train.decoder_acc": 0.9825094656944275,
        "val.encoder_mse": 0.0005151577994693071,
        "val.decoder_loss": 0.058944344982504844,
        "val.decoder_acc": 0.9777843222618103,
        "val.ssim": 0.9610721378326416,
        "val.psnr": 38.95594337463379,
        "val.wpsnr": 39.11652426147461,
        "val.fsim": 0.9931449775695801,
        "val.rsbpp": 0.9555686445236206,
        "train.cover_score": -0.03321400228887796,
        "train.generated_score": -0.03800670634955168,
        "val.cover_score": 0.1274405318503268,
        "val.generated_score": 0.12567184520466254,
        "epoch": 8
    },
    {
        "train.encoder_mse": 0.0005038614270742982,
        "train.decoder_loss": 0.046862633287906644,
        "train.decoder_acc": 0.9838555088043213,
        "val.encoder_mse": 0.0004590094336308539,
        "val.decoder_loss": 0.06682061718404293,
        "val.decoder_acc": 0.9765326161384582,
        "val.ssim": 0.9665112700462342,
        "val.psnr": 39.45414590835571,
        "val.wpsnr": 39.62730267333984,
        "val.fsim": 0.9942181005477905,
        "val.rsbpp": 0.9530652322769165,
        "train.cover_score": -0.40154457304254176,
        "train.generated_score": -0.4018411814048886,
        "val.cover_score": -0.22176100201159715,
        "val.generated_score": -0.22136136043071747,
        "epoch": 9
    },
    {
        "train.encoder_mse": 0.0005004617494996637,
        "train.decoder_loss": 0.04675523464381695,
        "train.decoder_acc": 0.9835875358581543,
        "val.encoder_mse": 0.0004507735224906355,
        "val.decoder_loss": 0.07522692602872849,
        "val.decoder_acc": 0.9705072903633117,
        "val.ssim": 0.9694239087104798,
        "val.psnr": 39.53483694076538,
        "val.wpsnr": 39.68917306518555,
        "val.fsim": 0.994333209991455,
        "val.rsbpp": 0.9410145807266236,
        "train.cover_score": -0.3947023100871593,
        "train.generated_score": -0.39859170103631913,
        "val.cover_score": -0.01089953163661994,
        "val.generated_score": -0.0007368900030851364,
        "epoch": 10
    },
    {
        "train.encoder_mse": 0.0005282448860816657,
        "train.decoder_loss": 0.05761791194230318,
        "train.decoder_acc": 0.9792342190742492,
        "val.encoder_mse": 0.00048013199656270444,
        "val.decoder_loss": 0.06123034535348416,
        "val.decoder_acc": 0.978257227897644,
        "val.ssim": 0.9666656818389893,
        "val.psnr": 39.262637825012206,
        "val.wpsnr": 39.44001998901367,
        "val.fsim": 0.9957434048652649,
        "val.rsbpp": 0.956514455795288,
        "train.cover_score": -0.9345285210250877,
        "train.generated_score": -0.9156914945412428,
        "val.cover_score": -1.8815782709121704,
        "val.generated_score": -1.861255042076111,
        "epoch": 11
    },
    {
        "train.encoder_mse": 0.0005468914282973856,
        "train.decoder_loss": 0.048438873879611495,
        "train.decoder_acc": 0.9833299655914307,
        "val.encoder_mse": 0.0006614646147936582,
        "val.decoder_loss": 0.02550589356571436,
        "val.decoder_acc": 0.9912312207221985,
        "val.ssim": 0.9561295099258423,
        "val.psnr": 37.87683759689331,
        "val.wpsnr": 38.07042630004883,
        "val.fsim": 0.9925427479743958,
        "val.rsbpp": 0.982462441444397,
        "train.cover_score": 0.07217044920101762,
        "train.generated_score": 0.08624431525543332,
        "val.cover_score": 0.42910867953300474,
        "val.generated_score": 0.4316803379058838,
        "epoch": 12
    },
    {
        "train.encoder_mse": 0.00043127836112398656,
        "train.decoder_loss": 0.03606719709187746,
        "train.decoder_acc": 0.98748561668396,
        "val.encoder_mse": 0.0004557053076568991,
        "val.decoder_loss": 0.038956341236829756,
        "val.decoder_acc": 0.9859342799186707,
        "val.ssim": 0.9657053546905517,
        "val.psnr": 39.50038265228272,
        "val.wpsnr": 39.68062286376953,
        "val.fsim": 0.9932355446815491,
        "val.rsbpp": 0.9718685598373413,
        "train.cover_score": -0.007612646229797974,
        "train.generated_score": -0.008554007560014724,
        "val.cover_score": -0.010156064767972567,
        "val.generated_score": -0.0045533740738756025,
        "epoch": 13
    },
    {
        "train.encoder_mse": 0.00042005583667196334,
        "train.decoder_loss": 0.029689014472067357,
        "train.decoder_acc": 0.989583872795105,
        "val.encoder_mse": 0.0003330416155513376,
        "val.decoder_loss": 0.06681275387108326,
        "val.decoder_acc": 0.9760053610801697,
        "val.ssim": 0.9765955052375793,
        "val.psnr": 40.86972723007202,
        "val.wpsnr": 41.05652471923828,
        "val.fsim": 0.9958133020401001,
        "val.rsbpp": 0.9520107221603393,
        "train.cover_score": 0.30395590615458784,
        "train.generated_score": 0.3028459697570652,
        "val.cover_score": -0.017968173495028168,
        "val.generated_score": -0.01669156186049804,
        "epoch": 14
    },
    {
        "train.encoder_mse": 0.0004148444370366633,
        "train.decoder_loss": 0.028938886113464832,
        "train.decoder_acc": 0.9898208556175232,
        "val.encoder_mse": 0.0004216455682180822,
        "val.decoder_loss": 0.04418399357795715,
        "val.decoder_acc": 0.9838509464263916,
        "val.ssim": 0.9730358834266662,
        "val.psnr": 39.85970638275146,
        "val.wpsnr": 40.0528591003418,
        "val.fsim": 0.9946101441383361,
        "val.rsbpp": 0.9677018928527832,
        "train.cover_score": 0.4565406224913895,
        "train.generated_score": 0.45084766193293035,
        "val.cover_score": 0.4543794136047363,
        "val.generated_score": 0.44967722535133364,
        "epoch": 15
    },
    {
        "train.encoder_mse": 0.000421944540226832,
        "train.decoder_loss": 0.03812082447111607,
        "train.decoder_acc": 0.9858408622741699,
        "val.encoder_mse": 0.0005680196327157318,
        "val.decoder_loss": 0.021259656004607677,
        "val.decoder_acc": 0.9925580306053161,
        "val.ssim": 0.9585367908477783,
        "val.psnr": 38.531758632659916,
        "val.wpsnr": 38.71998486328125,
        "val.fsim": 0.9934619359970093,
        "val.rsbpp": 0.9851160612106323,
        "train.cover_score": 0.5817559100091457,
        "train.generated_score": 0.5768866052360972,
        "val.cover_score": 1.69398606300354,
        "val.generated_score": 1.7008573389053345,
        "epoch": 16
    },
    {
        "train.encoder_mse": 0.0004055793503066525,
        "train.decoder_loss": 0.030297569535672666,
        "train.decoder_acc": 0.9892735414505005,
        "val.encoder_mse": 0.0004295375272631645,
        "val.decoder_loss": 0.02440736436098814,
        "val.decoder_acc": 0.9912485780715943,
        "val.ssim": 0.9713893022537231,
        "val.psnr": 39.78106590270996,
        "val.wpsnr": 39.97581185913086,
        "val.fsim": 0.9948228750228881,
        "val.rsbpp": 0.9824971561431884,
        "train.cover_score": 0.10038904318585992,
        "train.generated_score": 0.10508023166214116,
        "val.cover_score": 0.5167972040176392,
        "val.generated_score": 0.5114852089881897,
        "epoch": 17
    },
    {
        "train.encoder_mse": 0.00040498482179827987,
        "train.decoder_loss": 0.027630445815622805,
        "train.decoder_acc": 0.9899165267944336,
        "val.encoder_mse": 0.0005361451387871056,
        "val.decoder_loss": 0.0468804312646389,
        "val.decoder_acc": 0.9833436017036438,
        "val.ssim": 0.961997802734375,
        "val.psnr": 38.791854515075684,
        "val.wpsnr": 38.961386108398436,
        "val.fsim": 0.994807508468628,
        "val.rsbpp": 0.9666872034072876,
        "train.cover_score": 0.40825451888516545,
        "train.generated_score": 0.4069389798035845,
        "val.cover_score": 0.021977110418491066,
        "val.generated_score": 0.02880474804341793,
        "epoch": 18
    },
    {
        "train.encoder_mse": 0.00038515820598695425,
        "train.decoder_loss": 0.026537288445979357,
        "train.decoder_acc": 0.9904306135177612,
        "val.encoder_mse": 0.00036866872967220845,
        "val.decoder_loss": 0.02522901313751936,
        "val.decoder_acc": 0.991019642829895,
        "val.ssim": 0.9737147521972657,
        "val.psnr": 40.45095502853393,
        "val.wpsnr": 40.63999645996094,
        "val.fsim": 0.995590024471283,
        "val.rsbpp": 0.98203928565979,
        "train.cover_score": 0.08995449922885745,
        "train.generated_score": 0.08754033558117226,
        "val.cover_score": -0.041668170527555046,
        "val.generated_score": -0.043354626504005865,
        "epoch": 19
    },
    {
        "train.encoder_mse": 0.0003843424692749977,
        "train.decoder_loss": 0.03076649422198534,
        "train.decoder_acc": 0.9888135094642639,
        "val.encoder_mse": 0.00047518065106123684,
        "val.decoder_loss": 0.046353816002607344,
        "val.decoder_acc": 0.9827649974822998,
        "val.ssim": 0.9676015467643738,
        "val.psnr": 39.329166946411135,
        "val.wpsnr": 39.52129873657226,
        "val.fsim": 0.993901551246643,
        "val.rsbpp": 0.9655299949645996,
        "train.cover_score": 0.3745825939923525,
        "train.generated_score": 0.3759767043441534,
        "val.cover_score": 0.10399400887312367,
        "val.generated_score": 0.13411672098748387,
        "epoch": 20
    },
    {
        "train.encoder_mse": 0.00037632851116359235,
        "train.decoder_loss": 0.02752846883237362,
        "train.decoder_acc": 0.9899887971878052,
        "val.encoder_mse": 0.00047180975624360144,
        "val.decoder_loss": 0.03050448139756918,
        "val.decoder_acc": 0.9869145450592041,
        "val.ssim": 0.9677241954803467,
        "val.psnr": 39.36623460769653,
        "val.wpsnr": 39.543491088867185,
        "val.fsim": 0.9953266997337341,
        "val.rsbpp": 0.9738290901184082,
        "train.cover_score": -0.10402566904015839,
        "train.generated_score": -0.10488605731469579,
        "val.cover_score": 0.3443649100661278,
        "val.generated_score": 0.34270481276512144,
        "epoch": 21
    },
    {
        "train.encoder_mse": 0.00039015453530009833,
        "train.decoder_loss": 0.026840206980705262,
        "train.decoder_acc": 0.9898528065681458,
        "val.encoder_mse": 0.0003234202538151294,
        "val.decoder_loss": 0.031188518147915602,
        "val.decoder_acc": 0.9892542672157287,
        "val.ssim": 0.9738398694992065,
        "val.psnr": 41.00187759399414,
        "val.wpsnr": 41.178640625,
        "val.fsim": 0.9960958824157715,
        "val.rsbpp": 0.9785085344314575,
        "train.cover_score": 0.04441332121565938,
        "train.generated_score": 0.04560147413611412,
        "val.cover_score": 0.2223435308933258,
        "val.generated_score": 0.22429249799251558,
        "epoch": 22
    },
    {
        "train.encoder_mse": 0.0006034808787517249,
        "train.decoder_loss": 0.026890992395579814,
        "train.decoder_acc": 0.9906759700775146,
        "val.encoder_mse": 0.0005650215321220457,
        "val.decoder_loss": 0.0762688205987215,
        "val.decoder_acc": 0.9739483771324158,
        "val.ssim": 0.9421637496948242,
        "val.psnr": 38.51309797286987,
        "val.wpsnr": 38.5991025390625,
        "val.fsim": 0.9954612741470337,
        "val.rsbpp": 0.9478967542648316,
        "train.cover_score": 0.7253860688060522,
        "train.generated_score": 0.7601959722936154,
        "val.cover_score": -0.238278642475605,
        "val.generated_score": -0.26096953091025354,
        "epoch": 23
    },
    {
        "train.encoder_mse": 0.0004013558059232309,
        "train.decoder_loss": 0.03742008044943213,
        "train.decoder_acc": 0.9861634850502015,
        "val.encoder_mse": 0.0004384501866297796,
        "val.decoder_loss": 0.034923733964562415,
        "val.decoder_acc": 0.9868442978858948,
        "val.ssim": 0.9714699487686157,
        "val.psnr": 39.70816211700439,
        "val.wpsnr": 39.90517907714844,
        "val.fsim": 0.9942155203819275,
        "val.rsbpp": 0.9736885957717896,
        "train.cover_score": -0.5856136336177588,
        "train.generated_score": -0.5788027490675449,
        "val.cover_score": -0.12342404052615166,
        "val.generated_score": -0.12768641967326402,
        "epoch": 24
    },
    {
        "train.encoder_mse": 0.0003583681019954383,
        "train.decoder_loss": 0.026209512546658514,
        "train.decoder_acc": 0.9903127069473266,
        "val.encoder_mse": 0.00043826509709469976,
        "val.decoder_loss": 0.03202030809223652,
        "val.decoder_acc": 0.9865558304786682,
        "val.ssim": 0.9717945966720581,
        "val.psnr": 39.682282848358156,
        "val.wpsnr": 39.87107321166992,
        "val.fsim": 0.9954086937904358,
        "val.rsbpp": 0.9731116609573365,
        "train.cover_score": 0.24556180428294466,
        "train.generated_score": 0.23970714892074466,
        "val.cover_score": 0.5401059308052063,
        "val.generated_score": 0.5385433850288391,
        "epoch": 25
    },
    {
        "train.encoder_mse": 0.0003629583249567077,
        "train.decoder_loss": 0.030159948825836183,
        "train.decoder_acc": 0.9886277356147766,
        "val.encoder_mse": 0.0003500222358852625,
        "val.decoder_loss": 0.027692636750638485,
        "val.decoder_acc": 0.9898267793655395,
        "val.ssim": 0.9767237696647644,
        "val.psnr": 40.66230091094971,
        "val.wpsnr": 40.858529052734376,
        "val.fsim": 0.9956663165092469,
        "val.rsbpp": 0.9796535587310791,
        "train.cover_score": 0.29432331770146264,
        "train.generated_score": 0.29345188443455844,
        "val.cover_score": 0.0739140873849392,
        "val.generated_score": 0.07291281399130821,
        "epoch": 26
    },
    {
        "train.encoder_mse": 0.00033671283174771814,
        "train.decoder_loss": 0.023141535758972168,
        "train.decoder_acc": 0.991637412071228,
        "val.encoder_mse": 0.0003171640960499644,
        "val.decoder_loss": 0.025319540649652483,
        "val.decoder_acc": 0.9908361263275146,
        "val.ssim": 0.977375165939331,
        "val.psnr": 41.10741846084595,
        "val.wpsnr": 41.299793731689455,
        "val.fsim": 0.996294997215271,
        "val.rsbpp": 0.9816722526550293,
        "train.cover_score": 0.014950676345906687,
        "train.generated_score": 0.013227485097013414,
        "val.cover_score": -0.1259584410265088,
        "val.generated_score": -0.129965491771698,
        "epoch": 27
    },
    {
        "train.encoder_mse": 0.0003276679669506848,
        "train.decoder_loss": 0.025599546357989313,
        "train.decoder_acc": 0.9909055242538453,
        "val.encoder_mse": 0.00033537848817650226,
        "val.decoder_loss": 0.03641001530736685,
        "val.decoder_acc": 0.9848247904777527,
        "val.ssim": 0.977892810344696,
        "val.psnr": 40.870084400177,
        "val.wpsnr": 41.05454913330078,
        "val.fsim": 0.9959534392356872,
        "val.rsbpp": 0.9696495809555054,
        "train.cover_score": -0.024362197378650308,
        "train.generated_score": -0.02823016148223542,
        "val.cover_score": 0.02740253050602041,
        "val.generated_score": 0.027008456569048576,
        "epoch": 28
    },
    {
        "train.encoder_mse": 0.00034787780221085993,
        "train.decoder_loss": 0.023087320409715176,
        "train.decoder_acc": 0.9915444207191467,
        "val.encoder_mse": 0.00032759471575263886,
        "val.decoder_loss": 0.02210721169784665,
        "val.decoder_acc": 0.9922392063140869,
        "val.ssim": 0.9759672327041626,
        "val.psnr": 40.95999111175537,
        "val.wpsnr": 41.14826333618164,
        "val.fsim": 0.9962532925605774,
        "val.rsbpp": 0.9844784126281738,
        "train.cover_score": 0.19940020934829955,
        "train.generated_score": 0.20232015968766062,
        "val.cover_score": -0.17541206693649292,
        "val.generated_score": -0.17669537615776063,
        "epoch": 29
    },
    {
        "train.encoder_mse": 0.0003257560337660834,
        "train.decoder_loss": 0.021687221139669418,
        "train.decoder_acc": 0.9918755283355712,
        "val.encoder_mse": 0.00029759806080255656,
        "val.decoder_loss": 0.03307478518038988,
        "val.decoder_acc": 0.988140480518341,
        "val.ssim": 0.9793271861076355,
        "val.psnr": 41.388638973236084,
        "val.wpsnr": 41.58145733642578,
        "val.fsim": 0.9964327931404113,
        "val.rsbpp": 0.9762809610366822,
        "train.cover_score": -0.26726425921916963,
        "train.generated_score": -0.26917555640637875,
        "val.cover_score": -0.14121712404489517,
        "val.generated_score": -0.14889637303352357,
        "epoch": 30
    },
    {
        "train.encoder_mse": 0.0003369598314166069,
        "train.decoder_loss": 0.02153908274695277,
        "train.decoder_acc": 0.9921341891288757,
        "val.encoder_mse": 0.0003386065908707678,
        "val.decoder_loss": 0.027603475142270326,
        "val.decoder_acc": 0.9906476836204529,
        "val.ssim": 0.9741779108047486,
        "val.psnr": 40.80355262756348,
        "val.wpsnr": 40.97767974853516,
        "val.fsim": 0.9963757834434509,
        "val.rsbpp": 0.9812953672409057,
        "train.cover_score": 0.18013988101342693,
        "train.generated_score": 0.17615866451524198,
        "val.cover_score": 0.3591667554378509,
        "val.generated_score": 0.36036202120780947,
        "epoch": 31
    },
    {
        "train.encoder_mse": 0.0003769083307124674,
        "train.decoder_loss": 0.026040972735732793,
        "train.decoder_acc": 0.9906532573699951,
        "val.encoder_mse": 0.00028865555662196127,
        "val.decoder_loss": 0.03891042812913656,
        "val.decoder_acc": 0.9848766875267029,
        "val.ssim": 0.9790328993797303,
        "val.psnr": 41.50230625152588,
        "val.wpsnr": 41.67678076171875,
        "val.fsim": 0.9964864163398742,
        "val.rsbpp": 0.9697533750534058,
        "train.cover_score": 0.0175547516271472,
        "train.generated_score": 0.02334551665559411,
        "val.cover_score": -0.10069810156524181,
        "val.generated_score": -0.0991975363790989,
        "epoch": 32
    }
]