[
    {
        "train.encoder_mse": 0.08731358177959919,
        "train.decoder_loss": 0.6849143147468567,
        "train.decoder_acc": 0.5588136380910873,
        "val.encoder_mse": 0.039793240336271435,
        "val.decoder_loss": 0.6879770939166729,
        "val.decoder_acc": 0.5499043877308185,
        "val.ssim": 0.39798715022894054,
        "val.psnr": 20.04513043623704,
        "val.rsbpp": 0.5988526527698224,
        "epoch": 1
    },
    {
        "train.encoder_mse": 0.012843433283269406,
        "train.decoder_loss": 0.670689480304718,
        "train.decoder_acc": 0.592314835190773,
        "val.encoder_mse": 0.021844676624123868,
        "val.decoder_loss": 0.6864776244530311,
        "val.decoder_acc": 0.55582228073707,
        "val.ssim": 0.6201119743860685,
        "val.psnr": 22.701311661646915,
        "val.rsbpp": 0.6698673688448392,
        "epoch": 2
    },
    {
        "train.encoder_mse": 0.008334370329976082,
        "train.decoder_loss": 0.662773517370224,
        "train.decoder_acc": 0.6021614891290664,
        "val.encoder_mse": 0.011691840938650645,
        "val.decoder_loss": 0.6831653576630813,
        "val.decoder_acc": 0.5681205116785489,
        "val.ssim": 0.7020700207123389,
        "val.psnr": 25.404978348658634,
        "val.rsbpp": 0.8174461401425875,
        "epoch": 3
    },
    {
        "train.encoder_mse": 0.0068111671996302905,
        "train.decoder_loss": 0.6548929762840271,
        "train.decoder_acc": 0.6118076503276825,
        "val.encoder_mse": 0.009283874112253006,
        "val.decoder_loss": 0.6813759620373065,
        "val.decoder_acc": 0.5752177376013535,
        "val.ssim": 0.7483202127309946,
        "val.psnr": 26.42845337207501,
        "val.rsbpp": 0.9026128512162429,
        "epoch": 4
    },
    {
        "train.encoder_mse": 0.005496348408050835,
        "train.decoder_loss": 0.6483531081676484,
        "train.decoder_acc": 0.6197128516435623,
        "val.encoder_mse": 0.011836465161580306,
        "val.decoder_loss": 0.6817541856032151,
        "val.decoder_acc": 0.5798659874842718,
        "val.ssim": 0.7782671130620517,
        "val.psnr": 25.390335963322567,
        "val.rsbpp": 0.9583918498112605,
        "epoch": 5
    },
    {
        "train.encoder_mse": 0.005898795891553164,
        "train.decoder_loss": 0.6199216419458389,
        "train.decoder_acc": 0.6521348494291306,
        "val.encoder_mse": 0.007569275187471738,
        "val.decoder_loss": 0.6845493683448205,
        "val.decoder_acc": 0.5915647928531353,
        "val.ssim": 0.7839339192097003,
        "val.psnr": 27.35446233015794,
        "val.rsbpp": 1.098777514237624,
        "epoch": 6
    },
    {
        "train.encoder_mse": 0.005056009534746409,
        "train.decoder_loss": 0.615449095070362,
        "train.decoder_acc": 0.6558312046527862,
        "val.encoder_mse": 0.010752900575215999,
        "val.decoder_loss": 0.6875012012628409,
        "val.decoder_acc": 0.5981819400420556,
        "val.ssim": 0.7791335811981788,
        "val.psnr": 25.81885924706092,
        "val.rsbpp": 1.1781832805046668,
        "epoch": 7
    },
    {
        "train.encoder_mse": 0.005680933071998879,
        "train.decoder_loss": 0.5979682159423828,
        "train.decoder_acc": 0.6733684152364731,
        "val.encoder_mse": 0.006947223741847735,
        "val.decoder_loss": 0.6877249066646283,
        "val.decoder_acc": 0.6078336468109717,
        "val.ssim": 0.7502976243312542,
        "val.psnr": 27.701954658214863,
        "val.rsbpp": 1.2940037617316613,
        "epoch": 8
    },
    {
        "train.encoder_mse": 0.005076122260652483,
        "train.decoder_loss": 0.5891425985097886,
        "train.decoder_acc": 0.6791630184650421,
        "val.encoder_mse": 0.006980496745270032,
        "val.decoder_loss": 0.6784087832157428,
        "val.decoder_acc": 0.6114102877103366,
        "val.ssim": 0.809250153028048,
        "val.psnr": 27.809568368471584,
        "val.rsbpp": 1.3369234525240385,
        "epoch": 9
    },
    {
        "train.encoder_mse": 0.004729257955914363,
        "train.decoder_loss": 0.5911150404810905,
        "train.decoder_acc": 0.6787079495191574,
        "val.encoder_mse": 0.0055571271357341455,
        "val.decoder_loss": 0.6676211907313421,
        "val.decoder_acc": 0.6150865967457111,
        "val.ssim": 0.8255168337088364,
        "val.psnr": 28.746536328242374,
        "val.rsbpp": 1.3810391609485333,
        "epoch": 10
    },
    {
        "train.encoder_mse": 0.0046712584013585004,
        "train.decoder_loss": 0.5622950649261474,
        "train.decoder_acc": 0.7037866377830505,
        "val.encoder_mse": 0.006175218615680933,
        "val.decoder_loss": 0.6777108082404504,
        "val.decoder_acc": 0.6205037190363958,
        "val.ssim": 0.7925980091094971,
        "val.psnr": 28.227900908543514,
        "val.rsbpp": 1.4460446284367487,
        "epoch": 11
    },
    {
        "train.encoder_mse": 0.004868799833348021,
        "train.decoder_loss": 0.5585391080379486,
        "train.decoder_acc": 0.7044419413805008,
        "val.encoder_mse": 0.008562767770714484,
        "val.decoder_loss": 0.6765883748347943,
        "val.decoder_acc": 0.621903291115394,
        "val.ssim": 0.8016703541462238,
        "val.psnr": 26.918877821702225,
        "val.rsbpp": 1.462839493384728,
        "epoch": 12
    },
    {
        "train.encoder_mse": 0.004336904194205999,
        "train.decoder_loss": 0.5655500796437264,
        "train.decoder_acc": 0.6989914840459823,
        "val.encoder_mse": 0.004786125975302779,
        "val.decoder_loss": 0.6709002806590154,
        "val.decoder_acc": 0.6266619288004361,
        "val.ssim": 0.8246343915279095,
        "val.psnr": 29.358541231888992,
        "val.rsbpp": 1.519943145605234,
        "epoch": 13
    },
    {
        "train.encoder_mse": 0.004361254326067865,
        "train.decoder_loss": 0.5425130489468575,
        "train.decoder_acc": 0.7141660767793655,
        "val.encoder_mse": 0.006442113582474681,
        "val.decoder_loss": 0.6757226540492132,
        "val.decoder_acc": 0.6271463311635531,
        "val.ssim": 0.8390864592332107,
        "val.psnr": 28.096391971294697,
        "val.rsbpp": 1.5257559739626372,
        "epoch": 14
    },
    {
        "train.encoder_mse": 0.00442434442229569,
        "train.decoder_loss": 0.5746621550619602,
        "train.decoder_acc": 0.6945703107118607,
        "val.encoder_mse": 0.0048168160092945285,
        "val.decoder_loss": 0.6607538828482995,
        "val.decoder_acc": 0.6300473121496347,
        "val.ssim": 0.8422443454082196,
        "val.psnr": 29.38376683455247,
        "val.rsbpp": 1.5605677457956166,
        "epoch": 15
    },
    {
        "train.encoder_mse": 0.00423052586033009,
        "train.decoder_loss": 0.5526719760894775,
        "train.decoder_acc": 0.7086348658800126,
        "val.encoder_mse": 0.004817036643194465,
        "val.decoder_loss": 0.666799403153933,
        "val.decoder_acc": 0.6323396471830515,
        "val.ssim": 0.8176194658646216,
        "val.psnr": 29.34624066719642,
        "val.rsbpp": 1.5880757661966176,
        "epoch": 16
    },
    {
        "train.encoder_mse": 0.004291184638859704,
        "train.decoder_loss": 0.5511651793122292,
        "train.decoder_acc": 0.7104789978265762,
        "val.encoder_mse": 0.004983493879150886,
        "val.decoder_loss": 0.6600289115538964,
        "val.decoder_acc": 0.6343565399830158,
        "val.ssim": 0.8397998213768005,
        "val.psnr": 29.20399757531973,
        "val.rsbpp": 1.6122784797961895,
        "epoch": 17
    },
    {
        "train.encoder_mse": 0.004263093682238832,
        "train.decoder_loss": 0.5196130578219891,
        "train.decoder_acc": 0.7326975709199905,
        "val.encoder_mse": 0.006800896559770291,
        "val.decoder_loss": 0.6931342299167926,
        "val.decoder_acc": 0.6364383193162771,
        "val.ssim": 0.8111681984021113,
        "val.psnr": 27.852167532994198,
        "val.rsbpp": 1.6372598317953257,
        "epoch": 18
    },
    {
        "train.encoder_mse": 0.004320002141175791,
        "train.decoder_loss": 0.5327897664904594,
        "train.decoder_acc": 0.727013880610466,
        "val.encoder_mse": 0.0051651801018474195,
        "val.decoder_loss": 0.6727782121071448,
        "val.decoder_acc": 0.6419605796153729,
        "val.ssim": 0.8312042263837961,
        "val.psnr": 29.036459922790527,
        "val.rsbpp": 1.7035269553844745,
        "epoch": 19
    },
    {
        "train.encoder_mse": 0.004290271998615936,
        "train.decoder_loss": 0.4991824334859848,
        "train.decoder_acc": 0.7472973108291626,
        "val.encoder_mse": 0.006266826262267737,
        "val.decoder_loss": 0.6635149488082299,
        "val.decoder_acc": 0.6431606641182532,
        "val.ssim": 0.8386093286367563,
        "val.psnr": 28.28998950811533,
        "val.rsbpp": 1.7179279694190392,
        "epoch": 20
    },
    {
        "train.encoder_mse": 0.0038781701028347015,
        "train.decoder_loss": 0.5086620643734932,
        "train.decoder_acc": 0.7420400393009186,
        "val.encoder_mse": 0.009016374663378183,
        "val.decoder_loss": 0.6676970903690045,
        "val.decoder_acc": 0.6426706910133362,
        "val.ssim": 0.8183926389767573,
        "val.psnr": 26.739964118370644,
        "val.rsbpp": 1.7120482921600342,
        "epoch": 21
    },
    {
        "train.encoder_mse": 0.0037076658650767058,
        "train.decoder_loss": 0.5127008520066738,
        "train.decoder_acc": 0.7389757132530212,
        "val.encoder_mse": 0.004323312815708609,
        "val.decoder_loss": 0.6471792367788461,
        "val.decoder_acc": 0.6496008405318627,
        "val.ssim": 0.8397467686579778,
        "val.psnr": 29.86461144227248,
        "val.rsbpp": 1.7952100863823524,
        "epoch": 22
    },
    {
        "train.encoder_mse": 0.003927049160702154,
        "train.decoder_loss": 0.507099367827177,
        "train.decoder_acc": 0.7443365341424942,
        "val.encoder_mse": 0.005598711333452509,
        "val.decoder_loss": 0.648133805164924,
        "val.decoder_acc": 0.6516313140208905,
        "val.ssim": 0.8483802263553326,
        "val.psnr": 28.797841805678146,
        "val.rsbpp": 1.8195757682506855,
        "epoch": 23
    },
    {
        "train.encoder_mse": 0.0038676021131686866,
        "train.decoder_loss": 0.490426983833313,
        "train.decoder_acc": 0.7523442077636718,
        "val.encoder_mse": 0.005038910491678577,
        "val.decoder_loss": 0.6490556047512934,
        "val.decoder_acc": 0.6533507567185622,
        "val.ssim": 0.8394041749147269,
        "val.psnr": 29.218875261453483,
        "val.rsbpp": 1.8402090806227465,
        "epoch": 24
    },
    {
        "train.encoder_mse": 0.0035500431631226093,
        "train.decoder_loss": 0.48817018665373324,
        "train.decoder_acc": 0.7546725440025329,
        "val.encoder_mse": 0.006347800264708125,
        "val.decoder_loss": 0.6459164802844708,
        "val.decoder_acc": 0.6551849658672626,
        "val.ssim": 0.8371676894334646,
        "val.psnr": 28.176495111905613,
        "val.rsbpp": 1.8622195904071515,
        "epoch": 25
    },
    {
        "train.encoder_mse": 0.003948813886381686,
        "train.decoder_loss": 0.49904088318347933,
        "train.decoder_acc": 0.7481916403770447,
        "val.encoder_mse": 0.004571567038790538,
        "val.decoder_loss": 0.652313599219689,
        "val.decoder_acc": 0.6595308918219346,
        "val.ssim": 0.841055127290579,
        "val.psnr": 29.591709283682015,
        "val.rsbpp": 1.9143707018632155,
        "epoch": 26
    },
    {
        "train.encoder_mse": 0.003697068040492013,
        "train.decoder_loss": 0.46163462854921816,
        "train.decoder_acc": 0.7721487349271774,
        "val.encoder_mse": 0.006696192153657858,
        "val.decoder_loss": 0.6502956931407635,
        "val.decoder_acc": 0.6601076034399179,
        "val.ssim": 0.8357862142416147,
        "val.psnr": 27.939270643087532,
        "val.rsbpp": 1.921291241279015,
        "epoch": 27
    },
    {
        "train.encoder_mse": 0.004246055891271681,
        "train.decoder_loss": 0.46284040845930574,
        "train.decoder_acc": 0.7719437253475189,
        "val.encoder_mse": 0.0068169345255368035,
        "val.decoder_loss": 0.6446915681545551,
        "val.decoder_acc": 0.6625263003202585,
        "val.ssim": 0.8380788564682007,
        "val.psnr": 27.861797992999737,
        "val.rsbpp": 1.950315603843102,
        "epoch": 28
    },
    {
        "train.encoder_mse": 0.0036907693825196475,
        "train.decoder_loss": 0.47076919689774516,
        "train.decoder_acc": 0.7629082709550857,
        "val.encoder_mse": 0.004703734893924915,
        "val.decoder_loss": 0.6337176102858323,
        "val.decoder_acc": 0.6639417226497943,
        "val.ssim": 0.84689527291518,
        "val.psnr": 29.505068889031044,
        "val.rsbpp": 1.9673006717975323,
        "epoch": 29
    },
    {
        "train.encoder_mse": 0.0035895720659755172,
        "train.decoder_loss": 0.4644677772372961,
        "train.decoder_acc": 0.7698000895977021,
        "val.encoder_mse": 0.007131707890389057,
        "val.decoder_loss": 0.635786079443418,
        "val.decoder_acc": 0.6646188497543335,
        "val.ssim": 0.8330283852723929,
        "val.psnr": 27.68581592119657,
        "val.rsbpp": 1.975426197052002,
        "epoch": 30
    },
    {
        "train.encoder_mse": 0.003816694194683805,
        "train.decoder_loss": 0.46660668671131134,
        "train.decoder_acc": 0.7654024374485016,
        "val.encoder_mse": 0.0037571538168077287,
        "val.decoder_loss": 0.62382572889328,
        "val.decoder_acc": 0.6674674336726849,
        "val.ssim": 0.860330554155203,
        "val.psnr": 30.503407808450554,
        "val.rsbpp": 2.009609204072219,
        "epoch": 31
    },
    {
        "train.encoder_mse": 0.0038512451364658773,
        "train.decoder_loss": 0.42355269350111485,
        "train.decoder_acc": 0.7941819626092911,
        "val.encoder_mse": 0.005181492252561908,
        "val.decoder_loss": 0.6356950585658734,
        "val.decoder_acc": 0.6694490221830515,
        "val.ssim": 0.8349060874718887,
        "val.psnr": 29.094775456648605,
        "val.rsbpp": 2.0333882661966176,
        "epoch": 32
    }
]