[
    {
        "train.encoder_mse": 0.0008577270950263483,
        "train.decoder_loss": 0.6926843971014023,
        "train.decoder_acc": 0.5240692237019539,
        "val.encoder_mse": 0.0002759928734471592,
        "val.decoder_loss": 0.6397582292556763,
        "val.decoder_acc": 0.639323734320127,
        "val.ssim": 0.956890697662647,
        "val.psnr": 41.61520224351149,
        "val.wpsnr": 41.622031872089096,
        "val.fsim": 0.9984202614197364,
        "val.rsbpp": 0.2786474686402541,
        "train.cover_score": -0.25189756649720946,
        "train.generated_score": -0.25236602875695097,
        "val.cover_score": 0.09926917174687752,
        "val.generated_score": 0.09871645443714581,
        "epoch": 1
    },
    {
        "train.encoder_mse": 0.0017636831395793707,
        "train.decoder_loss": 0.49228452920913696,
        "train.decoder_acc": 0.7582171285152435,
        "val.encoder_mse": 0.0006751644720609945,
        "val.decoder_loss": 0.41436688945843625,
        "val.decoder_acc": 0.8082963182375982,
        "val.ssim": 0.9237611431341904,
        "val.psnr": 37.73387670516968,
        "val.wpsnr": 37.7799433194674,
        "val.fsim": 0.9963847444607661,
        "val.rsbpp": 0.6165926364751962,
        "train.cover_score": 1.9218946739379317,
        "train.generated_score": 2.062110371850431,
        "val.cover_score": -0.36307639342087966,
        "val.generated_score": -0.3637840128861941,
        "epoch": 2
    },
    {
        "train.encoder_mse": 0.00063554207154084,
        "train.decoder_loss": 0.2953459823131561,
        "train.decoder_acc": 0.8781818866729736,
        "val.encoder_mse": 0.0008730378064613503,
        "val.decoder_loss": 0.35186819159067595,
        "val.decoder_acc": 0.8484616829798772,
        "val.ssim": 0.9552365128810589,
        "val.psnr": 36.61635967401358,
        "val.wpsnr": 36.65344766470102,
        "val.fsim": 0.9960810175308814,
        "val.rsbpp": 0.6969233659597543,
        "train.cover_score": -0.100725117623806,
        "train.generated_score": -0.12636835552752018,
        "val.cover_score": 6.065190902123084,
        "val.generated_score": 6.074662208557129,
        "epoch": 3
    },
    {
        "train.encoder_mse": 0.0015067017218098045,
        "train.decoder_loss": 0.28947719871997835,
        "train.decoder_acc": 0.8802406996488571,
        "val.encoder_mse": 0.0007637407666502091,
        "val.decoder_loss": 0.2384568452835083,
        "val.decoder_acc": 0.905134732906635,
        "val.ssim": 0.9439462102376498,
        "val.psnr": 37.20262179007897,
        "val.wpsnr": 37.22761623676006,
        "val.fsim": 0.9954498456074641,
        "val.rsbpp": 0.81026946581327,
        "train.cover_score": 2.063449798710644,
        "train.generated_score": 2.1194593591243027,
        "val.cover_score": -0.46498938220051617,
        "val.generated_score": -0.48561640452736843,
        "epoch": 4
    },
    {
        "train.encoder_mse": 0.0018697110857465303,
        "train.decoder_loss": 0.25568423643708227,
        "train.decoder_acc": 0.8968242830038071,
        "val.encoder_mse": 0.003959149964010486,
        "val.decoder_loss": 0.2484783805333651,
        "val.decoder_acc": 0.9007511964211097,
        "val.ssim": 0.9360766135729276,
        "val.psnr": 30.220354153559757,
        "val.wpsnr": 30.174759204571064,
        "val.fsim": 0.9923155949665949,
        "val.rsbpp": 0.8015023928422195,
        "train.cover_score": 1.1507352660410106,
        "train.generated_score": 1.2608825787343085,
        "val.cover_score": -0.06107635681445782,
        "val.generated_score": -0.02632734777692419,
        "epoch": 5
    },
    {
        "train.encoder_mse": 0.0009132898692041636,
        "train.decoder_loss": 0.20744382187724114,
        "train.decoder_acc": 0.9202893191576004,
        "val.encoder_mse": 0.0010351178979572768,
        "val.decoder_loss": 0.17744346192249885,
        "val.decoder_acc": 0.9326239090699416,
        "val.ssim": 0.9196614164572495,
        "val.psnr": 35.88267161295964,
        "val.wpsnr": 35.96378150353065,
        "val.fsim": 0.9755570750970107,
        "val.rsbpp": 0.8652478181398832,
        "train.cover_score": 1.1269252284429967,
        "train.generated_score": 1.0997805443312973,
        "val.cover_score": 0.4209148986981465,
        "val.generated_score": 0.5560504702421335,
        "epoch": 6
    },
    {
        "train.encoder_mse": 0.0005706661919248291,
        "train.decoder_loss": 0.15226972192525864,
        "train.decoder_acc": 0.9463069522380829,
        "val.encoder_mse": 0.0005073464887503248,
        "val.decoder_loss": 0.10827090361943612,
        "val.decoder_acc": 0.9653232418573819,
        "val.ssim": 0.9567335477242103,
        "val.psnr": 38.969521889319786,
        "val.wpsnr": 39.0722169142503,
        "val.fsim": 0.993210141475384,
        "val.rsbpp": 0.9306464837147639,
        "train.cover_score": -0.18272422032780014,
        "train.generated_score": -0.16268925158306957,
        "val.cover_score": -0.4323033696183792,
        "val.generated_score": -0.4450988881289959,
        "epoch": 7
    },
    {
        "train.encoder_mse": 0.0005282023738254793,
        "train.decoder_loss": 0.12313499338924885,
        "train.decoder_acc": 0.9577434974908828,
        "val.encoder_mse": 0.0007065364938730804,
        "val.decoder_loss": 0.080629679446037,
        "val.decoder_acc": 0.9753526403353765,
        "val.ssim": 0.9325713469431951,
        "val.psnr": 37.536939474252556,
        "val.wpsnr": 37.61515162541316,
        "val.fsim": 0.990968617109152,
        "val.rsbpp": 0.9507052806707529,
        "train.cover_score": -0.23545731398742645,
        "train.generated_score": -0.24507023360114544,
        "val.cover_score": -0.016593032337438602,
        "val.generated_score": -0.020611321918505173,
        "epoch": 8
    },
    {
        "train.encoder_mse": 0.00048412547272164375,
        "train.decoder_loss": 0.1178883633762598,
        "train.decoder_acc": 0.958797202706337,
        "val.encoder_mse": 0.0005998914846434043,
        "val.decoder_loss": 0.1088004341492286,
        "val.decoder_acc": 0.9613701930412879,
        "val.ssim": 0.9456745156875024,
        "val.psnr": 38.24670846645649,
        "val.wpsnr": 38.335388477032,
        "val.fsim": 0.9845697054496179,
        "val.rsbpp": 0.9227403860825759,
        "train.cover_score": -0.3796801703982055,
        "train.generated_score": -0.3796125561930239,
        "val.cover_score": -0.09238366080591312,
        "val.generated_score": -0.06546282739593433,
        "epoch": 9
    },
    {
        "train.encoder_mse": 0.0004881295858649537,
        "train.decoder_loss": 0.09880275461822748,
        "train.decoder_acc": 0.9665896874666214,
        "val.encoder_mse": 0.0004627031202499683,
        "val.decoder_loss": 0.10003325887597524,
        "val.decoder_acc": 0.9651467479192294,
        "val.ssim": 0.9603675191219037,
        "val.psnr": 39.3714479299692,
        "val.wpsnr": 39.46317702073317,
        "val.fsim": 0.9928198731862582,
        "val.rsbpp": 0.9302934958384588,
        "train.cover_score": 0.2941960068652406,
        "train.generated_score": 0.2952344074216671,
        "val.cover_score": 1.5451530034725482,
        "val.generated_score": 1.549150558618399,
        "epoch": 10
    },
    {
        "train.encoder_mse": 0.00045381205214653167,
        "train.decoder_loss": 0.0901413482800126,
        "train.decoder_acc": 0.9697859340906143,
        "val.encoder_mse": 0.0005223338263861549,
        "val.decoder_loss": 0.09175079086652169,
        "val.decoder_acc": 0.9679992382342999,
        "val.ssim": 0.9578415201260493,
        "val.psnr": 38.846953465388374,
        "val.wpsnr": 38.918741959791916,
        "val.fsim": 0.993457133953388,
        "val.rsbpp": 0.9359984764685998,
        "train.cover_score": 0.4065157472109422,
        "train.generated_score": 0.40078982792561874,
        "val.cover_score": -0.2024089268480356,
        "val.generated_score": -0.1998785427556588,
        "epoch": 11
    },
    {
        "train.encoder_mse": 0.00041685547097586095,
        "train.decoder_loss": 0.08589579708874226,
        "train.decoder_acc": 0.9711660981178284,
        "val.encoder_mse": 0.0005303994268895342,
        "val.decoder_loss": 0.06515883482419528,
        "val.decoder_acc": 0.9788506810481732,
        "val.ssim": 0.9485534933897165,
        "val.psnr": 38.78013409101046,
        "val.wpsnr": 38.86786240797777,
        "val.fsim": 0.9927699978534992,
        "val.rsbpp": 0.9577013620963464,
        "train.cover_score": -0.5822620486468076,
        "train.generated_score": -0.5753233029693365,
        "val.cover_score": -0.03819082363938483,
        "val.generated_score": -0.051031297181907576,
        "epoch": 12
    },
    {
        "train.encoder_mse": 0.0003907200472895056,
        "train.decoder_loss": 0.08756766052916647,
        "train.decoder_acc": 0.9700841706991196,
        "val.encoder_mse": 0.0004413058743991244,
        "val.decoder_loss": 0.09735110201514684,
        "val.decoder_acc": 0.9651411909323472,
        "val.ssim": 0.9561144709587097,
        "val.psnr": 39.58527289904081,
        "val.wpsnr": 39.65904969435472,
        "val.fsim": 0.9925879377585191,
        "val.rsbpp": 0.9302823818646945,
        "train.cover_score": -0.04013331415771972,
        "train.generated_score": -0.05304218108649365,
        "val.cover_score": -0.008763852171026744,
        "val.generated_score": -0.011379904686831512,
        "epoch": 13
    },
    {
        "train.encoder_mse": 0.0004451694469025824,
        "train.decoder_loss": 0.07846906388178468,
        "train.decoder_acc": 0.9729635000228882,
        "val.encoder_mse": 0.00031475619359228475,
        "val.decoder_loss": 0.08752752811862873,
        "val.decoder_acc": 0.9700249250118549,
        "val.ssim": 0.9734143798167889,
        "val.psnr": 41.048551706167366,
        "val.wpsnr": 41.147219731257515,
        "val.fsim": 0.996034901875716,
        "val.rsbpp": 0.9400498500237098,
        "train.cover_score": -0.13054054794833064,
        "train.generated_score": -0.12815289379097522,
        "val.cover_score": -1.4183857716046846,
        "val.generated_score": -1.4441017737755408,
        "epoch": 14
    },
    {
        "train.encoder_mse": 0.000483700507611502,
        "train.decoder_loss": 0.0735552983917296,
        "train.decoder_acc": 0.9751875191926956,
        "val.encoder_mse": 0.0015677516438210239,
        "val.decoder_loss": 0.03439059996834168,
        "val.decoder_acc": 0.9900153554402865,
        "val.ssim": 0.9056061918918903,
        "val.psnr": 34.07066216835609,
        "val.wpsnr": 34.1970701951247,
        "val.fsim": 0.9896371639691867,
        "val.rsbpp": 0.980030710880573,
        "train.cover_score": -0.6076664233952761,
        "train.generated_score": -0.6138038659561426,
        "val.cover_score": 2.7334119448295007,
        "val.generated_score": 2.9062339525956373,
        "epoch": 15
    },
    {
        "train.encoder_mse": 0.00047068903455510736,
        "train.decoder_loss": 0.06597901090979576,
        "train.decoder_acc": 0.9776629418134689,
        "val.encoder_mse": 0.0005409117886581673,
        "val.decoder_loss": 0.037407733070162624,
        "val.decoder_acc": 0.9887801867264968,
        "val.ssim": 0.9533439737099868,
        "val.psnr": 38.70079150566688,
        "val.wpsnr": 38.82256229107197,
        "val.fsim": 0.9913905629744897,
        "val.rsbpp": 0.9775603734529935,
        "train.cover_score": -0.16904628379736095,
        "train.generated_score": -0.15291497933445497,
        "val.cover_score": -0.5313221330826099,
        "val.generated_score": -0.529044332412573,
        "epoch": 16
    },
    {
        "train.encoder_mse": 0.0003553386179555673,
        "train.decoder_loss": 0.04262654925696552,
        "train.decoder_acc": 0.9863947689533233,
        "val.encoder_mse": 0.0004531705792312725,
        "val.decoder_loss": 0.04518726969567629,
        "val.decoder_acc": 0.985077073940864,
        "val.ssim": 0.962631867482112,
        "val.psnr": 39.46977376937866,
        "val.wpsnr": 39.56955865713266,
        "val.fsim": 0.9954377687894381,
        "val.rsbpp": 0.9701541478817279,
        "train.cover_score": -0.2507091777026653,
        "train.generated_score": -0.25768544811755417,
        "val.cover_score": -0.025732994222870238,
        "val.generated_score": -0.031029741279780865,
        "epoch": 17
    },
    {
        "train.encoder_mse": 0.0003267137880902737,
        "train.decoder_loss": 0.044071771819144484,
        "train.decoder_acc": 0.9855330145359039,
        "val.encoder_mse": 0.0003640946681396319,
        "val.decoder_loss": 0.0525748163748246,
        "val.decoder_acc": 0.9825004385067866,
        "val.ssim": 0.9690855695651128,
        "val.psnr": 40.42574534049401,
        "val.wpsnr": 40.55242156982422,
        "val.fsim": 0.9948727717766395,
        "val.rsbpp": 0.9650008770135733,
        "train.cover_score": -0.05624406223651022,
        "train.generated_score": -0.06150453925132751,
        "val.cover_score": 0.010650695158311954,
        "val.generated_score": 0.013855219155979844,
        "epoch": 18
    },
    {
        "train.encoder_mse": 0.0003150374730466865,
        "train.decoder_loss": 0.040643379259854555,
        "train.decoder_acc": 0.9865145689249039,
        "val.encoder_mse": 0.0003495256622465184,
        "val.decoder_loss": 0.053866987044994645,
        "val.decoder_acc": 0.9813664097052354,
        "val.ssim": 0.9697223947598383,
        "val.psnr": 40.59845300821158,
        "val.wpsnr": 40.73000717163086,
        "val.fsim": 0.9951162613355197,
        "val.rsbpp": 0.9627328194104708,
        "train.cover_score": -0.11056727037357632,
        "train.generated_score": -0.11775537880137563,
        "val.cover_score": -0.13059277431322977,
        "val.generated_score": -0.1216572866273614,
        "epoch": 19
    },
    {
        "train.encoder_mse": 0.0003195625233638566,
        "train.decoder_loss": 0.039648567466065286,
        "train.decoder_acc": 0.9868013769388199,
        "val.encoder_mse": 0.0005028776828951847,
        "val.decoder_loss": 0.027048773633746002,
        "val.decoder_acc": 0.9915120464104873,
        "val.ssim": 0.9657774705153245,
        "val.psnr": 39.020586197192856,
        "val.wpsnr": 39.18162624652569,
        "val.fsim": 0.9943265685668359,
        "val.rsbpp": 0.9830240928209745,
        "train.cover_score": -0.16909767100587486,
        "train.generated_score": -0.166170087531209,
        "val.cover_score": 0.025490123706941422,
        "val.generated_score": 0.008875834934699994,
        "epoch": 20
    },
    {
        "train.encoder_mse": 0.0002976447700348217,
        "train.decoder_loss": 0.033858721503056584,
        "train.decoder_acc": 0.9891296857595444,
        "val.encoder_mse": 0.00028160912356375216,
        "val.decoder_loss": 0.03921248018741608,
        "val.decoder_acc": 0.987322082886329,
        "val.ssim": 0.9748407373061547,
        "val.psnr": 41.54872820927547,
        "val.wpsnr": 41.68793428861178,
        "val.fsim": 0.9966438229267414,
        "val.rsbpp": 0.9746441657726581,
        "train.cover_score": -0.20614838620182127,
        "train.generated_score": -0.21112836299667834,
        "val.cover_score": 0.006926075098677897,
        "val.generated_score": 0.0037783490708814217,
        "epoch": 21
    },
    {
        "train.encoder_mse": 0.00028411235194653273,
        "train.decoder_loss": 0.03364612365141511,
        "train.decoder_acc": 0.9891707324981689,
        "val.encoder_mse": 0.0002785523113114043,
        "val.decoder_loss": 0.06160341174556659,
        "val.decoder_acc": 0.9788071971673232,
        "val.ssim": 0.9783411026000977,
        "val.psnr": 41.59017452826867,
        "val.wpsnr": 41.733318915733925,
        "val.fsim": 0.9965774004275982,
        "val.rsbpp": 0.9576143943346463,
        "train.cover_score": -0.039235472003929316,
        "train.generated_score": -0.033134952533291656,
        "val.cover_score": -0.01948231003748683,
        "val.generated_score": 0.03218331202291525,
        "epoch": 22
    },
    {
        "train.encoder_mse": 0.00027428623245214114,
        "train.decoder_loss": 0.02946861319709569,
        "train.decoder_acc": 0.9905108672380447,
        "val.encoder_mse": 0.0002620206908501971,
        "val.decoder_loss": 0.04866496201318044,
        "val.decoder_acc": 0.9837379776514493,
        "val.ssim": 0.97911831507316,
        "val.psnr": 41.867113480201134,
        "val.wpsnr": 42.0242432814378,
        "val.fsim": 0.9959753293257493,
        "val.rsbpp": 0.9674759553028986,
        "train.cover_score": -0.09291160206543282,
        "train.generated_score": -0.08958842209773138,
        "val.cover_score": -0.18154883613953224,
        "val.generated_score": -0.1821292472573427,
        "epoch": 23
    },
    {
        "train.encoder_mse": 0.0002667617364204489,
        "train.decoder_loss": 0.02802308618091047,
        "train.decoder_acc": 0.990907501578331,
        "val.encoder_mse": 0.0002998894163353655,
        "val.decoder_loss": 0.028196081734047487,
        "val.decoder_acc": 0.9906201775257404,
        "val.ssim": 0.9701573848724365,
        "val.psnr": 41.28537434798021,
        "val.wpsnr": 41.41053537222055,
        "val.fsim": 0.9958057128466092,
        "val.rsbpp": 0.9812403550514808,
        "train.cover_score": 0.05911861099419184,
        "train.generated_score": 0.05232772340532392,
        "val.cover_score": -0.045891149972493835,
        "val.generated_score": -0.047366871301514596,
        "epoch": 24
    },
    {
        "train.encoder_mse": 0.0002684928072267212,
        "train.decoder_loss": 0.02804116896353662,
        "train.decoder_acc": 0.9909825021028519,
        "val.encoder_mse": 0.00025704377465165005,
        "val.decoder_loss": 0.04804726976614732,
        "val.decoder_acc": 0.9843937754631042,
        "val.ssim": 0.9767122131127578,
        "val.psnr": 41.9500706746028,
        "val.wpsnr": 42.08718842726488,
        "val.fsim": 0.9959228268036475,
        "val.rsbpp": 0.9687875509262085,
        "train.cover_score": 0.0560352835059166,
        "train.generated_score": 0.05008801841642708,
        "val.cover_score": -1.2300780782332787,
        "val.generated_score": -1.2289744523855357,
        "epoch": 25
    },
    {
        "train.encoder_mse": 0.00028932254179380834,
        "train.decoder_loss": 0.025283964276313783,
        "train.decoder_acc": 0.991662477850914,
        "val.encoder_mse": 0.0003361835887727256,
        "val.decoder_loss": 0.041406392406385675,
        "val.decoder_acc": 0.9865236190649179,
        "val.ssim": 0.9742646492444552,
        "val.psnr": 40.775920794560356,
        "val.wpsnr": 40.885637723482574,
        "val.fsim": 0.9977838167777429,
        "val.rsbpp": 0.9730472381298358,
        "train.cover_score": -0.15355215080897325,
        "train.generated_score": -0.14269781643524765,
        "val.cover_score": 0.23606236221698615,
        "val.generated_score": 0.2379567244878182,
        "epoch": 26
    },
    {
        "train.encoder_mse": 0.00023958803511050063,
        "train.decoder_loss": 0.02520449547795579,
        "train.decoder_acc": 0.991821014881134,
        "val.encoder_mse": 0.00024202658320203997,
        "val.decoder_loss": 0.028084844637375612,
        "val.decoder_acc": 0.9909185813023493,
        "val.ssim": 0.9811571607222924,
        "val.psnr": 42.21482863793006,
        "val.wpsnr": 42.36074887789213,
        "val.fsim": 0.99735250381323,
        "val.rsbpp": 0.9818371626046988,
        "train.cover_score": -0.1019472910289187,
        "train.generated_score": -0.10139833509922028,
        "val.cover_score": -0.37206579400942874,
        "val.generated_score": -0.3737101165147928,
        "epoch": 27
    },
    {
        "train.encoder_mse": 0.00022015067195752636,
        "train.decoder_loss": 0.018375227462965996,
        "train.decoder_acc": 0.9942454743385315,
        "val.encoder_mse": 0.00017020178179686458,
        "val.decoder_loss": 0.050148981981552564,
        "val.decoder_acc": 0.9836967312372648,
        "val.ssim": 0.9850192849452679,
        "val.psnr": 43.75809779533973,
        "val.wpsnr": 43.90345676128681,
        "val.fsim": 0.9979491371374863,
        "val.rsbpp": 0.9673934624745295,
        "train.cover_score": -0.33277044251561166,
        "train.generated_score": -0.3341016362607479,
        "val.cover_score": -0.19527072058274195,
        "val.generated_score": -0.19633309428508466,
        "epoch": 28
    },
    {
        "train.encoder_mse": 0.00020298848976381124,
        "train.decoder_loss": 0.02278614229289815,
        "train.decoder_acc": 0.9929357427358627,
        "val.encoder_mse": 0.00027219174528279557,
        "val.decoder_loss": 0.03295252429178128,
        "val.decoder_acc": 0.9888897033838125,
        "val.ssim": 0.9800480099824759,
        "val.psnr": 41.73926023336557,
        "val.wpsnr": 41.90377748929537,
        "val.fsim": 0.9960661163696876,
        "val.rsbpp": 0.9777794067676251,
        "train.cover_score": -0.31775329269468783,
        "train.generated_score": -0.325714401351288,
        "val.cover_score": -0.24519791167515975,
        "val.generated_score": -0.24992879308187044,
        "epoch": 29
    },
    {
        "train.encoder_mse": 0.0002603399462532252,
        "train.decoder_loss": 0.021638056309893728,
        "train.decoder_acc": 0.9930411034822464,
        "val.encoder_mse": 0.0002017305501235219,
        "val.decoder_loss": 0.03381387352083738,
        "val.decoder_acc": 0.9888670719586886,
        "val.ssim": 0.9835638449742243,
        "val.psnr": 43.045274661137505,
        "val.wpsnr": 43.20310005774865,
        "val.fsim": 0.996873832665957,
        "val.rsbpp": 0.9777341439173772,
        "train.cover_score": -0.12602749719226267,
        "train.generated_score": -0.12789518202451292,
        "val.cover_score": -0.4771127081834353,
        "val.generated_score": -0.47642749777207005,
        "epoch": 30
    },
    {
        "train.encoder_mse": 0.00020099644985748454,
        "train.decoder_loss": 0.019994129545520992,
        "train.decoder_acc": 0.9934019261598587,
        "val.encoder_mse": 0.00020376224263320462,
        "val.decoder_loss": 0.03034018395611873,
        "val.decoder_acc": 0.9898915382531973,
        "val.ssim": 0.9837385095082797,
        "val.psnr": 42.98867188967191,
        "val.wpsnr": 43.148072462815506,
        "val.fsim": 0.9976802651698773,
        "val.rsbpp": 0.9797830765063946,
        "train.cover_score": -0.3537734822742641,
        "train.generated_score": -0.35505775168538095,
        "val.cover_score": -0.362472055050043,
        "val.generated_score": -0.3633434818341182,
        "epoch": 31
    },
    {
        "train.encoder_mse": 0.00018553056164819282,
        "train.decoder_loss": 0.01899540241807699,
        "train.decoder_acc": 0.9941250962018967,
        "val.encoder_mse": 0.00017380408966862857,
        "val.decoder_loss": 0.05591777583154348,
        "val.decoder_acc": 0.9849177928411044,
        "val.ssim": 0.9843037905913132,
        "val.psnr": 43.62708049187293,
        "val.wpsnr": 43.78764329176683,
        "val.fsim": 0.9975480155651386,
        "val.rsbpp": 0.9698355856822088,
        "train.cover_score": -0.32482102144509556,
        "train.generated_score": -0.3296325108408928,
        "val.cover_score": -0.21720271614881662,
        "val.generated_score": -0.21394121646881104,
        "epoch": 32
    }
]
