[
    {
        "train.encoder_mse": 0.028704492865363137,
        "train.decoder_loss": 0.6968193852901459,
        "train.decoder_acc": 0.5100484833121299,
        "val.encoder_mse": 0.0008650527362568447,
        "val.decoder_loss": 0.692148703795213,
        "val.decoder_acc": 0.5248758013431842,
        "val.ssim": 0.9612561601858872,
        "val.psnr": 36.78967897708599,
        "val.wpsnr": 36.884691385122444,
        "val.fsim": 0.9845636166059054,
        "val.rsbpp": 0.0497516026863685,
        "train.cover_score": -0.9439732724893838,
        "train.generated_score": -0.9875159199524205,
        "val.cover_score": 0.48266796423838687,
        "val.generated_score": 0.48630078251545245,
        "epoch": 1
    },
    {
        "train.encoder_mse": 0.000697582183056511,
        "train.decoder_loss": 0.6142123079299927,
        "train.decoder_acc": 0.6485411840677261,
        "val.encoder_mse": 0.0005222688509652821,
        "val.decoder_loss": 0.49298407710515535,
        "val.decoder_acc": 0.7598256422923162,
        "val.ssim": 0.952409932246575,
        "val.psnr": 38.901409736046425,
        "val.wpsnr": 38.95401587853065,
        "val.fsim": 0.9911888654415424,
        "val.rsbpp": 0.5196512845846323,
        "train.cover_score": 0.4397029812121764,
        "train.generated_score": 0.43795538538135587,
        "val.cover_score": -0.2312147135917957,
        "val.generated_score": -0.23285619226785806,
        "epoch": 2
    },
    {
        "train.encoder_mse": 0.001108533093938604,
        "train.decoder_loss": 0.3744805955886841,
        "train.decoder_acc": 0.8328553974628449,
        "val.encoder_mse": 0.000999861177451049,
        "val.decoder_loss": 0.35909839318348813,
        "val.decoder_acc": 0.841574815603403,
        "val.ssim": 0.9369956438358014,
        "val.psnr": 36.04712046109713,
        "val.wpsnr": 36.14076673067533,
        "val.fsim": 0.9839840714748089,
        "val.rsbpp": 0.6831496312068059,
        "train.cover_score": 0.06335848271846771,
        "train.generated_score": 0.05295818957267329,
        "val.cover_score": 1.5234696314885066,
        "val.generated_score": 1.4510834858967707,
        "epoch": 3
    },
    {
        "train.encoder_mse": 0.00262982445594389,
        "train.decoder_loss": 0.38724688172340394,
        "train.decoder_acc": 0.8237274771928788,
        "val.encoder_mse": 0.0010331878796792948,
        "val.decoder_loss": 0.3883949380654555,
        "val.decoder_acc": 0.825127532848945,
        "val.ssim": 0.9493073866917536,
        "val.psnr": 35.89173463674692,
        "val.wpsnr": 35.89046918428861,
        "val.fsim": 0.9910426690028264,
        "val.rsbpp": 0.65025506569789,
        "train.cover_score": 5.965604640096426,
        "train.generated_score": 6.052045571953058,
        "val.cover_score": 0.6600515770797546,
        "val.generated_score": 0.6476005110889673,
        "epoch": 4
    },
    {
        "train.encoder_mse": 0.001443525803333614,
        "train.decoder_loss": 0.3547485759854317,
        "train.decoder_acc": 0.8418015426397324,
        "val.encoder_mse": 0.0010849719670099707,
        "val.decoder_loss": 0.33364842717464155,
        "val.decoder_acc": 0.8547657774044917,
        "val.ssim": 0.9384972132169284,
        "val.psnr": 35.68764943342943,
        "val.wpsnr": 35.68867756770207,
        "val.fsim": 0.9925541740197402,
        "val.rsbpp": 0.7095315548089834,
        "train.cover_score": 2.013592540491372,
        "train.generated_score": 2.023073449060321,
        "val.cover_score": 3.400523515848013,
        "val.generated_score": 3.4143571303440976,
        "epoch": 5
    },
    {
        "train.encoder_mse": 0.0019524408562574536,
        "train.decoder_loss": 0.3464488120377064,
        "train.decoder_acc": 0.8450742280483245,
        "val.encoder_mse": 0.0013955398462712765,
        "val.decoder_loss": 0.39620856367624724,
        "val.decoder_acc": 0.818559990479396,
        "val.ssim": 0.9354641850178058,
        "val.psnr": 34.581383375021126,
        "val.wpsnr": 34.58282910860502,
        "val.fsim": 0.9835666097127475,
        "val.rsbpp": 0.6371199809587919,
        "train.cover_score": 5.165180988311768,
        "train.generated_score": 5.2730341506004335,
        "val.cover_score": 3.3157134239490214,
        "val.generated_score": 3.5508001951070933,
        "epoch": 6
    },
    {
        "train.encoder_mse": 0.0010899486544076354,
        "train.decoder_loss": 0.2817374436557293,
        "train.decoder_acc": 0.8803822433948517,
        "val.encoder_mse": 0.000652164037231929,
        "val.decoder_loss": 0.22036526294854972,
        "val.decoder_acc": 0.9111340229327862,
        "val.ssim": 0.9364033158008869,
        "val.psnr": 37.90488976698656,
        "val.wpsnr": 37.94101069523738,
        "val.fsim": 0.991667261490455,
        "val.rsbpp": 0.8222680458655725,
        "train.cover_score": 1.411077922882978,
        "train.generated_score": 1.4710111676249653,
        "val.cover_score": -0.08685603494254443,
        "val.generated_score": -0.1349568793979975,
        "epoch": 7
    },
    {
        "train.encoder_mse": 0.000922679795185104,
        "train.decoder_loss": 0.2443280243128538,
        "train.decoder_acc": 0.8985308533906937,
        "val.encoder_mse": 0.0009846759046642827,
        "val.decoder_loss": 0.3118101473038013,
        "val.decoder_acc": 0.8661635609773489,
        "val.ssim": 0.9454101278231695,
        "val.psnr": 36.09573896114643,
        "val.wpsnr": 36.08971757155199,
        "val.fsim": 0.9869069732152499,
        "val.rsbpp": 0.7323271219546978,
        "train.cover_score": 1.2928268050402403,
        "train.generated_score": 1.3198307455331086,
        "val.cover_score": 1.6846877519900982,
        "val.generated_score": 1.7021647233229418,
        "epoch": 8
    },
    {
        "train.encoder_mse": 0.0007233829665347002,
        "train.decoder_loss": 0.19788555972278118,
        "train.decoder_acc": 0.9214983689785003,
        "val.encoder_mse": 0.0007491807516019505,
        "val.decoder_loss": 0.15247016342786643,
        "val.decoder_acc": 0.9427472077883207,
        "val.ssim": 0.9386912813553443,
        "val.psnr": 37.29439643713144,
        "val.wpsnr": 37.34375440157377,
        "val.fsim": 0.9894569837130033,
        "val.rsbpp": 0.8854944155766413,
        "train.cover_score": 0.8289025425724685,
        "train.generated_score": 0.8672522289678455,
        "val.cover_score": -0.06692204466806008,
        "val.generated_score": -0.04971826406052479,
        "epoch": 9
    },
    {
        "train.encoder_mse": 0.0006499790193629451,
        "train.decoder_loss": 0.1414415193349123,
        "train.decoder_acc": 0.9479955899715423,
        "val.encoder_mse": 0.0006364342675974163,
        "val.decoder_loss": 0.2010447451701531,
        "val.decoder_acc": 0.9205910976116474,
        "val.ssim": 0.9366763004889855,
        "val.psnr": 37.99146798940805,
        "val.wpsnr": 38.03382110595703,
        "val.fsim": 0.9839934248190659,
        "val.rsbpp": 0.8411821952232947,
        "train.cover_score": 0.23203812112798913,
        "train.generated_score": 0.22618017030414195,
        "val.cover_score": 0.5641257189787351,
        "val.generated_score": 0.7319361636271844,
        "epoch": 10
    },
    {
        "train.encoder_mse": 0.0006764935591490939,
        "train.decoder_loss": 0.13394694693386555,
        "train.decoder_acc": 0.9504789739847184,
        "val.encoder_mse": 0.0007538754233302405,
        "val.decoder_loss": 0.12653754766170794,
        "val.decoder_acc": 0.952595632809859,
        "val.ssim": 0.9237888547090384,
        "val.psnr": 37.25624469610361,
        "val.wpsnr": 37.30887545072115,
        "val.fsim": 0.9833663747860835,
        "val.rsbpp": 0.9051912656197181,
        "train.cover_score": 0.7182840878143907,
        "train.generated_score": 0.74700557512464,
        "val.cover_score": -0.4324052586005284,
        "val.generated_score": -0.4044755147053645,
        "epoch": 11
    },
    {
        "train.encoder_mse": 0.0006435665997560136,
        "train.decoder_loss": 0.08105258625000715,
        "train.decoder_acc": 0.9726509267091751,
        "val.encoder_mse": 0.0005139899932636091,
        "val.decoder_loss": 0.09756628538553531,
        "val.decoder_acc": 0.9644339772371145,
        "val.ssim": 0.9537896789037265,
        "val.psnr": 38.91597821162297,
        "val.wpsnr": 38.98263960618239,
        "val.fsim": 0.9927824093745306,
        "val.rsbpp": 0.9288679544742291,
        "train.cover_score": -0.2839412183291279,
        "train.generated_score": -0.29091558973304926,
        "val.cover_score": -0.2669336712704255,
        "val.generated_score": -0.25729315957197774,
        "epoch": 12
    },
    {
        "train.encoder_mse": 0.0006489050487289205,
        "train.decoder_loss": 0.0774657566845417,
        "train.decoder_acc": 0.972900722026825,
        "val.encoder_mse": 0.0006284762773877726,
        "val.decoder_loss": 0.07456832780287816,
        "val.decoder_acc": 0.9743845646197979,
        "val.ssim": 0.9445110972111042,
        "val.psnr": 38.0422726044288,
        "val.wpsnr": 38.12555401141827,
        "val.fsim": 0.9909879198441138,
        "val.rsbpp": 0.9487691292395959,
        "train.cover_score": -0.08825578806223348,
        "train.generated_score": -0.09336457510711625,
        "val.cover_score": -0.14864052631534064,
        "val.generated_score": -0.1546181938969172,
        "epoch": 13
    },
    {
        "train.encoder_mse": 0.0005946029021288268,
        "train.decoder_loss": 0.058598472010344266,
        "train.decoder_acc": 0.9803171777725219,
        "val.encoder_mse": 0.0005900836370598811,
        "val.decoder_loss": 0.07421782011022934,
        "val.decoder_acc": 0.9732972704447233,
        "val.ssim": 0.9499891308637766,
        "val.psnr": 38.316249297215386,
        "val.wpsnr": 38.39713522104117,
        "val.fsim": 0.9926207019732549,
        "val.rsbpp": 0.9465945408894465,
        "train.cover_score": 0.07012692412303295,
        "train.generated_score": 0.0665391500358237,
        "val.cover_score": -0.022816909333834283,
        "val.generated_score": 0.005723164022828524,
        "epoch": 14
    },
    {
        "train.encoder_mse": 0.0005099960989900865,
        "train.decoder_loss": 0.05344666063785553,
        "train.decoder_acc": 0.9816672521829605,
        "val.encoder_mse": 0.0004545961542484852,
        "val.decoder_loss": 0.07296894719967476,
        "val.decoder_acc": 0.9735731253257165,
        "val.ssim": 0.9591580033302307,
        "val.psnr": 39.45127212084257,
        "val.wpsnr": 39.539998274583084,
        "val.fsim": 0.9943762008960431,
        "val.rsbpp": 0.9471462506514329,
        "train.cover_score": 0.296443274631165,
        "train.generated_score": 0.28397334611508995,
        "val.cover_score": 0.24207880749152258,
        "val.generated_score": 0.21507164606681237,
        "epoch": 15
    },
    {
        "train.encoder_mse": 0.0009125064409454353,
        "train.decoder_loss": 0.06769659027457237,
        "train.decoder_acc": 0.9758969908952713,
        "val.encoder_mse": 0.0003146359343260813,
        "val.decoder_loss": 0.12950791533176714,
        "val.decoder_acc": 0.9513955666468694,
        "val.ssim": 0.9651517271995544,
        "val.psnr": 41.049098601708046,
        "val.wpsnr": 41.09976166945238,
        "val.fsim": 0.9962657873447125,
        "val.rsbpp": 0.9027911332937387,
        "train.cover_score": 1.3650738347694278,
        "train.generated_score": 1.4381494032265618,
        "val.cover_score": -0.6165797486901283,
        "val.generated_score": -0.6998267930287582,
        "epoch": 16
    },
    {
        "train.encoder_mse": 0.0006150186971353832,
        "train.decoder_loss": 0.12095467522740364,
        "train.decoder_acc": 0.9526816350221634,
        "val.encoder_mse": 0.0004430790342247257,
        "val.decoder_loss": 0.04647464649035381,
        "val.decoder_acc": 0.9844704912259028,
        "val.ssim": 0.9566206932067871,
        "val.psnr": 39.56320377496573,
        "val.wpsnr": 39.65792876023512,
        "val.fsim": 0.995906242957482,
        "val.rsbpp": 0.9689409824518057,
        "train.cover_score": -0.04470419699326158,
        "train.generated_score": -0.0279154091514647,
        "val.cover_score": -0.5913014457775996,
        "val.generated_score": -0.591903567314148,
        "epoch": 17
    },
    {
        "train.encoder_mse": 0.0004067603597650304,
        "train.decoder_loss": 0.036356639778241516,
        "train.decoder_acc": 0.9877434021234512,
        "val.encoder_mse": 0.00039384508720384195,
        "val.decoder_loss": 0.08579527930571483,
        "val.decoder_acc": 0.967857314990117,
        "val.ssim": 0.9623219783489521,
        "val.psnr": 40.07438769707313,
        "val.wpsnr": 40.15609858586238,
        "val.fsim": 0.9942154379991385,
        "val.rsbpp": 0.935714629980234,
        "train.cover_score": -0.8816931438446045,
        "train.generated_score": -0.8893613940477372,
        "val.cover_score": -1.0014638717357929,
        "val.generated_score": -0.9912737699655386,
        "epoch": 18
    },
    {
        "train.encoder_mse": 0.00040533914405386893,
        "train.decoder_loss": 0.04363942450843752,
        "train.decoder_acc": 0.9850252383947372,
        "val.encoder_mse": 0.00045510453772014723,
        "val.decoder_loss": 0.05229799420787738,
        "val.decoder_acc": 0.9815155359414908,
        "val.ssim": 0.9629371624726516,
        "val.psnr": 39.447195346538834,
        "val.wpsnr": 39.55079738910381,
        "val.fsim": 0.9949649159724896,
        "val.rsbpp": 0.9630310718829815,
        "train.cover_score": -1.3069206792861223,
        "train.generated_score": -1.2967349391430616,
        "val.cover_score": -0.5781004405938662,
        "val.generated_score": -0.581506073474884,
        "epoch": 19
    },
    {
        "train.encoder_mse": 0.00036476562410825864,
        "train.decoder_loss": 0.03824452575296164,
        "train.decoder_acc": 0.9865769058465957,
        "val.encoder_mse": 0.00036504180304921017,
        "val.decoder_loss": 0.060971637757924885,
        "val.decoder_acc": 0.97795864710441,
        "val.ssim": 0.9716972066805913,
        "val.psnr": 40.40678005952101,
        "val.wpsnr": 40.520724076491135,
        "val.fsim": 0.9960690920169537,
        "val.rsbpp": 0.9559172942088201,
        "train.cover_score": -0.2824010033439845,
        "train.generated_score": -0.2991044352017343,
        "val.cover_score": -0.1058039040519641,
        "val.generated_score": -0.12257503650079553,
        "epoch": 20
    },
    {
        "train.encoder_mse": 0.00048648481053533034,
        "train.decoder_loss": 0.04677523719146848,
        "train.decoder_acc": 0.9828284686803818,
        "val.encoder_mse": 0.0008027486977740549,
        "val.decoder_loss": 0.0743813755420538,
        "val.decoder_acc": 0.9751302003860474,
        "val.ssim": 0.9466143708962661,
        "val.psnr": 36.98129782309899,
        "val.wpsnr": 37.007718306321365,
        "val.fsim": 0.9954929214257461,
        "val.rsbpp": 0.9502604007720947,
        "train.cover_score": -0.014123342672828585,
        "train.generated_score": 0.0025951415300369263,
        "val.cover_score": -0.12664256932643744,
        "val.generated_score": -0.07644661286702523,
        "epoch": 21
    },
    {
        "train.encoder_mse": 0.00037618609581841156,
        "train.decoder_loss": 0.03679706675931811,
        "train.decoder_acc": 0.9870617651939392,
        "val.encoder_mse": 0.0003795487058456414,
        "val.decoder_loss": 0.027721052917723473,
        "val.decoder_acc": 0.9908389036472027,
        "val.ssim": 0.9693337954007663,
        "val.psnr": 40.23770607434786,
        "val.wpsnr": 40.362334324763374,
        "val.fsim": 0.9965960291715769,
        "val.rsbpp": 0.9816778072944055,
        "train.cover_score": -0.4462473308853805,
        "train.generated_score": -0.42836936950683596,
        "val.cover_score": -0.5476588744383591,
        "val.generated_score": -0.5503151141680204,
        "epoch": 22
    },
    {
        "train.encoder_mse": 0.00028125994445872494,
        "train.decoder_loss": 0.03255640893243253,
        "train.decoder_acc": 0.9889381253719329,
        "val.encoder_mse": 0.0002799026238230559,
        "val.decoder_loss": 0.0593163098853368,
        "val.decoder_acc": 0.9789664928729718,
        "val.ssim": 0.9769107332596412,
        "val.psnr": 41.56120190253625,
        "val.wpsnr": 41.668663905217095,
        "val.fsim": 0.9964510248257563,
        "val.rsbpp": 0.9579329857459435,
        "train.cover_score": -0.5408421732485295,
        "train.generated_score": -0.5495725268125534,
        "val.cover_score": -0.37069953175691456,
        "val.generated_score": -0.3796860117178697,
        "epoch": 23
    },
    {
        "train.encoder_mse": 0.0003032674810674507,
        "train.decoder_loss": 0.0310058721434325,
        "train.decoder_acc": 0.9893108582496644,
        "val.encoder_mse": 0.00026638687547976867,
        "val.decoder_loss": 0.053902180005724616,
        "val.decoder_acc": 0.9805795962993915,
        "val.ssim": 0.9789021152716416,
        "val.psnr": 41.77822773273174,
        "val.wpsnr": 41.90069521390475,
        "val.fsim": 0.9972366507236774,
        "val.rsbpp": 0.961159192598783,
        "train.cover_score": -0.06872714837081731,
        "train.generated_score": -0.07797052082023584,
        "val.cover_score": 0.33360817111455476,
        "val.generated_score": 0.3153982059313701,
        "epoch": 24
    },
    {
        "train.encoder_mse": 0.0003469981979287695,
        "train.decoder_loss": 0.03949365191161633,
        "train.decoder_acc": 0.9864159512519837,
        "val.encoder_mse": 0.00041032528567414445,
        "val.decoder_loss": 0.04341864213347435,
        "val.decoder_acc": 0.9842166671386132,
        "val.ssim": 0.9685969627820529,
        "val.psnr": 39.90519853738638,
        "val.wpsnr": 40.02589328472431,
        "val.fsim": 0.9957769100482647,
        "val.rsbpp": 0.9684333342772263,
        "train.cover_score": 0.6520396536588668,
        "train.generated_score": 0.6356590354256332,
        "val.cover_score": 3.6189755476438084,
        "val.generated_score": 3.6229451436262865,
        "epoch": 25
    },
    {
        "train.encoder_mse": 0.0004526226413145196,
        "train.decoder_loss": 0.06112061337567866,
        "train.decoder_acc": 0.9776788359880447,
        "val.encoder_mse": 0.0005942446743854537,
        "val.decoder_loss": 0.03476269758091523,
        "val.decoder_acc": 0.9882423694317157,
        "val.ssim": 0.9566180064127996,
        "val.psnr": 38.284862775069016,
        "val.wpsnr": 38.36559853186974,
        "val.fsim": 0.9958594991610601,
        "val.rsbpp": 0.9764847388634315,
        "train.cover_score": 0.5882724403915927,
        "train.generated_score": 0.6024627917539328,
        "val.cover_score": 0.40307063322800857,
        "val.generated_score": 0.38190179146253145,
        "epoch": 26
    },
    {
        "train.encoder_mse": 0.0003427237275172956,
        "train.decoder_loss": 0.031958875749260186,
        "train.decoder_acc": 0.9888156527280807,
        "val.encoder_mse": 0.00033961327594275086,
        "val.decoder_loss": 0.0751521776501949,
        "val.decoder_acc": 0.9731711424314059,
        "val.ssim": 0.9761978525381821,
        "val.psnr": 40.72864385751578,
        "val.wpsnr": 40.79446440476637,
        "val.fsim": 0.9975950580376846,
        "val.rsbpp": 0.9463422848628118,
        "train.cover_score": 0.38436157170683144,
        "train.generated_score": 0.3686391729000025,
        "val.cover_score": 0.5131831100353828,
        "val.generated_score": 0.5009641349315643,
        "epoch": 27
    },
    {
        "train.encoder_mse": 0.00041989873454440386,
        "train.decoder_loss": 0.04983912982046604,
        "train.decoder_acc": 0.9824901282787323,
        "val.encoder_mse": 0.0004146606549441528,
        "val.decoder_loss": 0.1436396688222885,
        "val.decoder_acc": 0.9483385957204379,
        "val.ssim": 0.9705767173033494,
        "val.psnr": 39.85166054505568,
        "val.wpsnr": 39.88387415959285,
        "val.fsim": 0.994341648541964,
        "val.rsbpp": 0.8966771914408758,
        "train.cover_score": 0.552624059189111,
        "train.generated_score": 0.5639111488964409,
        "val.cover_score": -0.1718372106552124,
        "val.generated_score": -0.18793955774834523,
        "epoch": 28
    },
    {
        "train.encoder_mse": 0.0004158482258208096,
        "train.decoder_loss": 0.05183061292860657,
        "train.decoder_acc": 0.9807370048761368,
        "val.encoder_mse": 0.0003823850577016576,
        "val.decoder_loss": 0.0825199054983946,
        "val.decoder_acc": 0.9696299250309284,
        "val.ssim": 0.9724149749829218,
        "val.psnr": 40.20528224798349,
        "val.wpsnr": 40.27939723088191,
        "val.fsim": 0.9944145725323603,
        "val.rsbpp": 0.9392598500618567,
        "train.cover_score": 0.8007622451768839,
        "train.generated_score": 0.7967778694233857,
        "val.cover_score": -0.17926861403080133,
        "val.generated_score": -0.1631262689255751,
        "epoch": 29
    },
    {
        "train.encoder_mse": 0.00033225911305635237,
        "train.decoder_loss": 0.026238415129482745,
        "train.decoder_acc": 0.990972695350647,
        "val.encoder_mse": 0.0002214439837888886,
        "val.decoder_loss": 0.049455385082043134,
        "val.decoder_acc": 0.9826162503315852,
        "val.ssim": 0.9801586820529058,
        "val.psnr": 42.585595204279976,
        "val.wpsnr": 42.70668117816631,
        "val.fsim": 0.9973154893288245,
        "val.rsbpp": 0.9652325006631705,
        "train.cover_score": 0.11595639727078379,
        "train.generated_score": 0.1123395243473351,
        "val.cover_score": -0.5761314286635473,
        "val.generated_score": -0.5782156311548673,
        "epoch": 30
    },
    {
        "train.encoder_mse": 0.00025464432925218714,
        "train.decoder_loss": 0.02939929301850498,
        "train.decoder_acc": 0.9897481185197831,
        "val.encoder_mse": 0.0002616102809462553,
        "val.decoder_loss": 0.0432474293674414,
        "val.decoder_acc": 0.9846213184870206,
        "val.ssim": 0.978709720648252,
        "val.psnr": 41.85686111450195,
        "val.wpsnr": 41.97018579336313,
        "val.fsim": 0.9974395495194656,
        "val.rsbpp": 0.9692426369740412,
        "train.cover_score": -0.27636103669181467,
        "train.generated_score": -0.2619648847449571,
        "val.cover_score": 0.2649074586538168,
        "val.generated_score": 0.24547291736906537,
        "epoch": 31
    },
    {
        "train.encoder_mse": 0.0003157388573163189,
        "train.decoder_loss": 0.03705959922634065,
        "train.decoder_acc": 0.986717831492424,
        "val.encoder_mse": 0.00023163088301841455,
        "val.decoder_loss": 0.10226995841814922,
        "val.decoder_acc": 0.9638840647844168,
        "val.ssim": 0.9727739966832675,
        "val.psnr": 42.39395838517409,
        "val.wpsnr": 42.50249892014723,
        "val.fsim": 0.994341465143057,
        "val.rsbpp": 0.9277681295688336,
        "train.cover_score": -0.06257082359166816,
        "train.generated_score": -0.05274399807211012,
        "val.cover_score": 0.02062421517733198,
        "val.generated_score": 0.005342105833383707,
        "epoch": 32
    }
]