[
    {
        "train.encoder_mse": 0.0008679359212837881,
        "train.decoder_loss": 0.6965857305526734,
        "train.decoder_acc": 0.5006011214256286,
        "val.encoder_mse": 5.01647564524319e-05,
        "val.decoder_loss": 0.693266978263855,
        "val.decoder_acc": 0.5006348803043366,
        "val.ssim": 0.9945146775245667,
        "val.psnr": 49.16215766906738,
        "val.wpsnr": 49.25680249023438,
        "val.fsim": 0.9988741188049316,
        "val.rsbpp": 0.0025395212173461913,
        "train.cover_score": 0.16479145216103644,
        "train.generated_score": 0.16657917148713022,
        "val.cover_score": -0.07553157225251197,
        "val.generated_score": -0.07599345150589942,
        "epoch": 1
    },
    {
        "train.encoder_mse": 2.2672633389447583e-05,
        "train.decoder_loss": 0.6932661895751953,
        "train.decoder_acc": 0.5005008175373077,
        "val.encoder_mse": 3.0393216307857075e-05,
        "val.decoder_loss": 0.6932053265571594,
        "val.decoder_acc": 0.500507604598999,
        "val.ssim": 0.9968310170173645,
        "val.psnr": 51.236168746948245,
        "val.wpsnr": 51.268665679931644,
        "val.fsim": 0.9994849638938904,
        "val.rsbpp": 0.0020304183959960935,
        "train.cover_score": -0.11967898631095886,
        "train.generated_score": -0.11978203159570694,
        "val.cover_score": -0.11837426775693893,
        "val.generated_score": -0.11819620472192764,
        "epoch": 2
    },
    {
        "train.encoder_mse": 1.309345725530875e-05,
        "train.decoder_loss": 0.693186231136322,
        "train.decoder_acc": 0.5006144924163818,
        "val.encoder_mse": 2.9271134582813828e-05,
        "val.decoder_loss": 0.6931748208999634,
        "val.decoder_acc": 0.5009078669548035,
        "val.ssim": 0.9963120365142822,
        "val.psnr": 51.3655623626709,
        "val.wpsnr": 51.38297775268555,
        "val.fsim": 0.9993940234184265,
        "val.rsbpp": 0.003631467819213867,
        "train.cover_score": -0.0660561545304954,
        "train.generated_score": -0.06583028464764357,
        "val.cover_score": -0.009835216753184795,
        "val.generated_score": -0.009800348644144833,
        "epoch": 3
    },
    {
        "train.encoder_mse": 8.637143067971919e-06,
        "train.decoder_loss": 0.6931765851974487,
        "train.decoder_acc": 0.5006715960502625,
        "val.encoder_mse": 3.7845156039111314e-05,
        "val.decoder_loss": 0.6931694302558898,
        "val.decoder_acc": 0.5005620465278625,
        "val.ssim": 0.9956457428932189,
        "val.psnr": 50.24982860565186,
        "val.wpsnr": 50.242547058105465,
        "val.fsim": 0.9995728878974914,
        "val.rsbpp": 0.002248186111450195,
        "train.cover_score": 0.04430285603925586,
        "train.generated_score": 0.044271770240738986,
        "val.cover_score": 0.09030177137255668,
        "val.generated_score": 0.09044416782259941,
        "epoch": 4
    },
    {
        "train.encoder_mse": 5.421554873464629e-06,
        "train.decoder_loss": 0.6931635684967041,
        "train.decoder_acc": 0.500866988658905,
        "val.encoder_mse": 2.3923358370666392e-05,
        "val.decoder_loss": 0.6931457929611206,
        "val.decoder_acc": 0.5018687481880189,
        "val.ssim": 0.9967946515083314,
        "val.psnr": 52.29665531158447,
        "val.wpsnr": 52.296104614257814,
        "val.fsim": 0.9993437633514405,
        "val.rsbpp": 0.007474992752075195,
        "train.cover_score": 0.0549570976421237,
        "train.generated_score": 0.05500852206349373,
        "val.cover_score": 0.010765438754111529,
        "val.generated_score": 0.01080928971990943,
        "epoch": 5
    },
    {
        "train.encoder_mse": 3.649557538665249e-06,
        "train.decoder_loss": 0.6931564893722534,
        "train.decoder_acc": 0.5011903853416443,
        "val.encoder_mse": 4.026060129399411e-05,
        "val.decoder_loss": 0.693121376991272,
        "val.decoder_acc": 0.5037571516036987,
        "val.ssim": 0.9949944958686828,
        "val.psnr": 49.97655017852783,
        "val.wpsnr": 49.96869607543945,
        "val.fsim": 0.9995900335311889,
        "val.rsbpp": 0.015028606414794922,
        "train.cover_score": -0.00788140107318759,
        "train.generated_score": -0.007885208261955995,
        "val.cover_score": -0.016454421639442444,
        "val.generated_score": -0.01640665726736188,
        "epoch": 6
    },
    {
        "train.encoder_mse": 2.371662170844502e-06,
        "train.decoder_loss": 0.6931290416717529,
        "train.decoder_acc": 0.5029500923156738,
        "val.encoder_mse": 3.194511354377028e-05,
        "val.decoder_loss": 0.6929512553215027,
        "val.decoder_acc": 0.5177833771705628,
        "val.ssim": 0.9953979749679566,
        "val.psnr": 51.01951923370361,
        "val.wpsnr": 51.02894073486328,
        "val.fsim": 0.9995014190673828,
        "val.rsbpp": 0.07113350868225098,
        "train.cover_score": -0.014738204369321465,
        "train.generated_score": -0.014732284063473345,
        "val.cover_score": -0.008841608786256984,
        "val.generated_score": -0.008840629467042163,
        "epoch": 7
    },
    {
        "train.encoder_mse": 0.00019841052476294864,
        "train.decoder_loss": 0.6367933058738708,
        "train.decoder_acc": 0.6213719081878663,
        "val.encoder_mse": 0.0006993431546725333,
        "val.decoder_loss": 0.5910944266319275,
        "val.decoder_acc": 0.6851686491966248,
        "val.ssim": 0.9372886967658997,
        "val.psnr": 37.578371906280516,
        "val.wpsnr": 37.62387347412109,
        "val.fsim": 0.997898018836975,
        "val.rsbpp": 0.740674596786499,
        "train.cover_score": -0.026429050711449235,
        "train.generated_score": -0.02696247795142699,
        "val.cover_score": -0.9284946837425232,
        "val.generated_score": -0.929098432302475,
        "epoch": 8
    },
    {
        "train.encoder_mse": 0.0007652127114124596,
        "train.decoder_loss": 0.5641363215446472,
        "train.decoder_acc": 0.7047018661499024,
        "val.encoder_mse": 0.0005872116219252348,
        "val.decoder_loss": 0.5172820372581481,
        "val.decoder_acc": 0.7319462113380432,
        "val.ssim": 0.9446206722259521,
        "val.psnr": 38.337681732177735,
        "val.wpsnr": 38.557141815185545,
        "val.fsim": 0.9856994252204895,
        "val.rsbpp": 0.9277848453521729,
        "train.cover_score": 1.677856292873621,
        "train.generated_score": 1.7222083345502615,
        "val.cover_score": -1.5793035221099854,
        "val.generated_score": -1.5264468803405762,
        "epoch": 9
    },
    {
        "train.encoder_mse": 0.0006155238670762629,
        "train.decoder_loss": 0.43506427907943723,
        "train.decoder_acc": 0.784625862121582,
        "val.encoder_mse": 0.0014430233724415302,
        "val.decoder_loss": 0.4368277609348297,
        "val.decoder_acc": 0.7910713829994201,
        "val.ssim": 0.9281578874588012,
        "val.psnr": 34.43745763778686,
        "val.wpsnr": 34.59292010498047,
        "val.fsim": 0.9736828699111938,
        "val.rsbpp": 1.1642855319976806,
        "train.cover_score": 0.6766478627324104,
        "train.generated_score": 0.6811694293878973,
        "val.cover_score": 1.4988333299160004,
        "val.generated_score": 1.5800354542732238,
        "epoch": 10
    },
    {
        "train.encoder_mse": 0.0007602425168734044,
        "train.decoder_loss": 0.3279498106241226,
        "train.decoder_acc": 0.857285050868988,
        "val.encoder_mse": 0.0008719933945685626,
        "val.decoder_loss": 0.23213615655899048,
        "val.decoder_acc": 0.9105163798332214,
        "val.ssim": 0.915411997795105,
        "val.psnr": 36.62558153152466,
        "val.wpsnr": 36.704385955810544,
        "val.fsim": 0.9913780035972595,
        "val.rsbpp": 1.6420655193328857,
        "train.cover_score": -0.21204367734864354,
        "train.generated_score": -0.20088433437654749,
        "val.cover_score": 0.11919164609164,
        "val.generated_score": 0.09734696533530951,
        "epoch": 11
    },
    {
        "train.encoder_mse": 0.0007884852224960923,
        "train.decoder_loss": 0.20483407032489775,
        "train.decoder_acc": 0.9237760748863221,
        "val.encoder_mse": 0.0007735032751224935,
        "val.decoder_loss": 0.1934537935256958,
        "val.decoder_acc": 0.92554398727417,
        "val.ssim": 0.9276940379142761,
        "val.psnr": 37.153591804504394,
        "val.wpsnr": 37.23808633422851,
        "val.fsim": 0.9904744863510132,
        "val.rsbpp": 1.7021759490966797,
        "train.cover_score": 0.0692464166325517,
        "train.generated_score": 0.07084889683093934,
        "val.cover_score": 0.021214976771734655,
        "val.generated_score": 0.025595483215525745,
        "epoch": 12
    },
    {
        "train.encoder_mse": 0.0007907000537961721,
        "train.decoder_loss": 0.15819184654951096,
        "train.decoder_acc": 0.9430237927436829,
        "val.encoder_mse": 0.0008164628008380532,
        "val.decoder_loss": 0.15345927554368974,
        "val.decoder_acc": 0.9430856013298035,
        "val.ssim": 0.9375932841300965,
        "val.psnr": 36.920546245574954,
        "val.wpsnr": 37.0378544921875,
        "val.fsim": 0.9900549836158753,
        "val.rsbpp": 1.7723424053192138,
        "train.cover_score": -0.039338591450825335,
        "train.generated_score": -0.039425449760165064,
        "val.cover_score": -0.012213058951543645,
        "val.generated_score": -0.01543612204119563,
        "epoch": 13
    },
    {
        "train.encoder_mse": 0.0007784335082396865,
        "train.decoder_loss": 0.13738461476564406,
        "train.decoder_acc": 0.9507053608894348,
        "val.encoder_mse": 0.0008133608158677816,
        "val.decoder_loss": 0.11411373341083526,
        "val.decoder_acc": 0.9600609917640686,
        "val.ssim": 0.9336821322441101,
        "val.psnr": 36.94639274597168,
        "val.wpsnr": 37.06790588378906,
        "val.fsim": 0.9921280264854431,
        "val.rsbpp": 1.8402439670562745,
        "train.cover_score": 0.07772206051461399,
        "train.generated_score": 0.07755231438064948,
        "val.cover_score": 0.06835389839857817,
        "val.generated_score": 0.06531236091256142,
        "epoch": 14
    },
    {
        "train.encoder_mse": 0.0007632455299608409,
        "train.decoder_loss": 0.11911896830797196,
        "train.decoder_acc": 0.9568165774345398,
        "val.encoder_mse": 0.0006867181090638041,
        "val.decoder_loss": 0.12441733920574188,
        "val.decoder_acc": 0.9544949998855591,
        "val.ssim": 0.9440489144325256,
        "val.psnr": 37.68792377471924,
        "val.wpsnr": 37.805784271240235,
        "val.fsim": 0.9929007930755616,
        "val.rsbpp": 1.8179799995422363,
        "train.cover_score": -0.008929300172952934,
        "train.generated_score": -0.01190365987457335,
        "val.cover_score": 0.02434000267102965,
        "val.generated_score": 0.008975597810116597,
        "epoch": 15
    },
    {
        "train.encoder_mse": 0.0007464704583398997,
        "train.decoder_loss": 0.11532202553749084,
        "train.decoder_acc": 0.957551097869873,
        "val.encoder_mse": 0.0007704796781763434,
        "val.decoder_loss": 0.10442378008365631,
        "val.decoder_acc": 0.962352002620697,
        "val.ssim": 0.9376246662139892,
        "val.psnr": 37.18563335418701,
        "val.wpsnr": 37.3074778137207,
        "val.fsim": 0.9924429726600646,
        "val.rsbpp": 1.8494080104827881,
        "train.cover_score": 0.10284405496902764,
        "train.generated_score": 0.10300617468357086,
        "val.cover_score": 0.08017429930716753,
        "val.generated_score": 0.07904896304756404,
        "epoch": 16
    },
    {
        "train.encoder_mse": 0.0007080178649630398,
        "train.decoder_loss": 0.10461687478423119,
        "train.decoder_acc": 0.9623431072235108,
        "val.encoder_mse": 0.0007938832836225629,
        "val.decoder_loss": 0.11095021361112595,
        "val.decoder_acc": 0.9579620122909546,
        "val.ssim": 0.937905092716217,
        "val.psnr": 37.05966655731201,
        "val.wpsnr": 37.1804084777832,
        "val.fsim": 0.992135304927826,
        "val.rsbpp": 1.8318480491638183,
        "train.cover_score": -0.08239327627141028,
        "train.generated_score": -0.08789821587689221,
        "val.cover_score": 0.04975146230123937,
        "val.generated_score": 0.04491723961965181,
        "epoch": 17
    },
    {
        "train.encoder_mse": 0.0007180507532320916,
        "train.decoder_loss": 0.09935529324412345,
        "train.decoder_acc": 0.9636195497512817,
        "val.encoder_mse": 0.0007598105655051767,
        "val.decoder_loss": 0.08946559923887253,
        "val.decoder_acc": 0.967903817653656,
        "val.ssim": 0.9414889140129089,
        "val.psnr": 37.26423664093018,
        "val.wpsnr": 37.40033752441406,
        "val.fsim": 0.9934257369041443,
        "val.rsbpp": 1.871615270614624,
        "train.cover_score": -0.02090134169533849,
        "train.generated_score": -0.017642463102936743,
        "val.cover_score": -0.2219121732711792,
        "val.generated_score": -0.23324323010444642,
        "epoch": 18
    },
    {
        "train.encoder_mse": 0.0006914130975492299,
        "train.decoder_loss": 0.09463814091682433,
        "train.decoder_acc": 0.9654279036521911,
        "val.encoder_mse": 0.0006586599433794618,
        "val.decoder_loss": 0.11081450757384301,
        "val.decoder_acc": 0.9574079942703247,
        "val.ssim": 0.9487407832145691,
        "val.psnr": 37.8788960647583,
        "val.wpsnr": 38.013537902832034,
        "val.fsim": 0.9927769913673401,
        "val.rsbpp": 1.8296319770812988,
        "train.cover_score": 0.0362624430253054,
        "train.generated_score": 0.032917198304552586,
        "val.cover_score": 0.04966765541839414,
        "val.generated_score": 0.04459223936733906,
        "epoch": 19
    },
    {
        "train.encoder_mse": 0.0006829243719112128,
        "train.decoder_loss": 0.08639917287230492,
        "train.decoder_acc": 0.9685164618492127,
        "val.encoder_mse": 0.0005802665972150863,
        "val.decoder_loss": 0.10861995229125022,
        "val.decoder_acc": 0.9589600019454956,
        "val.ssim": 0.953011528968811,
        "val.psnr": 38.43500720977783,
        "val.wpsnr": 38.56446151733398,
        "val.fsim": 0.9945873346328735,
        "val.rsbpp": 1.8358400077819825,
        "train.cover_score": -0.06934686027280987,
        "train.generated_score": -0.0728136360825738,
        "val.cover_score": 0.08535055121965707,
        "val.generated_score": 0.06691118233976885,
        "epoch": 20
    },
    {
        "train.encoder_mse": 0.000763892563059926,
        "train.decoder_loss": 0.11210188034176827,
        "train.decoder_acc": 0.9570334100723267,
        "val.encoder_mse": 0.0005500261646229774,
        "val.decoder_loss": 0.11690084147453308,
        "val.decoder_acc": 0.9569522466659546,
        "val.ssim": 0.9537984356880188,
        "val.psnr": 38.66051244735718,
        "val.wpsnr": 38.786864959716794,
        "val.fsim": 0.99459237575531,
        "val.rsbpp": 1.8278089866638183,
        "train.cover_score": 0.16563862209022046,
        "train.generated_score": 0.20947517083305867,
        "val.cover_score": -0.2998161864876747,
        "val.generated_score": -0.3034200362563133,
        "epoch": 21
    },
    {
        "train.encoder_mse": 0.0006662748691160232,
        "train.decoder_loss": 0.08319422161579132,
        "train.decoder_acc": 0.9695487475395203,
        "val.encoder_mse": 0.0008793866308405995,
        "val.decoder_loss": 0.09490169075131416,
        "val.decoder_acc": 0.9625350399017334,
        "val.ssim": 0.9318944911956787,
        "val.psnr": 36.62519014358521,
        "val.wpsnr": 36.74726028442383,
        "val.fsim": 0.9916917505264282,
        "val.rsbpp": 1.8501401596069336,
        "train.cover_score": -0.10589869059622288,
        "train.generated_score": -0.11058000065013766,
        "val.cover_score": 0.23707663106918336,
        "val.generated_score": 0.2376816523373127,
        "epoch": 22
    },
    {
        "train.encoder_mse": 0.000704499582760036,
        "train.decoder_loss": 0.08635770446062088,
        "train.decoder_acc": 0.9680192427635192,
        "val.encoder_mse": 0.0006253824520390481,
        "val.decoder_loss": 0.09727486884593964,
        "val.decoder_acc": 0.9625674529075623,
        "val.ssim": 0.9521549596786499,
        "val.psnr": 38.106011371612546,
        "val.wpsnr": 38.244857543945315,
        "val.fsim": 0.9941751065254212,
        "val.rsbpp": 1.850269811630249,
        "train.cover_score": 0.11365716373547911,
        "train.generated_score": 0.13393667886406183,
        "val.cover_score": -0.18695711159706116,
        "val.generated_score": -0.186120365858078,
        "epoch": 23
    },
    {
        "train.encoder_mse": 0.0006338172014802694,
        "train.decoder_loss": 0.07427378153800965,
        "train.decoder_acc": 0.9728105354309082,
        "val.encoder_mse": 0.0006528867275919766,
        "val.decoder_loss": 0.07851529973745346,
        "val.decoder_acc": 0.9702209239006042,
        "val.ssim": 0.9521686143875122,
        "val.psnr": 37.9292797088623,
        "val.wpsnr": 38.071918701171874,
        "val.fsim": 0.9944429936408996,
        "val.rsbpp": 1.880883695602417,
        "train.cover_score": -0.11161926605406916,
        "train.generated_score": -0.11635398239642382,
        "val.cover_score": -0.16849479097127915,
        "val.generated_score": -0.1727075566649437,
        "epoch": 24
    },
    {
        "train.encoder_mse": 0.0006369062508456409,
        "train.decoder_loss": 0.07314352485537529,
        "train.decoder_acc": 0.9728075222969055,
        "val.encoder_mse": 0.0006990096704103053,
        "val.decoder_loss": 0.08122798532247544,
        "val.decoder_acc": 0.9678511872291565,
        "val.ssim": 0.9491983604431152,
        "val.psnr": 37.642012176513674,
        "val.wpsnr": 37.781431549072266,
        "val.fsim": 0.9935051670074463,
        "val.rsbpp": 1.871404748916626,
        "train.cover_score": -0.09559933290816844,
        "train.generated_score": -0.10283942790329456,
        "val.cover_score": -0.0952730110436678,
        "val.generated_score": -0.0815425588041544,
        "epoch": 25
    },
    {
        "train.encoder_mse": 0.0006510515932459384,
        "train.decoder_loss": 0.07304937842488289,
        "train.decoder_acc": 0.9722486743927002,
        "val.encoder_mse": 0.0006322031700983643,
        "val.decoder_loss": 0.07509787103533745,
        "val.decoder_acc": 0.973056164264679,
        "val.ssim": 0.9506245193481445,
        "val.psnr": 38.06647138595581,
        "val.wpsnr": 38.20712887573242,
        "val.fsim": 0.9944771685600281,
        "val.rsbpp": 1.8922246570587158,
        "train.cover_score": -0.13923292226344347,
        "train.generated_score": -0.13866732900030912,
        "val.cover_score": -0.10362953156232833,
        "val.generated_score": -0.1067470608651638,
        "epoch": 26
    },
    {
        "train.encoder_mse": 0.0006321915418375283,
        "train.decoder_loss": 0.06685821218788623,
        "train.decoder_acc": 0.9753124718666076,
        "val.encoder_mse": 0.0005256082662381231,
        "val.decoder_loss": 0.09025648325681686,
        "val.decoder_acc": 0.967332923412323,
        "val.ssim": 0.9600143423080444,
        "val.psnr": 38.8782737159729,
        "val.wpsnr": 39.02243328857422,
        "val.fsim": 0.994270004749298,
        "val.rsbpp": 1.869331693649292,
        "train.cover_score": -0.09851413834630511,
        "train.generated_score": -0.10058632929995656,
        "val.cover_score": -0.14984824086353182,
        "val.generated_score": -0.15890600752830505,
        "epoch": 27
    },
    {
        "train.encoder_mse": 0.0006300932557787747,
        "train.decoder_loss": 0.06732640591263771,
        "train.decoder_acc": 0.9754383616447448,
        "val.encoder_mse": 0.0006735134585760534,
        "val.decoder_loss": 0.09171813002228738,
        "val.decoder_acc": 0.9658305912017823,
        "val.ssim": 0.9466823544502259,
        "val.psnr": 37.787544326782225,
        "val.wpsnr": 37.922893005371094,
        "val.fsim": 0.9930613722801208,
        "val.rsbpp": 1.8633223648071289,
        "train.cover_score": -0.15050858145579696,
        "train.generated_score": -0.15636338100582362,
        "val.cover_score": 0.0711762847211212,
        "val.generated_score": 0.1636425280086696,
        "epoch": 28
    },
    {
        "train.encoder_mse": 0.0006361096815671772,
        "train.decoder_loss": 0.06861218680441379,
        "train.decoder_acc": 0.9749651217460632,
        "val.encoder_mse": 0.0006405548185575753,
        "val.decoder_loss": 0.06454471486806869,
        "val.decoder_acc": 0.9753413276672364,
        "val.ssim": 0.9517629685401916,
        "val.psnr": 38.01739980697632,
        "val.wpsnr": 38.162813415527346,
        "val.fsim": 0.99430450963974,
        "val.rsbpp": 1.9013653106689452,
        "train.cover_score": -0.13220789750944822,
        "train.generated_score": -0.11733994420897216,
        "val.cover_score": -0.11412582855205983,
        "val.generated_score": -0.11811998058436439,
        "epoch": 29
    },
    {
        "train.encoder_mse": 0.0005988082573749126,
        "train.decoder_loss": 0.06438383245468139,
        "train.decoder_acc": 0.975660159111023,
        "val.encoder_mse": 0.0006484156942460686,
        "val.decoder_loss": 0.07756932401657105,
        "val.decoder_acc": 0.9695603470802308,
        "val.ssim": 0.954428602695465,
        "val.psnr": 37.98080486297607,
        "val.wpsnr": 38.12809240722656,
        "val.fsim": 0.9946265020370484,
        "val.rsbpp": 1.8782413883209228,
        "train.cover_score": -0.10180524662975222,
        "train.generated_score": -0.10549625535449013,
        "val.cover_score": -0.05145342214219272,
        "val.generated_score": -0.056569090900942684,
        "epoch": 30
    },
    {
        "train.encoder_mse": 0.0006241919263266027,
        "train.decoder_loss": 0.06045687054097652,
        "train.decoder_acc": 0.9772793369293213,
        "val.encoder_mse": 0.000728298716712743,
        "val.decoder_loss": 0.055639849945902826,
        "val.decoder_acc": 0.9801728377342224,
        "val.ssim": 0.9504992518424987,
        "val.psnr": 37.460462493896486,
        "val.wpsnr": 37.61762286376953,
        "val.fsim": 0.9939460587501526,
        "val.rsbpp": 1.9206913509368897,
        "train.cover_score": -0.027947440829128027,
        "train.generated_score": -0.025988785540685056,
        "val.cover_score": 0.4807876663208008,
        "val.generated_score": 0.4742834994792938,
        "epoch": 31
    },
    {
        "train.encoder_mse": 0.0005966525452677161,
        "train.decoder_loss": 0.06052846483886242,
        "train.decoder_acc": 0.9782628426551819,
        "val.encoder_mse": 0.0005796464714221656,
        "val.decoder_loss": 0.06735327598452569,
        "val.decoder_acc": 0.9739074769020081,
        "val.ssim": 0.955402898311615,
        "val.psnr": 38.45396095275879,
        "val.wpsnr": 38.60132611083984,
        "val.fsim": 0.9949126353263855,
        "val.rsbpp": 1.8956299076080323,
        "train.cover_score": -0.0058248205548152325,
        "train.generated_score": -0.0063086343603208665,
        "val.cover_score": 0.565810376405716,
        "val.generated_score": 0.5617507441043854,
        "epoch": 32
    }
]