[
    {
        "train.encoder_mse": 0.0020982919258494804,
        "train.decoder_loss": 0.6949805092811584,
        "train.decoder_acc": 0.5036647662520408,
        "val.encoder_mse": 3.3282776152750907e-05,
        "val.decoder_loss": 0.6926383605370154,
        "val.decoder_acc": 0.5160553913850051,
        "val.ssim": 0.9960041688038752,
        "val.psnr": 50.82974580618051,
        "val.wpsnr": 50.86775647676908,
        "val.fsim": 0.9989549013284537,
        "val.rsbpp": 0.03211078277001014,
        "train.cover_score": -0.11681473528966307,
        "train.generated_score": -0.11565774518705439,
        "val.cover_score": 0.12332925716271767,
        "val.generated_score": 0.12344239021723087,
        "epoch": 1
    },
    {
        "train.encoder_mse": 0.00023993786169739905,
        "train.decoder_loss": 0.5775246906280518,
        "train.decoder_acc": 0.6712950283288955,
        "val.encoder_mse": 0.0005662524445842092,
        "val.decoder_loss": 0.37955226118748003,
        "val.decoder_acc": 0.823937333547152,
        "val.ssim": 0.9258697720674368,
        "val.psnr": 38.49669144703792,
        "val.wpsnr": 38.537140772892876,
        "val.fsim": 0.9962793451089126,
        "val.rsbpp": 0.647874667094304,
        "train.cover_score": 0.136770878546522,
        "train.generated_score": 0.1352959088049829,
        "val.cover_score": -0.1045709836941499,
        "val.generated_score": -0.11763710994273424,
        "epoch": 2
    },
    {
        "train.encoder_mse": 0.0010824087646324188,
        "train.decoder_loss": 0.3471254661679268,
        "train.decoder_acc": 0.8470957964658737,
        "val.encoder_mse": 0.0004692989795540388,
        "val.decoder_loss": 0.26469393303761113,
        "val.decoder_acc": 0.8978173962006202,
        "val.ssim": 0.9447444035456731,
        "val.psnr": 39.30747765761156,
        "val.wpsnr": 39.37592051579402,
        "val.fsim": 0.9970498956166781,
        "val.rsbpp": 0.7956347924012405,
        "train.cover_score": 0.23633167241932823,
        "train.generated_score": 0.2575498363049701,
        "val.cover_score": 0.32541651049485576,
        "val.generated_score": 0.2906364059218994,
        "epoch": 3
    },
    {
        "train.encoder_mse": 0.0009341707630665042,
        "train.decoder_loss": 0.30055184721946715,
        "train.decoder_acc": 0.8767630916833877,
        "val.encoder_mse": 0.0017228676991250652,
        "val.decoder_loss": 0.3629869635288532,
        "val.decoder_acc": 0.840300624187176,
        "val.ssim": 0.9347780301020696,
        "val.psnr": 33.6821488233713,
        "val.wpsnr": 33.69583980853741,
        "val.fsim": 0.9958346210993253,
        "val.rsbpp": 0.6806012483743521,
        "train.cover_score": 2.29280456923414,
        "train.generated_score": 2.268896894115023,
        "val.cover_score": 15.454221725463867,
        "val.generated_score": 15.488957478449894,
        "epoch": 4
    },
    {
        "train.encoder_mse": 0.0032345642198924906,
        "train.decoder_loss": 0.3255333985388279,
        "train.decoder_acc": 0.8625968229770661,
        "val.encoder_mse": 0.0006932502952762521,
        "val.decoder_loss": 0.2947085889486166,
        "val.decoder_acc": 0.8767440410760733,
        "val.ssim": 0.9601043921250564,
        "val.psnr": 37.61303993371817,
        "val.wpsnr": 37.65692842923678,
        "val.fsim": 0.9968135173504169,
        "val.rsbpp": 0.7534880821521466,
        "train.cover_score": 6.717878821194172,
        "train.generated_score": 6.998548796623945,
        "val.cover_score": 0.6858601421117783,
        "val.generated_score": 0.664677829696582,
        "epoch": 5
    },
    {
        "train.encoder_mse": 0.001007539404090494,
        "train.decoder_loss": 0.2679748846590519,
        "train.decoder_acc": 0.8909005290269851,
        "val.encoder_mse": 0.0006734859825183565,
        "val.decoder_loss": 0.19060736779983228,
        "val.decoder_acc": 0.928757864695329,
        "val.ssim": 0.9404332087590144,
        "val.psnr": 37.772442194131706,
        "val.wpsnr": 37.86962479811449,
        "val.fsim": 0.9900349653684176,
        "val.rsbpp": 0.8575157293906579,
        "train.cover_score": 1.3589055855385959,
        "train.generated_score": 1.374909897763282,
        "val.cover_score": 0.449845919242272,
        "val.generated_score": 0.4344310989746681,
        "epoch": 6
    },
    {
        "train.encoder_mse": 0.0005477211231482215,
        "train.decoder_loss": 0.16599469229578973,
        "train.decoder_acc": 0.9406780749559402,
        "val.encoder_mse": 0.0007924803738625577,
        "val.decoder_loss": 0.14497847912403253,
        "val.decoder_acc": 0.9480564319170438,
        "val.ssim": 0.9355509693805988,
        "val.psnr": 37.03538857973539,
        "val.wpsnr": 37.08864886944111,
        "val.fsim": 0.9857880656535809,
        "val.rsbpp": 0.8961128638340876,
        "train.cover_score": 0.5903841030597686,
        "train.generated_score": 0.5790306680649518,
        "val.cover_score": 0.08154348928767902,
        "val.generated_score": 0.09315783028992322,
        "epoch": 7
    },
    {
        "train.encoder_mse": 0.0005080636852653697,
        "train.decoder_loss": 0.11699427407234907,
        "train.decoder_acc": 0.9609344518184662,
        "val.encoder_mse": 0.0006349969503039924,
        "val.decoder_loss": 0.09495218900533822,
        "val.decoder_acc": 0.9691773561330942,
        "val.ssim": 0.9395402073860168,
        "val.psnr": 38.00616924579327,
        "val.wpsnr": 38.10658557598408,
        "val.fsim": 0.9877489163325384,
        "val.rsbpp": 0.9383547122661884,
        "train.cover_score": 0.09039276416166103,
        "train.generated_score": 0.09634455734936637,
        "val.cover_score": 0.03564512360697755,
        "val.generated_score": 0.047755959837769084,
        "epoch": 8
    },
    {
        "train.encoder_mse": 0.00047396808804478496,
        "train.decoder_loss": 0.08372048277407884,
        "train.decoder_acc": 0.9735220730304718,
        "val.encoder_mse": 0.0003148125184592433,
        "val.decoder_loss": 0.12434280377167922,
        "val.decoder_acc": 0.954851168852586,
        "val.ssim": 0.9680831569891709,
        "val.psnr": 41.054266049311714,
        "val.wpsnr": 41.14926704993615,
        "val.fsim": 0.9947095880141625,
        "val.rsbpp": 0.9097023377051721,
        "train.cover_score": 0.027949277558363975,
        "train.generated_score": 0.012346656369772972,
        "val.cover_score": -0.3652136509235089,
        "val.generated_score": -0.3591247819937192,
        "epoch": 9
    },
    {
        "train.encoder_mse": 0.0004585767915705219,
        "train.decoder_loss": 0.07947912400588393,
        "train.decoder_acc": 0.9733505493402481,
        "val.encoder_mse": 0.0006974450975226668,
        "val.decoder_loss": 0.051467024363004245,
        "val.decoder_acc": 0.9840205861971929,
        "val.ssim": 0.9435561757821304,
        "val.psnr": 37.59536449725811,
        "val.wpsnr": 37.717325063852165,
        "val.fsim": 0.9927586546311011,
        "val.rsbpp": 0.9680411723943857,
        "train.cover_score": -0.06418327396735549,
        "train.generated_score": -0.0566915094666183,
        "val.cover_score": -0.2850092718234429,
        "val.generated_score": -0.28217884783561414,
        "epoch": 10
    },
    {
        "train.encoder_mse": 0.0003974002556060441,
        "train.decoder_loss": 0.05929647522047162,
        "train.decoder_acc": 0.9802939867973328,
        "val.encoder_mse": 0.0004776574944396718,
        "val.decoder_loss": 0.0805016251710745,
        "val.decoder_acc": 0.9707776170510513,
        "val.ssim": 0.964619884124169,
        "val.psnr": 39.240782260894775,
        "val.wpsnr": 39.35984332744892,
        "val.fsim": 0.9946705790666434,
        "val.rsbpp": 0.9415552341021024,
        "train.cover_score": -0.32175398014485834,
        "train.generated_score": -0.32721153620630505,
        "val.cover_score": 0.6412088802227607,
        "val.generated_score": 0.6324374584051279,
        "epoch": 11
    },
    {
        "train.encoder_mse": 0.00041556011681677775,
        "train.decoder_loss": 0.05962869154289365,
        "train.decoder_acc": 0.9798649215698242,
        "val.encoder_mse": 0.00033682433646530484,
        "val.decoder_loss": 0.07740014791488647,
        "val.decoder_acc": 0.9717348493062533,
        "val.ssim": 0.9716227237994854,
        "val.psnr": 40.77246886033278,
        "val.wpsnr": 40.881541325495796,
        "val.fsim": 0.9949121887867267,
        "val.rsbpp": 0.9434696986125066,
        "train.cover_score": 0.3979603050183505,
        "train.generated_score": 0.4047456171866361,
        "val.cover_score": -0.047019467930882596,
        "val.generated_score": -0.028777399458564244,
        "epoch": 12
    },
    {
        "train.encoder_mse": 0.0003312110767001286,
        "train.decoder_loss": 0.05225599367171526,
        "train.decoder_acc": 0.9825305896997452,
        "val.encoder_mse": 0.0003533324947616515,
        "val.decoder_loss": 0.05605292707108534,
        "val.decoder_acc": 0.9806616443854111,
        "val.ssim": 0.9698027326510503,
        "val.psnr": 40.55479068022508,
        "val.wpsnr": 40.68712615966797,
        "val.fsim": 0.9950831761726966,
        "val.rsbpp": 0.9613232887708224,
        "train.cover_score": -0.025354849161230958,
        "train.generated_score": -0.030763765489682557,
        "val.cover_score": 0.2392768940100303,
        "val.generated_score": 0.23556780700500196,
        "epoch": 13
    },
    {
        "train.encoder_mse": 0.0003141391300596297,
        "train.decoder_loss": 0.04418228711932898,
        "train.decoder_acc": 0.9852639806270599,
        "val.encoder_mse": 0.00032013368819696974,
        "val.decoder_loss": 0.07324180293541688,
        "val.decoder_acc": 0.9736315837273231,
        "val.ssim": 0.971261991904332,
        "val.psnr": 40.99606734055739,
        "val.wpsnr": 41.11950419499324,
        "val.fsim": 0.9938268294701209,
        "val.rsbpp": 0.9472631674546462,
        "train.cover_score": 0.035882114283740524,
        "train.generated_score": 0.031554171037860214,
        "val.cover_score": -0.201697483085669,
        "val.generated_score": -0.1946364864706993,
        "epoch": 14
    },
    {
        "train.encoder_mse": 0.000324975787953008,
        "train.decoder_loss": 0.04040430448018015,
        "train.decoder_acc": 0.9863859385251998,
        "val.encoder_mse": 0.00027161507862799155,
        "val.decoder_loss": 0.05194882346460453,
        "val.decoder_acc": 0.9820281358865591,
        "val.ssim": 0.9763794954006488,
        "val.psnr": 41.713145329402046,
        "val.wpsnr": 41.84503496610201,
        "val.fsim": 0.9961522496663607,
        "val.rsbpp": 0.9640562717731183,
        "train.cover_score": -0.015907634920440613,
        "train.generated_score": -0.018606566300150007,
        "val.cover_score": -0.2967044791349998,
        "val.generated_score": -0.29850637912750244,
        "epoch": 15
    },
    {
        "train.encoder_mse": 0.00028042261517839505,
        "train.decoder_loss": 0.03495461393147707,
        "train.decoder_acc": 0.9880952221155167,
        "val.encoder_mse": 0.00032029923973963235,
        "val.decoder_loss": 0.043708265687410645,
        "val.decoder_acc": 0.9848703145980835,
        "val.ssim": 0.9739553699126611,
        "val.psnr": 40.991389568035416,
        "val.wpsnr": 41.13268632155199,
        "val.fsim": 0.996865648489732,
        "val.rsbpp": 0.969740629196167,
        "train.cover_score": -0.3366512974211946,
        "train.generated_score": -0.341502175036585,
        "val.cover_score": -1.000746671970074,
        "val.generated_score": -0.9875935178536636,
        "epoch": 16
    },
    {
        "train.encoder_mse": 0.0003715216463024262,
        "train.decoder_loss": 0.040980415754020214,
        "train.decoder_acc": 0.9857528442144394,
        "val.encoder_mse": 0.0004385960637591779,
        "val.decoder_loss": 0.06221115904358717,
        "val.decoder_acc": 0.977316521681272,
        "val.ssim": 0.9659136808835543,
        "val.psnr": 39.62508513377263,
        "val.wpsnr": 39.73294214101938,
        "val.fsim": 0.9959185306842511,
        "val.rsbpp": 0.9546330433625442,
        "train.cover_score": 0.0043785816617310045,
        "train.generated_score": 0.00473553005605936,
        "val.cover_score": -0.5040926795739394,
        "val.generated_score": -0.43956360679406387,
        "epoch": 17
    },
    {
        "train.encoder_mse": 0.0003052302720607258,
        "train.decoder_loss": 0.035064091384410856,
        "train.decoder_acc": 0.9878822231292724,
        "val.encoder_mse": 0.0002467509453149083,
        "val.decoder_loss": 0.04456026902279028,
        "val.decoder_acc": 0.9845973436649029,
        "val.ssim": 0.9787337413200965,
        "val.psnr": 42.15077877044678,
        "val.wpsnr": 42.28885005070613,
        "val.fsim": 0.9969779115456802,
        "val.rsbpp": 0.9691946873298058,
        "train.cover_score": -0.46853008478879926,
        "train.generated_score": -0.4512674037087709,
        "val.cover_score": -0.3295998504528633,
        "val.generated_score": -0.3328217382614429,
        "epoch": 18
    },
    {
        "train.encoder_mse": 0.00025251480750739576,
        "train.decoder_loss": 0.02841724487952888,
        "train.decoder_acc": 0.9900099116563797,
        "val.encoder_mse": 0.0002540808580726242,
        "val.decoder_loss": 0.03836812866994968,
        "val.decoder_acc": 0.9865060402796819,
        "val.ssim": 0.9792476525673499,
        "val.psnr": 42.0262754880465,
        "val.wpsnr": 42.162935110238884,
        "val.fsim": 0.9968311374004071,
        "val.rsbpp": 0.9730120805593637,
        "train.cover_score": -0.30734035845845936,
        "train.generated_score": -0.30804852038621905,
        "val.cover_score": -0.3854570457568535,
        "val.generated_score": -0.38872799277305603,
        "epoch": 19
    },
    {
        "train.encoder_mse": 0.00024936105604865587,
        "train.decoder_loss": 0.026442243750207126,
        "train.decoder_acc": 0.9907152867317199,
        "val.encoder_mse": 0.00028393023463789944,
        "val.decoder_loss": 0.032591601833701134,
        "val.decoder_acc": 0.9885257849326501,
        "val.ssim": 0.978016550724323,
        "val.psnr": 41.56123931591328,
        "val.wpsnr": 41.709573599008415,
        "val.fsim": 0.9970316382554861,
        "val.rsbpp": 0.9770515698653001,
        "train.cover_score": -0.44387449029833076,
        "train.generated_score": -0.4464624345302582,
        "val.cover_score": -0.6255036409084613,
        "val.generated_score": -0.6274856741611774,
        "epoch": 20
    },
    {
        "train.encoder_mse": 0.0002511798586056102,
        "train.decoder_loss": 0.03014560502022505,
        "train.decoder_acc": 0.989474937915802,
        "val.encoder_mse": 0.0004247507290878835,
        "val.decoder_loss": 0.0788941397689856,
        "val.decoder_acc": 0.9711533234669611,
        "val.ssim": 0.9671552548041711,
        "val.psnr": 39.767606074993424,
        "val.wpsnr": 39.88277493990385,
        "val.fsim": 0.9935271694109991,
        "val.rsbpp": 0.9423066469339224,
        "train.cover_score": -0.18225640405435115,
        "train.generated_score": -0.19021971955080516,
        "val.cover_score": -0.4389714036996548,
        "val.generated_score": -0.44261883886960834,
        "epoch": 21
    },
    {
        "train.encoder_mse": 0.000320692521345336,
        "train.decoder_loss": 0.03525425435043871,
        "train.decoder_acc": 0.9875926685333252,
        "val.encoder_mse": 0.00036356935295491264,
        "val.decoder_loss": 0.04772629775106907,
        "val.decoder_acc": 0.9834165802368751,
        "val.ssim": 0.9738502869239221,
        "val.psnr": 40.44185693447407,
        "val.wpsnr": 40.62417133037861,
        "val.fsim": 0.988111266723046,
        "val.rsbpp": 0.9668331604737502,
        "train.cover_score": -0.1796496855095029,
        "train.generated_score": -0.14942264825105667,
        "val.cover_score": -0.7715107248379633,
        "val.generated_score": -0.736075914823092,
        "epoch": 22
    },
    {
        "train.encoder_mse": 0.0002450978559500072,
        "train.decoder_loss": 0.024816389149054884,
        "train.decoder_acc": 0.9910669934749603,
        "val.encoder_mse": 0.0002374704042897345,
        "val.decoder_loss": 0.044170536960546784,
        "val.decoder_acc": 0.9838591997440045,
        "val.ssim": 0.9834792430584247,
        "val.psnr": 42.357855576735275,
        "val.wpsnr": 42.51851067176232,
        "val.fsim": 0.997521345431988,
        "val.rsbpp": 0.967718399488009,
        "train.cover_score": -0.16397204365581275,
        "train.generated_score": -0.16611171687953175,
        "val.cover_score": -0.47022412373469424,
        "val.generated_score": -0.47150601790501523,
        "epoch": 23
    },
    {
        "train.encoder_mse": 0.0002310099695750978,
        "train.decoder_loss": 0.022357374280691147,
        "train.decoder_acc": 0.992021958231926,
        "val.encoder_mse": 0.00023970927801341392,
        "val.decoder_loss": 0.024735329959255,
        "val.decoder_acc": 0.9911937576073867,
        "val.ssim": 0.9821160940023569,
        "val.psnr": 42.28966896350567,
        "val.wpsnr": 42.44666818472055,
        "val.fsim": 0.9976728329291711,
        "val.rsbpp": 0.9823875152147733,
        "train.cover_score": -0.06678078433964402,
        "train.generated_score": -0.06343371663242578,
        "val.cover_score": 0.08321693339026891,
        "val.generated_score": 0.08581070143442887,
        "epoch": 24
    },
    {
        "train.encoder_mse": 0.00021936322991678026,
        "train.decoder_loss": 0.021711477437056603,
        "train.decoder_acc": 0.9923720842599869,
        "val.encoder_mse": 0.00020013313377813363,
        "val.decoder_loss": 0.04747952979344588,
        "val.decoder_acc": 0.9834162822136512,
        "val.ssim": 0.9819888243308434,
        "val.psnr": 43.08873836810772,
        "val.wpsnr": 43.23341839130108,
        "val.fsim": 0.996678902552678,
        "val.rsbpp": 0.9668325644273025,
        "train.cover_score": -0.3221793306618929,
        "train.generated_score": -0.32287188313901427,
        "val.cover_score": -0.3861941947386815,
        "val.generated_score": -0.38439180988531846,
        "epoch": 25
    },
    {
        "train.encoder_mse": 0.0002136722079012543,
        "train.decoder_loss": 0.02219319428317249,
        "train.decoder_acc": 0.9922066247463226,
        "val.encoder_mse": 0.0002973061010169868,
        "val.decoder_loss": 0.04360336093948437,
        "val.decoder_acc": 0.9847864783727206,
        "val.ssim": 0.9761428787158086,
        "val.psnr": 41.31955623626709,
        "val.wpsnr": 41.43177296565129,
        "val.fsim": 0.9976808245365436,
        "val.rsbpp": 0.9695729567454412,
        "train.cover_score": -0.08387123205378884,
        "train.generated_score": -0.08472513145185076,
        "val.cover_score": -0.005525916922264374,
        "val.generated_score": 0.0014303317651725733,
        "epoch": 26
    },
    {
        "train.encoder_mse": 0.00023884558453573845,
        "train.decoder_loss": 0.024313625446520746,
        "train.decoder_acc": 0.991059141755104,
        "val.encoder_mse": 0.00020599927386054053,
        "val.decoder_loss": 0.024455923587083817,
        "val.decoder_acc": 0.991433478318728,
        "val.ssim": 0.9832150248380808,
        "val.psnr": 42.987225605891304,
        "val.wpsnr": 43.14653924795297,
        "val.fsim": 0.9976104360360366,
        "val.rsbpp": 0.9828669566374558,
        "train.cover_score": -0.04302432926371694,
        "train.generated_score": -0.03203062444998068,
        "val.cover_score": -0.03810989641799377,
        "val.generated_score": -0.03912072284863545,
        "epoch": 27
    },
    {
        "train.encoder_mse": 0.00019233026025176515,
        "train.decoder_loss": 0.017126752766780554,
        "train.decoder_acc": 0.9939279401302338,
        "val.encoder_mse": 0.0002560975240507665,
        "val.decoder_loss": 0.022238510517546765,
        "val.decoder_acc": 0.9920415603197538,
        "val.ssim": 0.9825263252625098,
        "val.psnr": 42.020925741929275,
        "val.wpsnr": 42.19245646550105,
        "val.fsim": 0.9971751203903785,
        "val.rsbpp": 0.9840831206395075,
        "train.cover_score": -0.18973748311400412,
        "train.generated_score": -0.1909517833031714,
        "val.cover_score": -0.2910233117066897,
        "val.generated_score": -0.29181132408288807,
        "epoch": 28
    },
    {
        "train.encoder_mse": 0.0001875909508089535,
        "train.decoder_loss": 0.020085575454868377,
        "train.decoder_acc": 0.9929965132474899,
        "val.encoder_mse": 0.00019905825655979032,
        "val.decoder_loss": 0.026130126860852424,
        "val.decoder_acc": 0.9907759794822106,
        "val.ssim": 0.9856164455413818,
        "val.psnr": 43.1443269436176,
        "val.wpsnr": 43.31107212946965,
        "val.fsim": 0.9978188367990347,
        "val.rsbpp": 0.9815519589644212,
        "train.cover_score": -0.08800632426515222,
        "train.generated_score": -0.0864882338681491,
        "val.cover_score": 0.0005179534547586137,
        "val.generated_score": -8.775894485342388e-05,
        "epoch": 29
    },
    {
        "train.encoder_mse": 0.00018877080474339892,
        "train.decoder_loss": 0.022924225074239076,
        "train.decoder_acc": 0.9924648422002792,
        "val.encoder_mse": 0.00023152301302896097,
        "val.decoder_loss": 0.03363995554928596,
        "val.decoder_acc": 0.988225308748392,
        "val.ssim": 0.979247313279372,
        "val.psnr": 42.44564789992113,
        "val.wpsnr": 42.59363145094652,
        "val.fsim": 0.9957192127521222,
        "val.rsbpp": 0.976450617496784,
        "train.cover_score": -0.04974870030768216,
        "train.generated_score": -0.051052767028158995,
        "val.cover_score": -0.026340161479311064,
        "val.generated_score": -0.029497005331974763,
        "epoch": 30
    },
    {
        "train.encoder_mse": 0.00019942577659094241,
        "train.decoder_loss": 0.017966395586263388,
        "train.decoder_acc": 0.993954598903656,
        "val.encoder_mse": 0.00020363412869091218,
        "val.decoder_loss": 0.025511515255157765,
        "val.decoder_acc": 0.9911662340164185,
        "val.ssim": 0.9849043213404142,
        "val.psnr": 43.00148010253906,
        "val.wpsnr": 43.17614922156701,
        "val.fsim": 0.9976505958116971,
        "val.rsbpp": 0.9823324680328369,
        "train.cover_score": -0.35852561694046015,
        "train.generated_score": -0.36150151552399623,
        "val.cover_score": -0.5796620341447684,
        "val.generated_score": -0.5789563610003545,
        "epoch": 31
    },
    {
        "train.encoder_mse": 0.00017211997132108081,
        "train.decoder_loss": 0.015172191180754453,
        "train.decoder_acc": 0.9950121700763702,
        "val.encoder_mse": 0.00019927989901938976,
        "val.decoder_loss": 0.028482675122526977,
        "val.decoder_acc": 0.9899104466805091,
        "val.ssim": 0.9841932470981891,
        "val.psnr": 43.13856234917274,
        "val.wpsnr": 43.28585610022912,
        "val.fsim": 0.9978467042629535,
        "val.rsbpp": 0.9798208933610183,
        "train.cover_score": -0.28765587389236313,
        "train.generated_score": -0.28881346263806335,
        "val.cover_score": 0.06024054966222208,
        "val.generated_score": 0.05636003930479861,
        "epoch": 32
    }
]