[
    {
        "train.encoder_mse": 0.0010889075749728363,
        "train.decoder_loss": 0.6953146028518676,
        "train.decoder_acc": 0.5003965177536011,
        "val.encoder_mse": 5.285875929985195e-05,
        "val.decoder_loss": 0.6932276210784912,
        "val.decoder_acc": 0.5002654399871826,
        "val.ssim": 0.9941750512123108,
        "val.psnr": 48.92598529815674,
        "val.wpsnr": 48.946987182617185,
        "val.fsim": 0.9989363498687744,
        "val.rsbpp": 0.0021235198974609375,
        "train.cover_score": -0.0917351831747219,
        "train.generated_score": -0.09084789411351085,
        "val.cover_score": 0.28429182755947113,
        "val.generated_score": 0.2843769029378891,
        "epoch": 1
    },
    {
        "train.encoder_mse": 1.3505273404007311e-05,
        "train.decoder_loss": 0.6932011923789978,
        "train.decoder_acc": 0.5003010749816894,
        "val.encoder_mse": 2.9300030146259814e-05,
        "val.decoder_loss": 0.69323947763443,
        "val.decoder_acc": 0.5001107137203217,
        "val.ssim": 0.9964236216545105,
        "val.psnr": 51.366190376281736,
        "val.wpsnr": 51.382115966796874,
        "val.fsim": 0.999560486793518,
        "val.rsbpp": 0.0008857097625732422,
        "train.cover_score": 0.07686323316721246,
        "train.generated_score": 0.07694080664357171,
        "val.cover_score": 0.010518430489231833,
        "val.generated_score": 0.010517935558222235,
        "epoch": 2
    },
    {
        "train.encoder_mse": 7.478329313926224e-06,
        "train.decoder_loss": 0.693185405254364,
        "train.decoder_acc": 0.5002287161350251,
        "val.encoder_mse": 3.3048035969841295e-05,
        "val.decoder_loss": 0.6931611561775207,
        "val.decoder_acc": 0.500739764213562,
        "val.ssim": 0.9959686393737793,
        "val.psnr": 50.89868209838867,
        "val.wpsnr": 50.9011533203125,
        "val.fsim": 0.9992758798599243,
        "val.rsbpp": 0.005918113708496093,
        "train.cover_score": 0.0416944438200444,
        "train.generated_score": 0.041711753955110904,
        "val.cover_score": 0.0779725096821785,
        "val.generated_score": 0.0780656333565712,
        "epoch": 3
    },
    {
        "train.encoder_mse": 4.517363091508742e-06,
        "train.decoder_loss": 0.6931659774780273,
        "train.decoder_acc": 0.5002200403213501,
        "val.encoder_mse": 2.728515283524757e-05,
        "val.decoder_loss": 0.6931580538749695,
        "val.decoder_acc": 0.5004256680011749,
        "val.ssim": 0.9959914727210999,
        "val.psnr": 51.74556308746338,
        "val.wpsnr": 51.761076995849606,
        "val.fsim": 0.9994998741149902,
        "val.rsbpp": 0.0034053440093994142,
        "train.cover_score": 0.07734157824516297,
        "train.generated_score": 0.07734621575474739,
        "val.cover_score": 0.05667124876379967,
        "val.generated_score": 0.056819560021162036,
        "epoch": 4
    },
    {
        "train.encoder_mse": 2.7038736252507078e-06,
        "train.decoder_loss": 0.6931643691062928,
        "train.decoder_acc": 0.500202917098999,
        "val.encoder_mse": 3.334963078668807e-05,
        "val.decoder_loss": 0.6931528911590576,
        "val.decoder_acc": 0.5006748924255371,
        "val.ssim": 0.9961422176361084,
        "val.psnr": 50.83898357391357,
        "val.wpsnr": 50.833288146972656,
        "val.fsim": 0.9993368716239929,
        "val.rsbpp": 0.005399139404296875,
        "train.cover_score": 0.04435359260439873,
        "train.generated_score": 0.044360072404146196,
        "val.cover_score": 0.04566037294268608,
        "val.generated_score": 0.04571886277198792,
        "epoch": 5
    },
    {
        "train.encoder_mse": 2.3418613345711493e-06,
        "train.decoder_loss": 0.6931587324142456,
        "train.decoder_acc": 0.500214968919754,
        "val.encoder_mse": 2.6581234444165604e-05,
        "val.decoder_loss": 0.6931588110923768,
        "val.decoder_acc": 0.5001848928928375,
        "val.ssim": 0.9969818844795227,
        "val.psnr": 51.806446685791016,
        "val.wpsnr": 51.80545846557617,
        "val.fsim": 0.9995914759635925,
        "val.rsbpp": 0.0014791431427001952,
        "train.cover_score": 0.05593808498978615,
        "train.generated_score": 0.05594275990128517,
        "val.cover_score": 0.057729701399803164,
        "val.generated_score": 0.057737145960330964,
        "epoch": 6
    },
    {
        "train.encoder_mse": 1.1031548783648758e-06,
        "train.decoder_loss": 0.6931577277183533,
        "train.decoder_acc": 0.5001413369178772,
        "val.encoder_mse": 2.9746393178356812e-05,
        "val.decoder_loss": 0.6931529459953308,
        "val.decoder_acc": 0.5003400843143463,
        "val.ssim": 0.9966348848342895,
        "val.psnr": 51.329107437133786,
        "val.wpsnr": 51.31780368041992,
        "val.fsim": 0.9994195590019226,
        "val.rsbpp": 0.0027206745147705077,
        "train.cover_score": 0.05181459978222847,
        "train.generated_score": 0.05181644177436829,
        "val.cover_score": 0.04697320261597633,
        "val.generated_score": 0.04698955789208412,
        "epoch": 7
    },
    {
        "train.encoder_mse": 9.103807713017886e-07,
        "train.decoder_loss": 0.6931583242416381,
        "train.decoder_acc": 0.5001009273529052,
        "val.encoder_mse": 2.3004049522569404e-05,
        "val.decoder_loss": 0.6931497282981872,
        "val.decoder_acc": 0.5009213860034942,
        "val.ssim": 0.9964433846473694,
        "val.psnr": 52.492034072875974,
        "val.wpsnr": 52.49659982299805,
        "val.fsim": 0.9993105425834655,
        "val.rsbpp": 0.007371088027954101,
        "train.cover_score": 0.05016484531760216,
        "train.generated_score": 0.05016644340753555,
        "val.cover_score": 0.053679413408041,
        "val.generated_score": 0.05369383162260056,
        "epoch": 8
    },
    {
        "train.encoder_mse": 6.473231410382141e-07,
        "train.decoder_loss": 0.6931558823585511,
        "train.decoder_acc": 0.5001556510925294,
        "val.encoder_mse": 1.9134289235807956e-05,
        "val.decoder_loss": 0.693149733543396,
        "val.decoder_acc": 0.5007733407020569,
        "val.ssim": 0.9972016582489014,
        "val.psnr": 53.27479621887207,
        "val.wpsnr": 53.281580963134765,
        "val.fsim": 0.9992817597389221,
        "val.rsbpp": 0.0061867256164550785,
        "train.cover_score": 0.053653651952743533,
        "train.generated_score": 0.0536551733314991,
        "val.cover_score": 0.05567193567752838,
        "val.generated_score": 0.05567343267798424,
        "epoch": 9
    },
    {
        "train.encoder_mse": 5.441740914875481e-07,
        "train.decoder_loss": 0.6931559867858886,
        "train.decoder_acc": 0.5001568763256073,
        "val.encoder_mse": 3.284362851991318e-05,
        "val.decoder_loss": 0.6931484532356262,
        "val.decoder_acc": 0.501197594165802,
        "val.ssim": 0.995696455001831,
        "val.psnr": 50.92739646911621,
        "val.wpsnr": 50.91974411010742,
        "val.fsim": 0.9993163576126098,
        "val.rsbpp": 0.009580753326416015,
        "train.cover_score": 0.05234321475028992,
        "train.generated_score": 0.05234453985095024,
        "val.cover_score": 0.051053259968757626,
        "val.generated_score": 0.05107523661851883,
        "epoch": 10
    },
    {
        "train.encoder_mse": 3.894146479979099e-07,
        "train.decoder_loss": 0.6931556859016419,
        "train.decoder_acc": 0.500104362487793,
        "val.encoder_mse": 3.113383321033325e-05,
        "val.decoder_loss": 0.6931431341171265,
        "val.decoder_acc": 0.501313636302948,
        "val.ssim": 0.9954541316032409,
        "val.psnr": 51.161770553588866,
        "val.wpsnr": 51.15875036621094,
        "val.fsim": 0.9992836546897889,
        "val.rsbpp": 0.010509090423583984,
        "train.cover_score": 0.050110556572675706,
        "train.generated_score": 0.0501114105284214,
        "val.cover_score": 0.05084886300563812,
        "val.generated_score": 0.05086688384413719,
        "epoch": 11
    },
    {
        "train.encoder_mse": 2.79527911857258e-07,
        "train.decoder_loss": 0.6931563582420349,
        "train.decoder_acc": 0.5001326870918273,
        "val.encoder_mse": 3.604017838370055e-05,
        "val.decoder_loss": 0.6931530294418335,
        "val.decoder_acc": 0.5009275560379028,
        "val.ssim": 0.9952817983627319,
        "val.psnr": 50.485369453430174,
        "val.wpsnr": 50.48234725952148,
        "val.fsim": 0.999345130443573,
        "val.rsbpp": 0.007420448303222657,
        "train.cover_score": 0.05288197517395019,
        "train.generated_score": 0.05288298746943474,
        "val.cover_score": 0.05183246827125549,
        "val.generated_score": 0.051858522206544876,
        "epoch": 12
    },
    {
        "train.encoder_mse": 2.2224699421258266e-07,
        "train.decoder_loss": 0.6931550092697144,
        "train.decoder_acc": 0.5001144127845765,
        "val.encoder_mse": 2.7716545373550618e-05,
        "val.decoder_loss": 0.6931405258178711,
        "val.decoder_acc": 0.5018274192810058,
        "val.ssim": 0.9957844309806824,
        "val.psnr": 51.66648471832276,
        "val.wpsnr": 51.668419647216794,
        "val.fsim": 0.9992701578140258,
        "val.rsbpp": 0.014619354248046876,
        "train.cover_score": 0.053072478085756304,
        "train.generated_score": 0.053073059618473056,
        "val.cover_score": 0.053909781098365785,
        "val.generated_score": 0.053915910869836804,
        "epoch": 13
    },
    {
        "train.encoder_mse": 1.566952526559362e-07,
        "train.decoder_loss": 0.69315456199646,
        "train.decoder_acc": 0.500111610174179,
        "val.encoder_mse": 3.7019213341409343e-05,
        "val.decoder_loss": 0.6931447625160218,
        "val.decoder_acc": 0.5015617594718933,
        "val.ssim": 0.9948810267448426,
        "val.psnr": 50.37300186157226,
        "val.wpsnr": 50.364736541748044,
        "val.fsim": 0.9992764391899109,
        "val.rsbpp": 0.012494075775146484,
        "train.cover_score": 0.05147059294581413,
        "train.generated_score": 0.05147136172652245,
        "val.cover_score": 0.04906301912665367,
        "val.generated_score": 0.04906855493783951,
        "epoch": 14
    },
    {
        "train.encoder_mse": 1.347994870570801e-07,
        "train.decoder_loss": 0.693154522895813,
        "train.decoder_acc": 0.5001299977302551,
        "val.encoder_mse": 2.650660739163868e-05,
        "val.decoder_loss": 0.6931423215866089,
        "val.decoder_acc": 0.5015315561294555,
        "val.ssim": 0.9965778880119324,
        "val.psnr": 51.860844917297364,
        "val.wpsnr": 51.859957794189455,
        "val.fsim": 0.9993279738426208,
        "val.rsbpp": 0.012252449035644531,
        "train.cover_score": 0.048182821482419966,
        "train.generated_score": 0.04818371018767357,
        "val.cover_score": 0.05202795854210854,
        "val.generated_score": 0.05202835875749588,
        "epoch": 15
    },
    {
        "train.encoder_mse": 1.1356702134435182e-07,
        "train.decoder_loss": 0.6931546688079834,
        "train.decoder_acc": 0.5001099238395691,
        "val.encoder_mse": 3.117347985971719e-05,
        "val.decoder_loss": 0.6931422543525696,
        "val.decoder_acc": 0.5019621224403381,
        "val.ssim": 0.9954328122138977,
        "val.psnr": 51.14789520263672,
        "val.wpsnr": 51.141131805419924,
        "val.fsim": 0.9992852110862732,
        "val.rsbpp": 0.015696979522705077,
        "train.cover_score": 0.05310420471429825,
        "train.generated_score": 0.05310457473993301,
        "val.cover_score": 0.05305165070295334,
        "val.generated_score": 0.05304869872331619,
        "epoch": 16
    },
    {
        "train.encoder_mse": 1.0283832426694062e-07,
        "train.decoder_loss": 0.6931548204421997,
        "train.decoder_acc": 0.500129923582077,
        "val.encoder_mse": 3.13624941627495e-05,
        "val.decoder_loss": 0.6931345405578613,
        "val.decoder_acc": 0.5023980507850647,
        "val.ssim": 0.9953538646697998,
        "val.psnr": 51.128775138854984,
        "val.wpsnr": 51.12703134155274,
        "val.fsim": 0.9993127088546753,
        "val.rsbpp": 0.01918440628051758,
        "train.cover_score": 0.055868682682514194,
        "train.generated_score": 0.055868935197591785,
        "val.cover_score": 0.05796047422289848,
        "val.generated_score": 0.057965438663959507,
        "epoch": 17
    },
    {
        "train.encoder_mse": 9.160844868461027e-08,
        "train.decoder_loss": 0.6931555256843567,
        "train.decoder_acc": 0.5001079726219178,
        "val.encoder_mse": 2.6349238920374775e-05,
        "val.decoder_loss": 0.6931438946723938,
        "val.decoder_acc": 0.5022766304016113,
        "val.ssim": 0.9963642234802246,
        "val.psnr": 51.85990707397461,
        "val.wpsnr": 51.85642877197266,
        "val.fsim": 0.999358470916748,
        "val.rsbpp": 0.018213043212890623,
        "train.cover_score": 0.05375572538375854,
        "train.generated_score": 0.05375649133324623,
        "val.cover_score": 0.04945619854331017,
        "val.generated_score": 0.049456388771533966,
        "epoch": 18
    },
    {
        "train.encoder_mse": 8.064955545705743e-08,
        "train.decoder_loss": 0.6931547231674194,
        "train.decoder_acc": 0.5001247909069061,
        "val.encoder_mse": 3.14311118418118e-05,
        "val.decoder_loss": 0.6931360816955566,
        "val.decoder_acc": 0.5017358498573303,
        "val.ssim": 0.9953378267288208,
        "val.psnr": 51.106684341430665,
        "val.wpsnr": 51.10315704345703,
        "val.fsim": 0.9994357838630676,
        "val.rsbpp": 0.013886798858642578,
        "train.cover_score": 0.054131824046373365,
        "train.generated_score": 0.054132411897182466,
        "val.cover_score": 0.05670377343893051,
        "val.generated_score": 0.05671719905734062,
        "epoch": 19
    },
    {
        "train.encoder_mse": 8.254701072019089e-08,
        "train.decoder_loss": 0.6931549477577209,
        "train.decoder_acc": 0.5000972392559051,
        "val.encoder_mse": 2.6845138258067892e-05,
        "val.decoder_loss": 0.693139940738678,
        "val.decoder_acc": 0.5014835622310638,
        "val.ssim": 0.9956407885551453,
        "val.psnr": 51.809117012023925,
        "val.wpsnr": 51.81752474975586,
        "val.fsim": 0.9993992013931274,
        "val.rsbpp": 0.011868497848510743,
        "train.cover_score": 0.05562425962090492,
        "train.generated_score": 0.05562502399086952,
        "val.cover_score": 0.05252114868164062,
        "val.generated_score": 0.05252562192082405,
        "epoch": 20
    },
    {
        "train.encoder_mse": 6.881717419560119e-08,
        "train.decoder_loss": 0.69315203332901,
        "train.decoder_acc": 0.5001646039485932,
        "val.encoder_mse": 2.9047690783045255e-05,
        "val.decoder_loss": 0.6931286845207214,
        "val.decoder_acc": 0.5022428302764893,
        "val.ssim": 0.9956279873847962,
        "val.psnr": 51.44262145996094,
        "val.wpsnr": 51.440566680908205,
        "val.fsim": 0.9994130334854125,
        "val.rsbpp": 0.01794264221191406,
        "train.cover_score": 0.05487730202078819,
        "train.generated_score": 0.05487758234143257,
        "val.cover_score": 0.055400019824504855,
        "val.generated_score": 0.05539895528554916,
        "epoch": 21
    },
    {
        "train.encoder_mse": 6.427225730476493e-08,
        "train.decoder_loss": 0.6931538801193238,
        "train.decoder_acc": 0.5001335654258728,
        "val.encoder_mse": 2.4902242177631705e-05,
        "val.decoder_loss": 0.6931235780715942,
        "val.decoder_acc": 0.5023188896179199,
        "val.ssim": 0.9960968170166016,
        "val.psnr": 52.13136157989502,
        "val.wpsnr": 52.13427770996094,
        "val.fsim": 0.9993462734222412,
        "val.rsbpp": 0.018551116943359376,
        "train.cover_score": 0.057951704770326615,
        "train.generated_score": 0.057951890170574186,
        "val.cover_score": 0.06164126369357109,
        "val.generated_score": 0.061645663231611254,
        "epoch": 22
    },
    {
        "train.encoder_mse": 6.911606354265131e-08,
        "train.decoder_loss": 0.6931524844169616,
        "train.decoder_acc": 0.5002376735210419,
        "val.encoder_mse": 2.340069037745707e-05,
        "val.decoder_loss": 0.6931167950630188,
        "val.decoder_acc": 0.5040660514831543,
        "val.ssim": 0.9964504084587097,
        "val.psnr": 52.399497184753415,
        "val.wpsnr": 52.40551153564453,
        "val.fsim": 0.9994339528083801,
        "val.rsbpp": 0.03252841186523438,
        "train.cover_score": 0.05554155379533768,
        "train.generated_score": 0.055541520655155184,
        "val.cover_score": 0.05116781708598137,
        "val.generated_score": 0.051162315249443056,
        "epoch": 23
    },
    {
        "train.encoder_mse": 7.73521113330844e-08,
        "train.decoder_loss": 0.6931516780853272,
        "train.decoder_acc": 0.5004610302448272,
        "val.encoder_mse": 3.419596435560379e-05,
        "val.decoder_loss": 0.6930635957717896,
        "val.decoder_acc": 0.5057866625785827,
        "val.ssim": 0.9946371841430665,
        "val.psnr": 50.72314624786377,
        "val.wpsnr": 50.71972686767578,
        "val.fsim": 0.9994376096725464,
        "val.rsbpp": 0.04629330062866211,
        "train.cover_score": 0.057054555982351304,
        "train.generated_score": 0.05705495965480804,
        "val.cover_score": 0.0617525078356266,
        "val.generated_score": 0.06175744277238846,
        "epoch": 24
    },
    {
        "train.encoder_mse": 3.407836844354506e-05,
        "train.decoder_loss": 0.683271592617035,
        "train.decoder_acc": 0.5354828290939331,
        "val.encoder_mse": 0.0001469098428497091,
        "val.decoder_loss": 0.6537687573432922,
        "val.decoder_acc": 0.5905758585929871,
        "val.ssim": 0.9742855663299561,
        "val.psnr": 44.353452110290526,
        "val.wpsnr": 44.393890319824216,
        "val.fsim": 0.9988324942588807,
        "val.rsbpp": 0.7246068687438965,
        "train.cover_score": 0.03222430053178687,
        "train.generated_score": 0.032124554140697,
        "val.cover_score": -0.23716499036550523,
        "val.generated_score": -0.23930886805057525,
        "epoch": 25
    },
    {
        "train.encoder_mse": 0.0002542327078990638,
        "train.decoder_loss": 0.6322179789543152,
        "train.decoder_acc": 0.584175057888031,
        "val.encoder_mse": 0.00024624991626478733,
        "val.decoder_loss": 0.591770031452179,
        "val.decoder_acc": 0.5986977157592773,
        "val.ssim": 0.9649225640296936,
        "val.psnr": 42.11320980072021,
        "val.wpsnr": 42.15783200073242,
        "val.fsim": 0.9978230705261231,
        "val.rsbpp": 0.7895817260742187,
        "train.cover_score": 0.494930736660026,
        "train.generated_score": 0.5017576379999519,
        "val.cover_score": 0.08511005106708035,
        "val.generated_score": 0.079758166491054,
        "epoch": 26
    },
    {
        "train.encoder_mse": 0.00022921670123469083,
        "train.decoder_loss": 0.5738670310974121,
        "train.decoder_acc": 0.606216251373291,
        "val.encoder_mse": 0.00033243260928429664,
        "val.decoder_loss": 0.5568055419921875,
        "val.decoder_acc": 0.6130016670227051,
        "val.ssim": 0.965722397327423,
        "val.psnr": 40.82191648483276,
        "val.wpsnr": 40.89913128662109,
        "val.fsim": 0.997289584159851,
        "val.rsbpp": 0.9040133361816406,
        "train.cover_score": 0.1238703040704131,
        "train.generated_score": 0.12298449322767556,
        "val.cover_score": -0.012591564593138174,
        "val.generated_score": -0.012001453194767238,
        "epoch": 27
    },
    {
        "train.encoder_mse": 0.0002249374098610133,
        "train.decoder_loss": 0.5578751659393311,
        "train.decoder_acc": 0.6132544689178466,
        "val.encoder_mse": 0.0002544857485918328,
        "val.decoder_loss": 0.5577412333488464,
        "val.decoder_acc": 0.6132397990226746,
        "val.ssim": 0.9761365013122558,
        "val.psnr": 41.99944145202637,
        "val.wpsnr": 42.09425442504883,
        "val.fsim": 0.9969503197669983,
        "val.rsbpp": 0.9059183921813965,
        "train.cover_score": 0.12441110500576906,
        "train.generated_score": 0.12410499933082611,
        "val.cover_score": -0.7156966843605042,
        "val.generated_score": -0.7127479672431946,
        "epoch": 28
    },
    {
        "train.encoder_mse": 0.0002198389214463532,
        "train.decoder_loss": 0.5503596296310425,
        "train.decoder_acc": 0.6210114383697509,
        "val.encoder_mse": 0.00027831092837732286,
        "val.decoder_loss": 0.5496244788169861,
        "val.decoder_acc": 0.6277713046073914,
        "val.ssim": 0.9783035311698913,
        "val.psnr": 41.619707870483396,
        "val.wpsnr": 41.73837435913086,
        "val.fsim": 0.9970093598365783,
        "val.rsbpp": 1.022170436859131,
        "train.cover_score": -0.10834349485300482,
        "train.generated_score": -0.10948143865843303,
        "val.cover_score": 0.16828830058872699,
        "val.generated_score": 0.15953416837751866,
        "epoch": 29
    },
    {
        "train.encoder_mse": 0.00025460758234839884,
        "train.decoder_loss": 0.5400128922462464,
        "train.decoder_acc": 0.6607986526489258,
        "val.encoder_mse": 0.0003153767574112862,
        "val.decoder_loss": 0.524905879020691,
        "val.decoder_acc": 0.6915217204093933,
        "val.ssim": 0.9691127166748047,
        "val.psnr": 41.06151010513306,
        "val.wpsnr": 41.1436708984375,
        "val.fsim": 0.9972556338310242,
        "val.rsbpp": 1.5321737632751464,
        "train.cover_score": -0.1801281603500247,
        "train.generated_score": -0.17807812978327275,
        "val.cover_score": -0.39682061195373536,
        "val.generated_score": -0.3964633674621582,
        "epoch": 30
    },
    {
        "train.encoder_mse": 0.00030660068069119007,
        "train.decoder_loss": 0.5059709091186524,
        "train.decoder_acc": 0.7118072347640991,
        "val.encoder_mse": 0.0003725459137931466,
        "val.decoder_loss": 0.4884289894104004,
        "val.decoder_acc": 0.7258670749664307,
        "val.ssim": 0.9603165588378906,
        "val.psnr": 40.33341857910156,
        "val.wpsnr": 40.40845434570313,
        "val.fsim": 0.9965682940483094,
        "val.rsbpp": 1.8069365997314453,
        "train.cover_score": -0.3202033283011988,
        "train.generated_score": -0.3209576565399766,
        "val.cover_score": -0.3402625519037247,
        "val.generated_score": -0.3448572828769684,
        "epoch": 31
    },
    {
        "train.encoder_mse": 0.00035934721189551056,
        "train.decoder_loss": 0.47604469895362855,
        "train.decoder_acc": 0.7243725328445435,
        "val.encoder_mse": 0.00045606935140676797,
        "val.decoder_loss": 0.46027909326553346,
        "val.decoder_acc": 0.719524290561676,
        "val.ssim": 0.9508131937980652,
        "val.psnr": 39.45743013381958,
        "val.wpsnr": 39.53500393676758,
        "val.fsim": 0.9965039720535278,
        "val.rsbpp": 1.7561943244934082,
        "train.cover_score": -0.5241188659947366,
        "train.generated_score": -0.5218248189240694,
        "val.cover_score": -0.4859349129199982,
        "val.generated_score": -0.4857449309825897,
        "epoch": 32
    }
]