[
    {
        "train.encoder_mse": 0.07737235385924578,
        "train.decoder_loss": 0.41415550991892813,
        "train.decoder_acc": 0.8784968072175979,
        "val.encoder_mse": 0.06786000470702465,
        "val.decoder_loss": 0.1924150803914437,
        "val.decoder_acc": 0.9914524646905752,
        "val.ssim": 0.25414269130963546,
        "val.psnr": 17.70887173139132,
        "val.rsbpp": 0.9829049293811505,
        "train.cover_score": 0.054929651990532874,
        "train.generated_score": 0.041202785409986974,
        "val.cover_score": 0.08242063912061545,
        "val.generated_score": 0.042461168594085254,
        "epoch": 1
    },
    {
        "train.encoder_mse": 0.054718263000249866,
        "train.decoder_loss": 0.12197398088872433,
        "train.decoder_acc": 0.9947239285707474,
        "val.encoder_mse": 0.04027851097858869,
        "val.decoder_loss": 0.08243888387313256,
        "val.decoder_acc": 0.9954194701634921,
        "val.ssim": 0.3316300052862901,
        "val.psnr": 19.97374626306387,
        "val.rsbpp": 0.9908389403269842,
        "train.cover_score": 0.10058517940342426,
        "train.generated_score": 0.04136050578206778,
        "val.cover_score": 0.10964777148686923,
        "val.generated_score": 0.040806802992637344,
        "epoch": 2
    },
    {
        "train.encoder_mse": 0.0342067058570683,
        "train.decoder_loss": 0.06308891266584396,
        "train.decoder_acc": 0.9959084272384644,
        "val.encoder_mse": 0.023769945192795534,
        "val.decoder_loss": 0.055079977672833666,
        "val.decoder_acc": 0.9950054883956909,
        "val.ssim": 0.4204197984475356,
        "val.psnr": 22.263813018798828,
        "val.rsbpp": 0.9900109767913818,
        "train.cover_score": 0.11264745600521564,
        "train.generated_score": 0.03833848681300878,
        "val.cover_score": 0.10975589202000545,
        "val.generated_score": 0.03555409466991058,
        "epoch": 3
    },
    {
        "train.encoder_mse": 0.026379331052303313,
        "train.decoder_loss": 0.04217082785442471,
        "train.decoder_acc": 0.9963004976511002,
        "val.encoder_mse": 0.02396801056770178,
        "val.decoder_loss": 0.03710782957764772,
        "val.decoder_acc": 0.996408476279332,
        "val.ssim": 0.42226638014499956,
        "val.psnr": 22.22718752347506,
        "val.rsbpp": 0.9928169525586642,
        "train.cover_score": 0.11616934895515442,
        "train.generated_score": 0.03445624658837915,
        "val.cover_score": 0.11764797453696911,
        "val.generated_score": 0.03319596212643843,
        "epoch": 4
    },
    {
        "train.encoder_mse": 0.023541757725179194,
        "train.decoder_loss": 0.032720736991614104,
        "train.decoder_acc": 0.9962276029586792,
        "val.encoder_mse": 0.02167228996180571,
        "val.decoder_loss": 0.033663393499759525,
        "val.decoder_acc": 0.9953795625613286,
        "val.ssim": 0.47435105305451614,
        "val.psnr": 22.663712318126972,
        "val.rsbpp": 0.9907591251226572,
        "train.cover_score": 0.11710514418780804,
        "train.generated_score": 0.02549973962828517,
        "val.cover_score": 0.11395020267138115,
        "val.generated_score": 0.010781274606975226,
        "epoch": 5
    },
    {
        "train.encoder_mse": 0.02411282207816839,
        "train.decoder_loss": 0.030332056526094674,
        "train.decoder_acc": 0.9954075592756272,
        "val.encoder_mse": 0.025991901038930967,
        "val.decoder_loss": 0.026321814896968696,
        "val.decoder_acc": 0.9964805841445923,
        "val.ssim": 0.476744674719297,
        "val.psnr": 21.875482339125412,
        "val.rsbpp": 0.9929611682891846,
        "train.cover_score": 0.11525926619768143,
        "train.generated_score": -0.01332216403541679,
        "val.cover_score": 0.11796449697934665,
        "val.generated_score": -0.028053317935420916,
        "epoch": 6
    },
    {
        "train.encoder_mse": 0.024037385303527118,
        "train.decoder_loss": 0.02360730974934995,
        "train.decoder_acc": 0.996757173538208,
        "val.encoder_mse": 0.019886304839299276,
        "val.decoder_loss": 0.022301248274743557,
        "val.decoder_acc": 0.9972108052327082,
        "val.ssim": 0.5329988919771634,
        "val.psnr": 23.037118911743164,
        "val.rsbpp": 0.9944216104654166,
        "train.cover_score": 0.11970702938735485,
        "train.generated_score": -0.03485802140086889,
        "val.cover_score": 0.12123128370596813,
        "val.generated_score": -0.04052035596508246,
        "epoch": 7
    }
]