[
    {
        "train.encoder_mse": 1.7894333847152666e-05,
        "train.decoder_loss": 0.6949715143442154,
        "train.decoder_acc": 0.501268285214901,
        "val.encoder_mse": 3.741185943139359e-05,
        "val.decoder_loss": 0.6932587761145371,
        "val.decoder_acc": 0.5075582449252789,
        "val.ssim": 0.9952352551313547,
        "val.psnr": 50.3032581622784,
        "val.wpsnr": 50.297327481783356,
        "val.fsim": 0.9994095380489643,
        "val.rsbpp": 0.015116489850557767,
        "train.cover_score": -0.059905393600420215,
        "train.generated_score": -0.05929116836574394,
        "val.cover_score": -0.11093387408898427,
        "val.generated_score": -0.11091785247509296,
        "epoch": 1
    },
    {
        "train.encoder_mse": 6.532781600924408e-05,
        "train.decoder_loss": 0.6674707651138305,
        "train.decoder_acc": 0.5643324637413025,
        "val.encoder_mse": 0.00025395225832023873,
        "val.decoder_loss": 0.5496701552317693,
        "val.decoder_acc": 0.7196721388743474,
        "val.ssim": 0.9568153573916509,
        "val.psnr": 41.977592981778656,
        "val.wpsnr": 41.99695088313176,
        "val.fsim": 0.998494239953848,
        "val.rsbpp": 0.4393442777486948,
        "train.cover_score": -0.11039036974310874,
        "train.generated_score": -0.11043356589972973,
        "val.cover_score": -0.08684237186725323,
        "val.generated_score": -0.08711481753450173,
        "epoch": 2
    },
    {
        "train.encoder_mse": 0.000543141930247657,
        "train.decoder_loss": 0.44670776277780533,
        "train.decoder_acc": 0.789699901342392,
        "val.encoder_mse": 0.0006890896698818184,
        "val.decoder_loss": 0.39504473025982195,
        "val.decoder_acc": 0.8244430331083444,
        "val.ssim": 0.9583979569948636,
        "val.psnr": 37.64063174907978,
        "val.wpsnr": 37.615484971266525,
        "val.fsim": 0.9978283827121441,
        "val.rsbpp": 0.6488860662166889,
        "train.cover_score": 0.9553953120950609,
        "train.generated_score": 0.9622928100079298,
        "val.cover_score": 0.3783014686061786,
        "val.generated_score": 0.45652223779604983,
        "epoch": 3
    },
    {
        "train.encoder_mse": 0.0011599283783289137,
        "train.decoder_loss": 0.33537186682224274,
        "train.decoder_acc": 0.8580049753189087,
        "val.encoder_mse": 0.003640849573107866,
        "val.decoder_loss": 0.3501706008727734,
        "val.decoder_acc": 0.8461109629044166,
        "val.ssim": 0.927059531211853,
        "val.psnr": 30.422770793621357,
        "val.wpsnr": 30.390186603252705,
        "val.fsim": 0.9908585548400879,
        "val.rsbpp": 0.6922219258088332,
        "train.cover_score": 3.2680314042419196,
        "train.generated_score": 3.4396966804005205,
        "val.cover_score": 0.5145427813896766,
        "val.generated_score": 0.6484850321251613,
        "epoch": 4
    },
    {
        "train.encoder_mse": 0.002019706364662852,
        "train.decoder_loss": 0.28070603772997854,
        "train.decoder_acc": 0.8859053307771683,
        "val.encoder_mse": 0.0006525558464300747,
        "val.decoder_loss": 0.3152652635024144,
        "val.decoder_acc": 0.8694336826984699,
        "val.ssim": 0.9742991098990808,
        "val.psnr": 37.879041341634895,
        "val.wpsnr": 37.84948231623723,
        "val.fsim": 0.9956543445587158,
        "val.rsbpp": 0.7388673653969398,
        "train.cover_score": 1.5221792734228075,
        "train.generated_score": 1.6255542976502328,
        "val.cover_score": 1.4729642180296092,
        "val.generated_score": 1.4971034343426044,
        "epoch": 5
    },
    {
        "train.encoder_mse": 0.0006674906765692868,
        "train.decoder_loss": 0.25410206884145736,
        "train.decoder_acc": 0.899875499010086,
        "val.encoder_mse": 0.000542211458266068,
        "val.decoder_loss": 0.2160805119917943,
        "val.decoder_acc": 0.9171970670039837,
        "val.ssim": 0.9467067947754493,
        "val.psnr": 38.680965166825516,
        "val.wpsnr": 38.7533319913424,
        "val.fsim": 0.9865155678529006,
        "val.rsbpp": 0.8343941340079675,
        "train.cover_score": 1.877125022932887,
        "train.generated_score": 1.9183344869315624,
        "val.cover_score": -0.26012483267829967,
        "val.generated_score": -0.2512893375868981,
        "epoch": 6
    },
    {
        "train.encoder_mse": 0.00047298108256654814,
        "train.decoder_loss": 0.18663718588650227,
        "train.decoder_acc": 0.9319101351499558,
        "val.encoder_mse": 0.0005552378536846775,
        "val.decoder_loss": 0.17464921451531923,
        "val.decoder_acc": 0.9361766989414508,
        "val.ssim": 0.9452613087800833,
        "val.psnr": 38.579669365516075,
        "val.wpsnr": 38.64055780264047,
        "val.fsim": 0.9889180660247803,
        "val.rsbpp": 0.8723533978829017,
        "train.cover_score": 0.24962390329688788,
        "train.generated_score": 0.24122294374741615,
        "val.cover_score": -0.11805992086346333,
        "val.generated_score": -0.12385881416356334,
        "epoch": 7
    },
    {
        "train.encoder_mse": 0.00048162732447963206,
        "train.decoder_loss": 0.16252769485116006,
        "train.decoder_acc": 0.9418451780080795,
        "val.encoder_mse": 0.0005419554520183458,
        "val.decoder_loss": 0.11778873606370045,
        "val.decoder_acc": 0.9617416675274189,
        "val.ssim": 0.945993185043335,
        "val.psnr": 38.68271277501033,
        "val.wpsnr": 38.763946533203125,
        "val.fsim": 0.9911440840134254,
        "val.rsbpp": 0.9234833350548377,
        "train.cover_score": 0.13000134107191116,
        "train.generated_score": 0.13259317681659014,
        "val.cover_score": -0.3544803445155804,
        "val.generated_score": -0.37070032495718735,
        "epoch": 8
    },
    {
        "train.encoder_mse": 0.00044564591546077283,
        "train.decoder_loss": 0.12628320030868054,
        "train.decoder_acc": 0.9567841881513596,
        "val.encoder_mse": 0.0005336723585899633,
        "val.decoder_loss": 0.1610080748796463,
        "val.decoder_acc": 0.938301499073322,
        "val.ssim": 0.958566046678103,
        "val.psnr": 38.750988520108734,
        "val.wpsnr": 38.8321779691256,
        "val.fsim": 0.9894875975755545,
        "val.rsbpp": 0.876602998146644,
        "train.cover_score": 0.02657102743163705,
        "train.generated_score": 0.023023086520843207,
        "val.cover_score": -0.397180607685676,
        "val.generated_score": -0.29724484854019606,
        "epoch": 9
    },
    {
        "train.encoder_mse": 0.0004655141616240144,
        "train.decoder_loss": 0.10337745569646359,
        "train.decoder_acc": 0.9662855112552643,
        "val.encoder_mse": 0.0004429024747178818,
        "val.decoder_loss": 0.08887773637588207,
        "val.decoder_acc": 0.9715288189741281,
        "val.ssim": 0.9596244188455435,
        "val.psnr": 39.559209896967964,
        "val.wpsnr": 39.66519311758188,
        "val.fsim": 0.994138084925138,
        "val.rsbpp": 0.9430576379482563,
        "train.cover_score": 0.11922520757652819,
        "train.generated_score": 0.11610661141574383,
        "val.cover_score": -0.3252945381861467,
        "val.generated_score": -0.35425599951010484,
        "epoch": 10
    },
    {
        "train.encoder_mse": 0.000448846693179803,
        "train.decoder_loss": 0.0935091968998313,
        "train.decoder_acc": 0.9691085511445999,
        "val.encoder_mse": 0.0005239465032131053,
        "val.decoder_loss": 0.07592661707447125,
        "val.decoder_acc": 0.9756645422715408,
        "val.ssim": 0.9558412570219773,
        "val.psnr": 38.831658179943375,
        "val.wpsnr": 38.95056827251728,
        "val.fsim": 0.9933372323329632,
        "val.rsbpp": 0.9513290845430814,
        "train.cover_score": -0.32933416472864335,
        "train.generated_score": -0.33149355770437977,
        "val.cover_score": 0.24431995646311686,
        "val.generated_score": 0.23789323694430864,
        "epoch": 11
    },
    {
        "train.encoder_mse": 0.00039499641075963155,
        "train.decoder_loss": 0.08080933205783367,
        "train.decoder_acc": 0.9734676766395569,
        "val.encoder_mse": 0.0003834984807046847,
        "val.decoder_loss": 0.09040072073157017,
        "val.decoder_acc": 0.9697186580071082,
        "val.ssim": 0.9701458215713501,
        "val.psnr": 40.187061016376205,
        "val.wpsnr": 40.310386657714844,
        "val.fsim": 0.9944194830380954,
        "val.rsbpp": 0.9394373160142165,
        "train.cover_score": 0.06236437260988168,
        "train.generated_score": 0.07906170142581687,
        "val.cover_score": -0.20195535513070914,
        "val.generated_score": -0.1982654184103012,
        "epoch": 12
    },
    {
        "train.encoder_mse": 0.0003895879694027826,
        "train.decoder_loss": 0.0662326462008059,
        "train.decoder_acc": 0.9782662802934646,
        "val.encoder_mse": 0.0003738179668569221,
        "val.decoder_loss": 0.06504995461839896,
        "val.decoder_acc": 0.9792514672646155,
        "val.ssim": 0.9675030754162715,
        "val.psnr": 40.29699032123272,
        "val.wpsnr": 40.41340930645283,
        "val.fsim": 0.9952496060958276,
        "val.rsbpp": 0.9585029345292312,
        "train.cover_score": -0.07992592000693549,
        "train.generated_score": -0.07797614786308259,
        "val.cover_score": -0.1060437668974583,
        "val.generated_score": -0.11034091132191512,
        "epoch": 13
    },
    {
        "train.encoder_mse": 0.00033563036675332114,
        "train.decoder_loss": 0.06048699550330639,
        "train.decoder_acc": 0.9801974415779113,
        "val.encoder_mse": 0.0003140369864503065,
        "val.decoder_loss": 0.09363490113845238,
        "val.decoder_acc": 0.9659901857376099,
        "val.ssim": 0.9797986149787903,
        "val.psnr": 41.06318143697885,
        "val.wpsnr": 41.20270773080679,
        "val.fsim": 0.9963982609602121,
        "val.rsbpp": 0.9319803714752197,
        "train.cover_score": -0.12811370092444122,
        "train.generated_score": -0.13607873764587566,
        "val.cover_score": -0.45583896052378875,
        "val.generated_score": -0.4574407728818747,
        "epoch": 14
    },
    {
        "train.encoder_mse": 0.0003727045186678879,
        "train.decoder_loss": 0.06167765853926539,
        "train.decoder_acc": 0.9795502108335495,
        "val.encoder_mse": 0.0004957737311577568,
        "val.decoder_loss": 0.04490646419043724,
        "val.decoder_acc": 0.9857457967904898,
        "val.ssim": 0.9512927898993859,
        "val.psnr": 39.07067133830144,
        "val.wpsnr": 39.19677323561449,
        "val.fsim": 0.993218834583576,
        "val.rsbpp": 0.9714915935809796,
        "train.cover_score": 0.007462220003362745,
        "train.generated_score": 0.018629023944959043,
        "val.cover_score": 0.8814934904758747,
        "val.generated_score": 0.8934895075284518,
        "epoch": 15
    },
    {
        "train.encoder_mse": 0.0003529607900418341,
        "train.decoder_loss": 0.06464671345427632,
        "train.decoder_acc": 0.9775332176685333,
        "val.encoder_mse": 0.0003480041139902404,
        "val.decoder_loss": 0.07491535636094901,
        "val.decoder_acc": 0.9729501146536607,
        "val.ssim": 0.9724444242624136,
        "val.psnr": 40.619836220374474,
        "val.wpsnr": 40.75777963491586,
        "val.fsim": 0.9936246826098516,
        "val.rsbpp": 0.9459002293073214,
        "train.cover_score": -0.09860843654721975,
        "train.generated_score": -0.09086786603322253,
        "val.cover_score": -0.3961446239398076,
        "val.generated_score": -0.38900863895049465,
        "epoch": 16
    },
    {
        "train.encoder_mse": 0.00034729931634501553,
        "train.decoder_loss": 0.044835041016340255,
        "train.decoder_acc": 0.9854333311319351,
        "val.encoder_mse": 0.00040393992318198655,
        "val.decoder_loss": 0.051233451670179,
        "val.decoder_acc": 0.9828413633199838,
        "val.ssim": 0.9668375437076275,
        "val.psnr": 39.965176765735336,
        "val.wpsnr": 40.09519400963416,
        "val.fsim": 0.9936480659704942,
        "val.rsbpp": 0.9656827266399677,
        "train.cover_score": -0.10025872217025608,
        "train.generated_score": -0.10629698147939053,
        "val.cover_score": -0.18474579315919143,
        "val.generated_score": -0.18420932040764734,
        "epoch": 17
    },
    {
        "train.encoder_mse": 0.00030803869900410065,
        "train.decoder_loss": 0.04281056976877153,
        "train.decoder_acc": 0.9859680533409119,
        "val.encoder_mse": 0.0004194571475426738,
        "val.decoder_loss": 0.042140160185786396,
        "val.decoder_acc": 0.9859676269384531,
        "val.ssim": 0.9637481661943289,
        "val.psnr": 39.79808458915124,
        "val.wpsnr": 39.91580229539137,
        "val.fsim": 0.9947987015430744,
        "val.rsbpp": 0.9719352538769062,
        "train.cover_score": -0.07772590576903894,
        "train.generated_score": -0.07417570683232043,
        "val.cover_score": -0.019296470277297955,
        "val.generated_score": -0.02209402325276572,
        "epoch": 18
    },
    {
        "train.encoder_mse": 0.000333923188445624,
        "train.decoder_loss": 0.04274346813559532,
        "train.decoder_acc": 0.98597287774086,
        "val.encoder_mse": 0.00040660313187310327,
        "val.decoder_loss": 0.04670022098490825,
        "val.decoder_acc": 0.984398887707637,
        "val.ssim": 0.962422095812284,
        "val.psnr": 39.93178606033325,
        "val.wpsnr": 40.03514157808744,
        "val.fsim": 0.9957238985941961,
        "val.rsbpp": 0.9687977754152738,
        "train.cover_score": -0.10789614386856555,
        "train.generated_score": -0.11054876139387489,
        "val.cover_score": -0.042672040657355234,
        "val.generated_score": -0.06002065808010789,
        "epoch": 19
    },
    {
        "train.encoder_mse": 0.00030115551358903756,
        "train.decoder_loss": 0.043499266617000105,
        "train.decoder_acc": 0.985611999630928,
        "val.encoder_mse": 0.000275805826486948,
        "val.decoder_loss": 0.05127276308261431,
        "val.decoder_acc": 0.9829122882622939,
        "val.ssim": 0.9788106863315289,
        "val.psnr": 41.63006672492394,
        "val.wpsnr": 41.77674983097957,
        "val.fsim": 0.9966227091275729,
        "val.rsbpp": 0.9658245765245878,
        "train.cover_score": -0.7717954129565624,
        "train.generated_score": -0.7680714295757934,
        "val.cover_score": 0.2228427643959339,
        "val.generated_score": 0.21741177256290728,
        "epoch": 20
    },
    {
        "train.encoder_mse": 0.00030955066395108586,
        "train.decoder_loss": 0.038172692954540254,
        "train.decoder_acc": 0.9873519092798233,
        "val.encoder_mse": 0.0003744920563454238,
        "val.decoder_loss": 0.029876071458252575,
        "val.decoder_acc": 0.9904184524829571,
        "val.ssim": 0.9727828640204209,
        "val.psnr": 40.29821927730854,
        "val.wpsnr": 40.457538017859825,
        "val.fsim": 0.9955601050303533,
        "val.rsbpp": 0.9808369049659142,
        "train.cover_score": 0.31837483287556095,
        "train.generated_score": 0.32188485058955846,
        "val.cover_score": -0.032709707255260304,
        "val.generated_score": -0.03517164292637832,
        "epoch": 21
    },
    {
        "train.encoder_mse": 0.0002803312090691179,
        "train.decoder_loss": 0.030953926453366875,
        "train.decoder_acc": 0.9899268037080765,
        "val.encoder_mse": 0.00029278974286101473,
        "val.decoder_loss": 0.05986246638573133,
        "val.decoder_acc": 0.9793371604039118,
        "val.ssim": 0.9790276426535386,
        "val.psnr": 41.38453850379357,
        "val.wpsnr": 41.54431915283203,
        "val.fsim": 0.9964498602426969,
        "val.rsbpp": 0.9586743208078238,
        "train.cover_score": 0.02739535102620721,
        "train.generated_score": 0.022603108566254377,
        "val.cover_score": 3.4361417293548584,
        "val.generated_score": 3.4565514417795034,
        "epoch": 22
    },
    {
        "train.encoder_mse": 0.0003041635002591647,
        "train.decoder_loss": 0.03692277588881552,
        "train.decoder_acc": 0.9874267250299453,
        "val.encoder_mse": 0.0003138809294726413,
        "val.decoder_loss": 0.03787866306419556,
        "val.decoder_acc": 0.9875411758056054,
        "val.ssim": 0.9745745704724238,
        "val.psnr": 41.070420558636,
        "val.wpsnr": 41.23052127544697,
        "val.fsim": 0.9943198607518122,
        "val.rsbpp": 0.9750823516112107,
        "train.cover_score": -0.23197829814162105,
        "train.generated_score": -0.21992059467360378,
        "val.cover_score": -0.3679757874745589,
        "val.generated_score": -0.36834093928337097,
        "epoch": 23
    },
    {
        "train.encoder_mse": 0.0002561989314563107,
        "train.decoder_loss": 0.025925991768017412,
        "train.decoder_acc": 0.9915125370025635,
        "val.encoder_mse": 0.00031362869440971944,
        "val.decoder_loss": 0.03738907567010476,
        "val.decoder_acc": 0.9871037373175988,
        "val.ssim": 0.9797759285339942,
        "val.psnr": 41.09384793501634,
        "val.wpsnr": 41.26125863882211,
        "val.fsim": 0.9962352376717788,
        "val.rsbpp": 0.9742074746351975,
        "train.cover_score": -0.1732405757822562,
        "train.generated_score": -0.18227960547432304,
        "val.cover_score": -0.4435027975302476,
        "val.generated_score": -0.44408427064235395,
        "epoch": 24
    },
    {
        "train.encoder_mse": 0.0002533961689914577,
        "train.decoder_loss": 0.026471545775420963,
        "train.decoder_acc": 0.9913782423734665,
        "val.encoder_mse": 0.0002591366243835252,
        "val.decoder_loss": 0.031774168547529444,
        "val.decoder_acc": 0.9894786431239202,
        "val.ssim": 0.9805267590742844,
        "val.psnr": 41.91229636852558,
        "val.wpsnr": 42.07031455406776,
        "val.fsim": 0.9971350568991441,
        "val.rsbpp": 0.9789572862478403,
        "train.cover_score": -0.2739963618456386,
        "train.generated_score": -0.2653019842423964,
        "val.cover_score": 0.012250967395420257,
        "val.generated_score": 0.008273141781011453,
        "epoch": 25
    },
    {
        "train.encoder_mse": 0.00023527868994278835,
        "train.decoder_loss": 0.02353730658069253,
        "train.decoder_acc": 0.9923408073186875,
        "val.encoder_mse": 0.00040824180961443257,
        "val.decoder_loss": 0.07387567598086137,
        "val.decoder_acc": 0.9746192464461694,
        "val.ssim": 0.9721188636926504,
        "val.psnr": 39.92163878220778,
        "val.wpsnr": 40.017423776479866,
        "val.fsim": 0.9957432471788846,
        "val.rsbpp": 0.9492384928923386,
        "train.cover_score": 0.02956475745770149,
        "train.generated_score": 0.026437963159987702,
        "val.cover_score": -0.18920643744058907,
        "val.generated_score": -0.1930024944818937,
        "epoch": 26
    },
    {
        "train.encoder_mse": 0.00028051347762811927,
        "train.decoder_loss": 0.045450329608283935,
        "train.decoder_acc": 0.9843590480089187,
        "val.encoder_mse": 0.00032797961074930546,
        "val.decoder_loss": 0.04900313584277263,
        "val.decoder_acc": 0.9826244161679194,
        "val.ssim": 0.9740722133563116,
        "val.psnr": 40.87997729961689,
        "val.wpsnr": 41.0069946875939,
        "val.fsim": 0.994865146967081,
        "val.rsbpp": 0.9652488323358389,
        "train.cover_score": 0.0909137105755508,
        "train.generated_score": 0.10254708420485258,
        "val.cover_score": -0.1567236569065314,
        "val.generated_score": -0.1587558500468731,
        "epoch": 27
    },
    {
        "train.encoder_mse": 0.0002603252656990662,
        "train.decoder_loss": 0.024335361388511955,
        "train.decoder_acc": 0.9917226821184159,
        "val.encoder_mse": 0.0002467481311983787,
        "val.decoder_loss": 0.04131461364718584,
        "val.decoder_acc": 0.9859075179466834,
        "val.ssim": 0.9801101684570312,
        "val.psnr": 42.1274078809298,
        "val.wpsnr": 42.2792733999399,
        "val.fsim": 0.9971436399679917,
        "val.rsbpp": 0.9718150358933669,
        "train.cover_score": -0.6248416292155161,
        "train.generated_score": -0.6243167862218979,
        "val.cover_score": -0.9550161132445703,
        "val.generated_score": -0.9434421887764564,
        "epoch": 28
    },
    {
        "train.encoder_mse": 0.00023105696178390644,
        "train.decoder_loss": 0.02539880360942334,
        "train.decoder_acc": 0.9911554366350174,
        "val.encoder_mse": 0.00023936952661293058,
        "val.decoder_loss": 0.038117072759912565,
        "val.decoder_acc": 0.9872489296472989,
        "val.ssim": 0.9762152249996479,
        "val.psnr": 42.257570853600136,
        "val.wpsnr": 42.37403634878305,
        "val.fsim": 0.9970928293008071,
        "val.rsbpp": 0.9744978592945979,
        "train.cover_score": -0.25542661605984907,
        "train.generated_score": -0.26267749031772836,
        "val.cover_score": 0.07907394347533298,
        "val.generated_score": 0.06824132808161756,
        "epoch": 29
    },
    {
        "train.encoder_mse": 0.0002608528625569306,
        "train.decoder_loss": 0.03172176798339933,
        "train.decoder_acc": 0.9889264160394668,
        "val.encoder_mse": 0.0003204370889132126,
        "val.decoder_loss": 0.02853891124519018,
        "val.decoder_acc": 0.9899128996408902,
        "val.ssim": 0.9744522571563721,
        "val.psnr": 40.987318112299995,
        "val.wpsnr": 41.11980496920072,
        "val.fsim": 0.9959774200732892,
        "val.rsbpp": 0.9798257992817805,
        "train.cover_score": 0.2497594325663522,
        "train.generated_score": 0.25827801787527277,
        "val.cover_score": 0.2783168095808763,
        "val.generated_score": 0.27258318891892064,
        "epoch": 30
    },
    {
        "train.encoder_mse": 0.0002623518041218631,
        "train.decoder_loss": 0.028500878061167897,
        "train.decoder_acc": 0.9903634041547775,
        "val.encoder_mse": 0.00029030921331678447,
        "val.decoder_loss": 0.027843162130851012,
        "val.decoder_acc": 0.9906587554858282,
        "val.ssim": 0.9760536368076618,
        "val.psnr": 41.43133897047777,
        "val.wpsnr": 41.58288075373723,
        "val.fsim": 0.995072406071883,
        "val.rsbpp": 0.9813175109716562,
        "train.cover_score": -0.19139604191295803,
        "train.generated_score": -0.20607594834640622,
        "val.cover_score": -0.385433561526812,
        "val.generated_score": -0.39537590512862575,
        "epoch": 31
    },
    {
        "train.encoder_mse": 0.0002792205812875181,
        "train.decoder_loss": 0.032515903832390905,
        "train.decoder_acc": 0.9886801558732986,
        "val.encoder_mse": 0.0003681333977370881,
        "val.decoder_loss": 0.017560134534365855,
        "val.decoder_acc": 0.9943281778922448,
        "val.ssim": 0.9716920302464411,
        "val.psnr": 40.376573709341194,
        "val.wpsnr": 40.53701430100661,
        "val.fsim": 0.9964402730648334,
        "val.rsbpp": 0.9886563557844895,
        "train.cover_score": 0.31417020832188425,
        "train.generated_score": 0.32207726436201484,
        "val.cover_score": -0.06064474725952515,
        "val.generated_score": -0.054413059153235875,
        "epoch": 32
    }
]