[
    {
        "train.encoder_mse": 0.011899282288868562,
        "train.decoder_loss": 0.6943680149316788,
        "train.decoder_acc": 0.5141523742675781,
        "val.encoder_mse": 0.00011692002478342217,
        "val.decoder_loss": 0.6834425284312322,
        "val.decoder_acc": 0.5731420654516953,
        "val.ssim": 0.9878636461037856,
        "val.psnr": 45.39467077988844,
        "val.rsbpp": 0.14628413090339074,
        "train.cover_score": -0.5147180494433269,
        "train.generated_score": -0.5165000609308481,
        "val.cover_score": -0.06667114937534699,
        "val.generated_score": -0.06559005838174087,
        "epoch": 1
    },
    {
        "train.encoder_mse": 0.00043616059971100183,
        "train.decoder_loss": 0.4887913602590561,
        "train.decoder_acc": 0.7507212287187577,
        "val.encoder_mse": 0.0006906437651755718,
        "val.decoder_loss": 0.28608342088185823,
        "val.decoder_acc": 0.8817158524806683,
        "val.ssim": 0.9115511454068698,
        "val.psnr": 37.63062000274658,
        "val.rsbpp": 0.7634317049613366,
        "train.cover_score": 0.011274091835512081,
        "train.generated_score": 0.007832267740741371,
        "val.cover_score": -0.16927460831804916,
        "val.generated_score": -0.19033442380336615,
        "epoch": 2
    },
    {
        "train.encoder_mse": 0.00158509712171508,
        "train.decoder_loss": 0.2860323233902454,
        "train.decoder_acc": 0.8819128435850143,
        "val.encoder_mse": 0.0076051103667570995,
        "val.decoder_loss": 0.3542231275485112,
        "val.decoder_acc": 0.8362793830724863,
        "val.ssim": 0.879078406554002,
        "val.psnr": 27.353155246147743,
        "val.rsbpp": 0.6725587661449726,
        "train.cover_score": 0.4546638410212472,
        "train.generated_score": 0.49659892534837125,
        "val.cover_score": 0.602264197399983,
        "val.generated_score": 0.9745507011046777,
        "epoch": 3
    },
    {
        "train.encoder_mse": 0.0017748629325069487,
        "train.decoder_loss": 0.31003911793231964,
        "train.decoder_acc": 0.8681777364015579,
        "val.encoder_mse": 0.000722556621230279,
        "val.decoder_loss": 0.31095170286985546,
        "val.decoder_acc": 0.8677770999761728,
        "val.ssim": 0.9451533326735864,
        "val.psnr": 37.45163238965548,
        "val.rsbpp": 0.7355541999523456,
        "train.cover_score": 1.5897502766549587,
        "train.generated_score": 1.6019891883363016,
        "val.cover_score": 0.5421556080691516,
        "val.generated_score": 0.5914710646925064,
        "epoch": 4
    },
    {
        "train.encoder_mse": 0.0013021646026754752,
        "train.decoder_loss": 0.23603058606386185,
        "train.decoder_acc": 0.9059873270988464,
        "val.encoder_mse": 0.0007556722132274165,
        "val.decoder_loss": 0.19291477363843185,
        "val.decoder_acc": 0.9258818580554082,
        "val.ssim": 0.9365764810488775,
        "val.psnr": 37.246198837573715,
        "val.rsbpp": 0.8517637161108164,
        "train.cover_score": 0.7675587716698646,
        "train.generated_score": 0.7871001563873142,
        "val.cover_score": 1.9419989585876465,
        "val.generated_score": 1.8988409959352934,
        "epoch": 5
    },
    {
        "train.encoder_mse": 0.0011452497472055256,
        "train.decoder_loss": 0.18892953239381313,
        "train.decoder_acc": 0.9269340842962265,
        "val.encoder_mse": 0.0012664610806566018,
        "val.decoder_loss": 0.17818779670275176,
        "val.decoder_acc": 0.9323466511873099,
        "val.ssim": 0.9331278709264902,
        "val.psnr": 34.99997267356286,
        "val.rsbpp": 0.8646933023746197,
        "train.cover_score": 1.3032586630433798,
        "train.generated_score": 1.3215407271683217,
        "val.cover_score": 1.4476107588181129,
        "val.generated_score": 1.553933702982389,
        "epoch": 6
    },
    {
        "train.encoder_mse": 0.0008588228587177582,
        "train.decoder_loss": 0.12709351923316717,
        "train.decoder_acc": 0.9551413881778718,
        "val.encoder_mse": 0.0004695749398356733,
        "val.decoder_loss": 0.10376706432837707,
        "val.decoder_acc": 0.9651283484238845,
        "val.ssim": 0.9499521026244531,
        "val.psnr": 39.30817640744723,
        "val.rsbpp": 0.9302566968477689,
        "train.cover_score": 0.6357905560999643,
        "train.generated_score": 0.684795257456135,
        "val.cover_score": -0.3103320575677432,
        "val.generated_score": -0.31527310151320237,
        "epoch": 7
    },
    {
        "train.encoder_mse": 0.0006122575505287386,
        "train.decoder_loss": 0.08751713652163744,
        "train.decoder_acc": 0.9710126155614853,
        "val.encoder_mse": 0.0007571733216396891,
        "val.decoder_loss": 0.07250172157700245,
        "val.decoder_acc": 0.9765938107783978,
        "val.ssim": 0.9365319105295035,
        "val.psnr": 37.233181733351486,
        "val.rsbpp": 0.9531876215567956,
        "train.cover_score": 0.011410069351550192,
        "train.generated_score": 0.007704779428895563,
        "val.cover_score": 0.2975722081386126,
        "val.generated_score": 0.2923294546512457,
        "epoch": 8
    },
    {
        "train.encoder_mse": 0.0005802532803500071,
        "train.decoder_loss": 0.07150715377181768,
        "train.decoder_acc": 0.9760548913478851,
        "val.encoder_mse": 0.00037676012456918566,
        "val.decoder_loss": 0.08971948520495342,
        "val.decoder_acc": 0.968839691235469,
        "val.ssim": 0.9643483482874357,
        "val.psnr": 40.26940804261427,
        "val.rsbpp": 0.9376793824709378,
        "train.cover_score": 0.28086232517380266,
        "train.generated_score": 0.28644056330551393,
        "val.cover_score": -0.1278591024187895,
        "val.generated_score": -0.11325357051996085,
        "epoch": 9
    },
    {
        "train.encoder_mse": 0.0004636172889149748,
        "train.decoder_loss": 0.058265252113342283,
        "train.decoder_acc": 0.9807353955507279,
        "val.encoder_mse": 0.0006048026978253172,
        "val.decoder_loss": 0.0548892468214035,
        "val.decoder_acc": 0.9818458327880273,
        "val.ssim": 0.9483091877057002,
        "val.psnr": 38.216867630298324,
        "val.rsbpp": 0.9636916655760545,
        "train.cover_score": -0.12965455887839197,
        "train.generated_score": -0.13058138361753663,
        "val.cover_score": -0.08773029753221916,
        "val.generated_score": -0.084139725802323,
        "epoch": 10
    },
    {
        "train.encoder_mse": 0.0004340370139107108,
        "train.decoder_loss": 0.052477402575314046,
        "train.decoder_acc": 0.9827516055107117,
        "val.encoder_mse": 0.0006161065763220764,
        "val.decoder_loss": 0.03732913560592211,
        "val.decoder_acc": 0.9885066426717318,
        "val.ssim": 0.9522195641811078,
        "val.psnr": 38.13843360314002,
        "val.rsbpp": 0.9770132853434637,
        "train.cover_score": -0.01427832483081147,
        "train.generated_score": -0.014219216802157462,
        "val.cover_score": 0.1014651465587891,
        "val.generated_score": 0.09445194484522709,
        "epoch": 11
    },
    {
        "train.encoder_mse": 0.00044511505897389727,
        "train.decoder_loss": 0.049270051373168824,
        "train.decoder_acc": 0.983654870390892,
        "val.encoder_mse": 0.0002881461606683353,
        "val.decoder_loss": 0.06831473026138085,
        "val.decoder_acc": 0.9763431824170626,
        "val.ssim": 0.9729980551279508,
        "val.psnr": 41.438721876878006,
        "val.rsbpp": 0.9526863648341253,
        "train.cover_score": -0.009898278202745131,
        "train.generated_score": -0.006124971138196997,
        "val.cover_score": -1.6360694536795983,
        "val.generated_score": -1.6567842410160944,
        "epoch": 12
    },
    {
        "train.encoder_mse": 0.00040421329540549775,
        "train.decoder_loss": 0.05220397706143558,
        "train.decoder_acc": 0.9824283927679062,
        "val.encoder_mse": 0.0003302216579098828,
        "val.decoder_loss": 0.0581811389957483,
        "val.decoder_acc": 0.9805650527660663,
        "val.ssim": 0.9711854778803312,
        "val.psnr": 40.85160842308631,
        "val.rsbpp": 0.9611301055321326,
        "train.cover_score": -0.890248417579569,
        "train.generated_score": -0.8861902558617294,
        "val.cover_score": 0.1810287626890036,
        "val.generated_score": 0.17576532295117012,
        "epoch": 13
    },
    {
        "train.encoder_mse": 0.0004013539748848416,
        "train.decoder_loss": 0.03602748955599964,
        "train.decoder_acc": 0.9881687849760056,
        "val.encoder_mse": 0.0006242143975284237,
        "val.decoder_loss": 0.08207996762715854,
        "val.decoder_acc": 0.9710549482932458,
        "val.ssim": 0.9600637142474835,
        "val.psnr": 38.07201935694768,
        "val.rsbpp": 0.9421098965864915,
        "train.cover_score": 0.11484358758549205,
        "train.generated_score": 0.11068953026551753,
        "val.cover_score": 0.024790143164304588,
        "val.generated_score": 0.0490114726126194,
        "epoch": 14
    },
    {
        "train.encoder_mse": 0.0003931395111430902,
        "train.decoder_loss": 0.0438596093468368,
        "train.decoder_acc": 0.9853539699316025,
        "val.encoder_mse": 0.00035515106551779003,
        "val.decoder_loss": 0.043413688213779375,
        "val.decoder_acc": 0.9855001247846163,
        "val.ssim": 0.9705973130006057,
        "val.psnr": 40.54215431213379,
        "val.rsbpp": 0.9710002495692327,
        "train.cover_score": -0.09157471090904437,
        "train.generated_score": -0.08859040763694793,
        "val.cover_score": 0.018895344235576116,
        "val.generated_score": 0.01899014187690157,
        "epoch": 15
    }
]
