[
    {
        "train.encoder_mse": 0.0791695820633322,
        "train.decoder_loss": 0.6838529676198959,
        "train.decoder_acc": 0.5575819492340088,
        "val.encoder_mse": 0.06670542032672809,
        "val.decoder_loss": 0.6918052434921265,
        "val.decoder_acc": 0.5382069211739761,
        "val.ssim": 0.46690844343258786,
        "val.psnr": 17.906137062953068,
        "val.rsbpp": 0.4584830540877122,
        "epoch": 1
    },
    {
        "train.encoder_mse": 0.022380611202679576,
        "train.decoder_loss": 0.681002357006073,
        "train.decoder_acc": 0.5632294672727585,
        "val.encoder_mse": 0.02638587155021154,
        "val.decoder_loss": 0.6883580409563504,
        "val.decoder_acc": 0.5437143811812768,
        "val.ssim": 0.6289034623366135,
        "val.psnr": 21.975475182900063,
        "val.rsbpp": 0.5245725741753211,
        "epoch": 2
    },
    {
        "train.encoder_mse": 0.012012824437115342,
        "train.decoder_loss": 0.6742055970430374,
        "train.decoder_acc": 0.5763657385110855,
        "val.encoder_mse": 0.022837093386512537,
        "val.decoder_loss": 0.6894718591983502,
        "val.decoder_acc": 0.5448664564352769,
        "val.ssim": 0.7006544379087595,
        "val.psnr": 22.65405508188101,
        "val.rsbpp": 0.538397477223323,
        "epoch": 3
    },
    {
        "train.encoder_mse": 0.01010752543574199,
        "train.decoder_loss": 0.671094970703125,
        "train.decoder_acc": 0.5793820852041245,
        "val.encoder_mse": 0.014810488057824282,
        "val.decoder_loss": 0.6880369461499728,
        "val.decoder_acc": 0.5522435811849741,
        "val.ssim": 0.7561125296812791,
        "val.psnr": 24.52263061816876,
        "val.rsbpp": 0.626922974219689,
        "epoch": 4
    },
    {
        "train.encoder_mse": 0.008217737795785069,
        "train.decoder_loss": 0.662561599612236,
        "train.decoder_acc": 0.5918148130178451,
        "val.encoder_mse": 0.01828043542515773,
        "val.decoder_loss": 0.6886913547149072,
        "val.decoder_acc": 0.554339376779703,
        "val.ssim": 0.7751939205022959,
        "val.psnr": 23.620579609504112,
        "val.rsbpp": 0.6520725213564359,
        "epoch": 5
    },
    {
        "train.encoder_mse": 0.008080161749385298,
        "train.decoder_loss": 0.6578847795724869,
        "train.decoder_acc": 0.5989198875427246,
        "val.encoder_mse": 0.017882979833162747,
        "val.decoder_loss": 0.690683534512153,
        "val.decoder_acc": 0.5606232147950393,
        "val.ssim": 0.7944260881497309,
        "val.psnr": 23.78788159443782,
        "val.rsbpp": 0.727478577540471,
        "epoch": 6
    },
    {
        "train.encoder_mse": 0.008363015989307315,
        "train.decoder_loss": 0.6515132737159729,
        "train.decoder_acc": 0.6087134003639221,
        "val.encoder_mse": 0.009755595730474362,
        "val.decoder_loss": 0.6896430070583637,
        "val.decoder_acc": 0.56856481387065,
        "val.ssim": 0.7985737598859347,
        "val.psnr": 26.307073006263145,
        "val.rsbpp": 0.8227777664478009,
        "epoch": 7
    },
    {
        "train.encoder_mse": 0.00800569669343531,
        "train.decoder_loss": 0.6475840559601784,
        "train.decoder_acc": 0.6137280762195587,
        "val.encoder_mse": 0.012401369149581743,
        "val.decoder_loss": 0.6865234695948087,
        "val.decoder_acc": 0.5710024925378653,
        "val.ssim": 0.8274585237869849,
        "val.psnr": 25.47963472513052,
        "val.rsbpp": 0.8520299104543833,
        "epoch": 8
    },
    {
        "train.encoder_mse": 0.006335039725527168,
        "train.decoder_loss": 0.6458824250102043,
        "train.decoder_acc": 0.6161548614501953,
        "val.encoder_mse": 0.009896587938643418,
        "val.decoder_loss": 0.6858607668143052,
        "val.decoder_acc": 0.575794164951031,
        "val.ssim": 0.8428332668084365,
        "val.psnr": 26.393485619471623,
        "val.rsbpp": 0.9095299794123723,
        "epoch": 9
    },
    {
        "train.encoder_mse": 0.007102419547736645,
        "train.decoder_loss": 0.6323093807697296,
        "train.decoder_acc": 0.6301563900709152,
        "val.encoder_mse": 0.007624438892190273,
        "val.decoder_loss": 0.6874458010380085,
        "val.decoder_acc": 0.5814013526989863,
        "val.ssim": 0.8470702354724591,
        "val.psnr": 27.42845315199632,
        "val.rsbpp": 0.9768162323878362,
        "epoch": 10
    },
    {
        "train.encoder_mse": 0.006586486130254343,
        "train.decoder_loss": 0.6347208961844444,
        "train.decoder_acc": 0.6305999076366424,
        "val.encoder_mse": 0.009404960589913221,
        "val.decoder_loss": 0.6862209576826829,
        "val.decoder_acc": 0.584569091980274,
        "val.ssim": 0.8480627078276414,
        "val.psnr": 26.560246761028584,
        "val.rsbpp": 1.0148291037632868,
        "epoch": 11
    },
    {
        "train.encoder_mse": 0.006020043197786436,
        "train.decoder_loss": 0.6269716039299965,
        "train.decoder_acc": 0.6396993762254715,
        "val.encoder_mse": 0.009589446296628851,
        "val.decoder_loss": 0.6837200476573064,
        "val.decoder_acc": 0.5897471492107098,
        "val.ssim": 0.8600368178807772,
        "val.psnr": 26.6417015515841,
        "val.rsbpp": 1.0769657905285175,
        "epoch": 12
    },
    {
        "train.encoder_mse": 0.006042204301338643,
        "train.decoder_loss": 0.6081874719262124,
        "train.decoder_acc": 0.6552202290296555,
        "val.encoder_mse": 0.009082338915994534,
        "val.decoder_loss": 0.6883225440979004,
        "val.decoder_acc": 0.5948165976084195,
        "val.ssim": 0.844031388943012,
        "val.psnr": 26.82191225198599,
        "val.rsbpp": 1.1377991713010347,
        "epoch": 13
    },
    {
        "train.encoder_mse": 0.00576608408242464,
        "train.decoder_loss": 0.5916648304462433,
        "train.decoder_acc": 0.6724129855632782,
        "val.encoder_mse": 0.01146822046631804,
        "val.decoder_loss": 0.6802152395248413,
        "val.decoder_acc": 0.6003490044520452,
        "val.ssim": 0.8362640876036423,
        "val.psnr": 25.681057159717266,
        "val.rsbpp": 1.2041880534245417,
        "epoch": 14
    },
    {
        "train.encoder_mse": 0.006126849572174251,
        "train.decoder_loss": 0.609972918331623,
        "train.decoder_acc": 0.6597368520498276,
        "val.encoder_mse": 0.007167156588716002,
        "val.decoder_loss": 0.6771924679095929,
        "val.decoder_acc": 0.6052403816810021,
        "val.ssim": 0.8716933131217957,
        "val.psnr": 27.841729200803318,
        "val.rsbpp": 1.2628845801720252,
        "epoch": 15
    },
    {
        "train.encoder_mse": 0.006266756732948124,
        "train.decoder_loss": 0.5991214218735695,
        "train.decoder_acc": 0.6705812960863113,
        "val.encoder_mse": 0.011954890134242864,
        "val.decoder_loss": 0.6793897014397842,
        "val.decoder_acc": 0.6081356818859394,
        "val.ssim": 0.8458332923742441,
        "val.psnr": 25.800738701453575,
        "val.rsbpp": 1.2976281826312726,
        "epoch": 16
    },
    {
        "train.encoder_mse": 0.004979781303554773,
        "train.decoder_loss": 0.597265419960022,
        "train.decoder_acc": 0.6729973661899566,
        "val.encoder_mse": 0.00979873795921986,
        "val.decoder_loss": 0.679298079930819,
        "val.decoder_acc": 0.6115527061315683,
        "val.ssim": 0.8616335988044739,
        "val.psnr": 26.522675294142502,
        "val.rsbpp": 1.3386324735788198,
        "epoch": 17
    },
    {
        "train.encoder_mse": 0.005542239752830937,
        "train.decoder_loss": 0.58763323366642,
        "train.decoder_acc": 0.6794758570194245,
        "val.encoder_mse": 0.008691640105098486,
        "val.decoder_loss": 0.6766855028959421,
        "val.decoder_acc": 0.6155270704856286,
        "val.ssim": 0.8610671346004193,
        "val.psnr": 26.88636541366577,
        "val.rsbpp": 1.3863248458275428,
        "epoch": 18
    },
    {
        "train.encoder_mse": 0.005808901301352307,
        "train.decoder_loss": 0.57053786277771,
        "train.decoder_acc": 0.6934436142444611,
        "val.encoder_mse": 0.009165195748209953,
        "val.decoder_loss": 0.6666372739351712,
        "val.decoder_acc": 0.6203383161471441,
        "val.ssim": 0.8599974696452801,
        "val.psnr": 26.67897682923537,
        "val.rsbpp": 1.4440597937657282,
        "epoch": 19
    },
    {
        "train.encoder_mse": 0.00497443504515104,
        "train.decoder_loss": 0.5443329909443855,
        "train.decoder_acc": 0.7157235658168792,
        "val.encoder_mse": 0.01025545235293416,
        "val.decoder_loss": 0.6884660537426288,
        "val.decoder_acc": 0.6238871216773987,
        "val.ssim": 0.85524360033182,
        "val.psnr": 26.37060972360464,
        "val.rsbpp": 1.4866454601287842,
        "epoch": 20
    },
    {
        "train.encoder_mse": 0.006053359581856057,
        "train.decoder_loss": 0.552691443413496,
        "train.decoder_acc": 0.7148358821868896,
        "val.encoder_mse": 0.011116699172327152,
        "val.decoder_loss": 0.6812289219636184,
        "val.decoder_acc": 0.6279041996368995,
        "val.ssim": 0.8577296596307021,
        "val.psnr": 25.85390567779541,
        "val.rsbpp": 1.5348503956427941,
        "epoch": 21
    },
    {
        "train.encoder_mse": 0.006086753904819489,
        "train.decoder_loss": 0.5498621916770935,
        "train.decoder_acc": 0.7151486772298813,
        "val.encoder_mse": 0.010697018068570357,
        "val.decoder_loss": 0.6768940870578473,
        "val.decoder_acc": 0.631360397889064,
        "val.ssim": 0.8577848168519827,
        "val.psnr": 26.15857619505662,
        "val.rsbpp": 1.576324774668767,
        "epoch": 22
    },
    {
        "train.encoder_mse": 0.005367682756623253,
        "train.decoder_loss": 0.5378474698960781,
        "train.decoder_acc": 0.723599464893341,
        "val.encoder_mse": 0.011340913434441272,
        "val.decoder_loss": 0.6720394537999079,
        "val.decoder_acc": 0.6365028482217056,
        "val.ssim": 0.8586495839632474,
        "val.psnr": 25.903341586773212,
        "val.rsbpp": 1.6380341786604662,
        "epoch": 23
    },
    {
        "train.encoder_mse": 0.006040828613331542,
        "train.decoder_loss": 0.5283172200620174,
        "train.decoder_acc": 0.7285342580080032,
        "val.encoder_mse": 0.006217728368937969,
        "val.decoder_loss": 0.6642578473457923,
        "val.decoder_acc": 0.6401584698603704,
        "val.ssim": 0.8743475813132066,
        "val.psnr": 28.470379389249363,
        "val.rsbpp": 1.681901638324444,
        "epoch": 24
    },
    {
        "train.encoder_mse": 0.005829444507835433,
        "train.decoder_loss": 0.5419988472759724,
        "train.decoder_acc": 0.7216021955013275,
        "val.encoder_mse": 0.006603957189676853,
        "val.decoder_loss": 0.6636687425466684,
        "val.decoder_acc": 0.6438977901752179,
        "val.ssim": 0.8552739115861746,
        "val.psnr": 28.049913736490105,
        "val.rsbpp": 1.7267734821026142,
        "epoch": 25
    },
    {
        "train.encoder_mse": 0.004711128743365407,
        "train.decoder_loss": 0.5218759492039681,
        "train.decoder_acc": 0.7356302297115326,
        "val.encoder_mse": 0.008195982547476888,
        "val.decoder_loss": 0.6781506951038654,
        "val.decoder_acc": 0.6457140399859502,
        "val.ssim": 0.8651169080000657,
        "val.psnr": 27.221936996166523,
        "val.rsbpp": 1.748568479831402,
        "epoch": 26
    },
    {
        "train.encoder_mse": 0.00589621405582875,
        "train.decoder_loss": 0.5364645464718342,
        "train.decoder_acc": 0.7264214783906937,
        "val.encoder_mse": 0.007900490909098433,
        "val.decoder_loss": 0.6473380556473365,
        "val.decoder_acc": 0.649232552601741,
        "val.ssim": 0.8707283230928274,
        "val.psnr": 27.32153397340041,
        "val.rsbpp": 1.790790631220891,
        "epoch": 27
    },
    {
        "train.encoder_mse": 0.005300083667971194,
        "train.decoder_loss": 0.5045141272246838,
        "train.decoder_acc": 0.7448584967851639,
        "val.encoder_mse": 0.013698639491429696,
        "val.decoder_loss": 0.6603439358564523,
        "val.decoder_acc": 0.647464380814479,
        "val.ssim": 0.8514288067817688,
        "val.psnr": 24.913199864901028,
        "val.rsbpp": 1.7695725697737474,
        "epoch": 28
    },
    {
        "train.encoder_mse": 0.005115469706943258,
        "train.decoder_loss": 0.4899701575934887,
        "train.decoder_acc": 0.7540772914886474,
        "val.encoder_mse": 0.014512162154110579,
        "val.decoder_loss": 0.6692618865233201,
        "val.decoder_acc": 0.6495192280182471,
        "val.ssim": 0.8536196167652423,
        "val.psnr": 24.907390154325046,
        "val.rsbpp": 1.794230736218966,
        "epoch": 29
    },
    {
        "train.encoder_mse": 0.005166100956266746,
        "train.decoder_loss": 0.4989448104798794,
        "train.decoder_acc": 0.7484836804866791,
        "val.encoder_mse": 0.00676278999218574,
        "val.decoder_loss": 0.6421426763901343,
        "val.decoder_acc": 0.6563746424821707,
        "val.ssim": 0.8768273591995239,
        "val.psnr": 28.160236248603233,
        "val.rsbpp": 1.8764957097860484,
        "epoch": 30
    }
]