[
    {
        "train.encoder_mse": 0.0019033271337548286,
        "train.decoder_loss": 0.6946666467189789,
        "train.decoder_acc": 0.5012318563461303,
        "val.encoder_mse": 1.698084997769911e-05,
        "val.decoder_loss": 0.693209551847898,
        "val.decoder_acc": 0.503246376147637,
        "val.ssim": 0.9979288944831262,
        "val.psnr": 54.04141719524677,
        "val.wpsnr": 54.07129845252404,
        "val.fsim": 0.999570016677563,
        "val.rsbpp": 0.006492752295274001,
        "train.cover_score": 0.022498679142445327,
        "train.generated_score": 0.028375575367826967,
        "val.cover_score": 0.06169103773740622,
        "val.generated_score": 0.061674042676503844,
        "epoch": 1
    },
    {
        "train.encoder_mse": 2.0235314309502428e-05,
        "train.decoder_loss": 0.6873488074541092,
        "train.decoder_acc": 0.5306697720289231,
        "val.encoder_mse": 0.00017527951590286998,
        "val.decoder_loss": 0.6348735598417429,
        "val.decoder_acc": 0.64639445910087,
        "val.ssim": 0.9796794331990756,
        "val.psnr": 43.5904022363516,
        "val.wpsnr": 43.59690211369441,
        "val.fsim": 0.9990659493666428,
        "val.rsbpp": 0.29278891820173997,
        "train.cover_score": 0.07373076722025872,
        "train.generated_score": 0.07381990667432546,
        "val.cover_score": 0.0808390797330783,
        "val.generated_score": 0.0806933778982896,
        "epoch": 2
    },
    {
        "train.encoder_mse": 0.0014565048851363826,
        "train.decoder_loss": 0.4391220498085022,
        "train.decoder_acc": 0.7869190603494645,
        "val.encoder_mse": 0.00534634252723593,
        "val.decoder_loss": 0.33576414676812977,
        "val.decoder_acc": 0.8518039263211764,
        "val.ssim": 0.828810100372021,
        "val.psnr": 28.745534053215614,
        "val.wpsnr": 28.7751648242657,
        "val.fsim": 0.9947069103901203,
        "val.rsbpp": 0.7036078526423528,
        "train.cover_score": -0.27832316275220365,
        "train.generated_score": -0.2648789924950688,
        "val.cover_score": -0.9210586877396474,
        "val.generated_score": -0.826121062040329,
        "epoch": 3
    },
    {
        "train.encoder_mse": 0.003615700785885565,
        "train.decoder_loss": 0.2912521103024483,
        "train.decoder_acc": 0.8786278426647186,
        "val.encoder_mse": 0.012363677414563986,
        "val.decoder_loss": 0.3483862097446735,
        "val.decoder_acc": 0.8488641839761001,
        "val.ssim": 0.8348114857306848,
        "val.psnr": 25.112002812899075,
        "val.wpsnr": 25.108796926645134,
        "val.fsim": 0.9924766329618601,
        "val.rsbpp": 0.6977283679522001,
        "train.cover_score": 1.3197065934806596,
        "train.generated_score": 1.3415364218084143,
        "val.cover_score": 7.328548174638015,
        "val.generated_score": 6.9776082038879395,
        "epoch": 4
    },
    {
        "train.encoder_mse": 0.028768240707577206,
        "train.decoder_loss": 0.24205376774072648,
        "train.decoder_acc": 0.9072573465108872,
        "val.encoder_mse": 0.0006955632572778716,
        "val.decoder_loss": 0.26162603268256557,
        "val.decoder_acc": 0.8943877495252169,
        "val.ssim": 0.9387726554503808,
        "val.psnr": 37.60167231926551,
        "val.wpsnr": 37.61759332510141,
        "val.fsim": 0.9972550364641043,
        "val.rsbpp": 0.7887754990504339,
        "train.cover_score": 5.150763495871797,
        "train.generated_score": 6.481398501857184,
        "val.cover_score": 0.023019555526284072,
        "val.generated_score": -0.012842834497300478,
        "epoch": 5
    },
    {
        "train.encoder_mse": 0.007282061911537312,
        "train.decoder_loss": 0.2424461331963539,
        "train.decoder_acc": 0.9013459587097168,
        "val.encoder_mse": 0.023518667341424868,
        "val.decoder_loss": 0.19418559395349944,
        "val.decoder_acc": 0.9131666146791898,
        "val.ssim": 0.7590159269479605,
        "val.psnr": 22.527746787438026,
        "val.wpsnr": 22.46990027794471,
        "val.fsim": 0.9641954715435321,
        "val.rsbpp": 0.8263332293583796,
        "train.cover_score": 1.0623894783854484,
        "train.generated_score": 1.142981063053012,
        "val.cover_score": 0.7037832553570087,
        "val.generated_score": 0.8350530587709867,
        "epoch": 6
    },
    {
        "train.encoder_mse": 0.01037264108657837,
        "train.decoder_loss": 0.19921066269278526,
        "train.decoder_acc": 0.9215925997495651,
        "val.encoder_mse": 0.013867425517393993,
        "val.decoder_loss": 0.1692497844879444,
        "val.decoder_acc": 0.9329940447440515,
        "val.ssim": 0.7754309498346769,
        "val.psnr": 24.660919446211594,
        "val.wpsnr": 24.615281031681942,
        "val.fsim": 0.9770393692530118,
        "val.rsbpp": 0.8659880894881028,
        "train.cover_score": 1.6493000276386738,
        "train.generated_score": 1.7638877569139004,
        "val.cover_score": 0.25805349819935286,
        "val.generated_score": 0.35999987102471864,
        "epoch": 7
    },
    {
        "train.encoder_mse": 0.0027635546727105974,
        "train.decoder_loss": 0.1426908565312624,
        "train.decoder_acc": 0.9506480723619462,
        "val.encoder_mse": 0.00379241334919173,
        "val.decoder_loss": 0.1330268715436642,
        "val.decoder_acc": 0.9543272990446824,
        "val.ssim": 0.8803673936770513,
        "val.psnr": 30.236397156348595,
        "val.wpsnr": 30.209704619187576,
        "val.fsim": 0.9885496497154236,
        "val.rsbpp": 0.9086545980893649,
        "train.cover_score": 0.7874433804303408,
        "train.generated_score": 0.789524844661355,
        "val.cover_score": 0.7640156745910645,
        "val.generated_score": 0.822981921526102,
        "epoch": 8
    },
    {
        "train.encoder_mse": 0.001646937780897133,
        "train.decoder_loss": 0.10049918629229068,
        "train.decoder_acc": 0.9682624489068985,
        "val.encoder_mse": 0.0011657370039476799,
        "val.decoder_loss": 0.12287941231177403,
        "val.decoder_acc": 0.9547239221059359,
        "val.ssim": 0.9350490249120272,
        "val.psnr": 35.35970742885883,
        "val.wpsnr": 35.463544405423676,
        "val.fsim": 0.9943670492905837,
        "val.rsbpp": 0.9094478442118719,
        "train.cover_score": 0.31276318318850826,
        "train.generated_score": 0.2942704147810582,
        "val.cover_score": 0.046196249850954,
        "val.generated_score": 0.09532861712460335,
        "epoch": 9
    },
    {
        "train.encoder_mse": 0.0012849151506088674,
        "train.decoder_loss": 0.08346698097884656,
        "train.decoder_acc": 0.9727245235443115,
        "val.encoder_mse": 0.0012163103092461824,
        "val.decoder_loss": 0.11592362591853508,
        "val.decoder_acc": 0.9559565644997817,
        "val.ssim": 0.9381086963873643,
        "val.psnr": 35.17274049612192,
        "val.wpsnr": 35.24760554387019,
        "val.fsim": 0.995070232794835,
        "val.rsbpp": 0.9119131289995633,
        "train.cover_score": 0.2744172307138797,
        "train.generated_score": 0.2692933297925629,
        "val.cover_score": 0.10631716924791153,
        "val.generated_score": 0.15807928936555982,
        "epoch": 10
    },
    {
        "train.encoder_mse": 0.0012203195231268182,
        "train.decoder_loss": 0.06557326387614011,
        "train.decoder_acc": 0.9787493222951889,
        "val.encoder_mse": 0.0013642171756006204,
        "val.decoder_loss": 0.05659100470634607,
        "val.decoder_acc": 0.9818158654066232,
        "val.ssim": 0.9302249092322129,
        "val.psnr": 34.683570678417496,
        "val.wpsnr": 34.8198116009052,
        "val.fsim": 0.9963895403421842,
        "val.rsbpp": 0.9636317308132465,
        "train.cover_score": 0.2860220959968865,
        "train.generated_score": 0.2828225336689502,
        "val.cover_score": 0.18359986807291323,
        "val.generated_score": 0.16180289078217286,
        "epoch": 11
    },
    {
        "train.encoder_mse": 0.0010554650030098855,
        "train.decoder_loss": 0.06006837541237473,
        "train.decoder_acc": 0.9806213009357453,
        "val.encoder_mse": 0.0008492116467095912,
        "val.decoder_loss": 0.07537865323516038,
        "val.decoder_acc": 0.9735542031434866,
        "val.ssim": 0.9459855097990769,
        "val.psnr": 36.73262357711792,
        "val.wpsnr": 36.86928587693434,
        "val.fsim": 0.9970292494847224,
        "val.rsbpp": 0.9471084062869732,
        "train.cover_score": 0.16377120852936058,
        "train.generated_score": 0.15760874444968068,
        "val.cover_score": 0.6171699464321136,
        "val.generated_score": 0.6146945769970233,
        "epoch": 12
    },
    {
        "train.encoder_mse": 0.0011915181914810091,
        "train.decoder_loss": 0.06753675606101751,
        "train.decoder_acc": 0.9770615327358246,
        "val.encoder_mse": 0.0009426984067361515,
        "val.decoder_loss": 0.08016090295635737,
        "val.decoder_acc": 0.9711395272841821,
        "val.ssim": 0.9466838561571561,
        "val.psnr": 36.27998737188486,
        "val.wpsnr": 36.39904433030348,
        "val.fsim": 0.9951216440934402,
        "val.rsbpp": 0.942279054568364,
        "train.cover_score": 0.0653136708587408,
        "train.generated_score": 0.07559671599417925,
        "val.cover_score": -0.8351660554225628,
        "val.generated_score": -0.8063672735140874,
        "epoch": 13
    },
    {
        "train.encoder_mse": 0.0011151601292658598,
        "train.decoder_loss": 0.05175020605325699,
        "train.decoder_acc": 0.9829880565404892,
        "val.encoder_mse": 0.0013035753867230737,
        "val.decoder_loss": 0.055068591179756016,
        "val.decoder_acc": 0.9810007076997024,
        "val.ssim": 0.9348978125132047,
        "val.psnr": 34.87504463929396,
        "val.wpsnr": 35.02129598764273,
        "val.fsim": 0.9962603128873385,
        "val.rsbpp": 0.9620014153994046,
        "train.cover_score": -0.22599214631598444,
        "train.generated_score": -0.23337901641614736,
        "val.cover_score": -0.21188279355947787,
        "val.generated_score": -0.21181339025497437,
        "epoch": 14
    },
    {
        "train.encoder_mse": 0.0010092929389793426,
        "train.decoder_loss": 0.04985242884606123,
        "train.decoder_acc": 0.9828726130723954,
        "val.encoder_mse": 0.0007003394555515394,
        "val.decoder_loss": 0.10691365313071471,
        "val.decoder_acc": 0.960305970448714,
        "val.ssim": 0.9614613973177396,
        "val.psnr": 37.57375772182758,
        "val.wpsnr": 37.671133481539215,
        "val.fsim": 0.9967474616490878,
        "val.rsbpp": 0.920611940897428,
        "train.cover_score": 0.029015883602842223,
        "train.generated_score": 0.03294813579937909,
        "val.cover_score": 0.004266798320503977,
        "val.generated_score": 0.02124076386770377,
        "epoch": 15
    },
    {
        "train.encoder_mse": 0.000869499472901225,
        "train.decoder_loss": 0.039727722341194746,
        "train.decoder_acc": 0.9871054190397263,
        "val.encoder_mse": 0.0008008998075428491,
        "val.decoder_loss": 0.06504073681739661,
        "val.decoder_acc": 0.9767134831501887,
        "val.ssim": 0.9618926690174983,
        "val.psnr": 36.99246883392334,
        "val.wpsnr": 37.15070841862605,
        "val.fsim": 0.997153823192303,
        "val.rsbpp": 0.9534269663003775,
        "train.cover_score": 0.05640108581093955,
        "train.generated_score": 0.0480155755020678,
        "val.cover_score": -0.1365984256307666,
        "val.generated_score": -0.14665517541400802,
        "epoch": 16
    },
    {
        "train.encoder_mse": 0.000894848745665513,
        "train.decoder_loss": 0.04379684315994382,
        "train.decoder_acc": 0.984666971564293,
        "val.encoder_mse": 0.0009485161415516184,
        "val.decoder_loss": 0.04666397663263174,
        "val.decoder_acc": 0.9838288655647864,
        "val.ssim": 0.9478823129947369,
        "val.psnr": 36.257271399864784,
        "val.wpsnr": 36.41903363741361,
        "val.fsim": 0.9969236346391531,
        "val.rsbpp": 0.967657731129573,
        "train.cover_score": -0.36339043102459984,
        "train.generated_score": -0.3579627592861652,
        "val.cover_score": -0.13210999564482614,
        "val.generated_score": -0.13463601197760838,
        "epoch": 17
    },
    {
        "train.encoder_mse": 0.0007718745619058609,
        "train.decoder_loss": 0.03603249678388238,
        "train.decoder_acc": 0.9878553426265717,
        "val.encoder_mse": 0.0010694378198912512,
        "val.decoder_loss": 0.02853493019938469,
        "val.decoder_acc": 0.9907035690087539,
        "val.ssim": 0.9412473027522748,
        "val.psnr": 35.73359636160043,
        "val.wpsnr": 35.929169581486626,
        "val.fsim": 0.9967341560583848,
        "val.rsbpp": 0.9814071380175077,
        "train.cover_score": -0.3858704816969112,
        "train.generated_score": -0.38456224186345933,
        "val.cover_score": -0.14563400828494474,
        "val.generated_score": -0.1565010825601908,
        "epoch": 18
    },
    {
        "train.encoder_mse": 0.000889475293806754,
        "train.decoder_loss": 0.038240769850090145,
        "train.decoder_acc": 0.9869888293743133,
        "val.encoder_mse": 0.0006793597354911841,
        "val.decoder_loss": 0.05910502058955339,
        "val.decoder_acc": 0.9795275330543518,
        "val.ssim": 0.9563000018780048,
        "val.psnr": 37.70105545337383,
        "val.wpsnr": 37.82380001361553,
        "val.fsim": 0.9979715897486761,
        "val.rsbpp": 0.9590550661087036,
        "train.cover_score": -0.5822947250306606,
        "train.generated_score": -0.5764749442040921,
        "val.cover_score": -0.30220584456737226,
        "val.generated_score": -0.2999133559373709,
        "epoch": 19
    },
    {
        "train.encoder_mse": 0.0006445264877402223,
        "train.decoder_loss": 0.029847781723365188,
        "train.decoder_acc": 0.9904508578777313,
        "val.encoder_mse": 0.000651958049274981,
        "val.decoder_loss": 0.04511036537587643,
        "val.decoder_acc": 0.9842435946831336,
        "val.ssim": 0.9673544214322016,
        "val.psnr": 37.883804944845345,
        "val.wpsnr": 38.06035408606896,
        "val.fsim": 0.9978913389719449,
        "val.rsbpp": 0.9684871893662673,
        "train.cover_score": -0.5474713537096977,
        "train.generated_score": -0.5499827875941992,
        "val.cover_score": -0.6982142971112177,
        "val.generated_score": -0.7028423731143658,
        "epoch": 20
    },
    {
        "train.encoder_mse": 0.0007662993675330654,
        "train.decoder_loss": 0.03377716421149671,
        "train.decoder_acc": 0.9883923214673996,
        "val.encoder_mse": 0.0006962961409814083,
        "val.decoder_loss": 0.052498105053718276,
        "val.decoder_acc": 0.980990992142604,
        "val.ssim": 0.9616564649801987,
        "val.psnr": 37.59749632615309,
        "val.wpsnr": 37.7346071096567,
        "val.fsim": 0.9965626643254206,
        "val.rsbpp": 0.9619819842852079,
        "train.cover_score": -0.6389704128354787,
        "train.generated_score": -0.6445192206650973,
        "val.cover_score": -0.49558652822787946,
        "val.generated_score": -0.4776027684028332,
        "epoch": 21
    },
    {
        "train.encoder_mse": 0.0006906025926582515,
        "train.decoder_loss": 0.02841660415753722,
        "train.decoder_acc": 0.9902435946464538,
        "val.encoder_mse": 0.0007047748076729476,
        "val.decoder_loss": 0.050973012613562435,
        "val.decoder_acc": 0.9829057592612046,
        "val.ssim": 0.9577148602559016,
        "val.psnr": 37.54478601308969,
        "val.wpsnr": 37.69660568237305,
        "val.fsim": 0.9971995170299823,
        "val.rsbpp": 0.9658115185224093,
        "train.cover_score": -0.8969543689489364,
        "train.generated_score": -0.8943456840515137,
        "val.cover_score": -1.1583355573507457,
        "val.generated_score": -1.1578050301625178,
        "epoch": 22
    },
    {
        "train.encoder_mse": 0.0007702234981115907,
        "train.decoder_loss": 0.030545287737622856,
        "train.decoder_acc": 0.9894803321361542,
        "val.encoder_mse": 0.0013774939042587692,
        "val.decoder_loss": 0.05588032233600433,
        "val.decoder_acc": 0.9796751829294058,
        "val.ssim": 0.9285057462178744,
        "val.psnr": 34.63059975550725,
        "val.wpsnr": 34.68600317148062,
        "val.fsim": 0.9965055997555072,
        "val.rsbpp": 0.9593503658588116,
        "train.cover_score": -0.9238758218288422,
        "train.generated_score": -0.9308870553970336,
        "val.cover_score": -0.9889361078922565,
        "val.generated_score": -0.975049417752486,
        "epoch": 23
    },
    {
        "train.encoder_mse": 0.0008765434089582413,
        "train.decoder_loss": 0.03059269724879414,
        "train.decoder_acc": 0.9891847199201584,
        "val.encoder_mse": 0.0008334454032592475,
        "val.decoder_loss": 0.06939889920445588,
        "val.decoder_acc": 0.9746523316089923,
        "val.ssim": 0.9571596017250648,
        "val.psnr": 36.81824317345252,
        "val.wpsnr": 36.8859628530649,
        "val.fsim": 0.9966282294346736,
        "val.rsbpp": 0.9493046632179847,
        "train.cover_score": -0.8045034921914339,
        "train.generated_score": -0.7929399679601192,
        "val.cover_score": -0.938887357711792,
        "val.generated_score": -0.9339052026088421,
        "epoch": 24
    },
    {
        "train.encoder_mse": 0.0007150143370381557,
        "train.decoder_loss": 0.028881368511356413,
        "train.decoder_acc": 0.9903114706277847,
        "val.encoder_mse": 0.0005730810405041736,
        "val.decoder_loss": 0.0716073177754879,
        "val.decoder_acc": 0.974809467792511,
        "val.ssim": 0.9726993991778448,
        "val.psnr": 38.44780555138221,
        "val.wpsnr": 38.583312694843,
        "val.fsim": 0.9971307561947749,
        "val.rsbpp": 0.949618935585022,
        "train.cover_score": -0.8625415846705436,
        "train.generated_score": -0.8667893350124359,
        "val.cover_score": -0.815893462071052,
        "val.generated_score": -0.818028083214393,
        "epoch": 25
    },
    {
        "train.encoder_mse": 0.0008287469443166628,
        "train.decoder_loss": 0.03298762614373118,
        "train.decoder_acc": 0.9881943547725678,
        "val.encoder_mse": 0.0012108052883727045,
        "val.decoder_loss": 0.027785447569420703,
        "val.decoder_acc": 0.9902040316508367,
        "val.ssim": 0.9246945931361272,
        "val.psnr": 35.193826785454384,
        "val.wpsnr": 35.286070310152496,
        "val.fsim": 0.9967538164212153,
        "val.rsbpp": 0.9804080633016733,
        "train.cover_score": -0.8817489111423492,
        "train.generated_score": -0.8824635900557041,
        "val.cover_score": -0.7995097270378699,
        "val.generated_score": -0.8016550036577078,
        "epoch": 26
    },
    {
        "train.encoder_mse": 0.0010209173668408766,
        "train.decoder_loss": 0.033963330215774475,
        "train.decoder_acc": 0.9877864682674408,
        "val.encoder_mse": 0.000697034912613722,
        "val.decoder_loss": 0.03233137784095911,
        "val.decoder_acc": 0.9890455786998456,
        "val.ssim": 0.9584848238871648,
        "val.psnr": 37.593127764188324,
        "val.wpsnr": 37.7165166414701,
        "val.fsim": 0.9973437740252569,
        "val.rsbpp": 0.9780911573996911,
        "train.cover_score": -0.41246857345977334,
        "train.generated_score": -0.3980633082613349,
        "val.cover_score": -0.5951078855074369,
        "val.generated_score": -0.6008986578537867,
        "epoch": 27
    },
    {
        "train.encoder_mse": 0.0008806102478411048,
        "train.decoder_loss": 0.030217882953584196,
        "train.decoder_acc": 0.9888907486200332,
        "val.encoder_mse": 0.001212659896387217,
        "val.decoder_loss": 0.05432738535679304,
        "val.decoder_acc": 0.9817904967528123,
        "val.ssim": 0.9533641705146203,
        "val.psnr": 35.20714961565458,
        "val.wpsnr": 35.245026515080376,
        "val.fsim": 0.9960187490169818,
        "val.rsbpp": 0.9635809935056247,
        "train.cover_score": -0.5851839785277844,
        "train.generated_score": -0.5835867162793875,
        "val.cover_score": -0.7105154807750995,
        "val.generated_score": -0.691959798336029,
        "epoch": 28
    },
    {
        "train.encoder_mse": 0.0008490221208194271,
        "train.decoder_loss": 0.0275900048809126,
        "train.decoder_acc": 0.9905395817756653,
        "val.encoder_mse": 0.0008028055845688169,
        "val.decoder_loss": 0.04999452943985279,
        "val.decoder_acc": 0.9809087835825406,
        "val.ssim": 0.962809526003324,
        "val.psnr": 36.980816034170296,
        "val.wpsnr": 37.10328380878155,
        "val.fsim": 0.9964881539344788,
        "val.rsbpp": 0.9618175671650813,
        "train.cover_score": -0.7833614809811116,
        "train.generated_score": -0.7837564469873906,
        "val.cover_score": -0.6034645667442908,
        "val.generated_score": -0.6092078364812411,
        "epoch": 29
    },
    {
        "train.encoder_mse": 0.001442590647493489,
        "train.decoder_loss": 0.048365808567032216,
        "train.decoder_acc": 0.9825690484046936,
        "val.encoder_mse": 0.0012870422349526333,
        "val.decoder_loss": 0.06826990327009788,
        "val.decoder_acc": 0.972959619302016,
        "val.ssim": 0.9345203775625962,
        "val.psnr": 34.9351402429434,
        "val.wpsnr": 35.01769990187425,
        "val.fsim": 0.9929160521580622,
        "val.rsbpp": 0.945919238604032,
        "train.cover_score": -0.6945323959365487,
        "train.generated_score": -0.6955796063505113,
        "val.cover_score": -0.7062884385769184,
        "val.generated_score": -0.7388266921043396,
        "epoch": 30
    },
    {
        "train.encoder_mse": 0.0032771923957625403,
        "train.decoder_loss": 0.07393736314028501,
        "train.decoder_acc": 0.9744370257854462,
        "val.encoder_mse": 0.028603302458157905,
        "val.decoder_loss": 0.20409251749515533,
        "val.decoder_acc": 0.9112800451425406,
        "val.ssim": 0.7960304342783414,
        "val.psnr": 21.477807851938103,
        "val.wpsnr": 21.461754872248722,
        "val.fsim": 0.952700293981112,
        "val.rsbpp": 0.8225600902850811,
        "train.cover_score": -0.7526541700586676,
        "train.generated_score": -0.7338083153218031,
        "val.cover_score": -2.049282404092642,
        "val.generated_score": -1.8437835436600905,
        "epoch": 31
    },
    {
        "train.encoder_mse": 0.0036974941892549394,
        "train.decoder_loss": 0.07804694974794985,
        "train.decoder_acc": 0.9722915273904801,
        "val.encoder_mse": 0.0016320832521439744,
        "val.decoder_loss": 0.11280885510719739,
        "val.decoder_acc": 0.9570842935488775,
        "val.ssim": 0.927262008190155,
        "val.psnr": 33.89400225419264,
        "val.wpsnr": 33.967062143179085,
        "val.fsim": 0.9951859941849341,
        "val.rsbpp": 0.9141685870977548,
        "train.cover_score": -0.8932675555348396,
        "train.generated_score": -0.8806331859529019,
        "val.cover_score": -1.833733393595769,
        "val.generated_score": -1.8729301966153657,
        "epoch": 32
    }
]