[
    {
        "train.encoder_mse": 0.001181930422426376,
        "train.decoder_loss": 0.6974806779623032,
        "train.decoder_acc": 0.5008203688263894,
        "val.encoder_mse": 0.00017098826803983405,
        "val.decoder_loss": 0.6933724467570965,
        "val.decoder_acc": 0.5008733960298392,
        "val.ssim": 0.9880095582741958,
        "val.psnr": 43.746849940373345,
        "val.wpsnr": 43.8020374591534,
        "val.fsim": 0.9973864142711346,
        "val.rsbpp": 0.0034935841193565955,
        "train.cover_score": 0.12831772163510322,
        "train.generated_score": 0.13054759601131083,
        "val.cover_score": 0.5751007084663098,
        "val.generated_score": 0.5819621475843283,
        "epoch": 1
    },
    {
        "train.encoder_mse": 5.954496544291033e-05,
        "train.decoder_loss": 0.693292328119278,
        "train.decoder_acc": 0.5010695028305053,
        "val.encoder_mse": 4.07243197304734e-05,
        "val.decoder_loss": 0.6932319769492516,
        "val.decoder_acc": 0.5011264315018287,
        "val.ssim": 0.9964636105757493,
        "val.psnr": 49.93542744563176,
        "val.wpsnr": 49.98484772902269,
        "val.fsim": 0.999226125387045,
        "val.rsbpp": 0.004505726007314829,
        "train.cover_score": -0.027228675994556396,
        "train.generated_score": -0.02715483039850369,
        "val.cover_score": -0.12267046307141964,
        "val.generated_score": -0.12283115146251825,
        "epoch": 2
    },
    {
        "train.encoder_mse": 2.17751222271545e-05,
        "train.decoder_loss": 0.6932368350028991,
        "train.decoder_acc": 0.5010134568810463,
        "val.encoder_mse": 2.8758174756568715e-05,
        "val.decoder_loss": 0.6932056546211243,
        "val.decoder_acc": 0.5012134634531461,
        "val.ssim": 0.9968039943621709,
        "val.psnr": 51.46186205056998,
        "val.wpsnr": 51.50899388239934,
        "val.fsim": 0.999388548044058,
        "val.rsbpp": 0.00485385381258451,
        "train.cover_score": -0.09493461886420845,
        "train.generated_score": -0.0948215914145112,
        "val.cover_score": -0.0991298441703503,
        "val.generated_score": -0.09865143723212756,
        "epoch": 3
    },
    {
        "train.encoder_mse": 1.8135274231099175e-05,
        "train.decoder_loss": 0.6931639683246612,
        "train.decoder_acc": 0.5018094462156296,
        "val.encoder_mse": 2.988365430120701e-05,
        "val.decoder_loss": 0.6931358667520376,
        "val.decoder_acc": 0.5029702736781194,
        "val.ssim": 0.9966676877095149,
        "val.psnr": 51.273875603309044,
        "val.wpsnr": 51.30250637347881,
        "val.fsim": 0.9994608989128699,
        "val.rsbpp": 0.011881094712477464,
        "train.cover_score": -0.03694111644581426,
        "train.generated_score": -0.03673878154135309,
        "val.cover_score": -0.0018643752348277932,
        "val.generated_score": -0.0018285506756421034,
        "epoch": 4
    },
    {
        "train.encoder_mse": 1.5664252346141437e-05,
        "train.decoder_loss": 0.6917811876535416,
        "train.decoder_acc": 0.5146065866947174,
        "val.encoder_mse": 6.919561341279544e-05,
        "val.decoder_loss": 0.680352087204273,
        "val.decoder_acc": 0.5659750837546128,
        "val.ssim": 0.9892345391787015,
        "val.psnr": 47.63295357043926,
        "val.wpsnr": 47.65524057241586,
        "val.fsim": 0.9994409726216242,
        "val.rsbpp": 0.2639003350184514,
        "train.cover_score": 0.04872888470301404,
        "train.generated_score": 0.0486937650362961,
        "val.cover_score": 0.10117148779905759,
        "val.generated_score": 0.10113796018637143,
        "epoch": 5
    },
    {
        "train.encoder_mse": 0.00030284152078820627,
        "train.decoder_loss": 0.6040834599733352,
        "train.decoder_acc": 0.6586387759447098,
        "val.encoder_mse": 0.0017307996123026197,
        "val.decoder_loss": 0.5967083298243009,
        "val.decoder_acc": 0.6627017259597778,
        "val.ssim": 0.9381880897742051,
        "val.psnr": 33.645491966834435,
        "val.wpsnr": 33.67433782724234,
        "val.fsim": 0.9972644631679242,
        "val.rsbpp": 0.6508069038391113,
        "train.cover_score": 0.15220349194074514,
        "train.generated_score": 0.14270070253289305,
        "val.cover_score": 0.10005049074355227,
        "val.generated_score": 0.145997400682133,
        "epoch": 6
    },
    {
        "train.encoder_mse": 0.001086370537232142,
        "train.decoder_loss": 0.527016062438488,
        "train.decoder_acc": 0.7141054373979568,
        "val.encoder_mse": 0.0004541580274235457,
        "val.decoder_loss": 0.5012743839850793,
        "val.decoder_acc": 0.7287942171096802,
        "val.ssim": 0.9683829637674185,
        "val.psnr": 39.460439682006836,
        "val.wpsnr": 39.644173255333534,
        "val.fsim": 0.9901311626801124,
        "val.rsbpp": 0.9151768684387207,
        "train.cover_score": -0.06754002100322395,
        "train.generated_score": -0.024259536233730613,
        "val.cover_score": -0.5185115096660761,
        "val.generated_score": -0.5134074401396972,
        "epoch": 7
    },
    {
        "train.encoder_mse": 0.0008436366353998892,
        "train.decoder_loss": 0.49984011948108675,
        "train.decoder_acc": 0.7375296157598495,
        "val.encoder_mse": 0.0014018512671240247,
        "val.decoder_loss": 0.5291292208891648,
        "val.decoder_acc": 0.7203172124349154,
        "val.ssim": 0.9354462119249197,
        "val.psnr": 34.56727431370662,
        "val.wpsnr": 34.60762728177584,
        "val.fsim": 0.9963662257561317,
        "val.rsbpp": 0.8812688497396616,
        "train.cover_score": 2.2372287936881183,
        "train.generated_score": 2.2354242745414377,
        "val.cover_score": 2.7818677310760203,
        "val.generated_score": 2.8890713934714976,
        "epoch": 8
    },
    {
        "train.encoder_mse": 0.0011183026070648338,
        "train.decoder_loss": 0.5031830728054046,
        "train.decoder_acc": 0.7427590006589889,
        "val.encoder_mse": 0.0036916586462981426,
        "val.decoder_loss": 0.5465198892813462,
        "val.decoder_acc": 0.7180976546727694,
        "val.ssim": 0.9368902444839478,
        "val.psnr": 30.47939502275907,
        "val.wpsnr": 30.493481856126053,
        "val.fsim": 0.9831523941113398,
        "val.rsbpp": 0.8723906186910776,
        "train.cover_score": 2.9127541618497346,
        "train.generated_score": 2.9639094711653886,
        "val.cover_score": 1.797693697305826,
        "val.generated_score": 2.350326515161074,
        "epoch": 9
    },
    {
        "train.encoder_mse": 0.0015589033949072472,
        "train.decoder_loss": 0.4595581492781639,
        "train.decoder_acc": 0.7744873982667922,
        "val.encoder_mse": 0.0009966718319516915,
        "val.decoder_loss": 0.44131362667450535,
        "val.decoder_acc": 0.7879131390498235,
        "val.ssim": 0.9589750812603877,
        "val.psnr": 36.06349559930655,
        "val.wpsnr": 36.07870512742262,
        "val.fsim": 0.9965928196907043,
        "val.rsbpp": 1.1516525561992939,
        "train.cover_score": 0.9012689373735339,
        "train.generated_score": 0.9429294984042644,
        "val.cover_score": 0.19415815461140412,
        "val.generated_score": 0.18395675747440413,
        "epoch": 10
    },
    {
        "train.encoder_mse": 0.0007654012777493335,
        "train.decoder_loss": 0.4245486533641815,
        "train.decoder_acc": 0.8015087032318116,
        "val.encoder_mse": 0.0015788441613459815,
        "val.decoder_loss": 0.465426314335603,
        "val.decoder_acc": 0.7768820432516245,
        "val.ssim": 0.9666983026724595,
        "val.psnr": 34.06249339763935,
        "val.wpsnr": 34.03401741614709,
        "val.fsim": 0.9963864867503827,
        "val.rsbpp": 1.1075281730064979,
        "train.cover_score": 2.651282653696835,
        "train.generated_score": 2.6406404437869786,
        "val.cover_score": 2.2377510242737255,
        "val.generated_score": 2.2721269738215666,
        "epoch": 11
    },
    {
        "train.encoder_mse": 0.0012143494101474063,
        "train.decoder_loss": 0.368425187766552,
        "train.decoder_acc": 0.8345751190185546,
        "val.encoder_mse": 0.0006370928917581645,
        "val.decoder_loss": 0.3125440524174617,
        "val.decoder_acc": 0.8672133867557232,
        "val.ssim": 0.9490661391845117,
        "val.psnr": 37.99209961524377,
        "val.wpsnr": 38.082064408522385,
        "val.fsim": 0.9822993737000686,
        "val.rsbpp": 1.468853547022893,
        "train.cover_score": 1.0509689957182855,
        "train.generated_score": 1.1865568633005024,
        "val.cover_score": -0.18165920961361665,
        "val.generated_score": -0.1606628570992213,
        "epoch": 12
    },
    {
        "train.encoder_mse": 0.0005939518468221649,
        "train.decoder_loss": 0.23819884285330772,
        "train.decoder_acc": 0.9067452663183212,
        "val.encoder_mse": 0.0006422398549218017,
        "val.decoder_loss": 0.24525885857068574,
        "val.decoder_acc": 0.9015941344774686,
        "val.ssim": 0.9376035424379202,
        "val.psnr": 37.95047374872061,
        "val.wpsnr": 38.01481745793269,
        "val.fsim": 0.9856076011290917,
        "val.rsbpp": 1.6063765379098744,
        "train.cover_score": -0.02574913813965395,
        "train.generated_score": -0.032975205361144615,
        "val.cover_score": 0.04883201169566466,
        "val.generated_score": 0.07782172977637786,
        "epoch": 13
    },
    {
        "train.encoder_mse": 0.0005938432493712753,
        "train.decoder_loss": 0.21047813773155213,
        "train.decoder_acc": 0.9189257019758225,
        "val.encoder_mse": 0.0005146978767767835,
        "val.decoder_loss": 0.22943193866656378,
        "val.decoder_acc": 0.9073295776660626,
        "val.ssim": 0.950640490421882,
        "val.psnr": 38.91185998916626,
        "val.wpsnr": 38.974327967717095,
        "val.fsim": 0.9938181409469018,
        "val.rsbpp": 1.6293183106642504,
        "train.cover_score": 0.3000896915793419,
        "train.generated_score": 0.28166129618883134,
        "val.cover_score": 0.17974352893921045,
        "val.generated_score": 0.17385599532952675,
        "epoch": 14
    },
    {
        "train.encoder_mse": 0.0006487611788907089,
        "train.decoder_loss": 0.1870509599149227,
        "train.decoder_acc": 0.9284462082386017,
        "val.encoder_mse": 0.0005976704459709043,
        "val.decoder_loss": 0.18295128185015458,
        "val.decoder_acc": 0.9295808764604422,
        "val.ssim": 0.9490924110779395,
        "val.psnr": 38.26003386424138,
        "val.wpsnr": 38.3441517169659,
        "val.fsim": 0.9929103622069726,
        "val.rsbpp": 1.7183235058417687,
        "train.cover_score": 0.0823481431696564,
        "train.generated_score": 0.08732996117090806,
        "val.cover_score": -0.11059273693424004,
        "val.generated_score": -0.11262907603612313,
        "epoch": 15
    },
    {
        "train.encoder_mse": 0.0005992705098469742,
        "train.decoder_loss": 0.15289417892694473,
        "train.decoder_acc": 0.9438962310552597,
        "val.encoder_mse": 0.0005121269115569213,
        "val.decoder_loss": 0.1736501925266706,
        "val.decoder_acc": 0.9332035642403823,
        "val.ssim": 0.9525781686489398,
        "val.psnr": 38.9324426651001,
        "val.wpsnr": 39.00014437161959,
        "val.fsim": 0.9932176745854892,
        "val.rsbpp": 1.732814256961529,
        "train.cover_score": 0.14172315228846855,
        "train.generated_score": 0.130577769250649,
        "val.cover_score": -0.05147327912541536,
        "val.generated_score": -0.06061793147371365,
        "epoch": 16
    },
    {
        "train.encoder_mse": 0.0005866364328539931,
        "train.decoder_loss": 0.1652636218070984,
        "train.decoder_acc": 0.9366588425636292,
        "val.encoder_mse": 0.0006972850488427167,
        "val.decoder_loss": 0.15382267133547708,
        "val.decoder_acc": 0.9410664026553814,
        "val.ssim": 0.9373640647301307,
        "val.psnr": 37.59246349334717,
        "val.wpsnr": 37.66747430654672,
        "val.fsim": 0.9899894640995905,
        "val.rsbpp": 1.7642656106215258,
        "train.cover_score": 0.22236729773227126,
        "train.generated_score": 0.23001966302166693,
        "val.cover_score": -0.2774050086736679,
        "val.generated_score": -0.2738488797958081,
        "epoch": 17
    },
    {
        "train.encoder_mse": 0.0005584906516014599,
        "train.decoder_loss": 0.13068699918687343,
        "train.decoder_acc": 0.9526362055540085,
        "val.encoder_mse": 0.0006448553490022627,
        "val.decoder_loss": 0.13424297594107115,
        "val.decoder_acc": 0.9498736491570106,
        "val.ssim": 0.9463172463270334,
        "val.psnr": 37.937955122727615,
        "val.wpsnr": 38.0305915245643,
        "val.fsim": 0.9921032419571509,
        "val.rsbpp": 1.7994945966280425,
        "train.cover_score": 0.03141951512545347,
        "train.generated_score": 0.020114840923843077,
        "val.cover_score": 1.035237500300774,
        "val.generated_score": 1.028612352334536,
        "epoch": 18
    },
    {
        "train.encoder_mse": 0.000576728850719519,
        "train.decoder_loss": 0.12362331084907055,
        "train.decoder_acc": 0.9548166519403458,
        "val.encoder_mse": 0.0006883194168599752,
        "val.decoder_loss": 0.15923591932425132,
        "val.decoder_acc": 0.9380676196171687,
        "val.ssim": 0.9484828527157123,
        "val.psnr": 37.65409341225257,
        "val.wpsnr": 37.69678409282978,
        "val.fsim": 0.9942058003865756,
        "val.rsbpp": 1.752270478468675,
        "train.cover_score": 0.12026378719136119,
        "train.generated_score": 0.11275601844863559,
        "val.cover_score": 0.3464673940952008,
        "val.generated_score": 0.37045431251709277,
        "epoch": 19
    },
    {
        "train.encoder_mse": 0.0005579835356911645,
        "train.decoder_loss": 0.13449814662337303,
        "train.decoder_acc": 0.9498286509513855,
        "val.encoder_mse": 0.00043244895641691983,
        "val.decoder_loss": 0.1617567138029979,
        "val.decoder_acc": 0.9373078804749709,
        "val.ssim": 0.9636887816282419,
        "val.psnr": 39.67609625596266,
        "val.wpsnr": 39.75713847233699,
        "val.fsim": 0.9940635791191688,
        "val.rsbpp": 1.7492315218998835,
        "train.cover_score": 0.8264464899897576,
        "train.generated_score": 0.8426882670074701,
        "val.cover_score": -0.697824634038485,
        "val.generated_score": -0.7190630390093877,
        "epoch": 20
    },
    {
        "train.encoder_mse": 0.000498715358262416,
        "train.decoder_loss": 0.11782923135906458,
        "train.decoder_acc": 0.9565243601799012,
        "val.encoder_mse": 0.0003722263141893424,
        "val.decoder_loss": 0.2567141434321037,
        "val.decoder_acc": 0.8981809020042419,
        "val.ssim": 0.9648324938920828,
        "val.psnr": 40.32329724385188,
        "val.wpsnr": 40.362374819242035,
        "val.fsim": 0.9919602229044988,
        "val.rsbpp": 1.5927236080169678,
        "train.cover_score": -0.31764785343781116,
        "train.generated_score": -0.2893734561651945,
        "val.cover_score": -0.06550865161877412,
        "val.generated_score": -0.003734529107952347,
        "epoch": 21
    },
    {
        "train.encoder_mse": 0.0005013794335536659,
        "train.decoder_loss": 0.10949728574603795,
        "train.decoder_acc": 0.9603384655714035,
        "val.encoder_mse": 0.0006350688143776587,
        "val.decoder_loss": 0.10424692241045144,
        "val.decoder_acc": 0.9614558082360488,
        "val.ssim": 0.9498439614589398,
        "val.psnr": 38.01049764339741,
        "val.wpsnr": 38.11365098219652,
        "val.fsim": 0.9930451741585364,
        "val.rsbpp": 1.845823232944195,
        "train.cover_score": -0.0768157669948414,
        "train.generated_score": -0.07468038994120434,
        "val.cover_score": -0.10373561600079903,
        "val.generated_score": -0.11858335309303723,
        "epoch": 22
    },
    {
        "train.encoder_mse": 0.00047504283022135494,
        "train.decoder_loss": 0.10082293760031462,
        "train.decoder_acc": 0.9632780408859253,
        "val.encoder_mse": 0.0006464396316844684,
        "val.decoder_loss": 0.12031978769944264,
        "val.decoder_acc": 0.9543908788607671,
        "val.ssim": 0.9402983280328604,
        "val.psnr": 37.94448467401358,
        "val.wpsnr": 38.03893015934871,
        "val.fsim": 0.9844247469535241,
        "val.rsbpp": 1.8175635154430683,
        "train.cover_score": 0.22707109938375653,
        "train.generated_score": 0.23371893285308032,
        "val.cover_score": -0.010940475174440788,
        "val.generated_score": 0.014199769160208793,
        "epoch": 23
    },
    {
        "train.encoder_mse": 0.0005398854421218857,
        "train.decoder_loss": 0.08615181036293507,
        "train.decoder_acc": 0.968882583975792,
        "val.encoder_mse": 0.0004405068466439843,
        "val.decoder_loss": 0.10779617325617717,
        "val.decoder_acc": 0.9598981692240789,
        "val.ssim": 0.9620156425696152,
        "val.psnr": 39.60905331831712,
        "val.wpsnr": 39.722576728233925,
        "val.fsim": 0.9957804267223065,
        "val.rsbpp": 1.8395926768963153,
        "train.cover_score": -0.2078277710452676,
        "train.generated_score": -0.21572195264860056,
        "val.cover_score": -0.5336158367303702,
        "val.generated_score": -0.5413945913314819,
        "epoch": 24
    },
    {
        "train.encoder_mse": 0.0004508999819518067,
        "train.decoder_loss": 0.08392692342400551,
        "train.decoder_acc": 0.9704565590620041,
        "val.encoder_mse": 0.0004251708249704769,
        "val.decoder_loss": 0.14233249425888062,
        "val.decoder_acc": 0.9457451930412879,
        "val.ssim": 0.9572624151523297,
        "val.psnr": 39.761265791379486,
        "val.wpsnr": 39.84708786010742,
        "val.fsim": 0.9939304498525766,
        "val.rsbpp": 1.7829807721651518,
        "train.cover_score": -0.22762234072666615,
        "train.generated_score": -0.23498911916743964,
        "val.cover_score": -0.043586361687630415,
        "val.generated_score": -0.05139527190476656,
        "epoch": 25
    },
    {
        "train.encoder_mse": 0.0004720241538598202,
        "train.decoder_loss": 0.08825458385050297,
        "train.decoder_acc": 0.9677216255664826,
        "val.encoder_mse": 0.0004490745106103042,
        "val.decoder_loss": 0.10757346651875056,
        "val.decoder_acc": 0.9601624103692862,
        "val.ssim": 0.9627008942457346,
        "val.psnr": 39.5174842614394,
        "val.wpsnr": 39.628709939809944,
        "val.fsim": 0.9951788095327524,
        "val.rsbpp": 1.8406496414771447,
        "train.cover_score": -0.07505713361897506,
        "train.generated_score": -0.05596593859474524,
        "val.cover_score": -0.3067016280614413,
        "val.generated_score": -0.31090173010642713,
        "epoch": 26
    },
    {
        "train.encoder_mse": 0.0004247833078261465,
        "train.decoder_loss": 0.08071379445493221,
        "train.decoder_acc": 0.9710325890779495,
        "val.encoder_mse": 0.00043214695492329507,
        "val.decoder_loss": 0.09381116783389679,
        "val.decoder_acc": 0.9657151103019714,
        "val.ssim": 0.9645501833695632,
        "val.psnr": 39.68553249652569,
        "val.wpsnr": 39.81010554387019,
        "val.fsim": 0.9933608311873215,
        "val.rsbpp": 1.8628604412078857,
        "train.cover_score": -0.2121588154975325,
        "train.generated_score": -0.20727497830521316,
        "val.cover_score": -0.4514068089998685,
        "val.generated_score": -0.45183584781793446,
        "epoch": 27
    },
    {
        "train.encoder_mse": 0.0004471955233020708,
        "train.decoder_loss": 0.07764417499303818,
        "train.decoder_acc": 0.9723885804414749,
        "val.encoder_mse": 0.00042704259752869035,
        "val.decoder_loss": 0.11094976101930325,
        "val.decoder_acc": 0.9585429659256568,
        "val.ssim": 0.9619672986177298,
        "val.psnr": 39.74333469684307,
        "val.wpsnr": 39.860293461726265,
        "val.fsim": 0.9926466850134043,
        "val.rsbpp": 1.8341718637026274,
        "train.cover_score": -0.3537941510975361,
        "train.generated_score": -0.3583602687297389,
        "val.cover_score": -0.748863160610199,
        "val.generated_score": -0.7410834844295795,
        "epoch": 28
    },
    {
        "train.encoder_mse": 0.0004244544429820962,
        "train.decoder_loss": 0.07095251290127635,
        "train.decoder_acc": 0.9747625833749771,
        "val.encoder_mse": 0.0003821468674756873,
        "val.decoder_loss": 0.12798005113234887,
        "val.decoder_acc": 0.9529138024036701,
        "val.ssim": 0.9674796553758475,
        "val.psnr": 40.21195081564096,
        "val.wpsnr": 40.31323917095478,
        "val.fsim": 0.9963517785072327,
        "val.rsbpp": 1.8116552096146803,
        "train.cover_score": -0.32489584617316725,
        "train.generated_score": -0.32683965624775735,
        "val.cover_score": -0.37234763915722185,
        "val.generated_score": -0.378431661770894,
        "epoch": 29
    },
    {
        "train.encoder_mse": 0.00042389710084535183,
        "train.decoder_loss": 0.07475288972258567,
        "train.decoder_acc": 0.9728857564926148,
        "val.encoder_mse": 0.00044086040669264126,
        "val.decoder_loss": 0.08781241195706221,
        "val.decoder_acc": 0.967615586060744,
        "val.ssim": 0.9642276993164649,
        "val.psnr": 39.60915785569411,
        "val.wpsnr": 39.74061701847957,
        "val.fsim": 0.994727739920983,
        "val.rsbpp": 1.8704623442429762,
        "train.cover_score": -0.21497022107243538,
        "train.generated_score": -0.22293260942213236,
        "val.cover_score": 0.028868662300877847,
        "val.generated_score": 0.020707636677588407,
        "epoch": 30
    },
    {
        "train.encoder_mse": 0.0004163313138997182,
        "train.decoder_loss": 0.07233325341716408,
        "train.decoder_acc": 0.9738661766052246,
        "val.encoder_mse": 0.0004016551090619312,
        "val.decoder_loss": 0.09012638404965401,
        "val.decoder_acc": 0.9664478668799767,
        "val.ssim": 0.9662737479576697,
        "val.psnr": 40.03566833642813,
        "val.wpsnr": 40.15460263765775,
        "val.fsim": 0.9959513269937955,
        "val.rsbpp": 1.8657914675199068,
        "train.cover_score": -0.33170741830952466,
        "train.generated_score": -0.3382871137559414,
        "val.cover_score": -0.06618434699395528,
        "val.generated_score": -0.06513975725437586,
        "epoch": 31
    },
    {
        "train.encoder_mse": 0.00039370339509332554,
        "train.decoder_loss": 0.07076584061607719,
        "train.decoder_acc": 0.9748047459125518,
        "val.encoder_mse": 0.00045426723842795653,
        "val.decoder_loss": 0.07459795475006104,
        "val.decoder_acc": 0.9729337371312655,
        "val.ssim": 0.9645226918734037,
        "val.psnr": 39.50242097561176,
        "val.wpsnr": 39.62056497427133,
        "val.fsim": 0.9951934860302851,
        "val.rsbpp": 1.891734948525062,
        "train.cover_score": -0.27687149273231626,
        "train.generated_score": -0.2783231496438384,
        "val.cover_score": -0.09700283078620067,
        "val.generated_score": -0.10626203394853152,
        "epoch": 32
    }
]