[
    {
        "train.encoder_mse": 0.03010156808886677,
        "train.decoder_loss": 0.6902800977230072,
        "train.decoder_acc": 0.5380207857489586,
        "val.encoder_mse": 0.003620627372024151,
        "val.decoder_loss": 0.6872375011444092,
        "val.decoder_acc": 0.5503826829103323,
        "val.ssim": 0.7247650898419894,
        "val.psnr": 30.44744509917039,
        "val.rsbpp": 0.4030614632826585,
        "train.cover_score": 0.05889460455626249,
        "train.generated_score": 0.049708840623497966,
        "val.cover_score": 0.07251894703278175,
        "val.generated_score": 0.04885899705382494,
        "epoch": 1
    },
    {
        "train.encoder_mse": 0.0022703538252972066,
        "train.decoder_loss": 0.6839104163646698,
        "train.decoder_acc": 0.5609430658817292,
        "val.encoder_mse": 0.0015122013954589,
        "val.decoder_loss": 0.6813974838990432,
        "val.decoder_acc": 0.5653059069926922,
        "val.ssim": 0.8424408527520987,
        "val.psnr": 34.255365775181694,
        "val.rsbpp": 0.5224472559415377,
        "train.cover_score": 0.08740313179790973,
        "train.generated_score": 0.05196343578398228,
        "val.cover_score": 0.09659508042610608,
        "val.generated_score": 0.05388075657762014,
        "epoch": 2
    },
    {
        "train.encoder_mse": 0.001338872627238743,
        "train.decoder_loss": 0.6742025738954545,
        "train.decoder_acc": 0.5786806261539459,
        "val.encoder_mse": 0.001100793019689333,
        "val.decoder_loss": 0.6686878662842971,
        "val.decoder_acc": 0.5865890292020944,
        "val.ssim": 0.8752334209588858,
        "val.psnr": 35.63702216515174,
        "val.rsbpp": 0.6927122336167556,
        "train.cover_score": 0.10359367616474628,
        "train.generated_score": 0.05238659854978323,
        "val.cover_score": 0.10685324668884277,
        "val.generated_score": 0.05062623436634357,
        "epoch": 3
    },
    {
        "train.encoder_mse": 0.0009878430335083976,
        "train.decoder_loss": 0.6557137674093246,
        "train.decoder_acc": 0.6060426598787307,
        "val.encoder_mse": 0.0008930984454659316,
        "val.decoder_loss": 0.6461645089662992,
        "val.decoder_acc": 0.6180256926096402,
        "val.ssim": 0.8902172125302829,
        "val.psnr": 36.53058969057523,
        "val.rsbpp": 0.9442055408771222,
        "train.cover_score": 0.1113645450025797,
        "train.generated_score": 0.05058135148137808,
        "val.cover_score": 0.11250714441904655,
        "val.generated_score": 0.049836437576092206,
        "epoch": 4
    },
    {
        "train.encoder_mse": 0.000837614222546108,
        "train.decoder_loss": 0.6309348994493484,
        "train.decoder_acc": 0.6364084142446518,
        "val.encoder_mse": 0.0008919243476926708,
        "val.decoder_loss": 0.6224642716921293,
        "val.decoder_acc": 0.6459510601483859,
        "val.ssim": 0.8948718080153832,
        "val.psnr": 36.55956268310547,
        "val.rsbpp": 1.1676084811870868,
        "train.cover_score": 0.11463691040873528,
        "train.generated_score": 0.04846601150929928,
        "val.cover_score": 0.11325781161968525,
        "val.generated_score": 0.046068740578798145,
        "epoch": 5
    },
    {
        "train.encoder_mse": 0.0008062856498872861,
        "train.decoder_loss": 0.6067840963602066,
        "train.decoder_acc": 0.6624041372537612,
        "val.encoder_mse": 0.0008058653150398571,
        "val.decoder_loss": 0.5973460811835068,
        "val.decoder_acc": 0.6718903000538166,
        "val.ssim": 0.9031543777539179,
        "val.psnr": 36.977278636052056,
        "val.rsbpp": 1.3751224004305327,
        "train.cover_score": 0.11587616324424743,
        "train.generated_score": 0.04576560910791159,
        "val.cover_score": 0.11723546970349091,
        "val.generated_score": 0.04319748110496081,
        "epoch": 6
    },
    {
        "train.encoder_mse": 0.0007979266700567678,
        "train.decoder_loss": 0.58011878490448,
        "train.decoder_acc": 0.6878567510843276,
        "val.encoder_mse": 0.0007852091310689083,
        "val.decoder_loss": 0.5730779950435345,
        "val.decoder_acc": 0.6943505498079153,
        "val.ssim": 0.9043093323707581,
        "val.psnr": 37.091947702261116,
        "val.rsbpp": 1.5548043984633226,
        "train.cover_score": 0.11769745290279389,
        "train.generated_score": 0.040915873274207114,
        "val.cover_score": 0.11681069433689117,
        "val.generated_score": 0.036531869895183124,
        "epoch": 7
    },
    {
        "train.encoder_mse": 0.0007692510803462937,
        "train.decoder_loss": 0.5576308023929596,
        "train.decoder_acc": 0.7072829115390777,
        "val.encoder_mse": 0.0008298298388791198,
        "val.decoder_loss": 0.5520341258782607,
        "val.decoder_acc": 0.7114565418316767,
        "val.ssim": 0.9052827083147489,
        "val.psnr": 36.8576900775616,
        "val.rsbpp": 1.6916523346534142,
        "train.cover_score": 0.11826945953071118,
        "train.generated_score": 0.0360680740699172,
        "val.cover_score": 0.1177719201032932,
        "val.generated_score": 0.033042269257398754,
        "epoch": 8
    },
    {
        "train.encoder_mse": 0.0008185064123244956,
        "train.decoder_loss": 0.5384992814064026,
        "train.decoder_acc": 0.7220128464698792,
        "val.encoder_mse": 0.0010436503753925746,
        "val.decoder_loss": 0.5350901484489441,
        "val.decoder_acc": 0.7243735148356512,
        "val.ssim": 0.8947165608406067,
        "val.psnr": 35.89381034557636,
        "val.rsbpp": 1.7949881186852088,
        "train.cover_score": 0.11781742319464683,
        "train.generated_score": 0.03169122282415628,
        "val.cover_score": 0.11799778731969687,
        "val.generated_score": 0.02855223059081114,
        "epoch": 9
    },
    {
        "train.encoder_mse": 0.000861974551808089,
        "train.decoder_loss": 0.5211268720030785,
        "train.decoder_acc": 0.7334479814767838,
        "val.encoder_mse": 0.0008557895019363898,
        "val.decoder_loss": 0.518374319259937,
        "val.decoder_acc": 0.7348916484759405,
        "val.ssim": 0.9037896303030161,
        "val.psnr": 36.6980924973121,
        "val.rsbpp": 1.8791331878075233,
        "train.cover_score": 0.11627619378268719,
        "train.generated_score": 0.02241076434031129,
        "val.cover_score": 0.11352159770635459,
        "val.generated_score": 0.014291805143539723,
        "epoch": 10
    }
]