[
    {
        "train.encoder_mse": 0.012773006817442365,
        "train.decoder_loss": 0.6951157891750336,
        "train.decoder_acc": 0.5097664713859558,
        "val.encoder_mse": 0.0003192278628165905,
        "val.decoder_loss": 0.6927684132869427,
        "val.decoder_acc": 0.5166721527393048,
        "val.ssim": 0.9803898334503174,
        "val.psnr": 41.03878076259907,
        "val.rsbpp": 0.033344305478609525,
        "train.cover_score": -0.9087692614784464,
        "train.generated_score": -0.9128206127136945,
        "val.cover_score": -0.09195824067753094,
        "val.generated_score": -0.08739869597439583,
        "epoch": 1
    },
    {
        "train.encoder_mse": 0.00020733655990625265,
        "train.decoder_loss": 0.6710068041086197,
        "train.decoder_acc": 0.5815540415048599,
        "val.encoder_mse": 0.0003389900577111313,
        "val.decoder_loss": 0.5994263841555669,
        "val.decoder_acc": 0.6784508549250089,
        "val.ssim": 0.9638633865576524,
        "val.psnr": 40.74073809843797,
        "val.rsbpp": 0.35690170985001785,
        "train.cover_score": 0.9866364305117168,
        "train.generated_score": 0.9887729028309695,
        "val.cover_score": 0.1905099508854059,
        "val.generated_score": 0.1926499054982112,
        "epoch": 2
    },
    {
        "train.encoder_mse": 0.0004201789427315816,
        "train.decoder_loss": 0.47489968687295914,
        "train.decoder_acc": 0.7661053729057312,
        "val.encoder_mse": 0.0006444280017883732,
        "val.decoder_loss": 0.4135264616746169,
        "val.decoder_acc": 0.808244893184075,
        "val.ssim": 0.9583211082678574,
        "val.psnr": 37.943133757664604,
        "val.rsbpp": 0.61648978636815,
        "train.cover_score": -0.2451097706647124,
        "train.generated_score": -0.2612153957400005,
        "val.cover_score": -3.84805152966426,
        "val.generated_score": -3.8451888928046594,
        "epoch": 3
    },
    {
        "train.encoder_mse": 0.0011893784799030982,
        "train.decoder_loss": 0.31605821758508684,
        "train.decoder_acc": 0.8621446269750596,
        "val.encoder_mse": 0.003073443461639377,
        "val.decoder_loss": 0.33154430297704846,
        "val.decoder_acc": 0.8561878296045157,
        "val.ssim": 0.9126450786223779,
        "val.psnr": 31.154392682589016,
        "val.rsbpp": 0.7123756592090313,
        "train.cover_score": -0.0859684064052999,
        "train.generated_score": -0.08072193652624264,
        "val.cover_score": 0.681493539076585,
        "val.generated_score": 0.6690477637144235,
        "epoch": 4
    },
    {
        "train.encoder_mse": 0.0020783139124978334,
        "train.decoder_loss": 0.29299871638417246,
        "train.decoder_acc": 0.8753591018915177,
        "val.encoder_mse": 0.0007720867556949648,
        "val.decoder_loss": 0.27496928778978497,
        "val.decoder_acc": 0.8829492376400874,
        "val.ssim": 0.9405816013996418,
        "val.psnr": 37.16367446459257,
        "val.rsbpp": 0.7658984752801749,
        "train.cover_score": 1.8815312189189717,
        "train.generated_score": 1.9150634221406653,
        "val.cover_score": -0.24494452831836847,
        "val.generated_score": -0.25378249757564986,
        "epoch": 5
    },
    {
        "train.encoder_mse": 0.0008722814833163284,
        "train.decoder_loss": 0.2272334335744381,
        "train.decoder_acc": 0.9069748616218567,
        "val.encoder_mse": 0.0008588661618817311,
        "val.decoder_loss": 0.18929838102597457,
        "val.decoder_acc": 0.9245385940258319,
        "val.ssim": 0.9257287153830895,
        "val.psnr": 36.690119413229134,
        "val.rsbpp": 0.8490771880516639,
        "train.cover_score": 0.2737290673842654,
        "train.generated_score": 0.23623596739489586,
        "val.cover_score": -0.664825058900393,
        "val.generated_score": -0.68623869235699,
        "epoch": 6
    },
    {
        "train.encoder_mse": 0.001672680550836958,
        "train.decoder_loss": 0.25814315423369405,
        "train.decoder_acc": 0.8903837704658508,
        "val.encoder_mse": 0.0025294111110270023,
        "val.decoder_loss": 0.19613830745220184,
        "val.decoder_acc": 0.919720356280987,
        "val.ssim": 0.8701275449532729,
        "val.psnr": 32.01062202453613,
        "val.rsbpp": 0.8394407125619742,
        "train.cover_score": 3.372533248681575,
        "train.generated_score": 3.420311917103827,
        "val.cover_score": 2.1910835963029127,
        "val.generated_score": 2.3442269196877112,
        "epoch": 7
    },
    {
        "train.encoder_mse": 0.001107292656088248,
        "train.decoder_loss": 0.26032277062535286,
        "train.decoder_acc": 0.890654878616333,
        "val.encoder_mse": 0.0005045160897470152,
        "val.decoder_loss": 0.3289478077338292,
        "val.decoder_acc": 0.8552339260394757,
        "val.ssim": 0.9755576298787043,
        "val.psnr": 39.00566321152907,
        "val.rsbpp": 0.7104678520789514,
        "train.cover_score": 1.5620428238995374,
        "train.generated_score": 1.5132006644457578,
        "val.cover_score": 1.2165781273864782,
        "val.generated_score": 1.15570745158654,
        "epoch": 8
    },
    {
        "train.encoder_mse": 0.002129359981918242,
        "train.decoder_loss": 0.28824580520391463,
        "train.decoder_acc": 0.8749963688850403,
        "val.encoder_mse": 0.0005461947070076489,
        "val.decoder_loss": 0.2561459300609735,
        "val.decoder_acc": 0.8927219051581162,
        "val.ssim": 0.9591843623381394,
        "val.psnr": 38.65335684556227,
        "val.rsbpp": 0.7854438103162326,
        "train.cover_score": 2.3145216903765684,
        "train.generated_score": 2.4013644815143196,
        "val.cover_score": 1.0286994255506074,
        "val.generated_score": 0.9829742908477783,
        "epoch": 9
    },
    {
        "train.encoder_mse": 0.0010367524198954925,
        "train.decoder_loss": 0.23708353638648988,
        "train.decoder_acc": 0.9012099814414978,
        "val.encoder_mse": 0.0014500602578314452,
        "val.decoder_loss": 0.375776455952571,
        "val.decoder_acc": 0.8324779593027555,
        "val.ssim": 0.9327409909321711,
        "val.psnr": 34.41052051690909,
        "val.rsbpp": 0.664955918605511,
        "train.cover_score": 2.085665068179369,
        "train.generated_score": 2.0877591620385645,
        "val.cover_score": 0.7086902509371822,
        "val.generated_score": 0.8449541559586158,
        "epoch": 10
    },
    {
        "train.encoder_mse": 0.0007568081383942626,
        "train.decoder_loss": 0.2022121063619852,
        "train.decoder_acc": 0.9184791266918182,
        "val.encoder_mse": 0.001080799919481461,
        "val.decoder_loss": 0.2277235102195006,
        "val.decoder_acc": 0.9055140110162588,
        "val.ssim": 0.9489357379766611,
        "val.psnr": 35.69941539030809,
        "val.rsbpp": 0.8110280220325177,
        "train.cover_score": 0.47082523049786684,
        "train.generated_score": 0.5030719699338079,
        "val.cover_score": 0.7065633329061362,
        "val.generated_score": 0.8256099201165713,
        "epoch": 11
    },
    {
        "train.encoder_mse": 0.0007600255927536636,
        "train.decoder_loss": 0.1400559065490961,
        "train.decoder_acc": 0.946625035405159,
        "val.encoder_mse": 0.0005694182764273137,
        "val.decoder_loss": 0.14879475591274408,
        "val.decoder_acc": 0.9424407252898583,
        "val.ssim": 0.9426638392301706,
        "val.psnr": 38.49263392961942,
        "val.rsbpp": 0.8848814505797166,
        "train.cover_score": 0.5219937885552645,
        "train.generated_score": 0.5402291540987789,
        "val.cover_score": 0.16217565085165775,
        "val.generated_score": 0.21022417195714438,
        "epoch": 12
    },
    {
        "train.encoder_mse": 0.0006926724046934396,
        "train.decoder_loss": 0.1414131783694029,
        "train.decoder_acc": 0.9456580054759979,
        "val.encoder_mse": 0.001154161049411274,
        "val.decoder_loss": 0.1635463644678776,
        "val.decoder_acc": 0.9365478754043579,
        "val.ssim": 0.9052363267311683,
        "val.psnr": 35.42386861947867,
        "val.rsbpp": 0.8730957508087158,
        "train.cover_score": 0.5533611498773098,
        "train.generated_score": 0.5806430477648974,
        "val.cover_score": 0.3071843752494225,
        "val.generated_score": 0.44985599242723906,
        "epoch": 13
    },
    {
        "train.encoder_mse": 0.0006592191464733332,
        "train.decoder_loss": 0.10706247795373201,
        "train.decoder_acc": 0.9614166951179505,
        "val.encoder_mse": 0.0006496892355454082,
        "val.decoder_loss": 0.09998202667786525,
        "val.decoder_acc": 0.9633163442978492,
        "val.ssim": 0.9317378447606013,
        "val.psnr": 37.90311776674711,
        "val.rsbpp": 0.9266326885956985,
        "train.cover_score": 0.2658616462070495,
        "train.generated_score": 0.2646072209777776,
        "val.cover_score": -0.1590440499667938,
        "val.generated_score": -0.14399080064434272,
        "epoch": 14
    },
    {
        "train.encoder_mse": 0.0006238391299848444,
        "train.decoder_loss": 0.08026441678404808,
        "train.decoder_acc": 0.9722379767894744,
        "val.encoder_mse": 0.0006036869062182421,
        "val.decoder_loss": 0.10309167607472493,
        "val.decoder_acc": 0.9624922825739934,
        "val.ssim": 0.9418643254500169,
        "val.psnr": 38.21924723111666,
        "val.rsbpp": 0.9249845651479868,
        "train.cover_score": -0.019365535795222967,
        "train.generated_score": -0.019660094077698885,
        "val.cover_score": 0.15778288818322694,
        "val.generated_score": 0.155000922198479,
        "epoch": 15
    }
]