[
    {
        "train.encoder_mse": 0.0030614895563485334,
        "train.decoder_loss": 0.6882712417840957,
        "train.decoder_acc": 0.5304153469204903,
        "val.encoder_mse": 0.00023587360472167627,
        "val.decoder_loss": 0.6258309391828684,
        "val.decoder_acc": 0.6402495824373685,
        "val.ssim": 0.966435446189,
        "val.psnr": 42.324673946087174,
        "val.wpsnr": 42.339901850773735,
        "val.fsim": 0.9964233957804166,
        "val.rsbpp": 0.2804991648747371,
        "train.cover_score": -0.4580288067294168,
        "train.generated_score": -0.4562329311622307,
        "val.cover_score": 0.04298792879741926,
        "val.generated_score": 0.04303873244386453,
        "epoch": 1
    },
    {
        "train.encoder_mse": 0.001356495082291076,
        "train.decoder_loss": 0.42008054852485655,
        "train.decoder_acc": 0.8064784514904022,
        "val.encoder_mse": 0.00611811475111888,
        "val.decoder_loss": 0.4384956589111915,
        "val.decoder_acc": 0.7976854076752296,
        "val.ssim": 0.8678876207425044,
        "val.psnr": 28.18757130549504,
        "val.wpsnr": 28.203543002788837,
        "val.fsim": 0.9696972232598525,
        "val.rsbpp": 0.5953708153504592,
        "train.cover_score": 0.48752063479449137,
        "train.generated_score": 0.5384758751792833,
        "val.cover_score": -0.16825310054879922,
        "val.generated_score": 0.10434165138464707,
        "epoch": 2
    },
    {
        "train.encoder_mse": 0.0019513322043349034,
        "train.decoder_loss": 0.31376859694719317,
        "train.decoder_acc": 0.8684665411710739,
        "val.encoder_mse": 0.000536262675618323,
        "val.decoder_loss": 0.3744635536120488,
        "val.decoder_acc": 0.8353395828833947,
        "val.ssim": 0.9636704921722412,
        "val.psnr": 38.728792483990006,
        "val.wpsnr": 38.75523200401893,
        "val.fsim": 0.9975019876773541,
        "val.rsbpp": 0.6706791657667893,
        "train.cover_score": 1.2001462600938977,
        "train.generated_score": 1.266977351438254,
        "val.cover_score": 1.1278245563690479,
        "val.generated_score": 1.11383762382544,
        "epoch": 3
    },
    {
        "train.encoder_mse": 0.0015875685040373354,
        "train.decoder_loss": 0.3196381422877312,
        "train.decoder_acc": 0.8631329357624054,
        "val.encoder_mse": 0.0007219923158677724,
        "val.decoder_loss": 0.2584655112945117,
        "val.decoder_acc": 0.89424434533486,
        "val.ssim": 0.9345932923830472,
        "val.psnr": 37.438593277564415,
        "val.wpsnr": 37.50757628220778,
        "val.fsim": 0.9897051132642306,
        "val.rsbpp": 0.7884886906697199,
        "train.cover_score": 1.9598242165427655,
        "train.generated_score": 1.9928075481858105,
        "val.cover_score": 1.6409221795889049,
        "val.generated_score": 1.6685003225619977,
        "epoch": 4
    },
    {
        "train.encoder_mse": 0.0009584685848676599,
        "train.decoder_loss": 0.2747731849551201,
        "train.decoder_acc": 0.886003605723381,
        "val.encoder_mse": 0.0005734361564883819,
        "val.decoder_loss": 0.1625044787159333,
        "val.decoder_acc": 0.944299762065594,
        "val.ssim": 0.9379503635259775,
        "val.psnr": 38.444126019111046,
        "val.wpsnr": 38.53807742779072,
        "val.fsim": 0.9915670064779428,
        "val.rsbpp": 0.888599524131188,
        "train.cover_score": 1.5140420562401413,
        "train.generated_score": 1.5861686985194683,
        "val.cover_score": -0.10800810330189191,
        "val.generated_score": -0.11255088448524475,
        "epoch": 5
    },
    {
        "train.encoder_mse": 0.0012940898930537514,
        "train.decoder_loss": 0.16532222770154475,
        "train.decoder_acc": 0.9403160673379898,
        "val.encoder_mse": 0.0007707057162546194,
        "val.decoder_loss": 0.16673580614420083,
        "val.decoder_acc": 0.9374859103789697,
        "val.ssim": 0.9158175266706027,
        "val.psnr": 37.17201746427096,
        "val.wpsnr": 37.21479151799129,
        "val.fsim": 0.9778222258274372,
        "val.rsbpp": 0.8749718207579392,
        "train.cover_score": 1.2988935350463726,
        "train.generated_score": 1.3665484172105788,
        "val.cover_score": -0.166078839594355,
        "val.generated_score": -0.061928827745410114,
        "epoch": 6
    },
    {
        "train.encoder_mse": 0.0006404309943900444,
        "train.decoder_loss": 0.1225264835357666,
        "train.decoder_acc": 0.9581358081102371,
        "val.encoder_mse": 0.0005233063958047961,
        "val.decoder_loss": 0.13903005019976541,
        "val.decoder_acc": 0.9509139748720022,
        "val.ssim": 0.9504760457919195,
        "val.psnr": 38.83993020424476,
        "val.wpsnr": 38.9300892169659,
        "val.fsim": 0.9895979578678424,
        "val.rsbpp": 0.9018279497440045,
        "train.cover_score": -0.03741801025229506,
        "train.generated_score": -0.03056551839224994,
        "val.cover_score": -0.2185920666043575,
        "val.generated_score": -0.19272408505471852,
        "epoch": 7
    },
    {
        "train.encoder_mse": 0.0005936354389996268,
        "train.decoder_loss": 0.09820722807198763,
        "train.decoder_acc": 0.9671712362766266,
        "val.encoder_mse": 0.0006146593547712725,
        "val.decoder_loss": 0.09673645777197984,
        "val.decoder_acc": 0.9668575616983267,
        "val.ssim": 0.9453040728202233,
        "val.psnr": 38.14166435828576,
        "val.wpsnr": 38.234593904935394,
        "val.fsim": 0.9898795393797067,
        "val.rsbpp": 0.9337151233966534,
        "train.cover_score": 0.011816511326469482,
        "train.generated_score": 0.007110067585599609,
        "val.cover_score": -0.14018083535707915,
        "val.generated_score": -0.1425079181790352,
        "epoch": 8
    },
    {
        "train.encoder_mse": 0.0005381307573406957,
        "train.decoder_loss": 0.07995026417076588,
        "train.decoder_acc": 0.9729288041591644,
        "val.encoder_mse": 0.0006127330796936384,
        "val.decoder_loss": 0.052481003678761996,
        "val.decoder_acc": 0.9841635410602276,
        "val.ssim": 0.9415115530674274,
        "val.psnr": 38.15226481511043,
        "val.wpsnr": 38.25608943058894,
        "val.fsim": 0.9921220816098727,
        "val.rsbpp": 0.9683270821204553,
        "train.cover_score": -0.12774529410526156,
        "train.generated_score": -0.12594536507225712,
        "val.cover_score": -0.32295287343171925,
        "val.generated_score": -0.32954439979333144,
        "epoch": 9
    },
    {
        "train.encoder_mse": 0.00044101596431573854,
        "train.decoder_loss": 0.060493810120970014,
        "train.decoder_acc": 0.9807181316614151,
        "val.encoder_mse": 0.00041066672957430664,
        "val.decoder_loss": 0.06225551550204937,
        "val.decoder_acc": 0.9797269656107976,
        "val.ssim": 0.960566351046929,
        "val.psnr": 39.89979542218722,
        "val.wpsnr": 40.01485736553486,
        "val.fsim": 0.994226914185744,
        "val.rsbpp": 0.9594539312215952,
        "train.cover_score": -0.15962032563984394,
        "train.generated_score": -0.16568963071331383,
        "val.cover_score": -0.15137541580658692,
        "val.generated_score": -0.1564474839430589,
        "epoch": 10
    },
    {
        "train.encoder_mse": 0.0004988087282981723,
        "train.decoder_loss": 0.05416182665154338,
        "train.decoder_acc": 0.9818370163440704,
        "val.encoder_mse": 0.00041642766042899055,
        "val.decoder_loss": 0.05701554867510612,
        "val.decoder_acc": 0.9812220976902888,
        "val.ssim": 0.9593627590399522,
        "val.psnr": 39.842852078951324,
        "val.wpsnr": 39.96400979849008,
        "val.fsim": 0.9951777045543377,
        "val.rsbpp": 0.9624441953805777,
        "train.cover_score": 0.03153613103553653,
        "train.generated_score": 0.026173558086156845,
        "val.cover_score": -0.27235858944746166,
        "val.generated_score": -0.28450019428363216,
        "epoch": 11
    },
    {
        "train.encoder_mse": 0.00043980334638035854,
        "train.decoder_loss": 0.06878133229911328,
        "train.decoder_acc": 0.9762508404254914,
        "val.encoder_mse": 0.0003214251258983635,
        "val.decoder_loss": 0.11682153779726762,
        "val.decoder_acc": 0.9572087984818679,
        "val.ssim": 0.9702629584532517,
        "val.psnr": 40.97595104804406,
        "val.wpsnr": 41.08093613844652,
        "val.fsim": 0.9942523470291724,
        "val.rsbpp": 0.9144175969637357,
        "train.cover_score": -0.3097000931762159,
        "train.generated_score": -0.31091457352042196,
        "val.cover_score": -2.2682658525613637,
        "val.generated_score": -2.2260658007401686,
        "epoch": 12
    },
    {
        "train.encoder_mse": 0.0005940793381887488,
        "train.decoder_loss": 0.06296220478601754,
        "train.decoder_acc": 0.9783224415779114,
        "val.encoder_mse": 0.0004373040865175426,
        "val.decoder_loss": 0.10285137679714423,
        "val.decoder_acc": 0.9632140260476333,
        "val.ssim": 0.9712243446936975,
        "val.psnr": 39.62257660352267,
        "val.wpsnr": 39.69952392578125,
        "val.fsim": 0.997044182740725,
        "val.rsbpp": 0.9264280520952665,
        "train.cover_score": 0.31551921226084234,
        "train.generated_score": 0.3312212976627052,
        "val.cover_score": -0.4377509607718541,
        "val.generated_score": -0.45946507729016817,
        "epoch": 13
    },
    {
        "train.encoder_mse": 0.0003820743907999713,
        "train.decoder_loss": 0.05958014097996056,
        "train.decoder_acc": 0.9796805900335311,
        "val.encoder_mse": 0.0003203163617469657,
        "val.decoder_loss": 0.05667860017946133,
        "val.decoder_acc": 0.9816700036709125,
        "val.ssim": 0.9705342146066519,
        "val.psnr": 40.98050117492676,
        "val.wpsnr": 41.12048075749324,
        "val.fsim": 0.9943500711367681,
        "val.rsbpp": 0.963340007341825,
        "train.cover_score": -0.18431090872734784,
        "train.generated_score": -0.17911984300706535,
        "val.cover_score": -0.23909971347221962,
        "val.generated_score": -0.23429466898624712,
        "epoch": 14
    },
    {
        "train.encoder_mse": 0.00031608374949428254,
        "train.decoder_loss": 0.03404420924372971,
        "train.decoder_acc": 0.9891632413864135,
        "val.encoder_mse": 0.0003096892211872798,
        "val.decoder_loss": 0.0395052068365308,
        "val.decoder_acc": 0.9875407952528733,
        "val.ssim": 0.9753421269930326,
        "val.psnr": 41.132633869464584,
        "val.wpsnr": 41.28113585252028,
        "val.fsim": 0.9963621772252597,
        "val.rsbpp": 0.9750815905057467,
        "train.cover_score": 0.024780975934118033,
        "train.generated_score": 0.024122324329800902,
        "val.cover_score": 0.19052699781381166,
        "val.generated_score": 0.18920286572896516,
        "epoch": 15
    },
    {
        "train.encoder_mse": 0.0002899457729654387,
        "train.decoder_loss": 0.029990435866639017,
        "train.decoder_acc": 0.9904556399583817,
        "val.encoder_mse": 0.00026973217161587224,
        "val.decoder_loss": 0.045452274883595795,
        "val.decoder_acc": 0.985026492522313,
        "val.ssim": 0.9784868451265188,
        "val.psnr": 41.736597281235916,
        "val.wpsnr": 41.89222834660457,
        "val.fsim": 0.9968462999050434,
        "val.rsbpp": 0.9700529850446261,
        "train.cover_score": 0.07851602189301048,
        "train.generated_score": 0.07668813742231578,
        "val.cover_score": -0.02182290541867797,
        "val.generated_score": -0.01946135936304927,
        "epoch": 16
    },
    {
        "train.encoder_mse": 0.0002837982852361165,
        "train.decoder_loss": 0.027946381308138372,
        "train.decoder_acc": 0.9912728637456893,
        "val.encoder_mse": 0.0003374214687098104,
        "val.decoder_loss": 0.022436923132492945,
        "val.decoder_acc": 0.9930324875391446,
        "val.ssim": 0.971405987556164,
        "val.psnr": 40.78230289312509,
        "val.wpsnr": 40.93746243990385,
        "val.fsim": 0.9959880709648132,
        "val.rsbpp": 0.9860649750782893,
        "train.cover_score": 0.07168140355555806,
        "train.generated_score": 0.0714679396757856,
        "val.cover_score": 0.16058943363336417,
        "val.generated_score": 0.15163621936853117,
        "epoch": 17
    },
    {
        "train.encoder_mse": 0.00027130397065775467,
        "train.decoder_loss": 0.025663309167139232,
        "train.decoder_acc": 0.991742233633995,
        "val.encoder_mse": 0.0001908770444480559,
        "val.decoder_loss": 0.05633517791732,
        "val.decoder_acc": 0.9819373855224023,
        "val.ssim": 0.984336440379803,
        "val.psnr": 43.258742552537186,
        "val.wpsnr": 43.40797453660231,
        "val.fsim": 0.9977759673045232,
        "val.rsbpp": 0.9638747710448045,
        "train.cover_score": 0.1232562027417589,
        "train.generated_score": 0.13133006571326405,
        "val.cover_score": -0.059299779626039356,
        "val.generated_score": -0.06044709854401075,
        "epoch": 18
    },
    {
        "train.encoder_mse": 0.00024034562142333016,
        "train.decoder_loss": 0.021725627956911922,
        "train.decoder_acc": 0.9931071364879608,
        "val.encoder_mse": 0.0002347880766207639,
        "val.decoder_loss": 0.04858196999591131,
        "val.decoder_acc": 0.9844986842228816,
        "val.ssim": 0.979991234265841,
        "val.psnr": 42.34636416802039,
        "val.wpsnr": 42.47972635122446,
        "val.fsim": 0.9975526241155771,
        "val.rsbpp": 0.9689973684457632,
        "train.cover_score": -0.05852628500026185,
        "train.generated_score": -0.05913737116381526,
        "val.cover_score": -0.03701631954083076,
        "val.generated_score": -0.037543500845248885,
        "epoch": 19
    },
    {
        "train.encoder_mse": 0.00023857274980400688,
        "train.decoder_loss": 0.019340015628840773,
        "train.decoder_acc": 0.993948540687561,
        "val.encoder_mse": 0.00023019235567727053,
        "val.decoder_loss": 0.03715902294677038,
        "val.decoder_acc": 0.9881767080380366,
        "val.ssim": 0.9813588124055129,
        "val.psnr": 42.439719713651215,
        "val.wpsnr": 42.58872633713942,
        "val.fsim": 0.997605942762815,
        "val.rsbpp": 0.9763534160760733,
        "train.cover_score": 0.01401479282823857,
        "train.generated_score": 0.013400652012205683,
        "val.cover_score": 0.0492244607840593,
        "val.generated_score": 0.048443386904322185,
        "epoch": 20
    },
    {
        "train.encoder_mse": 0.000231212815415347,
        "train.decoder_loss": 0.021606862212065606,
        "train.decoder_acc": 0.9932509315013885,
        "val.encoder_mse": 0.0002479317336110398,
        "val.decoder_loss": 0.02447478616466889,
        "val.decoder_acc": 0.9923628889597379,
        "val.ssim": 0.9808349563525274,
        "val.psnr": 42.11928440974309,
        "val.wpsnr": 42.290611267089844,
        "val.fsim": 0.9972427854171166,
        "val.rsbpp": 0.9847257779194758,
        "train.cover_score": -0.00768358836940024,
        "train.generated_score": -0.008695775078958832,
        "val.cover_score": -0.02004830141623433,
        "val.generated_score": -0.020656565598283824,
        "epoch": 21
    },
    {
        "train.encoder_mse": 0.00021763380587799474,
        "train.decoder_loss": 0.016950080273672938,
        "train.decoder_acc": 0.9947066247463227,
        "val.encoder_mse": 0.00022117649943818554,
        "val.decoder_loss": 0.03725818236573385,
        "val.decoder_acc": 0.9881260395050049,
        "val.ssim": 0.9823375435975882,
        "val.psnr": 42.612849749051605,
        "val.wpsnr": 42.76124073908879,
        "val.fsim": 0.9977192007578336,
        "val.rsbpp": 0.9762520790100098,
        "train.cover_score": 0.0036242347431834788,
        "train.generated_score": 0.001503776874160394,
        "val.cover_score": 0.07768444745586468,
        "val.generated_score": 0.07536985152042829,
        "epoch": 22
    },
    {
        "train.encoder_mse": 0.00021359565187594853,
        "train.decoder_loss": 0.017339839988853783,
        "train.decoder_acc": 0.994652522802353,
        "val.encoder_mse": 0.00024521056688032474,
        "val.decoder_loss": 0.018778839220221225,
        "val.decoder_acc": 0.9941849204210135,
        "val.ssim": 0.9799354718281672,
        "val.psnr": 42.20196467179518,
        "val.wpsnr": 42.372785128079926,
        "val.fsim": 0.9971701136002173,
        "val.rsbpp": 0.988369840842027,
        "train.cover_score": 0.036761977325659244,
        "train.generated_score": 0.036306140433298426,
        "val.cover_score": -0.05259464423243816,
        "val.generated_score": -0.05319856107234955,
        "epoch": 23
    },
    {
        "train.encoder_mse": 0.00021191239924519322,
        "train.decoder_loss": 0.017391806339146568,
        "train.decoder_acc": 0.9946083784103393,
        "val.encoder_mse": 0.00021030466170766606,
        "val.decoder_loss": 0.024008077282745104,
        "val.decoder_acc": 0.9922920282070453,
        "val.ssim": 0.9847523294962369,
        "val.psnr": 42.85594279949482,
        "val.wpsnr": 43.039090376633865,
        "val.fsim": 0.9976953038802514,
        "val.rsbpp": 0.9845840564140906,
        "train.cover_score": 0.04361825070613122,
        "train.generated_score": 0.04316501184599474,
        "val.cover_score": -0.06643094580907088,
        "val.generated_score": -0.06732867658138275,
        "epoch": 24
    },
    {
        "train.encoder_mse": 0.0001985757268994348,
        "train.decoder_loss": 0.016575385315809398,
        "train.decoder_acc": 0.9948305541276932,
        "val.encoder_mse": 0.00024695529114419164,
        "val.decoder_loss": 0.027305877552582666,
        "val.decoder_acc": 0.9907769423264724,
        "val.ssim": 0.9831189788304843,
        "val.psnr": 42.18818627871,
        "val.wpsnr": 42.35832801231971,
        "val.fsim": 0.9974257258268503,
        "val.rsbpp": 0.9815538846529447,
        "train.cover_score": 0.18367677560192533,
        "train.generated_score": 0.18288243608636548,
        "val.cover_score": 0.1572485571870437,
        "val.generated_score": 0.1561872443327537,
        "epoch": 25
    },
    {
        "train.encoder_mse": 0.0002036664163460955,
        "train.decoder_loss": 0.016984439940424634,
        "train.decoder_acc": 0.9947891163825989,
        "val.encoder_mse": 0.0002774445848235001,
        "val.decoder_loss": 0.02162361402924244,
        "val.decoder_acc": 0.9933670805050776,
        "val.ssim": 0.9769748770273649,
        "val.psnr": 41.628039800203766,
        "val.wpsnr": 41.75049767127404,
        "val.fsim": 0.9976620353185214,
        "val.rsbpp": 0.9867341610101553,
        "train.cover_score": -0.04058766493086296,
        "train.generated_score": -0.05364880216198799,
        "val.cover_score": 0.06064774332424769,
        "val.generated_score": 0.012816575355827808,
        "epoch": 26
    },
    {
        "train.encoder_mse": 0.00024287515552714467,
        "train.decoder_loss": 0.02109476155601442,
        "train.decoder_acc": 0.9931665581464767,
        "val.encoder_mse": 0.0002520986577460113,
        "val.decoder_loss": 0.02427213853941514,
        "val.decoder_acc": 0.9921382344686068,
        "val.ssim": 0.9800086204822247,
        "val.psnr": 42.05638665419359,
        "val.wpsnr": 42.20105508657602,
        "val.fsim": 0.997449320096236,
        "val.rsbpp": 0.9842764689372137,
        "train.cover_score": 0.21019802112306935,
        "train.generated_score": 0.22840068960162171,
        "val.cover_score": 0.11272484006790015,
        "val.generated_score": 0.11207820532413629,
        "epoch": 27
    },
    {
        "train.encoder_mse": 0.00018951725214719773,
        "train.decoder_loss": 0.015879788647871464,
        "train.decoder_acc": 0.9950707149505615,
        "val.encoder_mse": 0.0001820470430315114,
        "val.decoder_loss": 0.03350323811173439,
        "val.decoder_acc": 0.988734272810129,
        "val.ssim": 0.9859993411944463,
        "val.psnr": 43.491421479445236,
        "val.wpsnr": 43.660480792705826,
        "val.fsim": 0.9980189020817096,
        "val.rsbpp": 0.9774685456202581,
        "train.cover_score": -0.07867735408246518,
        "train.generated_score": -0.08076057638543716,
        "val.cover_score": -0.1596252562908026,
        "val.generated_score": -0.16176475469882673,
        "epoch": 28
    },
    {
        "train.encoder_mse": 0.00018940538640890736,
        "train.decoder_loss": 0.01318906069616787,
        "train.decoder_acc": 0.9959160655736923,
        "val.encoder_mse": 0.00018239430993652114,
        "val.decoder_loss": 0.03681027351950224,
        "val.decoder_acc": 0.9881327885847825,
        "val.ssim": 0.9859014841226431,
        "val.psnr": 43.483532392061676,
        "val.wpsnr": 43.65468186598558,
        "val.fsim": 0.9982261474315937,
        "val.rsbpp": 0.9762655771695651,
        "train.cover_score": -0.11322312283795327,
        "train.generated_score": -0.11482660568552092,
        "val.cover_score": -0.2621517800367795,
        "val.generated_score": -0.26204567230664766,
        "epoch": 29
    },
    {
        "train.encoder_mse": 0.00017988807514484505,
        "train.decoder_loss": 0.014641407864401117,
        "train.decoder_acc": 0.9955469512939453,
        "val.encoder_mse": 0.00022592152974819049,
        "val.decoder_loss": 0.022823930646364506,
        "val.decoder_acc": 0.9923597711783189,
        "val.ssim": 0.9839085569748511,
        "val.psnr": 42.55747281588041,
        "val.wpsnr": 42.72533064622145,
        "val.fsim": 0.997349175123068,
        "val.rsbpp": 0.9847195423566378,
        "train.cover_score": -0.13353171903057956,
        "train.generated_score": -0.13446244108781685,
        "val.cover_score": -0.41439454830609834,
        "val.generated_score": -0.41412489460064816,
        "epoch": 30
    },
    {
        "train.encoder_mse": 0.0001872805621678708,
        "train.decoder_loss": 0.01509270389622543,
        "train.decoder_acc": 0.9953107213974,
        "val.encoder_mse": 0.00019114784439667486,
        "val.decoder_loss": 0.04879514099313663,
        "val.decoder_acc": 0.9830031715906583,
        "val.ssim": 0.9835435564701374,
        "val.psnr": 43.31281331869272,
        "val.wpsnr": 43.483942178579476,
        "val.fsim": 0.9968482897831843,
        "val.rsbpp": 0.9660063431813166,
        "train.cover_score": -0.17044935857877136,
        "train.generated_score": -0.16989394770003854,
        "val.cover_score": -1.0582063289789052,
        "val.generated_score": -1.0493558736947866,
        "epoch": 31
    },
    {
        "train.encoder_mse": 0.00018209941124951002,
        "train.decoder_loss": 0.014600877177435904,
        "train.decoder_acc": 0.9954109442234039,
        "val.encoder_mse": 0.00019937771587417676,
        "val.decoder_loss": 0.016336280171974346,
        "val.decoder_acc": 0.9947130909332862,
        "val.ssim": 0.9817464718451867,
        "val.psnr": 43.12834042769212,
        "val.wpsnr": 43.27967541034405,
        "val.fsim": 0.9979246808932378,
        "val.rsbpp": 0.9894261818665725,
        "train.cover_score": -0.2342010757350363,
        "train.generated_score": -0.23357814688119105,
        "val.cover_score": 0.09745931797302686,
        "val.generated_score": 0.09580452224382988,
        "epoch": 32
    }
]