[
    {
        "train.encoder_mse": 0.0013870778464479371,
        "train.decoder_loss": 0.6958742827177048,
        "train.decoder_acc": 0.5005590453743934,
        "val.encoder_mse": 3.3940757230783885e-05,
        "val.decoder_loss": 0.6933183899292579,
        "val.decoder_acc": 0.5004095985339239,
        "val.ssim": 0.9970970979103675,
        "val.psnr": 50.79119608952449,
        "val.wpsnr": 50.873086782602165,
        "val.fsim": 0.9988010342304523,
        "val.rsbpp": 0.003276788271390475,
        "train.cover_score": -0.150002072439529,
        "train.generated_score": -0.14894447586033494,
        "val.cover_score": 0.2941749726350491,
        "val.generated_score": 0.29383224363510424,
        "epoch": 1
    },
    {
        "train.encoder_mse": 2.2092526123742572e-05,
        "train.decoder_loss": 0.6932309705018997,
        "train.decoder_acc": 0.5005403688549995,
        "val.encoder_mse": 3.504437686038168e-05,
        "val.decoder_loss": 0.6931875577339759,
        "val.decoder_acc": 0.5009292089022123,
        "val.ssim": 0.9960841903319726,
        "val.psnr": 50.69541857792781,
        "val.wpsnr": 50.72399638249324,
        "val.fsim": 0.9992656478515038,
        "val.rsbpp": 0.007433671217698317,
        "train.cover_score": 0.16204349987208844,
        "train.generated_score": 0.16215349962934852,
        "val.cover_score": 0.027421084519189138,
        "val.generated_score": 0.02746646313999708,
        "epoch": 2
    },
    {
        "train.encoder_mse": 1.7070355031592044e-05,
        "train.decoder_loss": 0.6931955164670944,
        "train.decoder_acc": 0.5004232171177864,
        "val.encoder_mse": 2.120697788016584e-05,
        "val.decoder_loss": 0.6931732021845304,
        "val.decoder_acc": 0.5010251036057105,
        "val.ssim": 0.9972182833231412,
        "val.psnr": 52.83842710348276,
        "val.wpsnr": 52.87701885516827,
        "val.fsim": 0.9993443993421701,
        "val.rsbpp": 0.008200828845684346,
        "train.cover_score": 0.03235914196819067,
        "train.generated_score": 0.032374331299215554,
        "val.cover_score": 0.05064079996484976,
        "val.generated_score": 0.05069518633759939,
        "epoch": 3
    },
    {
        "train.encoder_mse": 9.87623996138609e-06,
        "train.decoder_loss": 0.6931820696592331,
        "train.decoder_acc": 0.500402817428112,
        "val.encoder_mse": 3.951784422567401e-05,
        "val.decoder_loss": 0.6931762328514686,
        "val.decoder_acc": 0.5003754496574402,
        "val.ssim": 0.995924697472499,
        "val.psnr": 50.08666552030123,
        "val.wpsnr": 50.09850663405199,
        "val.fsim": 0.9996042205737188,
        "val.rsbpp": 0.0030035972595214844,
        "train.cover_score": 0.07307130049914122,
        "train.generated_score": 0.07307793691754341,
        "val.cover_score": 0.08514083406099907,
        "val.generated_score": 0.08550090228135769,
        "epoch": 4
    },
    {
        "train.encoder_mse": 5.816190290488521e-06,
        "train.decoder_loss": 0.6931653439998626,
        "train.decoder_acc": 0.5004979729652405,
        "val.encoder_mse": 2.2614409037767193e-05,
        "val.decoder_loss": 0.6931542341525738,
        "val.decoder_acc": 0.5009247385538541,
        "val.ssim": 0.9970655166185819,
        "val.psnr": 52.52418811504658,
        "val.wpsnr": 52.5477782029372,
        "val.fsim": 0.9993732709151047,
        "val.rsbpp": 0.007397908430833083,
        "train.cover_score": 0.07811658654361964,
        "train.generated_score": 0.07813097022473812,
        "val.cover_score": 0.062324039064920865,
        "val.generated_score": 0.062327454869563766,
        "epoch": 5
    },
    {
        "train.encoder_mse": 2.684622475044307e-06,
        "train.decoder_loss": 0.6931622833013534,
        "train.decoder_acc": 0.5004209619760513,
        "val.encoder_mse": 2.8270878269372937e-05,
        "val.decoder_loss": 0.6931475125826322,
        "val.decoder_acc": 0.5015903527920063,
        "val.ssim": 0.9965212987019465,
        "val.psnr": 51.57909613389235,
        "val.wpsnr": 51.595997737004204,
        "val.fsim": 0.9993401032227737,
        "val.rsbpp": 0.01272282233605018,
        "train.cover_score": 0.0505634493380785,
        "train.generated_score": 0.050567287243902685,
        "val.cover_score": 0.048345071191971116,
        "val.generated_score": 0.04839415189165335,
        "epoch": 6
    },
    {
        "train.encoder_mse": 1.7357829528918956e-06,
        "train.decoder_loss": 0.6931611293554306,
        "train.decoder_acc": 0.5003898280858994,
        "val.encoder_mse": 3.568420736253476e-05,
        "val.decoder_loss": 0.6931464076042175,
        "val.decoder_acc": 0.5014750636540927,
        "val.ssim": 0.9963467304523175,
        "val.psnr": 50.50665341890775,
        "val.wpsnr": 50.50342325063852,
        "val.fsim": 0.999343243929056,
        "val.rsbpp": 0.011800509232741136,
        "train.cover_score": 0.055902598686516286,
        "train.generated_score": 0.05590330373495817,
        "val.cover_score": 0.060472881564727195,
        "val.generated_score": 0.06055364098686438,
        "epoch": 7
    },
    {
        "train.encoder_mse": 1.3366225698518975e-06,
        "train.decoder_loss": 0.6931570845842362,
        "train.decoder_acc": 0.5004488271474838,
        "val.encoder_mse": 3.734706143194881e-05,
        "val.decoder_loss": 0.6931527348665091,
        "val.decoder_acc": 0.5006453028092017,
        "val.ssim": 0.9961814559423007,
        "val.psnr": 50.29974607320932,
        "val.wpsnr": 50.30176133375902,
        "val.fsim": 0.9995710895611689,
        "val.rsbpp": 0.005162422473614032,
        "train.cover_score": 0.05602328512817621,
        "train.generated_score": 0.05602252144366503,
        "val.cover_score": 0.04689143913296553,
        "val.generated_score": 0.04700456989499239,
        "epoch": 8
    },
    {
        "train.encoder_mse": 8.209965932337582e-07,
        "train.decoder_loss": 0.693156446814537,
        "train.decoder_acc": 0.5004411864280701,
        "val.encoder_mse": 2.7168531092824058e-05,
        "val.decoder_loss": 0.6931349360025846,
        "val.decoder_acc": 0.5029116456325238,
        "val.ssim": 0.9962001947256235,
        "val.psnr": 51.72331296480619,
        "val.wpsnr": 51.73457072331355,
        "val.fsim": 0.9993250920222356,
        "val.rsbpp": 0.023293165060190055,
        "train.cover_score": 0.047622512318193914,
        "train.generated_score": 0.047622390165925024,
        "val.cover_score": 0.04570008298525444,
        "val.generated_score": 0.04572327549640949,
        "epoch": 9
    },
    {
        "train.encoder_mse": 6.033867563814965e-07,
        "train.decoder_loss": 0.6931547212600708,
        "train.decoder_acc": 0.5004848408699035,
        "val.encoder_mse": 2.4328468638346887e-05,
        "val.decoder_loss": 0.69312839783155,
        "val.decoder_acc": 0.5032728451948899,
        "val.ssim": 0.9969308147063622,
        "val.psnr": 52.233567237854004,
        "val.wpsnr": 52.24014516977164,
        "val.fsim": 0.9994316284473126,
        "val.rsbpp": 0.02618276155911959,
        "train.cover_score": 0.047243277952075,
        "train.generated_score": 0.04724339421838522,
        "val.cover_score": 0.0460629967542795,
        "val.generated_score": 0.04607878453456438,
        "epoch": 10
    },
    {
        "train.encoder_mse": 7.096660885963501e-07,
        "train.decoder_loss": 0.693155757188797,
        "train.decoder_acc": 0.5004554763436317,
        "val.encoder_mse": 3.7221119642848724e-05,
        "val.decoder_loss": 0.6931334275465745,
        "val.decoder_acc": 0.5022309239094074,
        "val.ssim": 0.996177077293396,
        "val.psnr": 50.318112740149864,
        "val.wpsnr": 50.311797215388374,
        "val.fsim": 0.9994603670560397,
        "val.rsbpp": 0.017847391275259163,
        "train.cover_score": 0.04787398055195809,
        "train.generated_score": 0.047874268963932994,
        "val.cover_score": 0.04718469914335471,
        "val.generated_score": 0.047233931433696016,
        "epoch": 11
    },
    {
        "train.encoder_mse": 3.9854292666063884e-07,
        "train.decoder_loss": 0.693154062628746,
        "train.decoder_acc": 0.5005348655581474,
        "val.encoder_mse": 3.4056187499887667e-05,
        "val.decoder_loss": 0.6931358575820923,
        "val.decoder_acc": 0.5021028014329764,
        "val.ssim": 0.996376986687,
        "val.psnr": 50.70467802194449,
        "val.wpsnr": 50.70393459613506,
        "val.fsim": 0.9995185778691218,
        "val.rsbpp": 0.016822411463810846,
        "train.cover_score": 0.046298018805682656,
        "train.generated_score": 0.04629761479794979,
        "val.cover_score": 0.04268130774681385,
        "val.generated_score": 0.04271773592783855,
        "epoch": 12
    },
    {
        "train.encoder_mse": 3.8029050443810773e-07,
        "train.decoder_loss": 0.6931533819437027,
        "train.decoder_acc": 0.500563787817955,
        "val.encoder_mse": 3.716078866161227e-05,
        "val.decoder_loss": 0.6931116305864774,
        "val.decoder_acc": 0.5051839580902686,
        "val.ssim": 0.9952338429597708,
        "val.psnr": 50.33796933981088,
        "val.wpsnr": 50.32946806687575,
        "val.fsim": 0.9993332028388977,
        "val.rsbpp": 0.041471664722149186,
        "train.cover_score": 0.04421657402068377,
        "train.generated_score": 0.04421662200242281,
        "val.cover_score": 0.04185426177886816,
        "val.generated_score": 0.04187783684868079,
        "epoch": 13
    },
    {
        "train.encoder_mse": 2.854668711904651e-07,
        "train.decoder_loss": 0.6931524342298507,
        "train.decoder_acc": 0.5007327207922936,
        "val.encoder_mse": 3.270065728709316e-05,
        "val.decoder_loss": 0.6930684309739333,
        "val.decoder_acc": 0.5122181222989008,
        "val.ssim": 0.9957021933335525,
        "val.psnr": 50.89225879082313,
        "val.wpsnr": 50.88589829664964,
        "val.fsim": 0.9993981719017029,
        "val.rsbpp": 0.09774497839120719,
        "train.cover_score": 0.04577125541865826,
        "train.generated_score": 0.04577054858207703,
        "val.cover_score": 0.04111927432509569,
        "val.generated_score": 0.041142494059526004,
        "epoch": 14
    },
    {
        "train.encoder_mse": 3.944827057011935e-07,
        "train.decoder_loss": 0.6931033134460449,
        "train.decoder_acc": 0.5040734070539474,
        "val.encoder_mse": 3.039394463345301e-05,
        "val.decoder_loss": 0.6916946768760681,
        "val.decoder_acc": 0.5397901030687186,
        "val.ssim": 0.9953293387706463,
        "val.psnr": 51.19560755216158,
        "val.wpsnr": 51.19577349149264,
        "val.fsim": 0.9995197516221267,
        "val.rsbpp": 0.31832082454974836,
        "train.cover_score": 0.04435190584510565,
        "train.generated_score": 0.044350999370217324,
        "val.cover_score": 0.0436091348528862,
        "val.generated_score": 0.04361150900904949,
        "epoch": 15
    },
    {
        "train.encoder_mse": 0.00018275276237204708,
        "train.decoder_loss": 0.6526395684480667,
        "train.decoder_acc": 0.597751657962799,
        "val.encoder_mse": 0.00018671107514259906,
        "val.decoder_loss": 0.6196412306565505,
        "val.decoder_acc": 0.635027669943296,
        "val.ssim": 0.969530490728525,
        "val.psnr": 43.31181416144738,
        "val.wpsnr": 43.34363145094652,
        "val.fsim": 0.9980514141229483,
        "val.rsbpp": 1.0802213595463679,
        "train.cover_score": 0.2348814902896993,
        "train.generated_score": 0.24126752053154632,
        "val.cover_score": 0.17664400316201723,
        "val.generated_score": 0.17848658103209275,
        "epoch": 16
    },
    {
        "train.encoder_mse": 0.00020291711669415236,
        "train.decoder_loss": 0.5972933274507523,
        "train.decoder_acc": 0.6237917393445969,
        "val.encoder_mse": 0.00028097667382098734,
        "val.decoder_loss": 0.624124444448031,
        "val.decoder_acc": 0.5972659771259015,
        "val.ssim": 0.9854298738332895,
        "val.psnr": 41.54786440042349,
        "val.wpsnr": 41.592476477989784,
        "val.fsim": 0.9959532068325923,
        "val.rsbpp": 0.7781278170072116,
        "train.cover_score": -0.3047537006274797,
        "train.generated_score": -0.30572442026343194,
        "val.cover_score": 0.5036568905298526,
        "val.generated_score": 0.5204988076136663,
        "epoch": 17
    },
    {
        "train.encoder_mse": 0.0003347247332567349,
        "train.decoder_loss": 0.571073089838028,
        "train.decoder_acc": 0.6386573159694672,
        "val.encoder_mse": 0.00023191340173630475,
        "val.decoder_loss": 0.5589612722396851,
        "val.decoder_acc": 0.6563675724543058,
        "val.ssim": 0.9733562973829416,
        "val.psnr": 42.37012716440054,
        "val.wpsnr": 42.43609560452975,
        "val.fsim": 0.9979237501437848,
        "val.rsbpp": 1.2509405796344464,
        "train.cover_score": -0.01783968511968851,
        "train.generated_score": 0.0017347468063235282,
        "val.cover_score": -0.6910478335160476,
        "val.generated_score": -0.6922354147984431,
        "epoch": 18
    },
    {
        "train.encoder_mse": 0.00024589876498794184,
        "train.decoder_loss": 0.544759892821312,
        "train.decoder_acc": 0.6698539197444916,
        "val.encoder_mse": 0.00023576281091663986,
        "val.decoder_loss": 0.5705692951495831,
        "val.decoder_acc": 0.6564121613135705,
        "val.ssim": 0.9801286871616657,
        "val.psnr": 42.30969942533053,
        "val.wpsnr": 42.44572536761944,
        "val.fsim": 0.9898084172835717,
        "val.rsbpp": 1.2512972905085638,
        "train.cover_score": -0.17984508209861816,
        "train.generated_score": -0.1834924496966414,
        "val.cover_score": 0.010674808604212908,
        "val.generated_score": 0.03549086589079637,
        "epoch": 19
    },
    {
        "train.encoder_mse": 0.0002519607698195614,
        "train.decoder_loss": 0.5186432507634163,
        "train.decoder_acc": 0.6847132861614227,
        "val.encoder_mse": 0.00026447872089472815,
        "val.decoder_loss": 0.5089797675609589,
        "val.decoder_acc": 0.6885846944955679,
        "val.ssim": 0.970715866639064,
        "val.psnr": 41.80305224198561,
        "val.wpsnr": 41.864167140080376,
        "val.fsim": 0.9952636406971858,
        "val.rsbpp": 1.5086775559645433,
        "train.cover_score": -0.3144348286371678,
        "train.generated_score": -0.31308556590229275,
        "val.cover_score": -0.4582154475725614,
        "val.generated_score": -0.4507166559879596,
        "epoch": 20
    },
    {
        "train.encoder_mse": 0.00027939721796428786,
        "train.decoder_loss": 0.48117201775312424,
        "train.decoder_acc": 0.7019287019968032,
        "val.encoder_mse": 0.00034846806262906355,
        "val.decoder_loss": 0.49206113586058986,
        "val.decoder_acc": 0.694416866852687,
        "val.ssim": 0.9640723650272076,
        "val.psnr": 40.604712412907524,
        "val.wpsnr": 40.64464598435622,
        "val.fsim": 0.993339153436514,
        "val.rsbpp": 1.5553349348214955,
        "train.cover_score": -0.46334887072443964,
        "train.generated_score": -0.464853118956089,
        "val.cover_score": -0.34736719269018906,
        "val.generated_score": -0.3463585055791415,
        "epoch": 21
    },
    {
        "train.encoder_mse": 0.0002988983913382981,
        "train.decoder_loss": 0.46046772867441177,
        "train.decoder_acc": 0.7097214937210083,
        "val.encoder_mse": 0.0003221447248226748,
        "val.decoder_loss": 0.47029136694394624,
        "val.decoder_acc": 0.7018653475321256,
        "val.ssim": 0.9640937172449552,
        "val.psnr": 40.945392021766075,
        "val.wpsnr": 41.01000624436598,
        "val.fsim": 0.9927031306120065,
        "val.rsbpp": 1.614922780257005,
        "train.cover_score": -0.35054271849337965,
        "train.generated_score": -0.3503184019587934,
        "val.cover_score": -0.5002889839502481,
        "val.generated_score": -0.49824010179593015,
        "epoch": 22
    },
    {
        "train.encoder_mse": 0.0003036290151067078,
        "train.decoder_loss": 0.4363799676299095,
        "train.decoder_acc": 0.7180291247367859,
        "val.encoder_mse": 0.00024007627731547333,
        "val.decoder_loss": 0.4532246475036328,
        "val.decoder_acc": 0.7092693493916438,
        "val.ssim": 0.9751381598986112,
        "val.psnr": 42.22903104928824,
        "val.wpsnr": 42.3097284757174,
        "val.fsim": 0.9973846123768733,
        "val.rsbpp": 1.6741547951331506,
        "train.cover_score": -0.5500597712397576,
        "train.generated_score": -0.5524035643041134,
        "val.cover_score": -0.6164654676730816,
        "val.generated_score": -0.616856575012207,
        "epoch": 23
    },
    {
        "train.encoder_mse": 0.00029481962017598564,
        "train.decoder_loss": 0.4243164813518524,
        "train.decoder_acc": 0.7221965301036835,
        "val.encoder_mse": 0.0003783203518161407,
        "val.decoder_loss": 0.42036038866409886,
        "val.decoder_acc": 0.7230404523702768,
        "val.ssim": 0.9640366251652057,
        "val.psnr": 40.25563276731051,
        "val.wpsnr": 40.34299028836764,
        "val.fsim": 0.9963116279015174,
        "val.rsbpp": 1.7843236189622145,
        "train.cover_score": -0.5675542375445366,
        "train.generated_score": -0.5692032098770141,
        "val.cover_score": -0.5617705583572388,
        "val.generated_score": -0.564328840145698,
        "epoch": 24
    },
    {
        "train.encoder_mse": 0.00029570664410130123,
        "train.decoder_loss": 0.4179189431667328,
        "train.decoder_acc": 0.7244920885562897,
        "val.encoder_mse": 0.0003135646559083118,
        "val.decoder_loss": 0.42132678857216466,
        "val.decoder_acc": 0.7221688398948083,
        "val.ssim": 0.9692469972830552,
        "val.psnr": 41.070191676800064,
        "val.wpsnr": 41.15661356999324,
        "val.fsim": 0.9967191494428195,
        "val.rsbpp": 1.777350719158466,
        "train.cover_score": -0.5114725837111473,
        "train.generated_score": -0.5155468505620956,
        "val.cover_score": -0.4738521484228281,
        "val.generated_score": -0.47862284229351926,
        "epoch": 25
    },
    {
        "train.encoder_mse": 0.00029735414500464685,
        "train.decoder_loss": 0.41347949862480166,
        "train.decoder_acc": 0.725752226114273,
        "val.encoder_mse": 0.0003127371847557907,
        "val.decoder_loss": 0.4148423190300281,
        "val.decoder_acc": 0.7248339102818415,
        "val.ssim": 0.9692820035494291,
        "val.psnr": 41.080633676969086,
        "val.wpsnr": 41.16533631544847,
        "val.fsim": 0.9970974417833182,
        "val.rsbpp": 1.7986712822547326,
        "train.cover_score": -0.5109100025892258,
        "train.generated_score": -0.5134735229611397,
        "val.cover_score": -0.6647326579460731,
        "val.generated_score": -0.6675072725002582,
        "epoch": 26
    },
    {
        "train.encoder_mse": 0.00029110917006619274,
        "train.decoder_loss": 0.41099456399679185,
        "train.decoder_acc": 0.7265181332826615,
        "val.encoder_mse": 0.0005046221194788814,
        "val.decoder_loss": 0.44131301458065325,
        "val.decoder_acc": 0.7139311937185434,
        "val.ssim": 0.960865149131188,
        "val.psnr": 38.99503047649677,
        "val.wpsnr": 39.03827696580153,
        "val.fsim": 0.99643802184325,
        "val.rsbpp": 1.7114495497483473,
        "train.cover_score": -0.6792513427883387,
        "train.generated_score": -0.6806898756325245,
        "val.cover_score": -0.6797709602576035,
        "val.generated_score": -0.6757759681114783,
        "epoch": 27
    },
    {
        "train.encoder_mse": 0.00029043333386653104,
        "train.decoder_loss": 0.40606649428606034,
        "train.decoder_acc": 0.7285129797458648,
        "val.encoder_mse": 0.00033176668400231464,
        "val.decoder_loss": 0.4093941656442789,
        "val.decoder_acc": 0.7268185523840097,
        "val.ssim": 0.9698084959617028,
        "val.psnr": 40.835738732264595,
        "val.wpsnr": 40.9435169513409,
        "val.fsim": 0.9969043273192185,
        "val.rsbpp": 1.8145484190720778,
        "train.cover_score": -0.6441828012466431,
        "train.generated_score": -0.6440350180864334,
        "val.cover_score": -0.6015469798674951,
        "val.generated_score": -0.6041534680586594,
        "epoch": 28
    },
    {
        "train.encoder_mse": 0.0002724781235156115,
        "train.decoder_loss": 0.4030116119980812,
        "train.decoder_acc": 0.7299130195379258,
        "val.encoder_mse": 0.0003453675084389173,
        "val.decoder_loss": 0.42539044985404384,
        "val.decoder_acc": 0.7204815516105065,
        "val.ssim": 0.9707951454015878,
        "val.psnr": 40.65858180706318,
        "val.wpsnr": 40.739441211407,
        "val.fsim": 0.9968879818916321,
        "val.rsbpp": 1.763852412884052,
        "train.cover_score": -0.5368607864528895,
        "train.generated_score": -0.5488860295712947,
        "val.cover_score": -0.459558713894624,
        "val.generated_score": -0.46552887100439805,
        "epoch": 29
    },
    {
        "train.encoder_mse": 0.00032799481181427836,
        "train.decoder_loss": 0.40484278291463854,
        "train.decoder_acc": 0.7290094155073166,
        "val.encoder_mse": 0.0002859838255412447,
        "val.decoder_loss": 0.4182682770949144,
        "val.decoder_acc": 0.7229035909359272,
        "val.ssim": 0.9706700306672317,
        "val.psnr": 41.47819739121657,
        "val.wpsnr": 41.572007986215446,
        "val.fsim": 0.9970467549103957,
        "val.rsbpp": 1.7832287274874175,
        "train.cover_score": -0.6592610169481486,
        "train.generated_score": -0.646750484444201,
        "val.cover_score": -0.8384999999633203,
        "val.generated_score": -0.8375309017988352,
        "epoch": 30
    },
    {
        "train.encoder_mse": 0.000281185540225124,
        "train.decoder_loss": 0.3990293011069298,
        "train.decoder_acc": 0.731508851647377,
        "val.encoder_mse": 0.00031227897852659225,
        "val.decoder_loss": 0.4075554563448979,
        "val.decoder_acc": 0.7277835057331965,
        "val.ssim": 0.9729876289000878,
        "val.psnr": 41.10559866978572,
        "val.wpsnr": 41.21694447444035,
        "val.fsim": 0.9974900988432077,
        "val.rsbpp": 1.8222680458655725,
        "train.cover_score": -0.6843596029281617,
        "train.generated_score": -0.6876745727658272,
        "val.cover_score": -0.7462811653430645,
        "val.generated_score": -0.7482902224247272,
        "epoch": 31
    },
    {
        "train.encoder_mse": 0.0002641815203242004,
        "train.decoder_loss": 0.3955530235171318,
        "train.decoder_acc": 0.7331260621547699,
        "val.encoder_mse": 0.00024107117496896535,
        "val.decoder_loss": 0.4193049233693343,
        "val.decoder_acc": 0.7234587348424472,
        "val.ssim": 0.9782854593717135,
        "val.psnr": 42.23611171428974,
        "val.wpsnr": 42.33964157104492,
        "val.fsim": 0.997948421881749,
        "val.rsbpp": 1.787669878739577,
        "train.cover_score": -0.6396830680221319,
        "train.generated_score": -0.6465258612856268,
        "val.cover_score": -1.0411407534892743,
        "val.generated_score": -1.0532129865426283,
        "epoch": 32
    }
]