[
    {
        "train.encoder_mse": 0.001989172265632078,
        "train.decoder_loss": 0.6948687443733216,
        "train.decoder_acc": 0.5008167307376862,
        "val.encoder_mse": 6.857515015872195e-05,
        "val.decoder_loss": 0.6932189512252808,
        "val.decoder_acc": 0.5007121477127076,
        "val.ssim": 0.993626458644867,
        "val.psnr": 47.77676387786865,
        "val.wpsnr": 47.809633850097654,
        "val.fsim": 0.9982319922447205,
        "val.rsbpp": 0.004272886276245117,
        "train.cover_score": -0.037040815274231136,
        "train.generated_score": -0.03570519839879125,
        "val.cover_score": -0.0953578092455864,
        "val.generated_score": -0.095483023583889,
        "epoch": 1
    },
    {
        "train.encoder_mse": 3.2506763956916984e-05,
        "train.decoder_loss": 0.6931991286277771,
        "train.decoder_acc": 0.5005609164237976,
        "val.encoder_mse": 3.7754360542749056e-05,
        "val.decoder_loss": 0.6932095031738281,
        "val.decoder_acc": 0.500541298866272,
        "val.ssim": 0.9960703854560852,
        "val.psnr": 50.28242298126221,
        "val.wpsnr": 50.307630340576175,
        "val.fsim": 0.9990068049430847,
        "val.rsbpp": 0.003247793197631836,
        "train.cover_score": -0.1262737375497818,
        "train.generated_score": -0.12625744777917863,
        "val.cover_score": -0.10878783965110779,
        "val.generated_score": -0.10838592129945755,
        "epoch": 2
    },
    {
        "train.encoder_mse": 1.3820590304021608e-05,
        "train.decoder_loss": 0.6931850295066834,
        "train.decoder_acc": 0.5005089595317841,
        "val.encoder_mse": 3.359359528985806e-05,
        "val.decoder_loss": 0.6931751909255981,
        "val.decoder_acc": 0.5007337079048156,
        "val.ssim": 0.996302553653717,
        "val.psnr": 50.76447864532471,
        "val.wpsnr": 50.766401763916015,
        "val.fsim": 0.9992934007644654,
        "val.rsbpp": 0.004402247428894043,
        "train.cover_score": -0.05398476304020733,
        "train.generated_score": -0.053922808496281505,
        "val.cover_score": 0.002149361039599171,
        "val.generated_score": 0.002149902192708396,
        "epoch": 3
    },
    {
        "train.encoder_mse": 6.3523685857944655e-06,
        "train.decoder_loss": 0.6931624388694764,
        "train.decoder_acc": 0.5005178844928742,
        "val.encoder_mse": 3.171846129407641e-05,
        "val.decoder_loss": 0.6931504302024841,
        "val.decoder_acc": 0.5011030101776123,
        "val.ssim": 0.9960303354263306,
        "val.psnr": 51.034389877319335,
        "val.wpsnr": 51.04000857543945,
        "val.fsim": 0.9993915691375732,
        "val.rsbpp": 0.006618061065673828,
        "train.cover_score": -0.020965820311219432,
        "train.generated_score": -0.020943459916627036,
        "val.cover_score": -0.061280713617801665,
        "val.generated_score": -0.061288557440042496,
        "epoch": 4
    },
    {
        "train.encoder_mse": 3.2999492441376787e-06,
        "train.decoder_loss": 0.6931559939384461,
        "train.decoder_acc": 0.5005678315162658,
        "val.encoder_mse": 3.2745463802712035e-05,
        "val.decoder_loss": 0.6931547598838806,
        "val.decoder_acc": 0.5006868417263031,
        "val.ssim": 0.9973954634666443,
        "val.psnr": 50.87469932556152,
        "val.wpsnr": 50.87429971313477,
        "val.fsim": 0.9994949407577515,
        "val.rsbpp": 0.004121050357818603,
        "train.cover_score": -0.07024703472852707,
        "train.generated_score": -0.07024546551704407,
        "val.cover_score": -0.06756503051519394,
        "val.generated_score": -0.06759418538212776,
        "epoch": 5
    },
    {
        "train.encoder_mse": 2.0063210663465726e-06,
        "train.decoder_loss": 0.6931526107788086,
        "train.decoder_acc": 0.5007387099266052,
        "val.encoder_mse": 2.7537633708561772e-05,
        "val.decoder_loss": 0.6931243824958802,
        "val.decoder_acc": 0.5046265721321106,
        "val.ssim": 0.9960945267677307,
        "val.psnr": 51.63482635498047,
        "val.wpsnr": 51.650649688720705,
        "val.fsim": 0.9993447380065918,
        "val.rsbpp": 0.027759432792663574,
        "train.cover_score": -0.05657119503617287,
        "train.generated_score": -0.056571432203054425,
        "val.cover_score": -0.05412956342101097,
        "val.generated_score": -0.054077269047498704,
        "epoch": 6
    },
    {
        "train.encoder_mse": 1.1795801241078153e-05,
        "train.decoder_loss": 0.6903340144157409,
        "train.decoder_acc": 0.5167413239479065,
        "val.encoder_mse": 0.00012762924720300363,
        "val.decoder_loss": 0.6637938237190246,
        "val.decoder_acc": 0.5898789319992065,
        "val.ssim": 0.9774169726371765,
        "val.psnr": 44.96478137969971,
        "val.wpsnr": 44.98707113647461,
        "val.fsim": 0.9990932502746582,
        "val.rsbpp": 0.5392735919952393,
        "train.cover_score": -0.06168176338076591,
        "train.generated_score": -0.061686762243509295,
        "val.cover_score": -0.07147624880075455,
        "val.generated_score": -0.07155468764901161,
        "epoch": 7
    },
    {
        "train.encoder_mse": 0.0006384230015682988,
        "train.decoder_loss": 0.6197233915328979,
        "train.decoder_acc": 0.6188883090019226,
        "val.encoder_mse": 0.0003024800841230899,
        "val.decoder_loss": 0.5950907135009765,
        "val.decoder_acc": 0.6334473838806153,
        "val.ssim": 0.953333173751831,
        "val.psnr": 41.21698726654053,
        "val.wpsnr": 41.23302365112305,
        "val.fsim": 0.9972952256202697,
        "val.rsbpp": 0.8006843032836914,
        "train.cover_score": 0.7422256268113852,
        "train.generated_score": 0.7666497187858913,
        "val.cover_score": -1.94790181350708,
        "val.generated_score": -1.9515974006652832,
        "epoch": 8
    },
    {
        "train.encoder_mse": 0.00040356661623809485,
        "train.decoder_loss": 0.551632584810257,
        "train.decoder_acc": 0.674653525352478,
        "val.encoder_mse": 0.00029335594992153344,
        "val.decoder_loss": 0.5228747463226319,
        "val.decoder_acc": 0.7045663328170776,
        "val.ssim": 0.9535312042236328,
        "val.psnr": 41.351071166992185,
        "val.wpsnr": 41.36747955322266,
        "val.fsim": 0.9970952777862548,
        "val.rsbpp": 1.2273979969024658,
        "train.cover_score": -0.7247674765158445,
        "train.generated_score": -0.7159597911278033,
        "val.cover_score": 0.2139329549074173,
        "val.generated_score": 0.20518945062160493,
        "epoch": 9
    },
    {
        "train.encoder_mse": 0.0004810506619978696,
        "train.decoder_loss": 0.5391643931865692,
        "train.decoder_acc": 0.6956909823417664,
        "val.encoder_mse": 0.0004804559720214456,
        "val.decoder_loss": 0.49320581364631655,
        "val.decoder_acc": 0.7229557852745057,
        "val.ssim": 0.9342023506164551,
        "val.psnr": 39.21200019836426,
        "val.wpsnr": 39.26393496704102,
        "val.fsim": 0.994697645664215,
        "val.rsbpp": 1.3377347116470337,
        "train.cover_score": 0.6272527270112187,
        "train.generated_score": 0.6298374285176397,
        "val.cover_score": 0.5182024095058441,
        "val.generated_score": 0.5160410346984863,
        "epoch": 10
    },
    {
        "train.encoder_mse": 0.0004909039787016809,
        "train.decoder_loss": 0.5270940427780151,
        "train.decoder_acc": 0.6999588794708252,
        "val.encoder_mse": 0.0007787820645608008,
        "val.decoder_loss": 0.5068984854221344,
        "val.decoder_acc": 0.7095307898521424,
        "val.ssim": 0.9503587303161621,
        "val.psnr": 37.124034061431885,
        "val.wpsnr": 37.23499948120117,
        "val.fsim": 0.9834597897529602,
        "val.rsbpp": 1.257184739112854,
        "train.cover_score": 0.8656513069085777,
        "train.generated_score": 0.8653260294757783,
        "val.cover_score": 2.3401193838119507,
        "val.generated_score": 2.44457936668396,
        "epoch": 11
    },
    {
        "train.encoder_mse": 0.0005411671553738416,
        "train.decoder_loss": 0.4657953317165375,
        "train.decoder_acc": 0.7335651955604553,
        "val.encoder_mse": 0.0006618318245746195,
        "val.decoder_loss": 0.43057242250442507,
        "val.decoder_acc": 0.748895073890686,
        "val.ssim": 0.9297448558807373,
        "val.psnr": 37.81686450958252,
        "val.wpsnr": 37.863950836181644,
        "val.fsim": 0.9922962718009949,
        "val.rsbpp": 1.4933704433441162,
        "train.cover_score": -0.1805005759894848,
        "train.generated_score": -0.16316232378035783,
        "val.cover_score": -0.12064088391512633,
        "val.generated_score": -0.122075091637671,
        "epoch": 12
    },
    {
        "train.encoder_mse": 0.0005293306319508702,
        "train.decoder_loss": 0.41108260250091555,
        "train.decoder_acc": 0.7599347991943359,
        "val.encoder_mse": 0.0005034014047123491,
        "val.decoder_loss": 0.39407946991920473,
        "val.decoder_acc": 0.7675552186965943,
        "val.ssim": 0.9440579018592834,
        "val.psnr": 39.008717727661136,
        "val.wpsnr": 39.07451104736328,
        "val.fsim": 0.9938782095909119,
        "val.rsbpp": 1.6053313121795654,
        "train.cover_score": -0.22018426769971847,
        "train.generated_score": -0.21921453189849854,
        "val.cover_score": -0.31991596388816834,
        "val.generated_score": -0.31683344852924344,
        "epoch": 13
    },
    {
        "train.encoder_mse": 0.0005438152966089546,
        "train.decoder_loss": 0.3626385154724121,
        "train.decoder_acc": 0.7822172970771789,
        "val.encoder_mse": 0.0004315690400544554,
        "val.decoder_loss": 0.3882969081401825,
        "val.decoder_acc": 0.768639955997467,
        "val.ssim": 0.9584870204925537,
        "val.psnr": 39.688822422027584,
        "val.wpsnr": 39.762965881347654,
        "val.fsim": 0.9943170738220215,
        "val.rsbpp": 1.6118397359848022,
        "train.cover_score": -0.31708943235874176,
        "train.generated_score": -0.31791633760929106,
        "val.cover_score": -0.31009226512908933,
        "val.generated_score": -0.3033141231536865,
        "epoch": 14
    },
    {
        "train.encoder_mse": 0.0005429038940928877,
        "train.decoder_loss": 0.34231189036369325,
        "train.decoder_acc": 0.7902664904594421,
        "val.encoder_mse": 0.0005377202762756497,
        "val.decoder_loss": 0.3457071702480316,
        "val.decoder_acc": 0.787443597316742,
        "val.ssim": 0.9520523762702942,
        "val.psnr": 38.739063625335696,
        "val.wpsnr": 38.821142974853515,
        "val.fsim": 0.9948076066970826,
        "val.rsbpp": 1.7246615839004518,
        "train.cover_score": -0.228673746407032,
        "train.generated_score": -0.2298325588107109,
        "val.cover_score": -0.2828497539758682,
        "val.generated_score": -0.28320004069805144,
        "epoch": 15
    },
    {
        "train.encoder_mse": 0.0005299144573509693,
        "train.decoder_loss": 0.33133188652992246,
        "train.decoder_acc": 0.7946359848976136,
        "val.encoder_mse": 0.000598340654745698,
        "val.decoder_loss": 0.3315790514945984,
        "val.decoder_acc": 0.7937623810768127,
        "val.ssim": 0.9450105571746826,
        "val.psnr": 38.28385299682617,
        "val.wpsnr": 38.36672283935547,
        "val.fsim": 0.9943500142097473,
        "val.rsbpp": 1.7625742864608764,
        "train.cover_score": -0.31381615912914274,
        "train.generated_score": -0.3176949815750122,
        "val.cover_score": -0.28738697826862336,
        "val.generated_score": -0.2868336580991745,
        "epoch": 16
    },
    {
        "train.encoder_mse": 0.000542739957338199,
        "train.decoder_loss": 0.3241950740814209,
        "train.decoder_acc": 0.7972725014686585,
        "val.encoder_mse": 0.0007098487080074847,
        "val.decoder_loss": 0.3100907528400421,
        "val.decoder_acc": 0.8037316756248474,
        "val.ssim": 0.9406360101699829,
        "val.psnr": 37.54293552398681,
        "val.wpsnr": 37.64263815307617,
        "val.fsim": 0.9940059385299682,
        "val.rsbpp": 1.8223900537490845,
        "train.cover_score": -0.3838086580783129,
        "train.generated_score": -0.3812312985509634,
        "val.cover_score": -0.39028784561157226,
        "val.generated_score": -0.3918149008750916,
        "epoch": 17
    },
    {
        "train.encoder_mse": 0.0005327453180216253,
        "train.decoder_loss": 0.3145163938999176,
        "train.decoder_acc": 0.8014518284797668,
        "val.encoder_mse": 0.0005304816821590065,
        "val.decoder_loss": 0.3221019382476807,
        "val.decoder_acc": 0.7983608465194703,
        "val.ssim": 0.9552480573654175,
        "val.psnr": 38.81361349105835,
        "val.wpsnr": 38.90990478515625,
        "val.fsim": 0.9951860046386719,
        "val.rsbpp": 1.7901650791168213,
        "train.cover_score": -0.45679507780075074,
        "train.generated_score": -0.45922088861465454,
        "val.cover_score": -0.5254531199932099,
        "val.generated_score": -0.5324014649391174,
        "epoch": 18
    },
    {
        "train.encoder_mse": 0.000509725070791319,
        "train.decoder_loss": 0.312169579744339,
        "train.decoder_acc": 0.802470489025116,
        "val.encoder_mse": 0.0006180370845831931,
        "val.decoder_loss": 0.3119901120662689,
        "val.decoder_acc": 0.802883647441864,
        "val.ssim": 0.9473805737495422,
        "val.psnr": 38.150334186553955,
        "val.wpsnr": 38.248109588623045,
        "val.fsim": 0.9938381958007813,
        "val.rsbpp": 1.8173018846511841,
        "train.cover_score": -0.5644709134101867,
        "train.generated_score": -0.5648313071727753,
        "val.cover_score": -0.6661964712142945,
        "val.generated_score": -0.6613056983947754,
        "epoch": 19
    },
    {
        "train.encoder_mse": 0.0005187714179046453,
        "train.decoder_loss": 0.31100439620018006,
        "train.decoder_acc": 0.8034890065193177,
        "val.encoder_mse": 0.0003874205898027867,
        "val.decoder_loss": 0.3482734582424164,
        "val.decoder_acc": 0.7890432934761047,
        "val.ssim": 0.9652866888046264,
        "val.psnr": 40.167801456451414,
        "val.wpsnr": 40.26464880371094,
        "val.fsim": 0.996774335861206,
        "val.rsbpp": 1.7342597608566284,
        "train.cover_score": -0.46911334609240296,
        "train.generated_score": -0.4708432159870863,
        "val.cover_score": -0.7982343468666077,
        "val.generated_score": -0.7988246021270752,
        "epoch": 20
    },
    {
        "train.encoder_mse": 0.0004995254850946367,
        "train.decoder_loss": 0.31583391642570496,
        "train.decoder_acc": 0.8013176851272583,
        "val.encoder_mse": 0.0005990788226481527,
        "val.decoder_loss": 0.3466070683002472,
        "val.decoder_acc": 0.7875506501197815,
        "val.ssim": 0.945715051651001,
        "val.psnr": 38.290202102661134,
        "val.wpsnr": 38.37078442382813,
        "val.fsim": 0.9930710697174072,
        "val.rsbpp": 1.725303900718689,
        "train.cover_score": -0.43644345095753667,
        "train.generated_score": -0.42624482764676214,
        "val.cover_score": -0.16436728233098985,
        "val.generated_score": -0.13760194730293004,
        "epoch": 21
    },
    {
        "train.encoder_mse": 0.0005027747552376241,
        "train.decoder_loss": 0.3038020696640015,
        "train.decoder_acc": 0.8070010328292847,
        "val.encoder_mse": 0.0004867796639446169,
        "val.decoder_loss": 0.31525693845748903,
        "val.decoder_acc": 0.8027528667449951,
        "val.ssim": 0.9592858338356018,
        "val.psnr": 39.18624977111816,
        "val.wpsnr": 39.28877722167969,
        "val.fsim": 0.9960567717552185,
        "val.rsbpp": 1.8165172004699708,
        "train.cover_score": -0.22278405415266753,
        "train.generated_score": -0.22333805447816849,
        "val.cover_score": -0.3564301812648773,
        "val.generated_score": -0.35488369822502136,
        "epoch": 22
    },
    {
        "train.encoder_mse": 0.0004931566342711448,
        "train.decoder_loss": 0.2985718283653259,
        "train.decoder_acc": 0.8138363070487976,
        "val.encoder_mse": 0.0006228973264805973,
        "val.decoder_loss": 0.2983076419830322,
        "val.decoder_acc": 0.8159222712516785,
        "val.ssim": 0.9473836636543274,
        "val.psnr": 38.11597099304199,
        "val.wpsnr": 38.21203051757813,
        "val.fsim": 0.9947394795417785,
        "val.rsbpp": 1.8955336275100707,
        "train.cover_score": -0.3155199613571167,
        "train.generated_score": -0.3178015831708908,
        "val.cover_score": -0.38428891491889955,
        "val.generated_score": -0.38912326884269716,
        "epoch": 23
    },
    {
        "train.encoder_mse": 0.0004923277292400598,
        "train.decoder_loss": 0.29638901400566103,
        "train.decoder_acc": 0.8191874198913575,
        "val.encoder_mse": 0.0004838576978072524,
        "val.decoder_loss": 0.30357448863983155,
        "val.decoder_acc": 0.8190617218017578,
        "val.ssim": 0.9583799467086792,
        "val.psnr": 39.21261470794678,
        "val.wpsnr": 39.31773129272461,
        "val.fsim": 0.9956508569717407,
        "val.rsbpp": 1.9143703308105469,
        "train.cover_score": -0.34027059841156004,
        "train.generated_score": -0.3420189605951309,
        "val.cover_score": -0.3139631652832031,
        "val.generated_score": -0.3226235377788544,
        "epoch": 24
    },
    {
        "train.encoder_mse": 0.0004923005066812038,
        "train.decoder_loss": 0.29477440905570984,
        "train.decoder_acc": 0.8261359133720398,
        "val.encoder_mse": 0.0005152165635954589,
        "val.decoder_loss": 0.3118288686275482,
        "val.decoder_acc": 0.8220520739555359,
        "val.ssim": 0.9559228672981263,
        "val.psnr": 38.94265699386597,
        "val.wpsnr": 39.045144409179684,
        "val.fsim": 0.9953200631141662,
        "val.rsbpp": 1.9323124437332153,
        "train.cover_score": -0.2949493722915649,
        "train.generated_score": -0.2940529861301184,
        "val.cover_score": -0.6380794615745544,
        "val.generated_score": -0.6386935276985168,
        "epoch": 25
    },
    {
        "train.encoder_mse": 0.0004976445126812905,
        "train.decoder_loss": 0.2773147923946381,
        "train.decoder_acc": 0.8468852763175965,
        "val.encoder_mse": 0.0005497600648086518,
        "val.decoder_loss": 0.28138828909397123,
        "val.decoder_acc": 0.8518307099342346,
        "val.ssim": 0.9502181067466736,
        "val.psnr": 38.6544386100769,
        "val.wpsnr": 38.75312243652344,
        "val.fsim": 0.9947550539970398,
        "val.rsbpp": 2.1109842596054076,
        "train.cover_score": -0.45100912830978634,
        "train.generated_score": -0.4545094420537353,
        "val.cover_score": 0.011211606102995575,
        "val.generated_score": 0.012355690706521273,
        "epoch": 26
    },
    {
        "train.encoder_mse": 0.000542747541796416,
        "train.decoder_loss": 0.2572676546573639,
        "train.decoder_acc": 0.8709235401153564,
        "val.encoder_mse": 0.000537228211760521,
        "val.decoder_loss": 0.25308386075496675,
        "val.decoder_acc": 0.87909437417984,
        "val.ssim": 0.9519203333854676,
        "val.psnr": 38.76253160476685,
        "val.wpsnr": 38.8584599609375,
        "val.fsim": 0.9950942358970642,
        "val.rsbpp": 2.2745662450790407,
        "train.cover_score": -0.7116787174632773,
        "train.generated_score": -0.708823808759451,
        "val.cover_score": -1.1291704621315002,
        "val.generated_score": -1.1438026242256165,
        "epoch": 27
    },
    {
        "train.encoder_mse": 0.0005860227353405207,
        "train.decoder_loss": 0.2140042418241501,
        "train.decoder_acc": 0.9063258800506592,
        "val.encoder_mse": 0.0006141694516409188,
        "val.decoder_loss": 0.22074012458324432,
        "val.decoder_acc": 0.9013254652023316,
        "val.ssim": 0.9464915041923523,
        "val.psnr": 38.194901599884034,
        "val.wpsnr": 38.29456396484375,
        "val.fsim": 0.993529320716858,
        "val.rsbpp": 2.4079527912139893,
        "train.cover_score": -1.2472247009277344,
        "train.generated_score": -1.251134616613388,
        "val.cover_score": -1.7735744857788085,
        "val.generated_score": -1.7768560209274291,
        "epoch": 28
    },
    {
        "train.encoder_mse": 0.0006360357734374702,
        "train.decoder_loss": 0.18042004561424255,
        "train.decoder_acc": 0.9238358478546143,
        "val.encoder_mse": 0.0006403737014625221,
        "val.decoder_loss": 0.210887997508049,
        "val.decoder_acc": 0.9059857754707337,
        "val.ssim": 0.9463794512748718,
        "val.psnr": 38.00073135375977,
        "val.wpsnr": 38.095595977783205,
        "val.fsim": 0.9938745913505554,
        "val.rsbpp": 2.435914652824402,
        "train.cover_score": -1.1896017456054688,
        "train.generated_score": -1.1892311873435975,
        "val.cover_score": -0.8118364839553833,
        "val.generated_score": -0.8021345686912537,
        "epoch": 29
    },
    {
        "train.encoder_mse": 0.0006633490319363773,
        "train.decoder_loss": 0.16323013854026794,
        "train.decoder_acc": 0.9312366108894348,
        "val.encoder_mse": 0.0007309392653405667,
        "val.decoder_loss": 0.18554416418075562,
        "val.decoder_acc": 0.9191008796691894,
        "val.ssim": 0.9410806336402893,
        "val.psnr": 37.43256172180176,
        "val.wpsnr": 37.526520141601566,
        "val.fsim": 0.9925210723876953,
        "val.rsbpp": 2.5146052780151367,
        "train.cover_score": -0.8844768958091735,
        "train.generated_score": -0.8861306362152099,
        "val.cover_score": -0.614957661151886,
        "val.generated_score": -0.6159425683021545,
        "epoch": 30
    },
    {
        "train.encoder_mse": 0.0006773082378786058,
        "train.decoder_loss": 0.1563696678876877,
        "train.decoder_acc": 0.9335486516952515,
        "val.encoder_mse": 0.0006624829370994121,
        "val.decoder_loss": 0.18217599189281464,
        "val.decoder_acc": 0.9227112793922424,
        "val.ssim": 0.9441268892288208,
        "val.psnr": 37.860818004608156,
        "val.wpsnr": 37.96114831542969,
        "val.fsim": 0.9943047318458557,
        "val.rsbpp": 2.5362676763534546,
        "train.cover_score": -0.4404234464168549,
        "train.generated_score": -0.4405082234144211,
        "val.cover_score": -0.5820113191604614,
        "val.generated_score": -0.5894512348175048,
        "epoch": 31
    },
    {
        "train.encoder_mse": 0.0006789699678774923,
        "train.decoder_loss": 0.14420020896196364,
        "train.decoder_acc": 0.939689971446991,
        "val.encoder_mse": 0.0008561772638931871,
        "val.decoder_loss": 0.14484881174564362,
        "val.decoder_acc": 0.9401102442741394,
        "val.ssim": 0.9291577849388123,
        "val.psnr": 36.73612632751465,
        "val.wpsnr": 36.841542541503905,
        "val.fsim": 0.9920624022483826,
        "val.rsbpp": 2.6406614656448366,
        "train.cover_score": -0.7115943278372288,
        "train.generated_score": -0.71323913782835,
        "val.cover_score": -0.2845610046349466,
        "val.generated_score": -0.26844762973859904,
        "epoch": 32
    }
]