[
    {
        "train.encoder_mse": 0.0020563718576158863,
        "train.decoder_loss": 0.6944507908821106,
        "train.decoder_acc": 0.5010568201541901,
        "val.encoder_mse": 0.00024002122742016442,
        "val.decoder_loss": 0.6934638665272639,
        "val.decoder_acc": 0.5011243132444528,
        "val.ssim": 0.9816811451545129,
        "val.psnr": 42.22015380859375,
        "val.rsbpp": 0.0022486264889056864,
        "train.cover_score": 0.005835696715512313,
        "train.generated_score": 0.01029513356043026,
        "val.cover_score": 0.19342621702414292,
        "val.generated_score": 0.19299434010799116,
        "epoch": 1
    },
    {
        "train.encoder_mse": 0.001319299975366448,
        "train.decoder_loss": 0.6932792401313782,
        "train.decoder_acc": 0.502360075712204,
        "val.encoder_mse": 0.000561041273893072,
        "val.decoder_loss": 0.6931816660440885,
        "val.decoder_acc": 0.504311570754418,
        "val.ssim": 0.9614158777090219,
        "val.psnr": 38.53292611929086,
        "val.rsbpp": 0.008623141508836012,
        "train.cover_score": 0.07615694070525933,
        "train.generated_score": 0.08164546991232782,
        "val.cover_score": 0.0419885516166687,
        "val.generated_score": 0.04157377120393973,
        "epoch": 2
    },
    {
        "train.encoder_mse": 0.00010791208500450011,
        "train.decoder_loss": 0.6896543002128601,
        "train.decoder_acc": 0.5251731479167938,
        "val.encoder_mse": 0.000713837556899167,
        "val.decoder_loss": 0.638752125776731,
        "val.decoder_acc": 0.633410109923436,
        "val.ssim": 0.9154692017115079,
        "val.psnr": 37.49563712340135,
        "val.rsbpp": 0.2668202198468722,
        "train.cover_score": 0.04120765252038836,
        "train.generated_score": 0.04127457335591316,
        "val.cover_score": 0.03318991196843294,
        "val.generated_score": 0.03361469378265051,
        "epoch": 3
    },
    {
        "train.encoder_mse": 0.013281739526428282,
        "train.decoder_loss": 0.3881765550374985,
        "train.decoder_acc": 0.8239382308721542,
        "val.encoder_mse": 0.0539568356023385,
        "val.decoder_loss": 0.419045436840791,
        "val.decoder_acc": 0.8215991442020123,
        "val.ssim": 0.652091173025278,
        "val.psnr": 18.718358278274536,
        "val.rsbpp": 0.6431982884040246,
        "train.cover_score": -5.086890539964661,
        "train.generated_score": -4.90992575815937,
        "val.cover_score": -2.211211186188918,
        "val.generated_score": -0.9091947654692026,
        "epoch": 4
    },
    {
        "train.encoder_mse": 0.03681847320403904,
        "train.decoder_loss": 0.1846538620442152,
        "train.decoder_acc": 0.933207945227623,
        "val.encoder_mse": 0.0061026407549014455,
        "val.decoder_loss": 0.08793564885854721,
        "val.decoder_acc": 0.9762284159660339,
        "val.ssim": 0.6709394271557148,
        "val.psnr": 28.177883808429424,
        "val.rsbpp": 0.9524568319320679,
        "train.cover_score": 0.8770649876678362,
        "train.generated_score": 1.1425579806044697,
        "val.cover_score": -0.38524706547076887,
        "val.generated_score": -0.4249877631664276,
        "epoch": 5
    },
    {
        "train.encoder_mse": 0.011261295911390334,
        "train.decoder_loss": 0.07481869023293257,
        "train.decoder_acc": 0.9786114853620529,
        "val.encoder_mse": 0.002652088807036097,
        "val.decoder_loss": 0.04872259841515468,
        "val.decoder_acc": 0.9876704216003418,
        "val.ssim": 0.8244898869441106,
        "val.psnr": 31.787727245917687,
        "val.rsbpp": 0.9753408432006836,
        "train.cover_score": -0.3331424193829298,
        "train.generated_score": -0.31781331985257566,
        "val.cover_score": -0.1566924309501281,
        "val.generated_score": -0.16339730399732405,
        "epoch": 6
    },
    {
        "train.encoder_mse": 0.0030373779451474546,
        "train.decoder_loss": 0.043891349099576475,
        "train.decoder_acc": 0.9878400886058807,
        "val.encoder_mse": 0.002132666512177541,
        "val.decoder_loss": 0.038307616057304233,
        "val.decoder_acc": 0.9896282874620878,
        "val.ssim": 0.8845235109329224,
        "val.psnr": 32.73510566124549,
        "val.rsbpp": 0.9792565749241755,
        "train.cover_score": -0.06594697868975345,
        "train.generated_score": -0.07060812690295279,
        "val.cover_score": -0.08316192718652579,
        "val.generated_score": -0.08133798436476634,
        "epoch": 7
    },
    {
        "train.encoder_mse": 0.0019026983145158738,
        "train.decoder_loss": 0.04204582706093788,
        "train.decoder_acc": 0.9877581125497819,
        "val.encoder_mse": 0.0023556595059254994,
        "val.decoder_loss": 0.04170419705601839,
        "val.decoder_acc": 0.9877892044874338,
        "val.ssim": 0.8866947247431829,
        "val.psnr": 32.30623465317946,
        "val.rsbpp": 0.9755784089748676,
        "train.cover_score": 0.1241554740536958,
        "train.generated_score": 0.11182328756622155,
        "val.cover_score": 0.22489806321951059,
        "val.generated_score": 0.21783272119668814,
        "epoch": 8
    },
    {
        "train.encoder_mse": 0.006941590809728951,
        "train.decoder_loss": 0.07927206875756383,
        "train.decoder_acc": 0.9709514933824539,
        "val.encoder_mse": 0.007829987873824744,
        "val.decoder_loss": 0.01615718616029391,
        "val.decoder_acc": 0.9958641895881066,
        "val.ssim": 0.639589222577902,
        "val.psnr": 27.087638744941124,
        "val.rsbpp": 0.9917283791762131,
        "train.cover_score": 0.9863961321115494,
        "train.generated_score": 1.0141595423221588,
        "val.cover_score": 0.21174518420146063,
        "val.generated_score": 0.2172798399741833,
        "epoch": 9
    },
    {
        "train.encoder_mse": 0.003765809629112482,
        "train.decoder_loss": 0.03353010792285204,
        "train.decoder_acc": 0.9896249216794968,
        "val.encoder_mse": 0.0030076114568286217,
        "val.decoder_loss": 0.03236838874335472,
        "val.decoder_acc": 0.9900581607451806,
        "val.ssim": 0.8767155683957614,
        "val.psnr": 31.241659201108494,
        "val.rsbpp": 0.9801163214903611,
        "train.cover_score": 0.18945418369956316,
        "train.generated_score": 0.19351633567363025,
        "val.cover_score": 0.13605382522711387,
        "val.generated_score": 0.1428838624404027,
        "epoch": 10
    },
    {
        "train.encoder_mse": 0.001985670547001064,
        "train.decoder_loss": 0.020574059076607226,
        "train.decoder_acc": 0.9941913288831711,
        "val.encoder_mse": 0.0016117198392748833,
        "val.decoder_loss": 0.02425551901643093,
        "val.decoder_acc": 0.9928832054138184,
        "val.ssim": 0.9162247914534348,
        "val.psnr": 33.95619594133817,
        "val.rsbpp": 0.9857664108276367,
        "train.cover_score": 0.15981375440955162,
        "train.generated_score": 0.15677936643362045,
        "val.cover_score": 0.12191086892898266,
        "val.generated_score": 0.11950698151038243,
        "epoch": 11
    },
    {
        "train.encoder_mse": 0.001477511137491092,
        "train.decoder_loss": 0.017742779669351876,
        "train.decoder_acc": 0.9951224231719971,
        "val.encoder_mse": 0.0015069545837692344,
        "val.decoder_loss": 0.022576948842750147,
        "val.decoder_acc": 0.9928770523804885,
        "val.ssim": 0.9130289187798133,
        "val.psnr": 34.248308218442475,
        "val.rsbpp": 0.9857541047609769,
        "train.cover_score": 0.09680245552212,
        "train.generated_score": 0.09347168501466513,
        "val.cover_score": 0.037860604003071785,
        "val.generated_score": 0.037413681499086894,
        "epoch": 12
    },
    {
        "train.encoder_mse": 0.0013527552044251933,
        "train.decoder_loss": 0.018894243948161603,
        "train.decoder_acc": 0.9943448662757873,
        "val.encoder_mse": 0.0010957213996264797,
        "val.decoder_loss": 0.032138547072043784,
        "val.decoder_acc": 0.9894290841542758,
        "val.ssim": 0.9322660611226008,
        "val.psnr": 35.63228808916532,
        "val.rsbpp": 0.9788581683085515,
        "train.cover_score": 0.022326384523330488,
        "train.generated_score": 0.01709320138092153,
        "val.cover_score": -0.013041867444721552,
        "val.generated_score": -0.009747913071455864,
        "epoch": 13
    },
    {
        "train.encoder_mse": 0.0014262047660304233,
        "train.decoder_loss": 0.020470013106241823,
        "train.decoder_acc": 0.9939340335130692,
        "val.encoder_mse": 0.0013449742691591382,
        "val.decoder_loss": 0.03167250272459709,
        "val.decoder_acc": 0.9893565911513108,
        "val.ssim": 0.9252199072104234,
        "val.psnr": 34.74268014614399,
        "val.rsbpp": 0.9787131823026217,
        "train.cover_score": 0.05178779341862537,
        "train.generated_score": 0.04655600378988311,
        "val.cover_score": -0.08567373024729583,
        "val.generated_score": -0.07779970822425988,
        "epoch": 14
    },
    {
        "train.encoder_mse": 0.0015954988636076451,
        "train.decoder_loss": 0.013863263740204275,
        "train.decoder_acc": 0.9958897185325623,
        "val.encoder_mse": 0.001388308466770328,
        "val.decoder_loss": 0.01600137546371955,
        "val.decoder_acc": 0.9949144583482009,
        "val.ssim": 0.9224927562933701,
        "val.psnr": 34.602947785304146,
        "val.rsbpp": 0.9898289166964017,
        "train.cover_score": -0.04440585140662733,
        "train.generated_score": -0.04541385314660147,
        "val.cover_score": -0.08223208469840196,
        "val.generated_score": -0.08391467137978627,
        "epoch": 15
    },
    {
        "train.encoder_mse": 0.0012768274627160282,
        "train.decoder_loss": 0.015186607819050551,
        "train.decoder_acc": 0.9951448196172714,
        "val.encoder_mse": 0.0013392113167076157,
        "val.decoder_loss": 0.04457553877280308,
        "val.decoder_acc": 0.9841699325121366,
        "val.ssim": 0.9315021725801321,
        "val.psnr": 34.7626231266902,
        "val.rsbpp": 0.9683398650242732,
        "train.cover_score": -0.03458969096885994,
        "train.generated_score": -0.04175654213904636,
        "val.cover_score": 0.025235187477217272,
        "val.generated_score": 0.018571785292946376,
        "epoch": 16
    },
    {
        "train.encoder_mse": 0.0019580733752809464,
        "train.decoder_loss": 0.017164925083052368,
        "train.decoder_acc": 0.994467476606369,
        "val.encoder_mse": 0.0014348393664337122,
        "val.decoder_loss": 0.01034747726785449,
        "val.decoder_acc": 0.9969780490948603,
        "val.ssim": 0.9239654816113986,
        "val.psnr": 34.456867988292984,
        "val.rsbpp": 0.9939560981897207,
        "train.cover_score": -0.020619018552824855,
        "train.generated_score": -0.011309573805046966,
        "val.cover_score": -0.17651272737062895,
        "val.generated_score": -0.17433820091761076,
        "epoch": 17
    },
    {
        "train.encoder_mse": 0.0014637675136327743,
        "train.decoder_loss": 0.012532155183143913,
        "train.decoder_acc": 0.9961946547031403,
        "val.encoder_mse": 0.001339122957478349,
        "val.decoder_loss": 0.016431942761230927,
        "val.decoder_acc": 0.9949968778170072,
        "val.ssim": 0.9222057782686673,
        "val.psnr": 34.75734857412485,
        "val.rsbpp": 0.9899937556340144,
        "train.cover_score": 0.05245874078944326,
        "train.generated_score": 0.05352701501455158,
        "val.cover_score": 0.03454883253345123,
        "val.generated_score": 0.03394305226034843,
        "epoch": 18
    },
    {
        "train.encoder_mse": 0.0014265344501473009,
        "train.decoder_loss": 0.013025194352958352,
        "train.decoder_acc": 0.9957838833332062,
        "val.encoder_mse": 0.0012959758840644588,
        "val.decoder_loss": 0.03147591299449022,
        "val.decoder_acc": 0.9892684633915241,
        "val.ssim": 0.929729727598337,
        "val.psnr": 34.89952142422016,
        "val.rsbpp": 0.9785369267830482,
        "train.cover_score": 0.059154354098282055,
        "train.generated_score": 0.060776565924170425,
        "val.cover_score": 0.19988795312551352,
        "val.generated_score": 0.1977559866813513,
        "epoch": 19
    },
    {
        "train.encoder_mse": 0.0013476535910740494,
        "train.decoder_loss": 0.01220255931490101,
        "train.decoder_acc": 0.9960731828212738,
        "val.encoder_mse": 0.0011838127661926241,
        "val.decoder_loss": 0.019595158358032886,
        "val.decoder_acc": 0.9936295839456412,
        "val.ssim": 0.9351971470392667,
        "val.psnr": 35.29539346694946,
        "val.rsbpp": 0.9872591678912823,
        "train.cover_score": 0.07040770496125333,
        "train.generated_score": 0.06981261625769548,
        "val.cover_score": -0.09022893498723324,
        "val.generated_score": -0.08404825570491645,
        "epoch": 20
    },
    {
        "train.encoder_mse": 0.0011759374052053317,
        "train.decoder_loss": 0.013202383578754962,
        "train.decoder_acc": 0.9957417887449265,
        "val.encoder_mse": 0.0013890439071334326,
        "val.decoder_loss": 0.020184497062403422,
        "val.decoder_acc": 0.993214474274562,
        "val.ssim": 0.9341224294442397,
        "val.psnr": 34.599690437316895,
        "val.rsbpp": 0.9864289485491239,
        "train.cover_score": 0.10074295943719334,
        "train.generated_score": 0.0972364796884358,
        "val.cover_score": 0.10691627802757117,
        "val.generated_score": 0.10787336012491813,
        "epoch": 21
    },
    {
        "train.encoder_mse": 0.0011069315002532676,
        "train.decoder_loss": 0.01060679898248054,
        "train.decoder_acc": 0.9967315155267715,
        "val.encoder_mse": 0.0008608684158669069,
        "val.decoder_loss": 0.01949424260797409,
        "val.decoder_acc": 0.9937606820693383,
        "val.ssim": 0.9522677522439223,
        "val.psnr": 36.68442157598642,
        "val.rsbpp": 0.9875213641386765,
        "train.cover_score": 0.005284022521227599,
        "train.generated_score": 0.004878818377183052,
        "val.cover_score": -0.11250474475897275,
        "val.generated_score": -0.11248331287732491,
        "epoch": 22
    },
    {
        "train.encoder_mse": 0.0011744420533068478,
        "train.decoder_loss": 0.011241911923279986,
        "train.decoder_acc": 0.9964587283134461,
        "val.encoder_mse": 0.0011752594728022814,
        "val.decoder_loss": 0.02939219822963843,
        "val.decoder_acc": 0.9902479556890634,
        "val.ssim": 0.9429717430701623,
        "val.psnr": 35.32508043142465,
        "val.rsbpp": 0.9804959113781269,
        "train.cover_score": 0.07280582820065319,
        "train.generated_score": 0.06727985146659193,
        "val.cover_score": -0.15852663666009903,
        "val.generated_score": -0.15611860614556533,
        "epoch": 23
    },
    {
        "train.encoder_mse": 0.0010457261127885431,
        "train.decoder_loss": 0.013686035148566589,
        "train.decoder_acc": 0.9954109555482864,
        "val.encoder_mse": 0.0014776507696996515,
        "val.decoder_loss": 0.04765059755971798,
        "val.decoder_acc": 0.9819857661540692,
        "val.ssim": 0.941503630234645,
        "val.psnr": 34.356052325322075,
        "val.rsbpp": 0.9639715323081384,
        "train.cover_score": -0.02242023702710867,
        "train.generated_score": -0.01390166082419455,
        "val.cover_score": 0.24531097824756914,
        "val.generated_score": 0.24697629648905534,
        "epoch": 24
    },
    {
        "train.encoder_mse": 0.0013444835355039687,
        "train.decoder_loss": 0.013980486153159291,
        "train.decoder_acc": 0.9943312758207321,
        "val.encoder_mse": 0.0008058773595481538,
        "val.decoder_loss": 0.02240061301451463,
        "val.decoder_acc": 0.9924875360268813,
        "val.ssim": 0.9537738607479975,
        "val.psnr": 36.96922925802377,
        "val.rsbpp": 0.9849750720537626,
        "train.cover_score": -0.010638045554514974,
        "train.generated_score": -0.010554764987900853,
        "val.cover_score": -0.16858788178517267,
        "val.generated_score": -0.15866400931890196,
        "epoch": 25
    },
    {
        "train.encoder_mse": 0.0011299952369881795,
        "train.decoder_loss": 0.009153558348771185,
        "train.decoder_acc": 0.9971518653631211,
        "val.encoder_mse": 0.0009029998461930797,
        "val.decoder_loss": 0.02190778046273268,
        "val.decoder_acc": 0.992198843222398,
        "val.ssim": 0.9501804892833416,
        "val.psnr": 36.48288084910466,
        "val.rsbpp": 0.9843976864447961,
        "train.cover_score": 0.058311319033382464,
        "train.generated_score": 0.05956950510852039,
        "val.cover_score": -0.02105723859410948,
        "val.generated_score": -0.019723643810721114,
        "epoch": 26
    },
    {
        "train.encoder_mse": 0.0008804337272886187,
        "train.decoder_loss": 0.006460721748881042,
        "train.decoder_acc": 0.9980770891904831,
        "val.encoder_mse": 0.0010782059801455874,
        "val.decoder_loss": 0.005912779973676572,
        "val.decoder_acc": 0.9982284949376032,
        "val.ssim": 0.9464276157892667,
        "val.psnr": 35.71265954237718,
        "val.rsbpp": 0.9964569898752066,
        "train.cover_score": 0.10443696075119079,
        "train.generated_score": 0.10270340448827482,
        "val.cover_score": 0.11407875441587888,
        "val.generated_score": 0.11298700307424252,
        "epoch": 27
    },
    {
        "train.encoder_mse": 0.0009258136845892295,
        "train.decoder_loss": 0.0069150654668919745,
        "train.decoder_acc": 0.9979163867235183,
        "val.encoder_mse": 0.0009133798840384071,
        "val.decoder_loss": 0.013413066510111094,
        "val.decoder_acc": 0.9955845566896292,
        "val.ssim": 0.9489897535397456,
        "val.psnr": 36.43594631781945,
        "val.rsbpp": 0.9911691133792584,
        "train.cover_score": 0.09047975154360756,
        "train.generated_score": 0.08946201603219378,
        "val.cover_score": -0.21268718632367942,
        "val.generated_score": -0.21283124272639936,
        "epoch": 28
    },
    {
        "train.encoder_mse": 0.0008991338784107938,
        "train.decoder_loss": 0.00564512220211327,
        "train.decoder_acc": 0.9983206778764725,
        "val.encoder_mse": 0.0010570150782139255,
        "val.decoder_loss": 0.010171032367417445,
        "val.decoder_acc": 0.9967496899458078,
        "val.ssim": 0.9460463936512287,
        "val.psnr": 35.7958223269536,
        "val.rsbpp": 0.9934993798916156,
        "train.cover_score": -0.010705568231642246,
        "train.generated_score": -0.010381012819707394,
        "val.cover_score": 0.06381124172073144,
        "val.generated_score": 0.062023758315123044,
        "epoch": 29
    },
    {
        "train.encoder_mse": 0.0008334148267749697,
        "train.decoder_loss": 0.007631019984837621,
        "train.decoder_acc": 0.997531944513321,
        "val.encoder_mse": 0.001067592954943673,
        "val.decoder_loss": 0.006477847731170746,
        "val.decoder_acc": 0.9980142299945538,
        "val.ssim": 0.9465183157187241,
        "val.psnr": 35.75072875389686,
        "val.rsbpp": 0.9960284599891076,
        "train.cover_score": 0.020759594213959644,
        "train.generated_score": 0.019058390570571647,
        "val.cover_score": 0.2888549749667828,
        "val.generated_score": 0.2895163045479701,
        "epoch": 30
    }
]