[
    {
        "train.encoder_mse": 0.0016420659504365175,
        "train.decoder_loss": 0.6947403520345687,
        "train.decoder_acc": 0.5092072892189026,
        "val.encoder_mse": 5.424161281553097e-05,
        "val.decoder_loss": 0.6833729147911072,
        "val.decoder_acc": 0.5501726498970618,
        "val.ssim": 0.9932159964854901,
        "val.psnr": 48.68690710801344,
        "val.wpsnr": 48.70253166785607,
        "val.fsim": 0.9987826622449435,
        "val.rsbpp": 0.10034529979412372,
        "train.cover_score": -0.2064555886015296,
        "train.generated_score": -0.2062339985370636,
        "val.cover_score": 0.22919287016758552,
        "val.generated_score": 0.2286505515758808,
        "epoch": 1
    },
    {
        "train.encoder_mse": 0.0005360268843651283,
        "train.decoder_loss": 0.5866276073455811,
        "train.decoder_acc": 0.677375276684761,
        "val.encoder_mse": 0.0009844707405696122,
        "val.decoder_loss": 0.5043143950975858,
        "val.decoder_acc": 0.7482066062780527,
        "val.ssim": 0.9327757221001846,
        "val.psnr": 36.10300522584181,
        "val.wpsnr": 36.1335334777832,
        "val.fsim": 0.9956580308767465,
        "val.rsbpp": 0.4964132125561054,
        "train.cover_score": -0.2915821705106646,
        "train.generated_score": -0.28204173449164954,
        "val.cover_score": -0.6027158865561852,
        "val.generated_score": -0.5967450279455918,
        "epoch": 2
    },
    {
        "train.encoder_mse": 0.0006890245896647684,
        "train.decoder_loss": 0.32613685131073,
        "train.decoder_acc": 0.8575845181941986,
        "val.encoder_mse": 0.0006335430348721835,
        "val.decoder_loss": 0.3781912922859192,
        "val.decoder_acc": 0.833624019072606,
        "val.ssim": 0.9699792770239023,
        "val.psnr": 38.02332071157602,
        "val.wpsnr": 38.02789658766527,
        "val.fsim": 0.9954705788539007,
        "val.rsbpp": 0.667248038145212,
        "train.cover_score": 0.5998554224567488,
        "train.generated_score": 0.5704593662172556,
        "val.cover_score": 8.00604640520536,
        "val.generated_score": 7.987319836249719,
        "epoch": 3
    },
    {
        "train.encoder_mse": 0.0015530282346298918,
        "train.decoder_loss": 0.33391171336174014,
        "train.decoder_acc": 0.8556890118122101,
        "val.encoder_mse": 0.002794217139195937,
        "val.decoder_loss": 0.34153539630082935,
        "val.decoder_acc": 0.8476124039063087,
        "val.ssim": 0.9213109383216271,
        "val.psnr": 31.58412474852342,
        "val.wpsnr": 31.6445129101093,
        "val.fsim": 0.9904727156345661,
        "val.rsbpp": 0.6952248078126174,
        "train.cover_score": 2.2238848647661507,
        "train.generated_score": 2.296334308721125,
        "val.cover_score": 1.0806392820981832,
        "val.generated_score": 1.5867164524701924,
        "epoch": 4
    },
    {
        "train.encoder_mse": 0.0018242005258798598,
        "train.decoder_loss": 0.2893772628903389,
        "train.decoder_acc": 0.87954245865345,
        "val.encoder_mse": 0.0023288402634744462,
        "val.decoder_loss": 0.38993140825858486,
        "val.decoder_acc": 0.8248962759971619,
        "val.ssim": 0.9173923364052405,
        "val.psnr": 32.35246841724102,
        "val.wpsnr": 32.35272539578951,
        "val.fsim": 0.993969399195451,
        "val.rsbpp": 0.6497925519943237,
        "train.cover_score": 2.314772611670196,
        "train.generated_score": 2.415101829469204,
        "val.cover_score": 5.749322451077974,
        "val.generated_score": 5.87115713266226,
        "epoch": 5
    },
    {
        "train.encoder_mse": 0.0014305398598662578,
        "train.decoder_loss": 0.26960403732955457,
        "train.decoder_acc": 0.8876889157295227,
        "val.encoder_mse": 0.0007572911429004028,
        "val.decoder_loss": 0.24269513556590447,
        "val.decoder_acc": 0.903627138871413,
        "val.ssim": 0.9532965696774997,
        "val.psnr": 37.24142239643977,
        "val.wpsnr": 37.256281045766976,
        "val.fsim": 0.9932550329428452,
        "val.rsbpp": 0.807254277742826,
        "train.cover_score": 2.7897122868150475,
        "train.generated_score": 2.9561852660775183,
        "val.cover_score": 0.8279527769638941,
        "val.generated_score": 0.9380239385824937,
        "epoch": 6
    },
    {
        "train.encoder_mse": 0.0006668302905745804,
        "train.decoder_loss": 0.15362721405923366,
        "train.decoder_acc": 0.9448566085100174,
        "val.encoder_mse": 0.0007475675128471965,
        "val.decoder_loss": 0.1386815859721257,
        "val.decoder_acc": 0.9504582148331863,
        "val.ssim": 0.9334733256926904,
        "val.psnr": 37.31310972800622,
        "val.wpsnr": 37.407183133638824,
        "val.fsim": 0.9783052251889155,
        "val.rsbpp": 0.9009164296663724,
        "train.cover_score": 0.4611833499930799,
        "train.generated_score": 0.5120785795338452,
        "val.cover_score": -0.128066068676372,
        "val.generated_score": -0.06405884382100059,
        "epoch": 7
    },
    {
        "train.encoder_mse": 0.0005288676070631482,
        "train.decoder_loss": 0.09094481609761715,
        "train.decoder_acc": 0.9718647146224976,
        "val.encoder_mse": 0.0004957226830391356,
        "val.decoder_loss": 0.09495487092779233,
        "val.decoder_acc": 0.9686233492997977,
        "val.ssim": 0.958554914364448,
        "val.psnr": 39.085082457615776,
        "val.wpsnr": 39.20135263296274,
        "val.fsim": 0.9924639142476596,
        "val.rsbpp": 0.9372466985995953,
        "train.cover_score": 0.10896693207818316,
        "train.generated_score": 0.09470682677114382,
        "val.cover_score": -0.0698111759355435,
        "val.generated_score": -0.07742301646906596,
        "epoch": 8
    },
    {
        "train.encoder_mse": 0.0005405084977974184,
        "train.decoder_loss": 0.09061744183301926,
        "train.decoder_acc": 0.9704999393224716,
        "val.encoder_mse": 0.000618004840082274,
        "val.decoder_loss": 0.06868547659653884,
        "val.decoder_acc": 0.9787182441124549,
        "val.ssim": 0.952283487870143,
        "val.psnr": 38.13781536542452,
        "val.wpsnr": 38.26436673677885,
        "val.fsim": 0.9907953234819266,
        "val.rsbpp": 0.9574364882249099,
        "train.cover_score": 0.04887046633288264,
        "train.generated_score": 0.05130936532979831,
        "val.cover_score": 0.15251653068340743,
        "val.generated_score": 0.14832569314883307,
        "epoch": 9
    },
    {
        "train.encoder_mse": 0.00045315201306948437,
        "train.decoder_loss": 0.06539311958476901,
        "train.decoder_acc": 0.9790505868196487,
        "val.encoder_mse": 0.0004713017417368694,
        "val.decoder_loss": 0.06409537362364623,
        "val.decoder_acc": 0.9790662802182711,
        "val.ssim": 0.9639129042625427,
        "val.psnr": 39.305884287907524,
        "val.wpsnr": 39.44414872389574,
        "val.fsim": 0.993757766026717,
        "val.rsbpp": 0.9581325604365423,
        "train.cover_score": -0.24640216664411127,
        "train.generated_score": -0.2485391219542362,
        "val.cover_score": 0.37033003912522244,
        "val.generated_score": 0.3539181695534633,
        "epoch": 10
    },
    {
        "train.encoder_mse": 0.000419879991968628,
        "train.decoder_loss": 0.057365065943449735,
        "train.decoder_acc": 0.9819066977500915,
        "val.encoder_mse": 0.0004560442556304714,
        "val.decoder_loss": 0.05891264401949369,
        "val.decoder_acc": 0.9804637065300574,
        "val.ssim": 0.9631965252069327,
        "val.psnr": 39.45188925816463,
        "val.wpsnr": 39.59195650540865,
        "val.fsim": 0.9938594790605398,
        "val.rsbpp": 0.960927413060115,
        "train.cover_score": -0.183725809995085,
        "train.generated_score": -0.19396491533145307,
        "val.cover_score": -0.49071015073702884,
        "val.generated_score": -0.5052817074152139,
        "epoch": 11
    },
    {
        "train.encoder_mse": 0.000453156091098208,
        "train.decoder_loss": 0.05354130644351244,
        "train.decoder_acc": 0.9826458740234375,
        "val.encoder_mse": 0.0004797807285705438,
        "val.decoder_loss": 0.05131332590602911,
        "val.decoder_acc": 0.9830887225958017,
        "val.ssim": 0.9563778730539175,
        "val.psnr": 39.22619232764611,
        "val.wpsnr": 39.334020174466644,
        "val.fsim": 0.9947462127758906,
        "val.rsbpp": 0.9661774451916034,
        "train.cover_score": -0.08260058672167361,
        "train.generated_score": -0.07932479270384647,
        "val.cover_score": -0.14958892533412346,
        "val.generated_score": -0.15086169655506426,
        "epoch": 12
    },
    {
        "train.encoder_mse": 0.00039883651421405373,
        "train.decoder_loss": 0.044432633249089123,
        "train.decoder_acc": 0.9857472503185272,
        "val.encoder_mse": 0.0003351799095980823,
        "val.decoder_loss": 0.05787673549583325,
        "val.decoder_acc": 0.9804427715448233,
        "val.ssim": 0.963023827626155,
        "val.psnr": 40.78604533122136,
        "val.wpsnr": 40.88859176635742,
        "val.fsim": 0.9965605231431814,
        "val.rsbpp": 0.9608855430896466,
        "train.cover_score": -0.305061266599223,
        "train.generated_score": -0.30524876216426494,
        "val.cover_score": -0.4925269897167499,
        "val.generated_score": -0.5070977944594163,
        "epoch": 13
    },
    {
        "train.encoder_mse": 0.00035211696347687394,
        "train.decoder_loss": 0.043207129081711176,
        "train.decoder_acc": 0.9860902458429337,
        "val.encoder_mse": 0.00039173778406201076,
        "val.decoder_loss": 0.05469940960980379,
        "val.decoder_acc": 0.9814382974918072,
        "val.ssim": 0.9686764891331012,
        "val.psnr": 40.105987328749436,
        "val.wpsnr": 40.21148476233849,
        "val.fsim": 0.9961891036767226,
        "val.rsbpp": 0.9628765949836144,
        "train.cover_score": -0.4306471833400428,
        "train.generated_score": -0.4339376508258283,
        "val.cover_score": 0.8163893085259658,
        "val.generated_score": 0.8143451305536124,
        "epoch": 14
    },
    {
        "train.encoder_mse": 0.0003393656866683159,
        "train.decoder_loss": 0.04084396350197494,
        "train.decoder_acc": 0.9867526632547379,
        "val.encoder_mse": 0.00028481298627761693,
        "val.decoder_loss": 0.0474553916316766,
        "val.decoder_acc": 0.9842441173700186,
        "val.ssim": 0.9760271631754361,
        "val.psnr": 41.518380825336166,
        "val.wpsnr": 41.66658548208383,
        "val.fsim": 0.9963118433952332,
        "val.rsbpp": 0.9684882347400372,
        "train.cover_score": -0.26650434739887713,
        "train.generated_score": -0.2726500121830031,
        "val.cover_score": -0.4211625594359178,
        "val.generated_score": -0.4245114578650548,
        "epoch": 15
    },
    {
        "train.encoder_mse": 0.00034559945299406536,
        "train.decoder_loss": 0.037212132294662296,
        "train.decoder_acc": 0.9875037097930908,
        "val.encoder_mse": 0.00032068697216275794,
        "val.decoder_loss": 0.04107090214697214,
        "val.decoder_acc": 0.9863533423497126,
        "val.ssim": 0.9703639195515559,
        "val.psnr": 40.99165494625385,
        "val.wpsnr": 41.12130267803486,
        "val.fsim": 0.9967316068135775,
        "val.rsbpp": 0.9727066846994253,
        "train.cover_score": -0.12105917693988885,
        "train.generated_score": -0.13137464549814468,
        "val.cover_score": -0.19640088941042239,
        "val.generated_score": -0.19852478057146072,
        "epoch": 16
    },
    {
        "train.encoder_mse": 0.00034722175434581003,
        "train.decoder_loss": 0.046914324071258305,
        "train.decoder_acc": 0.9839487451314927,
        "val.encoder_mse": 0.00036579458705651073,
        "val.decoder_loss": 0.02429823885456874,
        "val.decoder_acc": 0.9923878174561721,
        "val.ssim": 0.9683724137452933,
        "val.psnr": 40.41058613703801,
        "val.wpsnr": 40.55832202617939,
        "val.fsim": 0.9955485279743488,
        "val.rsbpp": 0.9847756349123441,
        "train.cover_score": -0.33641064145136623,
        "train.generated_score": -0.3234101718827151,
        "val.cover_score": 0.08833027000610645,
        "val.generated_score": 0.09417860965745953,
        "epoch": 17
    },
    {
        "train.encoder_mse": 0.00032618799930787644,
        "train.decoder_loss": 0.035779363294132054,
        "train.decoder_acc": 0.9880962938070297,
        "val.encoder_mse": 0.00035450166951005277,
        "val.decoder_loss": 0.03718434546429377,
        "val.decoder_acc": 0.987068561407236,
        "val.ssim": 0.9746338633390573,
        "val.psnr": 40.56246885886559,
        "val.wpsnr": 40.70243542010967,
        "val.fsim": 0.9956829639581534,
        "val.rsbpp": 0.974137122814472,
        "train.cover_score": -0.2789169193059206,
        "train.generated_score": -0.2858836792455986,
        "val.cover_score": 1.653014980829679,
        "val.generated_score": 1.6351543848331158,
        "epoch": 18
    },
    {
        "train.encoder_mse": 0.00033814706999692136,
        "train.decoder_loss": 0.03873532302677631,
        "train.decoder_acc": 0.9869544899463654,
        "val.encoder_mse": 0.00026767741879806493,
        "val.decoder_loss": 0.04608356193281137,
        "val.decoder_acc": 0.9845575919518104,
        "val.ssim": 0.9783127995637747,
        "val.psnr": 41.786165971022385,
        "val.wpsnr": 41.93068636380709,
        "val.fsim": 0.9952102945401118,
        "val.rsbpp": 0.9691151839036208,
        "train.cover_score": -0.437263124352321,
        "train.generated_score": -0.423814688436687,
        "val.cover_score": -0.6042997607818017,
        "val.generated_score": -0.6024662302090571,
        "epoch": 19
    },
    {
        "train.encoder_mse": 0.00027092946504126303,
        "train.decoder_loss": 0.023558902982622386,
        "train.decoder_acc": 0.9924996972084046,
        "val.encoder_mse": 0.0002206799780161908,
        "val.decoder_loss": 0.0773337625253659,
        "val.decoder_acc": 0.9739171587503873,
        "val.ssim": 0.9820477595696082,
        "val.psnr": 42.63217302469107,
        "val.wpsnr": 42.75854462843675,
        "val.fsim": 0.9973713893156785,
        "val.rsbpp": 0.9478343175007746,
        "train.cover_score": -0.42886608429253104,
        "train.generated_score": -0.4358027859823778,
        "val.cover_score": -0.3258467075916437,
        "val.generated_score": -0.33705175152191746,
        "epoch": 20
    },
    {
        "train.encoder_mse": 0.000286715334514156,
        "train.decoder_loss": 0.03585982540855184,
        "train.decoder_acc": 0.9872191923856736,
        "val.encoder_mse": 0.000316241008337014,
        "val.decoder_loss": 0.05180187509036981,
        "val.decoder_acc": 0.9815877217512864,
        "val.ssim": 0.9780754630382245,
        "val.psnr": 41.051738445575424,
        "val.wpsnr": 41.16715181790865,
        "val.fsim": 0.9960690782620356,
        "val.rsbpp": 0.9631754435025729,
        "train.cover_score": -0.4227901423349977,
        "train.generated_score": -0.4136032197275199,
        "val.cover_score": -1.0217861120517437,
        "val.generated_score": -1.0164617896080017,
        "epoch": 21
    },
    {
        "train.encoder_mse": 0.00027953739190706984,
        "train.decoder_loss": 0.025098224272951483,
        "train.decoder_acc": 0.9912465465068817,
        "val.encoder_mse": 0.00028662041026669054,
        "val.decoder_loss": 0.036397258177972756,
        "val.decoder_acc": 0.9876630718891437,
        "val.ssim": 0.9773246966875516,
        "val.psnr": 41.49528723496657,
        "val.wpsnr": 41.615577697753906,
        "val.fsim": 0.9969174632659326,
        "val.rsbpp": 0.9753261437782874,
        "train.cover_score": -0.31442401234526185,
        "train.generated_score": -0.3145570310810581,
        "val.cover_score": -0.18706224744136518,
        "val.generated_score": -0.1896389780136255,
        "epoch": 22
    },
    {
        "train.encoder_mse": 0.000245787202147767,
        "train.decoder_loss": 0.023884659935720264,
        "train.decoder_acc": 0.9920842963457107,
        "val.encoder_mse": 0.00024173831759701268,
        "val.decoder_loss": 0.04339126970332403,
        "val.decoder_acc": 0.9853965502518874,
        "val.ssim": 0.9794108959344717,
        "val.psnr": 42.23560663369986,
        "val.wpsnr": 42.36058807373047,
        "val.fsim": 0.996732079065763,
        "val.rsbpp": 0.9707931005037748,
        "train.cover_score": -0.11930763388132619,
        "train.generated_score": -0.11927642334121628,
        "val.cover_score": 0.021313028383212022,
        "val.generated_score": 0.009064980595632313,
        "epoch": 23
    },
    {
        "train.encoder_mse": 0.0002755270573834423,
        "train.decoder_loss": 0.027916963966563343,
        "train.decoder_acc": 0.9909453970193863,
        "val.encoder_mse": 0.0003634437967915661,
        "val.decoder_loss": 0.013035313942684578,
        "val.decoder_acc": 0.9959869797413166,
        "val.ssim": 0.9699212541946998,
        "val.psnr": 40.471365451812744,
        "val.wpsnr": 40.62188544640174,
        "val.fsim": 0.9954905830896817,
        "val.rsbpp": 0.9919739594826331,
        "train.cover_score": 0.11072216682136059,
        "train.generated_score": 0.1164650712395087,
        "val.cover_score": 0.6065618900152353,
        "val.generated_score": 0.6207129244620984,
        "epoch": 24
    },
    {
        "train.encoder_mse": 0.00026891789268120194,
        "train.decoder_loss": 0.026109621711075306,
        "train.decoder_acc": 0.9913048374652863,
        "val.encoder_mse": 0.00029159056877968117,
        "val.decoder_loss": 0.029094143985555723,
        "val.decoder_acc": 0.9899367919334998,
        "val.ssim": 0.9764362940421472,
        "val.psnr": 41.45068902235765,
        "val.wpsnr": 41.621521289532,
        "val.fsim": 0.9952925031001751,
        "val.rsbpp": 0.9798735838669997,
        "train.cover_score": -0.6941106549030519,
        "train.generated_score": -0.6920221989354468,
        "val.cover_score": -0.0798971728206827,
        "val.generated_score": -0.09246565014697038,
        "epoch": 25
    },
    {
        "train.encoder_mse": 0.0003845560911577195,
        "train.decoder_loss": 0.030880415439605714,
        "train.decoder_acc": 0.9889119577407837,
        "val.encoder_mse": 0.00030084549843405303,
        "val.decoder_loss": 0.02830819248293455,
        "val.decoder_acc": 0.9900961518287659,
        "val.ssim": 0.9747683864373428,
        "val.psnr": 41.32253059974084,
        "val.wpsnr": 41.4756845327524,
        "val.fsim": 0.994680656836583,
        "val.rsbpp": 0.9801923036575317,
        "train.cover_score": -0.16085035732015968,
        "train.generated_score": -0.1366875047888607,
        "val.cover_score": -0.7317355412703294,
        "val.generated_score": -0.7303267625661997,
        "epoch": 26
    },
    {
        "train.encoder_mse": 0.00024227111818618142,
        "train.decoder_loss": 0.019853065349161626,
        "train.decoder_acc": 0.9932754051685333,
        "val.encoder_mse": 0.00023641320093212507,
        "val.decoder_loss": 0.03658846035026587,
        "val.decoder_acc": 0.9871774086585412,
        "val.ssim": 0.9825126299491296,
        "val.psnr": 42.36974862905649,
        "val.wpsnr": 42.50054667546199,
        "val.fsim": 0.9969055927716769,
        "val.rsbpp": 0.9743548173170823,
        "train.cover_score": -0.3854320118576288,
        "train.generated_score": -0.38848591804504395,
        "val.cover_score": -0.34275740270431226,
        "val.generated_score": -0.3525281617274651,
        "epoch": 27
    },
    {
        "train.encoder_mse": 0.0002245514102105517,
        "train.decoder_loss": 0.01873220905661583,
        "train.decoder_acc": 0.993655823469162,
        "val.encoder_mse": 0.00026141766955753643,
        "val.decoder_loss": 0.023512760177254677,
        "val.decoder_acc": 0.9919244784575242,
        "val.ssim": 0.9771039027434129,
        "val.psnr": 41.910992035498985,
        "val.wpsnr": 42.046891725980316,
        "val.fsim": 0.9970429631379935,
        "val.rsbpp": 0.9838489569150485,
        "train.cover_score": -0.13601417522178963,
        "train.generated_score": -0.14627103106118738,
        "val.cover_score": 0.13316036531558403,
        "val.generated_score": 0.1203475077278339,
        "epoch": 28
    },
    {
        "train.encoder_mse": 0.00024959292233688756,
        "train.decoder_loss": 0.026149028707295657,
        "train.decoder_acc": 0.9915317696332931,
        "val.encoder_mse": 0.00020946233864658728,
        "val.decoder_loss": 0.03225986172373478,
        "val.decoder_acc": 0.9892122974762549,
        "val.ssim": 0.981096244775332,
        "val.psnr": 42.8935091312115,
        "val.wpsnr": 43.02723605816181,
        "val.fsim": 0.9974099351809576,
        "val.rsbpp": 0.97842459495251,
        "train.cover_score": -0.07945578972809017,
        "train.generated_score": -0.08348458037246019,
        "val.cover_score": -0.4508099922767052,
        "val.generated_score": -0.45923537932909453,
        "epoch": 29
    },
    {
        "train.encoder_mse": 0.00024402754512266257,
        "train.decoder_loss": 0.022258488764055073,
        "train.decoder_acc": 0.9927425497770309,
        "val.encoder_mse": 0.0002344888847661563,
        "val.decoder_loss": 0.018253718681920033,
        "val.decoder_acc": 0.9940820840688852,
        "val.ssim": 0.9791198464540335,
        "val.psnr": 42.392737315251274,
        "val.wpsnr": 42.55019085223858,
        "val.fsim": 0.9971098120395954,
        "val.rsbpp": 0.9881641681377704,
        "train.cover_score": -0.49692607471253725,
        "train.generated_score": -0.503121907711029,
        "val.cover_score": -0.15463188921029752,
        "val.generated_score": -0.15606259898497507,
        "epoch": 30
    },
    {
        "train.encoder_mse": 0.00024573659524321554,
        "train.decoder_loss": 0.02260242466116324,
        "train.decoder_acc": 0.9923709297180175,
        "val.encoder_mse": 0.0002910936298296572,
        "val.decoder_loss": 0.029870889937648408,
        "val.decoder_acc": 0.9896012911429772,
        "val.ssim": 0.9784159155992361,
        "val.psnr": 41.44798095409687,
        "val.wpsnr": 41.60414123535156,
        "val.fsim": 0.9956443905830383,
        "val.rsbpp": 0.9792025822859544,
        "train.cover_score": -0.005142983209807426,
        "train.generated_score": 0.002429018192924559,
        "val.cover_score": 0.020542816473887518,
        "val.generated_score": 0.025339474198587526,
        "epoch": 31
    },
    {
        "train.encoder_mse": 0.00021841092471731828,
        "train.decoder_loss": 0.01749138947110623,
        "train.decoder_acc": 0.9943998056650162,
        "val.encoder_mse": 0.0002408253796882211,
        "val.decoder_loss": 0.014255985581817536,
        "val.decoder_acc": 0.9953784529979413,
        "val.ssim": 0.9796244731316199,
        "val.psnr": 42.317699652451736,
        "val.wpsnr": 42.48918533325195,
        "val.fsim": 0.9967652742679303,
        "val.rsbpp": 0.9907569059958825,
        "train.cover_score": -0.44270811034366486,
        "train.generated_score": -0.4458722404530272,
        "val.cover_score": 0.024020719503124174,
        "val.generated_score": 0.0059066817988283355,
        "epoch": 32
    }
]